[2020-02-28T01:42:22.296+0000][1][gc] Using Concurrent Mark Sweep
[2020-02-28T01:42:22.296+0000][1][gc,heap,coops] Heap address: 0x00000000c0000000, size: 1024 MB, Compressed Oops mode: 32-bit
[2020-02-28T01:42:22.524+0000][1][safepoint    ] Safepoint "EnableBiasedLocking", Time since last: 195801871 ns, Reaching safepoint: 9013503 ns, At safepoint: 37244 ns, Total: 9050747 ns
[2020-02-28T01:42:22.542+0000][1][safepoint    ] Safepoint "RevokeBias", Time since last: 13980431 ns, Reaching safepoint: 3741883 ns, At safepoint: 92369 ns, Total: 3834252 ns
[2020-02-28T01:42:22.618+0000][1][safepoint    ] Safepoint "Deoptimize", Time since last: 75859956 ns, Reaching safepoint: 17550 ns, At safepoint: 24049 ns, Total: 41599 ns
[2020-02-28T01:42:23.622+0000][1][safepoint    ] Safepoint "Cleanup", Time since last: 1004488896 ns, Reaching safepoint: 31108 ns, At safepoint: 4799 ns, Total: 35907 ns
[2020-02-28T01:42:25.624+0000][1][safepoint    ] Safepoint "Cleanup", Time since last: 2001270031 ns, Reaching safepoint: 36084 ns, At safepoint: 4821 ns, Total: 40905 ns
[2020-02-28T01:42:26.040+0000][1][safepoint    ] Safepoint "RevokeBias", Time since last: 416363403 ns, Reaching safepoint: 29088 ns, At safepoint: 24169 ns, Total: 53257 ns
[2020-02-28T01:42:26.924+0000][1][safepoint    ] Safepoint "Deoptimize", Time since last: 883639079 ns, Reaching safepoint: 21211 ns, At safepoint: 49254 ns, Total: 70465 ns
[2020-02-28T01:42:27.927+0000][1][safepoint    ] Safepoint "Cleanup", Time since last: 1003369328 ns, Reaching safepoint: 83497 ns, At safepoint: 3731 ns, Total: 87228 ns
[2020-02-28T01:42:28.927+0000][1][safepoint    ] Safepoint "Cleanup", Time since last: 1000259717 ns, Reaching safepoint: 57612 ns, At safepoint: 7267 ns, Total: 64879 ns
[2020-02-28T01:42:29.932+0000][1][safepoint    ] Safepoint "Cleanup", Time since last: 1004683583 ns, Reaching safepoint: 87738 ns, At safepoint: 20764 ns, Total: 108502 ns
[2020-02-28T01:42:30.933+0000][1][safepoint    ] Safepoint "Cleanup", Time since last: 1000485731 ns, Reaching safepoint: 41728 ns, At safepoint: 4598 ns, Total: 46326 ns
[2020-02-28T01:42:31.933+0000][1][safepoint    ] Safepoint "Cleanup", Time since last: 1000333559 ns, Reaching safepoint: 57658 ns, At safepoint: 7079 ns, Total: 64737 ns
[2020-02-28T01:42:32.936+0000][1][safepoint    ] Safepoint "Cleanup", Time since last: 1002364751 ns, Reaching safepoint: 60872 ns, At safepoint: 3453 ns, Total: 64325 ns
[2020-02-28T01:42:34.939+0000][1][safepoint    ] Safepoint "Cleanup", Time since last: 2003572896 ns, Reaching safepoint: 58078 ns, At safepoint: 5957 ns, Total: 64035 ns
[2020-02-28T01:42:35.182+0000][1][safepoint    ] Safepoint "Deoptimize", Time since last: 242118720 ns, Reaching safepoint: 51599 ns, At safepoint: 95214 ns, Total: 146813 ns
[2020-02-28T01:42:36.106+0000][1][safepoint    ] Safepoint "Deoptimize", Time since last: 923920353 ns, Reaching safepoint: 43497 ns, At safepoint: 102917 ns, Total: 146414 ns
[2020-02-28T01:42:37.129+0000][1][safepoint    ] Safepoint "Cleanup", Time since last: 1002709976 ns, Reaching safepoint: 20821451 ns, At safepoint: 23722 ns, Total: 20845173 ns
[2020-02-28T01:42:38.138+0000][1][safepoint    ] Safepoint "Cleanup", Time since last: 1008795922 ns, Reaching safepoint: 114747 ns, At safepoint: 3697 ns, Total: 118444 ns
[2020-02-28T01:42:39.144+0000][1][safepoint    ] Safepoint "Cleanup", Time since last: 1005940214 ns, Reaching safepoint: 85930 ns, At safepoint: 23982 ns, Total: 109912 ns
[2020-02-28T01:42:40.363+0000][1][safepoint    ] Safepoint "Cleanup", Time since last: 1003276156 ns, Reaching safepoint: 215379686 ns, At safepoint: 26555 ns, Total: 215406241 ns
[2020-02-28T01:42:42.396+0000][1][safepoint    ] Safepoint "Cleanup", Time since last: 2006692541 ns, Reaching safepoint: 26359910 ns, At safepoint: 8059 ns, Total: 26367969 ns
[2020-02-28T01:42:43.641+0000][1][safepoint    ] Safepoint "Cleanup", Time since last: 1001088839 ns, Reaching safepoint: 244315808 ns, At safepoint: 6977 ns, Total: 244322785 ns
[2020-02-28T01:42:44.712+0000][1][safepoint    ] Safepoint "Cleanup", Time since last: 1001923016 ns, Reaching safepoint: 69020571 ns, At safepoint: 5658 ns, Total: 69026229 ns
[2020-02-28T01:42:44.895+0000][1][safepoint    ] Safepoint "Deoptimize", Time since last: 182917487 ns, Reaching safepoint: 17862 ns, At safepoint: 128440 ns, Total: 146302 ns
[2020-02-28T01:42:45.897+0000][1][safepoint    ] Safepoint "Cleanup", Time since last: 1001646571 ns, Reaching safepoint: 39934 ns, At safepoint: 5173 ns, Total: 45107 ns
[2020-02-28T01:42:47.897+0000][1][safepoint    ] Safepoint "Cleanup", Time since last: 1000617932 ns, Reaching safepoint: 999669029 ns, At safepoint: 5914 ns, Total: 999674943 ns
[2020-02-28T01:42:48.944+0000][1][safepoint    ] Safepoint "Cleanup", Time since last: 1000298952 ns, Reaching safepoint: 46680685 ns, At safepoint: 6902 ns, Total: 46687587 ns
[2020-02-28T01:42:49.056+0000][1][safepoint    ] Safepoint "Deoptimize", Time since last: 111307422 ns, Reaching safepoint: 31196 ns, At safepoint: 278935 ns, Total: 310131 ns
[2020-02-28T01:42:50.081+0000][1][safepoint    ] Safepoint "Cleanup", Time since last: 1002427915 ns, Reaching safepoint: 23008147 ns, At safepoint: 8991 ns, Total: 23017138 ns
[2020-02-28T01:42:50.842+0000][1][safepoint    ] Safepoint "Deoptimize", Time since last: 760209188 ns, Reaching safepoint: 84562 ns, At safepoint: 163640 ns, Total: 248202 ns
[2020-02-28T01:42:50.902+0000][1][safepoint    ] Safepoint "RevokeBias", Time since last: 20170613 ns, Reaching safepoint: 40011481 ns, At safepoint: 64774 ns, Total: 40076255 ns
[2020-02-28T01:42:51.914+0000][1][safepoint    ] Safepoint "Cleanup", Time since last: 1012125192 ns, Reaching safepoint: 33775 ns, At safepoint: 5232 ns, Total: 39007 ns
[2020-02-28T01:42:53.942+0000][1][safepoint    ] Safepoint "Cleanup", Time since last: 2002502447 ns, Reaching safepoint: 25340640 ns, At safepoint: 6143 ns, Total: 25346783 ns
[2020-02-28T01:42:54.943+0000][1][safepoint    ] Safepoint "Cleanup", Time since last: 1000951803 ns, Reaching safepoint: 63949 ns, At safepoint: 3933 ns, Total: 67882 ns
[2020-02-28T01:42:56.995+0000][1][safepoint    ] Safepoint "Cleanup", Time since last: 2004444048 ns, Reaching safepoint: 47875419 ns, At safepoint: 5994 ns, Total: 47881413 ns
[2020-02-28T01:42:57.999+0000][1][safepoint    ] Safepoint "Cleanup", Time since last: 1003736151 ns, Reaching safepoint: 89294 ns, At safepoint: 3878 ns, Total: 93172 ns
[2020-02-28T01:42:59.003+0000][1][safepoint    ] Safepoint "Cleanup", Time since last: 1003786054 ns, Reaching safepoint: 87845 ns, At safepoint: 22629 ns, Total: 110474 ns
[2020-02-28T01:43:00.008+0000][1][safepoint    ] Safepoint "Cleanup", Time since last: 1005236716 ns, Reaching safepoint: 47242 ns, At safepoint: 5143 ns, Total: 52385 ns
[2020-02-28T01:43:00.496+0000][1][safepoint    ] Safepoint "Deoptimize", Time since last: 487403264 ns, Reaching safepoint: 15849 ns, At safepoint: 187143 ns, Total: 202992 ns
[2020-02-28T01:43:00.496+0000][1][safepoint    ] Safepoint "Deoptimize", Time since last: 123050 ns, Reaching safepoint: 6565 ns, At safepoint: 83898 ns, Total: 90463 ns
[2020-02-28T01:43:01.499+0000][1][safepoint    ] Safepoint "Cleanup", Time since last: 1002698744 ns, Reaching safepoint: 51277 ns, At safepoint: 3628 ns, Total: 54905 ns
[2020-02-28T01:43:02.507+0000][1][safepoint    ] Safepoint "Cleanup", Time since last: 1007869648 ns, Reaching safepoint: 42458 ns, At safepoint: 6227 ns, Total: 48685 ns
[2020-02-28T01:43:03.738+0000][1][safepoint    ] Safepoint "Deoptimize", Time since last: 1230778187 ns, Reaching safepoint: 27762 ns, At safepoint: 257794 ns, Total: 285556 ns
[2020-02-28T01:43:03.860+0000][1][safepoint    ] Safepoint "Deoptimize", Time since last: 121883391 ns, Reaching safepoint: 25045 ns, At safepoint: 221979 ns, Total: 247024 ns
[2020-02-28T01:43:04.091+0000][1][safepoint    ] Safepoint "RevokeBias", Time since last: 229807378 ns, Reaching safepoint: 1159021 ns, At safepoint: 26153 ns, Total: 1185174 ns
[2020-02-28T01:43:04.185+0000][1][safepoint    ] Safepoint "RevokeBias", Time since last: 3968473 ns, Reaching safepoint: 89951626 ns, At safepoint: 28216 ns, Total: 89979842 ns
[2020-02-28T01:43:04.185+0000][1][safepoint    ] Safepoint "RevokeBias", Time since last: 73539 ns, Reaching safepoint: 130847 ns, At safepoint: 16240 ns, Total: 147087 ns
[2020-02-28T01:43:04.186+0000][1][safepoint    ] Safepoint "RevokeBias", Time since last: 121595 ns, Reaching safepoint: 109235 ns, At safepoint: 21344 ns, Total: 130579 ns
[2020-02-28T01:43:04.186+0000][1][safepoint    ] Safepoint "RevokeBias", Time since last: 146889 ns, Reaching safepoint: 175399 ns, At safepoint: 39854 ns, Total: 215253 ns
[2020-02-28T01:43:04.188+0000][1][safepoint    ] Safepoint "RevokeBias", Time since last: 1699379 ns, Reaching safepoint: 569776 ns, At safepoint: 19409 ns, Total: 589185 ns
[2020-02-28T01:43:06.067+0000][1][safepoint    ] Safepoint "Cleanup", Time since last: 1000151275 ns, Reaching safepoint: 878614707 ns, At safepoint: 8043 ns, Total: 878622750 ns
[2020-02-28T01:43:07.259+0000][1][safepoint    ] Safepoint "Cleanup", Time since last: 1001936504 ns, Reaching safepoint: 190511437 ns, At safepoint: 8530 ns, Total: 190519967 ns
[2020-02-28T01:43:08.260+0000][1][safepoint    ] Safepoint "Cleanup", Time since last: 1000190072 ns, Reaching safepoint: 54003 ns, At safepoint: 6360 ns, Total: 60363 ns
[2020-02-28T01:43:09.262+0000][1][safepoint    ] Safepoint "Cleanup", Time since last: 1002106406 ns, Reaching safepoint: 50951 ns, At safepoint: 8724 ns, Total: 59675 ns
[2020-02-28T01:43:09.793+0000][1][gc,start     ] GC(0) Pause Young (Allocation Failure)
[2020-02-28T01:43:09.827+0000][1][gc,task      ] GC(0) Using 1 workers of 1 for evacuation
[2020-02-28T01:43:09.992+0000][1][gc,age       ] GC(0) Desired survivor size 4358144 bytes, new threshold 1 (max threshold 6)
[2020-02-28T01:43:09.992+0000][1][gc,age       ] GC(0) Age table with threshold 1 (max threshold 6)
[2020-02-28T01:43:09.992+0000][1][gc,age       ] GC(0) - age   1:    8459472 bytes,    8459472 total
[2020-02-28T01:43:09.992+0000][1][gc,heap      ] GC(0) ParNew: 68160K->8298K(76672K)
[2020-02-28T01:43:09.992+0000][1][gc,heap      ] GC(0) CMS: 0K->0K(963392K)
[2020-02-28T01:43:09.992+0000][1][gc,metaspace ] GC(0) Metaspace: 12681K->12681K(1060864K)
[2020-02-28T01:43:09.992+0000][1][gc           ] GC(0) Pause Young (Allocation Failure) 66M->8M(1015M) 199.117ms
[2020-02-28T01:43:09.992+0000][1][gc,cpu       ] GC(0) User=0.03s Sys=0.00s Real=0.20s
[2020-02-28T01:43:09.992+0000][1][safepoint    ] Safepoint "GenCollectForAllocation", Time since last: 531006103 ns, Reaching safepoint: 27590 ns, At safepoint: 199167902 ns, Total: 199195492 ns
[2020-02-28T01:43:09.994+0000][1][safepoint    ] Safepoint "RevokeBias", Time since last: 1769362 ns, Reaching safepoint: 25075 ns, At safepoint: 36947 ns, Total: 62022 ns
[2020-02-28T01:43:09.994+0000][1][safepoint    ] Safepoint "RevokeBias", Time since last: 84454 ns, Reaching safepoint: 13316 ns, At safepoint: 17686 ns, Total: 31002 ns
[2020-02-28T01:43:09.994+0000][1][safepoint    ] Safepoint "RevokeBias", Time since last: 130704 ns, Reaching safepoint: 15352 ns, At safepoint: 31834 ns, Total: 47186 ns
[2020-02-28T01:43:09.994+0000][1][safepoint    ] Safepoint "RevokeBias", Time since last: 31407 ns, Reaching safepoint: 11475 ns, At safepoint: 16835 ns, Total: 28310 ns
[2020-02-28T01:43:09.994+0000][1][safepoint    ] Safepoint "RevokeBias", Time since last: 28692 ns, Reaching safepoint: 11576 ns, At safepoint: 16811 ns, Total: 28387 ns
[2020-02-28T01:43:09.994+0000][1][safepoint    ] Safepoint "RevokeBias", Time since last: 24177 ns, Reaching safepoint: 10974 ns, At safepoint: 16418 ns, Total: 27392 ns
[2020-02-28T01:43:09.994+0000][1][safepoint    ] Safepoint "RevokeBias", Time since last: 27438 ns, Reaching safepoint: 11351 ns, At safepoint: 16719 ns, Total: 28070 ns
[2020-02-28T01:43:09.994+0000][1][safepoint    ] Safepoint "RevokeBias", Time since last: 23860 ns, Reaching safepoint: 10920 ns, At safepoint: 16381 ns, Total: 27301 ns
[2020-02-28T01:43:09.994+0000][1][safepoint    ] Safepoint "RevokeBias", Time since last: 27114 ns, Reaching safepoint: 11376 ns, At safepoint: 16610 ns, Total: 27986 ns
[2020-02-28T01:43:09.995+0000][1][safepoint    ] Safepoint "RevokeBias", Time since last: 29342 ns, Reaching safepoint: 11015 ns, At safepoint: 94378 ns, Total: 105393 ns
[2020-02-28T01:43:09.995+0000][1][safepoint    ] Safepoint "RevokeBias", Time since last: 38044 ns, Reaching safepoint: 14481 ns, At safepoint: 31329 ns, Total: 45810 ns
[2020-02-28T01:43:09.995+0000][1][safepoint    ] Safepoint "RevokeBias", Time since last: 24087 ns, Reaching safepoint: 11169 ns, At safepoint: 16402 ns, Total: 27571 ns
[2020-02-28T01:43:09.995+0000][1][safepoint    ] Safepoint "RevokeBias", Time since last: 27126 ns, Reaching safepoint: 11344 ns, At safepoint: 16659 ns, Total: 28003 ns
[2020-02-28T01:43:09.995+0000][1][safepoint    ] Safepoint "RevokeBias", Time since last: 23836 ns, Reaching safepoint: 10959 ns, At safepoint: 16368 ns, Total: 27327 ns
[2020-02-28T01:43:09.995+0000][1][safepoint    ] Safepoint "RevokeBias", Time since last: 27034 ns, Reaching safepoint: 11378 ns, At safepoint: 16594 ns, Total: 27972 ns
[2020-02-28T01:43:09.995+0000][1][safepoint    ] Safepoint "RevokeBias", Time since last: 23630 ns, Reaching safepoint: 10988 ns, At safepoint: 16364 ns, Total: 27352 ns
[2020-02-28T01:43:09.995+0000][1][safepoint    ] Safepoint "RevokeBias", Time since last: 40647 ns, Reaching safepoint: 11494 ns, At safepoint: 16798 ns, Total: 28292 ns
[2020-02-28T01:43:09.995+0000][1][safepoint    ] Safepoint "RevokeBias", Time since last: 24407 ns, Reaching safepoint: 10875 ns, At safepoint: 73248 ns, Total: 84123 ns
[2020-02-28T01:43:09.995+0000][1][safepoint    ] Safepoint "RevokeBias", Time since last: 107394 ns, Reaching safepoint: 13632 ns, At safepoint: 17299 ns, Total: 30931 ns
[2020-02-28T01:43:09.995+0000][1][safepoint    ] Safepoint "RevokeBias", Time since last: 24621 ns, Reaching safepoint: 11007 ns, At safepoint: 16434 ns, Total: 27441 ns
[2020-02-28T01:43:09.996+0000][1][safepoint    ] Safepoint "RevokeBias", Time since last: 468135 ns, Reaching safepoint: 14271 ns, At safepoint: 18651 ns, Total: 32922 ns
[2020-02-28T01:43:09.996+0000][1][safepoint    ] Safepoint "RevokeBias", Time since last: 29222 ns, Reaching safepoint: 11206 ns, At safepoint: 16703 ns, Total: 27909 ns
[2020-02-28T01:43:09.996+0000][1][safepoint    ] Safepoint "RevokeBias", Time since last: 27747 ns, Reaching safepoint: 11338 ns, At safepoint: 16556 ns, Total: 27894 ns
[2020-02-28T01:43:09.996+0000][1][safepoint    ] Safepoint "RevokeBias", Time since last: 23488 ns, Reaching safepoint: 11012 ns, At safepoint: 16309 ns, Total: 27321 ns
[2020-02-28T01:43:09.996+0000][1][safepoint    ] Safepoint "RevokeBias", Time since last: 27024 ns, Reaching safepoint: 11292 ns, At safepoint: 16447 ns, Total: 27739 ns
[2020-02-28T01:43:09.996+0000][1][safepoint    ] Safepoint "RevokeBias", Time since last: 23386 ns, Reaching safepoint: 11044 ns, At safepoint: 16453 ns, Total: 27497 ns
[2020-02-28T01:43:09.996+0000][1][safepoint    ] Safepoint "RevokeBias", Time since last: 27009 ns, Reaching safepoint: 11130 ns, At safepoint: 16707 ns, Total: 27837 ns
[2020-02-28T01:43:09.996+0000][1][safepoint    ] Safepoint "RevokeBias", Time since last: 153275 ns, Reaching safepoint: 31703 ns, At safepoint: 54862 ns, Total: 86565 ns
[2020-02-28T01:43:11.149+0000][1][safepoint    ] Safepoint "Cleanup", Time since last: 1152553645 ns, Reaching safepoint: 112345 ns, At safepoint: 6429 ns, Total: 118774 ns
[2020-02-28T01:43:13.186+0000][1][safepoint    ] Safepoint "Cleanup", Time since last: 2018468873 ns, Reaching safepoint: 18305749 ns, At safepoint: 14006 ns, Total: 18319755 ns
[2020-02-28T01:43:14.194+0000][1][safepoint    ] Safepoint "Cleanup", Time since last: 1008132378 ns, Reaching safepoint: 55208 ns, At safepoint: 5991 ns, Total: 61199 ns
[2020-02-28T01:43:15.390+0000][1][safepoint    ] Safepoint "Cleanup", Time since last: 1000316410 ns, Reaching safepoint: 195530843 ns, At safepoint: 7554 ns, Total: 195538397 ns
[2020-02-28T01:43:16.393+0000][1][safepoint    ] Safepoint "Cleanup", Time since last: 1003074669 ns, Reaching safepoint: 47216 ns, At safepoint: 6605 ns, Total: 53821 ns
[2020-02-28T01:43:17.435+0000][1][safepoint    ] Safepoint "Cleanup", Time since last: 1000866925 ns, Reaching safepoint: 41059681 ns, At safepoint: 8777 ns, Total: 41068458 ns
[2020-02-28T01:43:18.436+0000][1][safepoint    ] Safepoint "Cleanup", Time since last: 1000679374 ns, Reaching safepoint: 28510 ns, At safepoint: 4889 ns, Total: 33399 ns
[2020-02-28T01:43:19.212+0000][1][safepoint    ] Safepoint "Deoptimize", Time since last: 775748769 ns, Reaching safepoint: 26986 ns, At safepoint: 331893 ns, Total: 358879 ns
[2020-02-28T01:43:20.216+0000][1][safepoint    ] Safepoint "Cleanup", Time since last: 1004154335 ns, Reaching safepoint: 49719 ns, At safepoint: 6170 ns, Total: 55889 ns
[2020-02-28T01:43:21.216+0000][1][safepoint    ] Safepoint "Cleanup", Time since last: 1000305987 ns, Reaching safepoint: 55707 ns, At safepoint: 6875 ns, Total: 62582 ns
[2020-02-28T01:43:22.218+0000][1][safepoint    ] Safepoint "Cleanup", Time since last: 1001943148 ns, Reaching safepoint: 52731 ns, At safepoint: 6120 ns, Total: 58851 ns
[2020-02-28T01:43:23.221+0000][1][safepoint    ] Safepoint "Cleanup", Time since last: 1002728424 ns, Reaching safepoint: 111437 ns, At safepoint: 6401 ns, Total: 117838 ns
[2020-02-28T01:43:24.223+0000][1][safepoint    ] Safepoint "Cleanup", Time since last: 1001764303 ns, Reaching safepoint: 70413 ns, At safepoint: 6959 ns, Total: 77372 ns
[2020-02-28T01:43:27.235+0000][1][safepoint    ] Safepoint "Cleanup", Time since last: 3007996743 ns, Reaching safepoint: 4034061 ns, At safepoint: 10120 ns, Total: 4044181 ns
[2020-02-28T01:43:28.238+0000][1][safepoint    ] Safepoint "Cleanup", Time since last: 1002804248 ns, Reaching safepoint: 58317 ns, At safepoint: 6775 ns, Total: 65092 ns
[2020-02-28T01:43:29.377+0000][1][safepoint    ] Safepoint "RevokeBias", Time since last: 1135269945 ns, Reaching safepoint: 3836802 ns, At safepoint: 39907 ns, Total: 3876709 ns
[2020-02-28T01:43:30.383+0000][1][safepoint    ] Safepoint "Cleanup", Time since last: 1005831345 ns, Reaching safepoint: 86825 ns, At safepoint: 7798 ns, Total: 94623 ns
[2020-02-28T01:43:31.384+0000][1][safepoint    ] Safepoint "Cleanup", Time since last: 1000878202 ns, Reaching safepoint: 101825 ns, At safepoint: 6326 ns, Total: 108151 ns
[2020-02-28T01:43:32.575+0000][1][safepoint    ] Safepoint "Cleanup", Time since last: 1001926979 ns, Reaching safepoint: 189400350 ns, At safepoint: 7761 ns, Total: 189408111 ns
[2020-02-28T01:43:33.579+0000][1][safepoint    ] Safepoint "Cleanup", Time since last: 1003008225 ns, Reaching safepoint: 240345 ns, At safepoint: 7644 ns, Total: 247989 ns
[2020-02-28T01:43:34.580+0000][1][safepoint    ] Safepoint "Cleanup", Time since last: 1001130885 ns, Reaching safepoint: 51125 ns, At safepoint: 6874 ns, Total: 57999 ns
[2020-02-28T01:43:35.595+0000][1][safepoint    ] Safepoint "Cleanup", Time since last: 1001946359 ns, Reaching safepoint: 13096518 ns, At safepoint: 8277 ns, Total: 13104795 ns
[2020-02-28T01:43:36.865+0000][1][safepoint    ] Safepoint "Cleanup", Time since last: 1000193591 ns, Reaching safepoint: 270274174 ns, At safepoint: 7209 ns, Total: 270281383 ns
[2020-02-28T01:43:37.942+0000][1][safepoint    ] Safepoint "Cleanup", Time since last: 1008834479 ns, Reaching safepoint: 67944502 ns, At safepoint: 15375 ns, Total: 67959877 ns
[2020-02-28T01:43:39.035+0000][1][safepoint    ] Safepoint "Cleanup", Time since last: 1003864248 ns, Reaching safepoint: 88841669 ns, At safepoint: 23061 ns, Total: 88864730 ns
[2020-02-28T01:43:40.037+0000][1][safepoint    ] Safepoint "Cleanup", Time since last: 1000482494 ns, Reaching safepoint: 1882257 ns, At safepoint: 8680 ns, Total: 1890937 ns
[2020-02-28T01:43:40.673+0000][1][safepoint    ] Safepoint "Deoptimize", Time since last: 634879374 ns, Reaching safepoint: 37906 ns, At safepoint: 423116 ns, Total: 461022 ns
[2020-02-28T01:43:40.673+0000][1][safepoint    ] Safepoint "Deoptimize", Time since last: 563720 ns, Reaching safepoint: 19138 ns, At safepoint: 258527 ns, Total: 277665 ns
[2020-02-28T01:43:41.447+0000][1][gc,start     ] GC(1) Pause Young (Allocation Failure)
[2020-02-28T01:43:41.494+0000][1][gc,task      ] GC(1) Using 1 workers of 1 for evacuation
[2020-02-28T01:43:58.684+0000][1][gc,age       ] GC(1) Desired survivor size 4358144 bytes, new threshold 6 (max threshold 6)
[2020-02-28T01:43:58.684+0000][1][gc,age       ] GC(1) Age table with threshold 6 (max threshold 6)
[2020-02-28T01:43:58.684+0000][1][gc,age       ] GC(1) - age   1:    3738920 bytes,    3738920 total
[2020-02-28T01:43:58.684+0000][1][gc,heap      ] GC(1) ParNew: 76458K->5970K(76672K)
[2020-02-28T01:43:58.684+0000][1][gc,heap      ] GC(1) CMS: 0K->6874K(963392K)
[2020-02-28T01:43:58.684+0000][1][gc,metaspace ] GC(1) Metaspace: 17480K->17480K(1064960K)
[2020-02-28T01:43:58.684+0000][1][gc           ] GC(1) Pause Young (Allocation Failure) 74M->12M(1015M) 17237.042ms
[2020-02-28T01:43:58.684+0000][1][gc,cpu       ] GC(1) User=0.09s Sys=0.07s Real=17.23s
[2020-02-28T01:43:58.684+0000][1][safepoint    ] Safepoint "GenCollectForAllocation", Time since last: 714079592 ns, Reaching safepoint: 32765 ns, At safepoint: 17296421187 ns, Total: 17296453952 ns
[2020-02-28T01:43:58.764+0000][1][safepoint    ] Safepoint "BulkRevokeBias", Time since last: 25478913 ns, Reaching safepoint: 54551579 ns, At safepoint: 377392 ns, Total: 54928971 ns
[2020-02-28T01:43:58.842+0000][1][safepoint    ] Safepoint "RevokeBias", Time since last: 10034655 ns, Reaching safepoint: 67318167 ns, At safepoint: 56529 ns, Total: 67374696 ns
[2020-02-28T01:43:58.852+0000][1][safepoint    ] Safepoint "RevokeBias", Time since last: 83665 ns, Reaching safepoint: 10451436 ns, At safepoint: 43304 ns, Total: 10494740 ns
[2020-02-28T01:43:58.865+0000][1][safepoint    ] Safepoint "RevokeBias", Time since last: 51984 ns, Reaching safepoint: 12722668 ns, At safepoint: 42627 ns, Total: 12765295 ns
[2020-02-28T01:43:58.871+0000][1][safepoint    ] Safepoint "RevokeBias", Time since last: 1757473 ns, Reaching safepoint: 4064769 ns, At safepoint: 38135 ns, Total: 4102904 ns
[2020-02-28T01:43:58.874+0000][1][safepoint    ] Safepoint "RevokeBias", Time since last: 1993282 ns, Reaching safepoint: 882379 ns, At safepoint: 115231 ns, Total: 997610 ns
[2020-02-28T01:43:58.885+0000][1][safepoint    ] Safepoint "RevokeBias", Time since last: 186288 ns, Reaching safepoint: 10579518 ns, At safepoint: 46970 ns, Total: 10626488 ns
[2020-02-28T01:43:58.893+0000][1][safepoint    ] Safepoint "RevokeBias", Time since last: 68433 ns, Reaching safepoint: 7976827 ns, At safepoint: 44456 ns, Total: 8021283 ns
[2020-02-28T01:43:58.973+0000][1][safepoint    ] Safepoint "RevokeBias", Time since last: 3600468 ns, Reaching safepoint: 76380543 ns, At safepoint: 103061 ns, Total: 76483604 ns
[2020-02-28T01:43:58.988+0000][1][safepoint    ] Safepoint "BulkRevokeBias", Time since last: 4408688 ns, Reaching safepoint: 10866410 ns, At safepoint: 101303 ns, Total: 10967713 ns
[2020-02-28T01:43:58.990+0000][1][safepoint    ] Safepoint "BulkRevokeBias", Time since last: 91320 ns, Reaching safepoint: 1358945 ns, At safepoint: 66631 ns, Total: 1425576 ns
[2020-02-28T01:44:00.061+0000][1][safepoint    ] Safepoint "Cleanup", Time since last: 1002192445 ns, Reaching safepoint: 68939909 ns, At safepoint: 11356 ns, Total: 68951265 ns
[2020-02-28T01:44:01.914+0000][1][safepoint    ] Safepoint "Deoptimize", Time since last: 1853091233 ns, Reaching safepoint: 31922 ns, At safepoint: 310638 ns, Total: 342560 ns
[2020-02-28T01:44:02.920+0000][1][safepoint    ] Safepoint "Cleanup", Time since last: 1005011128 ns, Reaching safepoint: 48254 ns, At safepoint: 6624 ns, Total: 54878 ns
[2020-02-28T01:44:03.937+0000][1][safepoint    ] Safepoint "Cleanup", Time since last: 1017743008 ns, Reaching safepoint: 39534 ns, At safepoint: 5107 ns, Total: 44641 ns
[2020-02-28T01:44:04.346+0000][1][safepoint    ] Safepoint "RevokeBias", Time since last: 408497396 ns, Reaching safepoint: 32146 ns, At safepoint: 32374 ns, Total: 64520 ns
[2020-02-28T01:44:04.432+0000][1][safepoint    ] Safepoint "RevokeBias", Time since last: 86152871 ns, Reaching safepoint: 34270 ns, At safepoint: 32925 ns, Total: 67195 ns
[2020-02-28T01:44:06.434+0000][1][safepoint    ] Safepoint "Cleanup", Time since last: 2002024501 ns, Reaching safepoint: 96569 ns, At safepoint: 6289 ns, Total: 102858 ns
[2020-02-28T01:44:07.438+0000][1][safepoint    ] Safepoint "Cleanup", Time since last: 1003784815 ns, Reaching safepoint: 58961 ns, At safepoint: 6251 ns, Total: 65212 ns
[2020-02-28T01:44:08.284+0000][1][gc,start     ] GC(2) Pause Young (Allocation Failure)
[2020-02-28T01:44:08.284+0000][1][gc,task      ] GC(2) Using 1 workers of 1 for evacuation
[2020-02-28T01:44:08.358+0000][1][gc,age       ] GC(2) Desired survivor size 4358144 bytes, new threshold 2 (max threshold 6)
[2020-02-28T01:44:08.358+0000][1][gc,age       ] GC(2) Age table with threshold 2 (max threshold 6)
[2020-02-28T01:44:08.358+0000][1][gc,age       ] GC(2) - age   1:    1555792 bytes,    1555792 total
[2020-02-28T01:44:08.358+0000][1][gc,age       ] GC(2) - age   2:    3407976 bytes,    4963768 total
[2020-02-28T01:44:08.358+0000][1][gc,heap      ] GC(2) ParNew: 74130K->8468K(76672K)
[2020-02-28T01:44:08.358+0000][1][gc,heap      ] GC(2) CMS: 6874K->6874K(963392K)
[2020-02-28T01:44:08.358+0000][1][gc,metaspace ] GC(2) Metaspace: 18641K->18641K(1067008K)
[2020-02-28T01:44:08.358+0000][1][gc           ] GC(2) Pause Young (Allocation Failure) 79M->14M(1015M) 74.041ms
[2020-02-28T01:44:08.358+0000][1][gc,cpu       ] GC(2) User=0.02s Sys=0.00s Real=0.08s
[2020-02-28T01:44:08.358+0000][1][safepoint    ] Safepoint "GenCollectForAllocation", Time since last: 845633542 ns, Reaching safepoint: 42402 ns, At safepoint: 74090693 ns, Total: 74133095 ns
[2020-02-28T01:44:08.684+0000][1][safepoint    ] Safepoint "RevokeBias", Time since last: 38999880 ns, Reaching safepoint: 287283996 ns, At safepoint: 33664 ns, Total: 287317660 ns
[2020-02-28T01:44:08.756+0000][1][safepoint    ] Safepoint "RevokeBias", Time since last: 8063672 ns, Reaching safepoint: 63826681 ns, At safepoint: 29419 ns, Total: 63856100 ns
[2020-02-28T01:44:08.825+0000][1][safepoint    ] Safepoint "RevokeBias", Time since last: 2755879 ns, Reaching safepoint: 65990164 ns, At safepoint: 57185 ns, Total: 66047349 ns
[2020-02-28T01:44:08.829+0000][1][safepoint    ] Safepoint "RevokeBias", Time since last: 67483 ns, Reaching safepoint: 3841155 ns, At safepoint: 54755 ns, Total: 3895910 ns
[2020-02-28T01:44:08.878+0000][1][safepoint    ] Safepoint "RevokeBias", Time since last: 84036 ns, Reaching safepoint: 49023088 ns, At safepoint: 53817 ns, Total: 49076905 ns
[2020-02-28T01:44:08.891+0000][1][safepoint    ] Safepoint "RevokeBias", Time since last: 67163 ns, Reaching safepoint: 13045330 ns, At safepoint: 54261 ns, Total: 13099591 ns
[2020-02-28T01:44:08.901+0000][1][safepoint    ] Safepoint "RevokeBias", Time since last: 7305766 ns, Reaching safepoint: 2722890 ns, At safepoint: 11760 ns, Total: 2734650 ns
[2020-02-28T01:44:08.904+0000][1][safepoint    ] Safepoint "RevokeBias", Time since last: 65298 ns, Reaching safepoint: 2934836 ns, At safepoint: 37509 ns, Total: 2972345 ns
[2020-02-28T01:44:08.907+0000][1][safepoint    ] Safepoint "RevokeBias", Time since last: 66591 ns, Reaching safepoint: 2822235 ns, At safepoint: 37166 ns, Total: 2859401 ns
[2020-02-28T01:44:09.999+0000][1][safepoint    ] Safepoint "Cleanup", Time since last: 1026167836 ns, Reaching safepoint: 65561432 ns, At safepoint: 10439 ns, Total: 65571871 ns
[2020-02-28T01:44:11.002+0000][1][safepoint    ] Safepoint "Cleanup", Time since last: 1002787074 ns, Reaching safepoint: 41009 ns, At safepoint: 5788 ns, Total: 46797 ns
[2020-02-28T01:44:12.029+0000][1][safepoint    ] Safepoint "Cleanup", Time since last: 1027483699 ns, Reaching safepoint: 40144 ns, At safepoint: 5554 ns, Total: 45698 ns
[2020-02-28T01:44:13.059+0000][1][safepoint    ] Safepoint "Cleanup", Time since last: 1029771020 ns, Reaching safepoint: 46912 ns, At safepoint: 7301 ns, Total: 54213 ns
[2020-02-28T01:44:17.054+0000][1][gc,start     ] GC(3) Pause Young (Allocation Failure)
[2020-02-28T01:44:17.055+0000][1][gc,task      ] GC(3) Using 1 workers of 1 for evacuation
[2020-02-28T01:44:20.851+0000][1][gc,age       ] GC(3) Desired survivor size 4358144 bytes, new threshold 6 (max threshold 6)
[2020-02-28T01:44:20.851+0000][1][gc,age       ] GC(3) Age table with threshold 6 (max threshold 6)
[2020-02-28T01:44:20.851+0000][1][gc,age       ] GC(3) - age   1:    1881888 bytes,    1881888 total
[2020-02-28T01:44:20.851+0000][1][gc,age       ] GC(3) - age   2:     263544 bytes,    2145432 total
[2020-02-28T01:44:20.851+0000][1][gc,heap      ] GC(3) ParNew: 76628K->2873K(76672K)
[2020-02-28T01:44:20.851+0000][1][gc,heap      ] GC(3) CMS: 6874K->10235K(963392K)
[2020-02-28T01:44:20.851+0000][1][gc,metaspace ] GC(3) Metaspace: 18877K->18877K(1067008K)
[2020-02-28T01:44:20.876+0000][1][gc           ] GC(3) Pause Young (Allocation Failure) 81M->12M(1015M) 3821.514ms
[2020-02-28T01:44:20.876+0000][1][gc,cpu       ] GC(3) User=0.02s Sys=0.02s Real=3.82s
[2020-02-28T01:44:20.876+0000][1][safepoint    ] Safepoint "GenCollectForAllocation", Time since last: 3883078725 ns, Reaching safepoint: 112288039 ns, At safepoint: 3821593009 ns, Total: 3933881048 ns
[2020-02-28T01:44:20.878+0000][1][safepoint    ] Safepoint "RevokeBias", Time since last: 2133905 ns, Reaching safepoint: 127177 ns, At safepoint: 51985 ns, Total: 179162 ns
[2020-02-28T01:44:20.878+0000][1][safepoint    ] Safepoint "RevokeBias", Time since last: 61943 ns, Reaching safepoint: 27772 ns, At safepoint: 20806 ns, Total: 48578 ns
[2020-02-28T01:44:20.879+0000][1][safepoint    ] Safepoint "RevokeBias", Time since last: 265122 ns, Reaching safepoint: 108052 ns, At safepoint: 37355 ns, Total: 145407 ns
[2020-02-28T01:44:20.879+0000][1][safepoint    ] Safepoint "RevokeBias", Time since last: 35741 ns, Reaching safepoint: 10476 ns, At safepoint: 18588 ns, Total: 29064 ns
[2020-02-28T01:44:20.879+0000][1][safepoint    ] Safepoint "RevokeBias", Time since last: 30008 ns, Reaching safepoint: 10403 ns, At safepoint: 31503 ns, Total: 41906 ns
[2020-02-28T01:44:20.879+0000][1][safepoint    ] Safepoint "RevokeBias", Time since last: 24553 ns, Reaching safepoint: 10168 ns, At safepoint: 18380 ns, Total: 28548 ns
[2020-02-28T01:44:22.880+0000][1][safepoint    ] Safepoint "Cleanup", Time since last: 2000790214 ns, Reaching safepoint: 144319 ns, At safepoint: 6997 ns, Total: 151316 ns
[2020-02-28T01:44:24.885+0000][1][safepoint    ] Safepoint "Cleanup", Time since last: 2004670560 ns, Reaching safepoint: 48219 ns, At safepoint: 7368 ns, Total: 55587 ns
[2020-02-28T01:44:25.885+0000][1][safepoint    ] Safepoint "Cleanup", Time since last: 1000630881 ns, Reaching safepoint: 39406 ns, At safepoint: 7045 ns, Total: 46451 ns
[2020-02-28T01:44:26.785+0000][1][gc,start     ] GC(4) Pause Young (Allocation Failure)
[2020-02-28T01:44:26.785+0000][1][gc,task      ] GC(4) Using 1 workers of 1 for evacuation
[2020-02-28T01:44:26.801+0000][1][gc,age       ] GC(4) Desired survivor size 4358144 bytes, new threshold 6 (max threshold 6)
[2020-02-28T01:44:26.801+0000][1][gc,age       ] GC(4) Age table with threshold 6 (max threshold 6)
[2020-02-28T01:44:26.801+0000][1][gc,age       ] GC(4) - age   1:    1792536 bytes,    1792536 total
[2020-02-28T01:44:26.801+0000][1][gc,age       ] GC(4) - age   2:     320968 bytes,    2113504 total
[2020-02-28T01:44:26.801+0000][1][gc,age       ] GC(4) - age   3:     263448 bytes,    2376952 total
[2020-02-28T01:44:26.801+0000][1][gc,heap      ] GC(4) ParNew: 71033K->4579K(76672K)
[2020-02-28T01:44:26.801+0000][1][gc,heap      ] GC(4) CMS: 10235K->10235K(963392K)
[2020-02-28T01:44:26.801+0000][1][gc,metaspace ] GC(4) Metaspace: 19473K->19473K(1067008K)
[2020-02-28T01:44:26.801+0000][1][gc           ] GC(4) Pause Young (Allocation Failure) 79M->14M(1015M) 15.602ms
[2020-02-28T01:44:26.801+0000][1][gc,cpu       ] GC(4) User=0.01s Sys=0.00s Real=0.02s
[2020-02-28T01:44:26.801+0000][1][safepoint    ] Safepoint "GenCollectForAllocation", Time since last: 899563730 ns, Reaching safepoint: 26503 ns, At safepoint: 15649883 ns, Total: 15676386 ns
[2020-02-28T01:44:26.809+0000][1][safepoint    ] Safepoint "RevokeBias", Time since last: 8215872 ns, Reaching safepoint: 129101 ns, At safepoint: 40674 ns, Total: 169775 ns
[2020-02-28T01:44:26.809+0000][1][safepoint    ] Safepoint "RevokeBias", Time since last: 56125 ns, Reaching safepoint: 300700 ns, At safepoint: 26327 ns, Total: 327027 ns
[2020-02-28T01:44:26.811+0000][1][safepoint    ] Safepoint "RevokeBias", Time since last: 49926 ns, Reaching safepoint: 1267896 ns, At safepoint: 43778 ns, Total: 1311674 ns
[2020-02-28T01:44:26.811+0000][1][safepoint    ] Safepoint "RevokeBias", Time since last: 87381 ns, Reaching safepoint: 545437 ns, At safepoint: 26902 ns, Total: 572339 ns
[2020-02-28T01:44:26.816+0000][1][safepoint    ] Safepoint "RevokeBias", Time since last: 72188 ns, Reaching safepoint: 4265883 ns, At safepoint: 78178 ns, Total: 4344061 ns
[2020-02-28T01:44:26.819+0000][1][safepoint    ] Safepoint "RevokeBias", Time since last: 55705 ns, Reaching safepoint: 2540737 ns, At safepoint: 33962 ns, Total: 2574699 ns
[2020-02-28T01:44:26.956+0000][1][safepoint    ] Safepoint "RevokeBias", Time since last: 137450210 ns, Reaching safepoint: 26358 ns, At safepoint: 10824 ns, Total: 37182 ns
[2020-02-28T01:44:27.076+0000][1][safepoint    ] Safepoint "Deoptimize", Time since last: 119940831 ns, Reaching safepoint: 41296 ns, At safepoint: 421376 ns, Total: 462672 ns
[2020-02-28T01:44:27.933+0000][1][safepoint    ] Safepoint "Deoptimize", Time since last: 856083423 ns, Reaching safepoint: 40366 ns, At safepoint: 408914 ns, Total: 449280 ns
[2020-02-28T01:44:28.916+0000][1][gc,start     ] GC(5) Pause Young (Allocation Failure)
[2020-02-28T01:44:28.916+0000][1][gc,task      ] GC(5) Using 1 workers of 1 for evacuation
[2020-02-28T01:44:28.995+0000][1][gc,age       ] GC(5) Desired survivor size 4358144 bytes, new threshold 6 (max threshold 6)
[2020-02-28T01:44:28.995+0000][1][gc,age       ] GC(5) Age table with threshold 6 (max threshold 6)
[2020-02-28T01:44:28.995+0000][1][gc,age       ] GC(5) - age   1:    1760072 bytes,    1760072 total
[2020-02-28T01:44:28.995+0000][1][gc,age       ] GC(5) - age   2:    1273456 bytes,    3033528 total
[2020-02-28T01:44:28.995+0000][1][gc,age       ] GC(5) - age   3:     320968 bytes,    3354496 total
[2020-02-28T01:44:28.995+0000][1][gc,age       ] GC(5) - age   4:     263392 bytes,    3617888 total
[2020-02-28T01:44:28.995+0000][1][gc,heap      ] GC(5) ParNew: 72739K->4328K(76672K)
[2020-02-28T01:44:28.995+0000][1][gc,heap      ] GC(5) CMS: 10235K->10235K(963392K)
[2020-02-28T01:44:28.995+0000][1][gc,metaspace ] GC(5) Metaspace: 19711K->19711K(1067008K)
[2020-02-28T01:44:28.995+0000][1][gc           ] GC(5) Pause Young (Allocation Failure) 81M->14M(1015M) 78.794ms
[2020-02-28T01:44:28.995+0000][1][gc,cpu       ] GC(5) User=0.03s Sys=0.00s Real=0.08s
[2020-02-28T01:44:28.995+0000][1][safepoint    ] Safepoint "GenCollectForAllocation", Time since last: 983176197 ns, Reaching safepoint: 47381 ns, At safepoint: 78837685 ns, Total: 78885066 ns
[2020-02-28T01:44:29.008+0000][1][safepoint    ] Safepoint "RevokeBias", Time since last: 13311584 ns, Reaching safepoint: 37633 ns, At safepoint: 36619 ns, Total: 74252 ns
[2020-02-28T01:44:29.008+0000][1][safepoint    ] Safepoint "RevokeBias", Time since last: 60116 ns, Reaching safepoint: 13503 ns, At safepoint: 21974 ns, Total: 35477 ns
[2020-02-28T01:44:29.009+0000][1][safepoint    ] Safepoint "RevokeBias", Time since last: 41073 ns, Reaching safepoint: 11404 ns, At safepoint: 20342 ns, Total: 31746 ns
[2020-02-28T01:44:29.009+0000][1][safepoint    ] Safepoint "RevokeBias", Time since last: 24326 ns, Reaching safepoint: 10904 ns, At safepoint: 19242 ns, Total: 30146 ns
[2020-02-28T01:44:29.009+0000][1][safepoint    ] Safepoint "RevokeBias", Time since last: 93123 ns, Reaching safepoint: 15422 ns, At safepoint: 20924 ns, Total: 36346 ns
[2020-02-28T01:44:29.009+0000][1][safepoint    ] Safepoint "RevokeBias", Time since last: 23857 ns, Reaching safepoint: 10814 ns, At safepoint: 19167 ns, Total: 29981 ns
[2020-02-28T01:44:31.028+0000][1][safepoint    ] Safepoint "Cleanup", Time since last: 2013073229 ns, Reaching safepoint: 6146950 ns, At safepoint: 27731 ns, Total: 6174681 ns
[2020-02-28T01:44:31.346+0000][1][gc,start     ] GC(6) Pause Young (Allocation Failure)
[2020-02-28T01:44:31.346+0000][1][gc,task      ] GC(6) Using 1 workers of 1 for evacuation
[2020-02-28T01:44:31.455+0000][1][gc,age       ] GC(6) Desired survivor size 4358144 bytes, new threshold 4 (max threshold 6)
[2020-02-28T01:44:31.455+0000][1][gc,age       ] GC(6) Age table with threshold 4 (max threshold 6)
[2020-02-28T01:44:31.455+0000][1][gc,age       ] GC(6) - age   1:    1410024 bytes,    1410024 total
[2020-02-28T01:44:31.455+0000][1][gc,age       ] GC(6) - age   2:    1525512 bytes,    2935536 total
[2020-02-28T01:44:31.455+0000][1][gc,age       ] GC(6) - age   3:    1273112 bytes,    4208648 total
[2020-02-28T01:44:31.455+0000][1][gc,age       ] GC(6) - age   4:     320968 bytes,    4529616 total
[2020-02-28T01:44:31.455+0000][1][gc,age       ] GC(6) - age   5:     263312 bytes,    4792928 total
[2020-02-28T01:44:31.455+0000][1][gc,heap      ] GC(6) ParNew: 72488K->6021K(76672K)
[2020-02-28T01:44:31.455+0000][1][gc,heap      ] GC(6) CMS: 10235K->10235K(963392K)
[2020-02-28T01:44:31.455+0000][1][gc,metaspace ] GC(6) Metaspace: 19800K->19800K(1067008K)
[2020-02-28T01:44:31.455+0000][1][gc           ] GC(6) Pause Young (Allocation Failure) 80M->15M(1015M) 109.079ms
[2020-02-28T01:44:31.455+0000][1][gc,cpu       ] GC(6) User=0.02s Sys=0.00s Real=0.11s
[2020-02-28T01:44:31.455+0000][1][safepoint    ] Safepoint "GenCollectForAllocation", Time since last: 317876705 ns, Reaching safepoint: 20760 ns, At safepoint: 109123632 ns, Total: 109144392 ns
[2020-02-28T01:44:31.504+0000][1][safepoint    ] Safepoint "RevokeBias", Time since last: 48961798 ns, Reaching safepoint: 38008 ns, At safepoint: 37090 ns, Total: 75098 ns
[2020-02-28T01:44:31.504+0000][1][safepoint    ] Safepoint "RevokeBias", Time since last: 63401 ns, Reaching safepoint: 9374 ns, At safepoint: 16014 ns, Total: 25388 ns
[2020-02-28T01:44:31.504+0000][1][safepoint    ] Safepoint "RevokeBias", Time since last: 42933 ns, Reaching safepoint: 6339 ns, At safepoint: 44561 ns, Total: 50900 ns
[2020-02-28T01:44:31.504+0000][1][safepoint    ] Safepoint "RevokeBias", Time since last: 33740 ns, Reaching safepoint: 5300 ns, At safepoint: 12193 ns, Total: 17493 ns
[2020-02-28T01:44:33.519+0000][1][safepoint    ] Safepoint "Cleanup", Time since last: 2014324664 ns, Reaching safepoint: 48659 ns, At safepoint: 37156 ns, Total: 85815 ns
[2020-02-28T01:44:34.520+0000][1][safepoint    ] Safepoint "Cleanup", Time since last: 1001079500 ns, Reaching safepoint: 103670 ns, At safepoint: 21453 ns, Total: 125123 ns
[2020-02-28T01:44:35.524+0000][1][safepoint    ] Safepoint "Cleanup", Time since last: 1004327735 ns, Reaching safepoint: 49332 ns, At safepoint: 6705 ns, Total: 56037 ns
[2020-02-28T01:44:36.535+0000][1][safepoint    ] Safepoint "Cleanup", Time since last: 1003861995 ns, Reaching safepoint: 7029340 ns, At safepoint: 9686 ns, Total: 7039026 ns
[2020-02-28T01:44:36.665+0000][1][gc,start     ] GC(7) Pause Young (Allocation Failure)
[2020-02-28T01:44:36.665+0000][1][gc,task      ] GC(7) Using 1 workers of 1 for evacuation
[2020-02-28T01:44:39.267+0000][1][gc,age       ] GC(7) Desired survivor size 4358144 bytes, new threshold 4 (max threshold 6)
[2020-02-28T01:44:39.267+0000][1][gc,age       ] GC(7) Age table with threshold 4 (max threshold 6)
[2020-02-28T01:44:39.267+0000][1][gc,age       ] GC(7) - age   1:    2015224 bytes,    2015224 total
[2020-02-28T01:44:39.267+0000][1][gc,age       ] GC(7) - age   2:     415944 bytes,    2431168 total
[2020-02-28T01:44:39.267+0000][1][gc,age       ] GC(7) - age   3:    1523576 bytes,    3954744 total
[2020-02-28T01:44:39.267+0000][1][gc,age       ] GC(7) - age   4:    1272456 bytes,    5227200 total
[2020-02-28T01:44:39.267+0000][1][gc,heap      ] GC(7) ParNew: 74181K->8512K(76672K)
[2020-02-28T01:44:39.267+0000][1][gc,heap      ] GC(7) CMS: 10235K->10816K(963392K)
[2020-02-28T01:44:39.267+0000][1][gc,metaspace ] GC(7) Metaspace: 20027K->20027K(1067008K)
[2020-02-28T01:44:39.267+0000][1][gc           ] GC(7) Pause Young (Allocation Failure) 82M->18M(1015M) 2602.187ms
[2020-02-28T01:44:39.267+0000][1][gc,cpu       ] GC(7) User=0.02s Sys=0.01s Real=2.60s
[2020-02-28T01:44:39.267+0000][1][safepoint    ] Safepoint "GenCollectForAllocation", Time since last: 129399417 ns, Reaching safepoint: 25818 ns, At safepoint: 2602237607 ns, Total: 2602263425 ns
[2020-02-28T01:44:39.305+0000][1][safepoint    ] Safepoint "RevokeBias", Time since last: 23142525 ns, Reaching safepoint: 14435791 ns, At safepoint: 59973 ns, Total: 14495764 ns
[2020-02-28T01:44:39.309+0000][1][safepoint    ] Safepoint "RevokeBias", Time since last: 66186 ns, Reaching safepoint: 4496677 ns, At safepoint: 54248 ns, Total: 4550925 ns
[2020-02-28T01:44:39.320+0000][1][safepoint    ] Safepoint "RevokeBias", Time since last: 77691 ns, Reaching safepoint: 10785455 ns, At safepoint: 57517 ns, Total: 10842972 ns
[2020-02-28T01:44:39.331+0000][1][safepoint    ] Safepoint "RevokeBias", Time since last: 10202603 ns, Reaching safepoint: 910976 ns, At safepoint: 51168 ns, Total: 962144 ns
[2020-02-28T01:44:39.867+0000][1][safepoint    ] Safepoint "CollectForMetadataAllocation", Time since last: 535119486 ns, Reaching safepoint: 168791 ns, At safepoint: 271047 ns, Total: 439838 ns
[2020-02-28T01:44:40.725+0000][1][safepoint    ] Safepoint "RevokeBias", Time since last: 857698775 ns, Reaching safepoint: 53367 ns, At safepoint: 17182 ns, Total: 70549 ns
[2020-02-28T01:44:41.205+0000][1][safepoint    ] Safepoint "RevokeBias", Time since last: 480048360 ns, Reaching safepoint: 37863 ns, At safepoint: 13668 ns, Total: 51531 ns
[2020-02-28T01:44:41.353+0000][1][gc,start     ] GC(8) Pause Initial Mark
[2020-02-28T01:44:41.383+0000][1][gc           ] GC(8) Pause Initial Mark 48M->48M(1015M) 29.851ms
[2020-02-28T01:44:41.383+0000][1][gc,cpu       ] GC(8) User=0.03s Sys=0.00s Real=0.03s
[2020-02-28T01:44:41.383+0000][1][safepoint    ] Safepoint "CMS_Initial_Mark", Time since last: 148722167 ns, Reaching safepoint: 38881 ns, At safepoint: 29923681 ns, Total: 29962562 ns
[2020-02-28T01:44:41.383+0000][1][gc           ] GC(8) Concurrent Mark
[2020-02-28T01:44:41.397+0000][1][gc           ] GC(8) Concurrent Mark 13.325ms
[2020-02-28T01:44:41.397+0000][1][gc,cpu       ] GC(8) User=0.01s Sys=0.00s Real=0.01s
[2020-02-28T01:44:41.397+0000][1][gc           ] GC(8) Concurrent Preclean
[2020-02-28T01:44:41.521+0000][1][gc           ] GC(8) Concurrent Preclean 123.844ms
[2020-02-28T01:44:41.521+0000][1][gc,cpu       ] GC(8) User=0.00s Sys=0.00s Real=0.13s
[2020-02-28T01:44:41.521+0000][1][gc           ] GC(8) Concurrent Abortable Preclean
[2020-02-28T01:44:43.401+0000][1][safepoint    ] Safepoint "Cleanup", Time since last: 2013806104 ns, Reaching safepoint: 4188198 ns, At safepoint: 9212 ns, Total: 4197410 ns
[2020-02-28T01:44:43.538+0000][1][gc,start     ] GC(9) Pause Young (Allocation Failure)
[2020-02-28T01:44:43.538+0000][1][gc,task      ] GC(9) Using 1 workers of 1 for evacuation
[2020-02-28T01:44:44.012+0000][1][gc,age       ] GC(9) Desired survivor size 4358144 bytes, new threshold 6 (max threshold 6)
[2020-02-28T01:44:44.012+0000][1][gc,age       ] GC(9) Age table with threshold 6 (max threshold 6)
[2020-02-28T01:44:44.012+0000][1][gc,age       ] GC(9) - age   1:    1304520 bytes,    1304520 total
[2020-02-28T01:44:44.012+0000][1][gc,age       ] GC(9) - age   2:     849232 bytes,    2153752 total
[2020-02-28T01:44:44.012+0000][1][gc,age       ] GC(9) - age   3:     415944 bytes,    2569696 total
[2020-02-28T01:44:44.012+0000][1][gc,age       ] GC(9) - age   4:    1523496 bytes,    4093192 total
[2020-02-28T01:44:44.012+0000][1][gc,heap      ] GC(9) ParNew: 76672K->5960K(76672K)
[2020-02-28T01:44:44.012+0000][1][gc,heap      ] GC(9) CMS: 10816K->12073K(963392K)
[2020-02-28T01:44:44.012+0000][1][gc,metaspace ] GC(9) Metaspace: 20384K->20384K(1069056K)
[2020-02-28T01:44:44.012+0000][1][gc           ] GC(9) Pause Young (Allocation Failure) 85M->17M(1015M) 474.141ms
[2020-02-28T01:44:44.012+0000][1][gc,cpu       ] GC(9) User=0.02s Sys=0.00s Real=0.47s
[2020-02-28T01:44:44.012+0000][1][safepoint    ] Safepoint "GenCollectForAllocation", Time since last: 136375986 ns, Reaching safepoint: 33381 ns, At safepoint: 474186122 ns, Total: 474219503 ns
[2020-02-28T01:44:44.113+0000][1][safepoint    ] Safepoint "RevokeBias", Time since last: 87484005 ns, Reaching safepoint: 13641297 ns, At safepoint: 91214 ns, Total: 13732511 ns
[2020-02-28T01:44:44.126+0000][1][safepoint    ] Safepoint "RevokeBias", Time since last: 113229 ns, Reaching safepoint: 13105844 ns, At safepoint: 32235 ns, Total: 13138079 ns
[2020-02-28T01:44:44.133+0000][1][safepoint    ] Safepoint "RevokeBias", Time since last: 79976 ns, Reaching safepoint: 6335210 ns, At safepoint: 35769 ns, Total: 6370979 ns
[2020-02-28T01:44:44.137+0000][1][safepoint    ] Safepoint "RevokeBias", Time since last: 58188 ns, Reaching safepoint: 3940105 ns, At safepoint: 28849 ns, Total: 3968954 ns
[2020-02-28T01:44:44.145+0000][1][safepoint    ] Safepoint "RevokeBias", Time since last: 51763 ns, Reaching safepoint: 8127107 ns, At safepoint: 33081 ns, Total: 8160188 ns
[2020-02-28T01:44:44.153+0000][1][safepoint    ] Safepoint "RevokeBias", Time since last: 51977 ns, Reaching safepoint: 7971901 ns, At safepoint: 33045 ns, Total: 8004946 ns
[2020-02-28T01:44:46.146+0000][1][gc           ] GC(8) Concurrent Abortable Preclean 4625.158ms
[2020-02-28T01:44:46.146+0000][1][gc,cpu       ] GC(8) User=0.86s Sys=0.03s Real=4.62s
[2020-02-28T01:44:46.171+0000][1][gc,start     ] GC(8) Pause Remark
[2020-02-28T01:44:46.445+0000][1][gc           ] GC(8) Pause Remark 57M->57M(1015M) 273.312ms
[2020-02-28T01:44:46.445+0000][1][gc,cpu       ] GC(8) User=0.05s Sys=0.00s Real=0.27s
[2020-02-28T01:44:46.445+0000][1][safepoint    ] Safepoint "CMS_Final_Remark", Time since last: 1997991911 ns, Reaching safepoint: 20126058 ns, At safepoint: 273396202 ns, Total: 293522260 ns
[2020-02-28T01:44:46.495+0000][1][gc           ] GC(8) Concurrent Sweep
[2020-02-28T01:44:46.594+0000][1][gc           ] GC(8) Concurrent Sweep 98.638ms
[2020-02-28T01:44:46.594+0000][1][gc,cpu       ] GC(8) User=0.02s Sys=0.00s Real=0.10s
[2020-02-28T01:44:46.594+0000][1][gc           ] GC(8) Concurrent Reset
[2020-02-28T01:44:46.618+0000][1][gc           ] GC(8) Concurrent Reset 24.044ms
[2020-02-28T01:44:46.618+0000][1][gc,cpu       ] GC(8) User=0.00s Sys=0.00s Real=0.03s
[2020-02-28T01:44:46.618+0000][1][gc,heap      ] GC(8) Old: 10816K->12065K(963392K)
[2020-02-28T01:44:46.899+0000][1][gc,start     ] GC(10) Pause Young (Allocation Failure)
[2020-02-28T01:44:46.899+0000][1][gc,task      ] GC(10) Using 1 workers of 1 for evacuation
[2020-02-28T01:44:47.014+0000][1][gc,age       ] GC(10) Desired survivor size 4358144 bytes, new threshold 6 (max threshold 6)
[2020-02-28T01:44:47.014+0000][1][gc,age       ] GC(10) Age table with threshold 6 (max threshold 6)
[2020-02-28T01:44:47.014+0000][1][gc,age       ] GC(10) - age   1:     340008 bytes,     340008 total
[2020-02-28T01:44:47.014+0000][1][gc,age       ] GC(10) - age   2:    1134312 bytes,    1474320 total
[2020-02-28T01:44:47.014+0000][1][gc,age       ] GC(10) - age   3:     849232 bytes,    2323552 total
[2020-02-28T01:44:47.014+0000][1][gc,age       ] GC(10) - age   4:     415912 bytes,    2739464 total
[2020-02-28T01:44:47.014+0000][1][gc,age       ] GC(10) - age   5:    1523344 bytes,    4262808 total
[2020-02-28T01:44:47.014+0000][1][gc,heap      ] GC(10) ParNew: 74120K->7485K(76672K)
[2020-02-28T01:44:47.014+0000][1][gc,heap      ] GC(10) CMS: 12065K->12065K(963392K)
[2020-02-28T01:44:47.014+0000][1][gc,metaspace ] GC(10) Metaspace: 20403K->20403K(1069056K)
[2020-02-28T01:44:47.014+0000][1][gc           ] GC(10) Pause Young (Allocation Failure) 84M->19M(1015M) 114.485ms
[2020-02-28T01:44:47.014+0000][1][gc,cpu       ] GC(10) User=0.02s Sys=0.00s Real=0.11s
[2020-02-28T01:44:47.014+0000][1][safepoint    ] Safepoint "GenCollectForAllocation", Time since last: 453936783 ns, Reaching safepoint: 778391 ns, At safepoint: 114534008 ns, Total: 115312399 ns
[2020-02-28T01:44:47.072+0000][1][safepoint    ] Safepoint "BulkRevokeBias", Time since last: 49769369 ns, Reaching safepoint: 8296794 ns, At safepoint: 93721 ns, Total: 8390515 ns
[2020-02-28T01:44:47.078+0000][1][safepoint    ] Safepoint "RevokeBias", Time since last: 98229 ns, Reaching safepoint: 5962899 ns, At safepoint: 59773 ns, Total: 6022672 ns
[2020-02-28T01:44:47.079+0000][1][safepoint    ] Safepoint "RevokeBias", Time since last: 91287 ns, Reaching safepoint: 327629 ns, At safepoint: 41214 ns, Total: 368843 ns
[2020-02-28T01:44:47.087+0000][1][safepoint    ] Safepoint "RevokeBias", Time since last: 35899 ns, Reaching safepoint: 8548031 ns, At safepoint: 58702 ns, Total: 8606733 ns
[2020-02-28T01:44:47.089+0000][1][safepoint    ] Safepoint "RevokeBias", Time since last: 1169978 ns, Reaching safepoint: 788809 ns, At safepoint: 67181 ns, Total: 855990 ns
[2020-02-28T01:44:47.097+0000][1][safepoint    ] Safepoint "RevokeBias", Time since last: 50252 ns, Reaching safepoint: 7421382 ns, At safepoint: 49920 ns, Total: 7471302 ns
[2020-02-28T01:44:47.100+0000][1][safepoint    ] Safepoint "RevokeBias", Time since last: 73590 ns, Reaching safepoint: 2943155 ns, At safepoint: 49554 ns, Total: 2992709 ns
[2020-02-28T01:44:47.107+0000][1][safepoint    ] Safepoint "RevokeBias", Time since last: 63155 ns, Reaching safepoint: 7012533 ns, At safepoint: 130903 ns, Total: 7143436 ns
[2020-02-28T01:44:47.108+0000][1][safepoint    ] Safepoint "RevokeBias", Time since last: 79476 ns, Reaching safepoint: 644478 ns, At safepoint: 81096 ns, Total: 725574 ns
[2020-02-28T01:44:47.110+0000][1][safepoint    ] Safepoint "RevokeBias", Time since last: 124715 ns, Reaching safepoint: 1970936 ns, At safepoint: 61591 ns, Total: 2032527 ns
[2020-02-28T01:44:47.112+0000][1][safepoint    ] Safepoint "BulkRevokeBias", Time since last: 62256 ns, Reaching safepoint: 1854046 ns, At safepoint: 66545 ns, Total: 1920591 ns
[2020-02-28T01:44:47.119+0000][1][safepoint    ] Safepoint "BulkRevokeBias", Time since last: 58022 ns, Reaching safepoint: 7034444 ns, At safepoint: 71282 ns, Total: 7105726 ns
[2020-02-28T01:44:48.205+0000][1][safepoint    ] Safepoint "Cleanup", Time since last: 1023953079 ns, Reaching safepoint: 61837037 ns, At safepoint: 7515 ns, Total: 61844552 ns
[2020-02-28T01:44:50.209+0000][1][safepoint    ] Safepoint "Cleanup", Time since last: 2003506919 ns, Reaching safepoint: 169085 ns, At safepoint: 9060 ns, Total: 178145 ns
[2020-02-28T01:44:50.352+0000][1][gc,start     ] GC(11) Pause Young (Allocation Failure)
[2020-02-28T01:44:50.352+0000][1][gc,task      ] GC(11) Using 1 workers of 1 for evacuation
[2020-02-28T01:44:50.427+0000][1][gc,age       ] GC(11) Desired survivor size 4358144 bytes, new threshold 4 (max threshold 6)
[2020-02-28T01:44:50.427+0000][1][gc,age       ] GC(11) Age table with threshold 4 (max threshold 6)
[2020-02-28T01:44:50.433+0000][1][gc,age       ] GC(11) - age   1:    2233536 bytes,    2233536 total
[2020-02-28T01:44:50.433+0000][1][gc,age       ] GC(11) - age   2:     324800 bytes,    2558336 total
[2020-02-28T01:44:50.433+0000][1][gc,age       ] GC(11) - age   3:    1133984 bytes,    3692320 total
[2020-02-28T01:44:50.433+0000][1][gc,age       ] GC(11) - age   4:     849232 bytes,    4541552 total
[2020-02-28T01:44:50.433+0000][1][gc,age       ] GC(11) - age   5:     415912 bytes,    4957464 total
[2020-02-28T01:44:50.433+0000][1][gc,age       ] GC(11) - age   6:    1522216 bytes,    6479680 total
[2020-02-28T01:44:50.433+0000][1][gc,heap      ] GC(11) ParNew: 75645K->7490K(76672K)
[2020-02-28T01:44:50.433+0000][1][gc,heap      ] GC(11) CMS: 12065K->12065K(963392K)
[2020-02-28T01:44:50.433+0000][1][gc,metaspace ] GC(11) Metaspace: 21192K->21192K(1069056K)
[2020-02-28T01:44:50.433+0000][1][gc           ] GC(11) Pause Young (Allocation Failure) 85M->19M(1015M) 81.097ms
[2020-02-28T01:44:50.433+0000][1][gc,cpu       ] GC(11) User=0.02s Sys=0.00s Real=0.08s
[2020-02-28T01:44:50.433+0000][1][safepoint    ] Safepoint "GenCollectForAllocation", Time since last: 143453247 ns, Reaching safepoint: 38253 ns, At safepoint: 81146198 ns, Total: 81184451 ns
[2020-02-28T01:44:50.449+0000][1][safepoint    ] Safepoint "RevokeBias", Time since last: 13691056 ns, Reaching safepoint: 2111900 ns, At safepoint: 38590 ns, Total: 2150490 ns
[2020-02-28T01:44:50.457+0000][1][safepoint    ] Safepoint "RevokeBias", Time since last: 74118 ns, Reaching safepoint: 7902829 ns, At safepoint: 30441 ns, Total: 7933270 ns
[2020-02-28T01:44:50.460+0000][1][safepoint    ] Safepoint "RevokeBias", Time since last: 80133 ns, Reaching safepoint: 2601707 ns, At safepoint: 27624 ns, Total: 2629331 ns
[2020-02-28T01:44:50.463+0000][1][safepoint    ] Safepoint "RevokeBias", Time since last: 48250 ns, Reaching safepoint: 3119081 ns, At safepoint: 32558 ns, Total: 3151639 ns
[2020-02-28T01:44:50.467+0000][1][safepoint    ] Safepoint "RevokeBias", Time since last: 77623 ns, Reaching safepoint: 3919469 ns, At safepoint: 31772 ns, Total: 3951241 ns
[2020-02-28T01:44:50.468+0000][1][safepoint    ] Safepoint "RevokeBias", Time since last: 61060 ns, Reaching safepoint: 364376 ns, At safepoint: 28905 ns, Total: 393281 ns
[2020-02-28T01:44:50.471+0000][1][safepoint    ] Safepoint "RevokeBias", Time since last: 48966 ns, Reaching safepoint: 3151381 ns, At safepoint: 26683 ns, Total: 3178064 ns
[2020-02-28T01:44:50.475+0000][1][safepoint    ] Safepoint "RevokeBias", Time since last: 46679 ns, Reaching safepoint: 3636236 ns, At safepoint: 34055 ns, Total: 3670291 ns
[2020-02-28T01:44:50.480+0000][1][safepoint    ] Safepoint "RevokeBias", Time since last: 81329 ns, Reaching safepoint: 5497332 ns, At safepoint: 33333 ns, Total: 5530665 ns
[2020-02-28T01:44:50.483+0000][1][safepoint    ] Safepoint "RevokeBias", Time since last: 62898 ns, Reaching safepoint: 2836713 ns, At safepoint: 30946 ns, Total: 2867659 ns
[2020-02-28T01:44:51.489+0000][1][safepoint    ] Safepoint "Cleanup", Time since last: 1005771318 ns, Reaching safepoint: 74790 ns, At safepoint: 6849 ns, Total: 81639 ns
[2020-02-28T01:44:53.091+0000][1][gc,start     ] GC(12) Pause Young (Allocation Failure)
[2020-02-28T01:44:53.091+0000][1][gc,task      ] GC(12) Using 1 workers of 1 for evacuation
[2020-02-28T01:44:54.739+0000][1][gc,age       ] GC(12) Desired survivor size 4358144 bytes, new threshold 6 (max threshold 6)
[2020-02-28T01:44:54.739+0000][1][gc,age       ] GC(12) Age table with threshold 6 (max threshold 6)
[2020-02-28T01:44:54.739+0000][1][gc,age       ] GC(12) - age   1:    1238544 bytes,    1238544 total
[2020-02-28T01:44:54.739+0000][1][gc,age       ] GC(12) - age   2:     573344 bytes,    1811888 total
[2020-02-28T01:44:54.739+0000][1][gc,age       ] GC(12) - age   3:     324800 bytes,    2136688 total
[2020-02-28T01:44:54.739+0000][1][gc,age       ] GC(12) - age   4:    1133984 bytes,    3270672 total
[2020-02-28T01:44:54.739+0000][1][gc,heap      ] GC(12) ParNew: 75650K->5370K(76672K)
[2020-02-28T01:44:54.739+0000][1][gc,heap      ] GC(12) CMS: 12065K->14808K(963392K)
[2020-02-28T01:44:54.739+0000][1][gc,metaspace ] GC(12) Metaspace: 21218K->21218K(1069056K)
[2020-02-28T01:44:54.739+0000][1][gc           ] GC(12) Pause Young (Allocation Failure) 85M->19M(1015M) 1647.991ms
[2020-02-28T01:44:54.739+0000][1][gc,cpu       ] GC(12) User=0.03s Sys=0.00s Real=1.65s
[2020-02-28T01:44:54.739+0000][1][safepoint    ] Safepoint "GenCollectForAllocation", Time since last: 1601977095 ns, Reaching safepoint: 45993 ns, At safepoint: 1648050703 ns, Total: 1648096696 ns
[2020-02-28T01:44:54.790+0000][1][safepoint    ] Safepoint "RevokeBias", Time since last: 29128422 ns, Reaching safepoint: 21792582 ns, At safepoint: 49261 ns, Total: 21841843 ns
[2020-02-28T01:44:54.800+0000][1][safepoint    ] Safepoint "RevokeBias", Time since last: 7878171 ns, Reaching safepoint: 1701234 ns, At safepoint: 47216 ns, Total: 1748450 ns
[2020-02-28T01:44:54.807+0000][1][safepoint    ] Safepoint "RevokeBias", Time since last: 72643 ns, Reaching safepoint: 7178932 ns, At safepoint: 69639 ns, Total: 7248571 ns
[2020-02-28T01:44:54.827+0000][1][safepoint    ] Safepoint "RevokeBias", Time since last: 6298675 ns, Reaching safepoint: 13929809 ns, At safepoint: 43113 ns, Total: 13972922 ns
[2020-02-28T01:44:54.831+0000][1][safepoint    ] Safepoint "RevokeBias", Time since last: 75769 ns, Reaching safepoint: 3850396 ns, At safepoint: 36584 ns, Total: 3886980 ns
[2020-02-28T01:44:54.856+0000][1][safepoint    ] Safepoint "RevokeBias", Time since last: 11997707 ns, Reaching safepoint: 12841027 ns, At safepoint: 39818 ns, Total: 12880845 ns
[2020-02-28T01:44:54.879+0000][1][safepoint    ] Safepoint "RevokeBias", Time since last: 1817605 ns, Reaching safepoint: 21356793 ns, At safepoint: 66967 ns, Total: 21423760 ns
[2020-02-28T01:44:54.883+0000][1][safepoint    ] Safepoint "RevokeBias", Time since last: 3525868 ns, Reaching safepoint: 19614 ns, At safepoint: 21295 ns, Total: 40909 ns
[2020-02-28T01:44:55.736+0000][1][gc,start     ] GC(13) Pause Young (Allocation Failure)
[2020-02-28T01:44:55.736+0000][1][gc,task      ] GC(13) Using 1 workers of 1 for evacuation
[2020-02-28T01:44:55.799+0000][1][gc,age       ] GC(13) Desired survivor size 4358144 bytes, new threshold 6 (max threshold 6)
[2020-02-28T01:44:55.799+0000][1][gc,age       ] GC(13) Age table with threshold 6 (max threshold 6)
[2020-02-28T01:44:55.799+0000][1][gc,age       ] GC(13) - age   1:     112480 bytes,     112480 total
[2020-02-28T01:44:55.799+0000][1][gc,age       ] GC(13) - age   2:     207072 bytes,     319552 total
[2020-02-28T01:44:55.799+0000][1][gc,age       ] GC(13) - age   3:     573232 bytes,     892784 total
[2020-02-28T01:44:55.799+0000][1][gc,age       ] GC(13) - age   4:     324800 bytes,    1217584 total
[2020-02-28T01:44:55.799+0000][1][gc,age       ] GC(13) - age   5:    1133984 bytes,    2351568 total
[2020-02-28T01:44:55.799+0000][1][gc,heap      ] GC(13) ParNew: 73530K->2540K(76672K)
[2020-02-28T01:44:55.799+0000][1][gc,heap      ] GC(13) CMS: 14808K->14808K(963392K)
[2020-02-28T01:44:55.799+0000][1][gc,metaspace ] GC(13) Metaspace: 21319K->21319K(1069056K)
[2020-02-28T01:44:55.799+0000][1][gc           ] GC(13) Pause Young (Allocation Failure) 86M->16M(1015M) 63.136ms
[2020-02-28T01:44:55.799+0000][1][gc,cpu       ] GC(13) User=0.01s Sys=0.00s Real=0.07s
[2020-02-28T01:44:55.799+0000][1][safepoint    ] Safepoint "GenCollectForAllocation", Time since last: 853199882 ns, Reaching safepoint: 27165 ns, At safepoint: 63199737 ns, Total: 63226902 ns
[2020-02-28T01:44:55.827+0000][1][safepoint    ] Safepoint "RevokeBias", Time since last: 25565541 ns, Reaching safepoint: 2011910 ns, At safepoint: 53641 ns, Total: 2065551 ns
[2020-02-28T01:44:55.832+0000][1][safepoint    ] Safepoint "RevokeBias", Time since last: 61936 ns, Reaching safepoint: 5077004 ns, At safepoint: 56841 ns, Total: 5133845 ns
[2020-02-28T01:44:55.839+0000][1][safepoint    ] Safepoint "RevokeBias", Time since last: 72040 ns, Reaching safepoint: 6916857 ns, At safepoint: 60805 ns, Total: 6977662 ns
[2020-02-28T01:44:55.841+0000][1][safepoint    ] Safepoint "RevokeBias", Time since last: 66859 ns, Reaching safepoint: 1888998 ns, At safepoint: 49637 ns, Total: 1938635 ns
[2020-02-28T01:44:56.854+0000][1][safepoint    ] Safepoint "Cleanup", Time since last: 1012664309 ns, Reaching safepoint: 83790 ns, At safepoint: 6986 ns, Total: 90776 ns
[2020-02-28T01:44:57.857+0000][1][safepoint    ] Safepoint "Cleanup", Time since last: 1003316533 ns, Reaching safepoint: 39750 ns, At safepoint: 6643 ns, Total: 46393 ns
[2020-02-28T01:44:58.190+0000][1][gc,start     ] GC(14) Pause Young (Allocation Failure)
[2020-02-28T01:44:58.190+0000][1][gc,task      ] GC(14) Using 1 workers of 1 for evacuation
[2020-02-28T01:44:58.209+0000][1][gc,age       ] GC(14) Desired survivor size 4358144 bytes, new threshold 6 (max threshold 6)
[2020-02-28T01:44:58.209+0000][1][gc,age       ] GC(14) Age table with threshold 6 (max threshold 6)
[2020-02-28T01:44:58.209+0000][1][gc,age       ] GC(14) - age   1:    2063328 bytes,    2063328 total
[2020-02-28T01:44:58.209+0000][1][gc,age       ] GC(14) - age   2:     100216 bytes,    2163544 total
[2020-02-28T01:44:58.209+0000][1][gc,age       ] GC(14) - age   3:     207072 bytes,    2370616 total
[2020-02-28T01:44:58.209+0000][1][gc,age       ] GC(14) - age   4:     573232 bytes,    2943848 total
[2020-02-28T01:44:58.209+0000][1][gc,age       ] GC(14) - age   5:     324800 bytes,    3268648 total
[2020-02-28T01:44:58.209+0000][1][gc,age       ] GC(14) - age   6:    1133984 bytes,    4402632 total
[2020-02-28T01:44:58.209+0000][1][gc,heap      ] GC(14) ParNew: 70700K->4714K(76672K)
[2020-02-28T01:44:58.209+0000][1][gc,heap      ] GC(14) CMS: 14808K->14808K(963392K)
[2020-02-28T01:44:58.209+0000][1][gc,metaspace ] GC(14) Metaspace: 21388K->21388K(1069056K)
[2020-02-28T01:44:58.209+0000][1][gc           ] GC(14) Pause Young (Allocation Failure) 83M->19M(1015M) 18.689ms
[2020-02-28T01:44:58.209+0000][1][gc,cpu       ] GC(14) User=0.02s Sys=0.00s Real=0.02s
[2020-02-28T01:44:58.209+0000][1][safepoint    ] Safepoint "GenCollectForAllocation", Time since last: 332997157 ns, Reaching safepoint: 25424 ns, At safepoint: 18734643 ns, Total: 18760067 ns
[2020-02-28T01:44:58.228+0000][1][safepoint    ] Safepoint "RevokeBias", Time since last: 13623662 ns, Reaching safepoint: 5579679 ns, At safepoint: 74824 ns, Total: 5654503 ns
[2020-02-28T01:44:58.234+0000][1][safepoint    ] Safepoint "RevokeBias", Time since last: 59598 ns, Reaching safepoint: 5811756 ns, At safepoint: 65453 ns, Total: 5877209 ns
[2020-02-28T01:44:58.235+0000][1][safepoint    ] Safepoint "RevokeBias", Time since last: 65059 ns, Reaching safepoint: 400898 ns, At safepoint: 54668 ns, Total: 455566 ns
[2020-02-28T01:44:58.239+0000][1][safepoint    ] Safepoint "RevokeBias", Time since last: 36767 ns, Reaching safepoint: 4438320 ns, At safepoint: 57298 ns, Total: 4495618 ns
[2020-02-28T01:44:58.240+0000][1][safepoint    ] Safepoint "RevokeBias", Time since last: 72756 ns, Reaching safepoint: 365096 ns, At safepoint: 46342 ns, Total: 411438 ns
[2020-02-28T01:44:58.243+0000][1][safepoint    ] Safepoint "RevokeBias", Time since last: 32089 ns, Reaching safepoint: 2992415 ns, At safepoint: 51107 ns, Total: 3043522 ns
[2020-02-28T01:44:58.243+0000][1][safepoint    ] Safepoint "RevokeBias", Time since last: 56185 ns, Reaching safepoint: 231415 ns, At safepoint: 42443 ns, Total: 273858 ns
[2020-02-28T01:44:58.249+0000][1][safepoint    ] Safepoint "RevokeBias", Time since last: 33844 ns, Reaching safepoint: 5217540 ns, At safepoint: 51434 ns, Total: 5268974 ns
[2020-02-28T01:44:58.254+0000][1][safepoint    ] Safepoint "RevokeBias", Time since last: 136144 ns, Reaching safepoint: 4732075 ns, At safepoint: 139183 ns, Total: 4871258 ns
[2020-02-28T01:44:58.255+0000][1][safepoint    ] Safepoint "RevokeBias", Time since last: 191899 ns, Reaching safepoint: 1440665 ns, At safepoint: 64192 ns, Total: 1504857 ns
[2020-02-28T01:44:59.104+0000][1][gc,start     ] GC(15) Pause Young (Allocation Failure)
[2020-02-28T01:44:59.104+0000][1][gc,task      ] GC(15) Using 1 workers of 1 for evacuation
[2020-02-28T01:44:59.339+0000][1][gc,age       ] GC(15) Desired survivor size 4358144 bytes, new threshold 6 (max threshold 6)
[2020-02-28T01:44:59.339+0000][1][gc,age       ] GC(15) Age table with threshold 6 (max threshold 6)
[2020-02-28T01:44:59.339+0000][1][gc,age       ] GC(15) - age   1:    1412216 bytes,    1412216 total
[2020-02-28T01:44:59.339+0000][1][gc,age       ] GC(15) - age   2:     304440 bytes,    1716656 total
[2020-02-28T01:44:59.339+0000][1][gc,age       ] GC(15) - age   3:     100216 bytes,    1816872 total
[2020-02-28T01:44:59.339+0000][1][gc,age       ] GC(15) - age   4:     207072 bytes,    2023944 total
[2020-02-28T01:44:59.339+0000][1][gc,age       ] GC(15) - age   5:     573080 bytes,    2597024 total
[2020-02-28T01:44:59.339+0000][1][gc,age       ] GC(15) - age   6:     324800 bytes,    2921824 total
[2020-02-28T01:44:59.339+0000][1][gc,heap      ] GC(15) ParNew: 72874K->3813K(76672K)
[2020-02-28T01:44:59.339+0000][1][gc,heap      ] GC(15) CMS: 14808K->15922K(963392K)
[2020-02-28T01:44:59.339+0000][1][gc,metaspace ] GC(15) Metaspace: 21404K->21404K(1069056K)
[2020-02-28T01:44:59.339+0000][1][gc           ] GC(15) Pause Young (Allocation Failure) 85M->19M(1015M) 234.835ms
[2020-02-28T01:44:59.339+0000][1][gc,cpu       ] GC(15) User=0.01s Sys=0.01s Real=0.24s
[2020-02-28T01:44:59.339+0000][1][safepoint    ] Safepoint "GenCollectForAllocation", Time since last: 846970289 ns, Reaching safepoint: 2021130 ns, At safepoint: 234883167 ns, Total: 236904297 ns
[2020-02-28T01:44:59.397+0000][1][safepoint    ] Safepoint "BulkRevokeBias", Time since last: 48776372 ns, Reaching safepoint: 8970898 ns, At safepoint: 85991 ns, Total: 9056889 ns
[2020-02-28T01:44:59.399+0000][1][safepoint    ] Safepoint "RevokeBias", Time since last: 83438 ns, Reaching safepoint: 1954705 ns, At safepoint: 30422 ns, Total: 1985127 ns
[2020-02-28T01:44:59.401+0000][1][safepoint    ] Safepoint "RevokeBias", Time since last: 69805 ns, Reaching safepoint: 1754924 ns, At safepoint: 32589 ns, Total: 1787513 ns
[2020-02-28T01:44:59.403+0000][1][safepoint    ] Safepoint "RevokeBias", Time since last: 46608 ns, Reaching safepoint: 2407004 ns, At safepoint: 37582 ns, Total: 2444586 ns
[2020-02-28T01:44:59.405+0000][1][safepoint    ] Safepoint "RevokeBias", Time since last: 73631 ns, Reaching safepoint: 1896270 ns, At safepoint: 52422 ns, Total: 1948692 ns
[2020-02-28T01:44:59.411+0000][1][safepoint    ] Safepoint "RevokeBias", Time since last: 1843949 ns, Reaching safepoint: 4061565 ns, At safepoint: 59844 ns, Total: 4121409 ns
[2020-02-28T01:45:00.424+0000][1][safepoint    ] Safepoint "Cleanup", Time since last: 1007795030 ns, Reaching safepoint: 4929075 ns, At safepoint: 8253 ns, Total: 4937328 ns
[2020-02-28T01:45:00.473+0000][1][safepoint    ] Safepoint "Deoptimize", Time since last: 47395128 ns, Reaching safepoint: 84686 ns, At safepoint: 1072965 ns, Total: 1157651 ns
[2020-02-28T01:45:01.474+0000][1][safepoint    ] Safepoint "Cleanup", Time since last: 1001443494 ns, Reaching safepoint: 94912 ns, At safepoint: 7689 ns, Total: 102601 ns
[2020-02-28T01:45:02.474+0000][1][safepoint    ] Safepoint "Cleanup", Time since last: 1000184990 ns, Reaching safepoint: 66013 ns, At safepoint: 20720 ns, Total: 86733 ns
[2020-02-28T01:45:03.603+0000][1][safepoint    ] Safepoint "Cleanup", Time since last: 1005675434 ns, Reaching safepoint: 123095371 ns, At safepoint: 9229 ns, Total: 123104600 ns
[2020-02-28T01:45:05.606+0000][1][safepoint    ] Safepoint "Cleanup", Time since last: 2002545151 ns, Reaching safepoint: 44695 ns, At safepoint: 6257 ns, Total: 50952 ns
[2020-02-28T01:45:06.608+0000][1][safepoint    ] Safepoint "Cleanup", Time since last: 1002436950 ns, Reaching safepoint: 162816 ns, At safepoint: 6725 ns, Total: 169541 ns
[2020-02-28T01:45:07.618+0000][1][safepoint    ] Safepoint "Cleanup", Time since last: 1009610621 ns, Reaching safepoint: 52926 ns, At safepoint: 7431 ns, Total: 60357 ns
[2020-02-28T01:45:08.007+0000][1][safepoint    ] Safepoint "BulkRevokeBias", Time since last: 388427622 ns, Reaching safepoint: 28486 ns, At safepoint: 53846 ns, Total: 82332 ns
[2020-02-28T01:45:08.129+0000][1][safepoint    ] Safepoint "BulkRevokeBias", Time since last: 122160693 ns, Reaching safepoint: 47332 ns, At safepoint: 208747 ns, Total: 256079 ns
[2020-02-28T01:45:09.133+0000][1][safepoint    ] Safepoint "Cleanup", Time since last: 1003834232 ns, Reaching safepoint: 70143 ns, At safepoint: 5253 ns, Total: 75396 ns
[2020-02-28T01:45:09.619+0000][1][safepoint    ] Safepoint "Deoptimize", Time since last: 485244663 ns, Reaching safepoint: 29872 ns, At safepoint: 329771 ns, Total: 359643 ns
[2020-02-28T01:45:09.757+0000][1][safepoint    ] Safepoint "Deoptimize", Time since last: 138331008 ns, Reaching safepoint: 28402 ns, At safepoint: 252327 ns, Total: 280729 ns
[2020-02-28T01:45:09.855+0000][1][safepoint    ] Safepoint "Deoptimize", Time since last: 79773705 ns, Reaching safepoint: 17144716 ns, At safepoint: 497431 ns, Total: 17642147 ns
[2020-02-28T01:45:11.554+0000][1][safepoint    ] Safepoint "Cleanup", Time since last: 1387313924 ns, Reaching safepoint: 311733272 ns, At safepoint: 9231 ns, Total: 311742503 ns
[2020-02-28T01:45:12.183+0000][1][gc,start     ] GC(16) Pause Young (Allocation Failure)
[2020-02-28T01:45:12.183+0000][1][gc,task      ] GC(16) Using 1 workers of 1 for evacuation
[2020-02-28T01:45:12.837+0000][1][gc,age       ] GC(16) Desired survivor size 4358144 bytes, new threshold 1 (max threshold 6)
[2020-02-28T01:45:12.837+0000][1][gc,age       ] GC(16) Age table with threshold 1 (max threshold 6)
[2020-02-28T01:45:12.837+0000][1][gc,age       ] GC(16) - age   1:    4368392 bytes,    4368392 total
[2020-02-28T01:45:12.837+0000][1][gc,age       ] GC(16) - age   2:     155448 bytes,    4523840 total
[2020-02-28T01:45:12.837+0000][1][gc,age       ] GC(16) - age   3:     304168 bytes,    4828008 total
[2020-02-28T01:45:12.837+0000][1][gc,age       ] GC(16) - age   4:      99976 bytes,    4927984 total
[2020-02-28T01:45:12.837+0000][1][gc,age       ] GC(16) - age   5:     207072 bytes,    5135056 total
[2020-02-28T01:45:12.837+0000][1][gc,age       ] GC(16) - age   6:     572280 bytes,    5707336 total
[2020-02-28T01:45:12.837+0000][1][gc,heap      ] GC(16) ParNew: 71973K->6186K(76672K)
[2020-02-28T01:45:12.837+0000][1][gc,heap      ] GC(16) CMS: 15922K->16240K(963392K)
[2020-02-28T01:45:12.837+0000][1][gc,metaspace ] GC(16) Metaspace: 27450K->27450K(1075200K)
[2020-02-28T01:45:12.837+0000][1][gc           ] GC(16) Pause Young (Allocation Failure) 85M->21M(1015M) 653.732ms
[2020-02-28T01:45:12.837+0000][1][gc,cpu       ] GC(16) User=0.11s Sys=0.01s Real=0.66s
[2020-02-28T01:45:12.837+0000][1][safepoint    ] Safepoint "GenCollectForAllocation", Time since last: 629504366 ns, Reaching safepoint: 25788 ns, At safepoint: 653775308 ns, Total: 653801096 ns
[2020-02-28T01:45:13.848+0000][1][safepoint    ] Safepoint "Cleanup", Time since last: 1001860031 ns, Reaching safepoint: 9612574 ns, At safepoint: 30282 ns, Total: 9642856 ns
[2020-02-28T01:45:14.881+0000][1][safepoint    ] Safepoint "Cleanup", Time since last: 1007453699 ns, Reaching safepoint: 24991271 ns, At safepoint: 9477 ns, Total: 25000748 ns
[2020-02-28T01:45:15.281+0000][1][safepoint    ] Safepoint "RevokeBias", Time since last: 400300610 ns, Reaching safepoint: 29692 ns, At safepoint: 30137 ns, Total: 59829 ns
[2020-02-28T01:45:16.287+0000][1][safepoint    ] Safepoint "Cleanup", Time since last: 1004883632 ns, Reaching safepoint: 478781 ns, At safepoint: 6591 ns, Total: 485372 ns
[2020-02-28T01:45:17.302+0000][1][safepoint    ] Safepoint "Cleanup", Time since last: 1003216291 ns, Reaching safepoint: 12174451 ns, At safepoint: 23953 ns, Total: 12198404 ns
[2020-02-28T01:45:19.313+0000][1][safepoint    ] Safepoint "Cleanup", Time since last: 2010424278 ns, Reaching safepoint: 908195 ns, At safepoint: 6745 ns, Total: 914940 ns
[2020-02-28T01:45:20.327+0000][1][safepoint    ] Safepoint "Cleanup", Time since last: 1010041767 ns, Reaching safepoint: 3509337 ns, At safepoint: 9661 ns, Total: 3518998 ns
[2020-02-28T01:45:20.763+0000][1][gc,start     ] GC(17) Pause Young (Allocation Failure)
[2020-02-28T01:45:20.763+0000][1][gc,task      ] GC(17) Using 1 workers of 1 for evacuation
[2020-02-28T01:45:22.739+0000][1][gc,age       ] GC(17) Desired survivor size 4358144 bytes, new threshold 1 (max threshold 6)
[2020-02-28T01:45:22.739+0000][1][gc,age       ] GC(17) Age table with threshold 1 (max threshold 6)
[2020-02-28T01:45:22.739+0000][1][gc,age       ] GC(17) - age   1:    8716232 bytes,    8716232 total
[2020-02-28T01:45:22.739+0000][1][gc,heap      ] GC(17) ParNew: 74346K->8512K(76672K)
[2020-02-28T01:45:22.739+0000][1][gc,heap      ] GC(17) CMS: 16240K->22669K(963392K)
[2020-02-28T01:45:22.739+0000][1][gc,metaspace ] GC(17) Metaspace: 28172K->28172K(1075200K)
[2020-02-28T01:45:22.739+0000][1][gc           ] GC(17) Pause Young (Allocation Failure) 88M->30M(1015M) 1976.059ms
[2020-02-28T01:45:22.739+0000][1][gc,cpu       ] GC(17) User=0.10s Sys=0.02s Real=1.98s
[2020-02-28T01:45:22.739+0000][1][safepoint    ] Safepoint "GenCollectForAllocation", Time since last: 435729692 ns, Reaching safepoint: 53377 ns, At safepoint: 1976105546 ns, Total: 1976158923 ns
[2020-02-28T01:45:23.752+0000][1][safepoint    ] Safepoint "Cleanup", Time since last: 1004143733 ns, Reaching safepoint: 9248065 ns, At safepoint: 28401 ns, Total: 9276466 ns
[2020-02-28T01:45:24.770+0000][1][safepoint    ] Safepoint "Cleanup", Time since last: 1013043176 ns, Reaching safepoint: 4797697 ns, At safepoint: 10566 ns, Total: 4808263 ns
[2020-02-28T01:45:25.791+0000][1][safepoint    ] Safepoint "Cleanup", Time since last: 1020011913 ns, Reaching safepoint: 870067 ns, At safepoint: 6912 ns, Total: 876979 ns
[2020-02-28T01:45:26.802+0000][1][safepoint    ] Safepoint "Cleanup", Time since last: 1009084199 ns, Reaching safepoint: 2094471 ns, At safepoint: 7919 ns, Total: 2102390 ns
[2020-02-28T01:45:27.471+0000][1][gc,start     ] GC(18) Pause Young (Allocation Failure)
[2020-02-28T01:45:27.472+0000][1][gc,task      ] GC(18) Using 1 workers of 1 for evacuation
[2020-02-28T01:45:28.961+0000][1][gc,age       ] GC(18) Desired survivor size 4358144 bytes, new threshold 1 (max threshold 6)
[2020-02-28T01:45:28.961+0000][1][gc,age       ] GC(18) Age table with threshold 1 (max threshold 6)
[2020-02-28T01:45:28.961+0000][1][gc,age       ] GC(18) - age   1:    8199352 bytes,    8199352 total
[2020-02-28T01:45:28.961+0000][1][gc,heap      ] GC(18) ParNew: 76672K->8512K(76672K)
[2020-02-28T01:45:28.961+0000][1][gc,heap      ] GC(18) CMS: 22669K->31587K(963392K)
[2020-02-28T01:45:28.961+0000][1][gc,metaspace ] GC(18) Metaspace: 28331K->28331K(1075200K)
[2020-02-28T01:45:28.961+0000][1][gc           ] GC(18) Pause Young (Allocation Failure) 97M->39M(1015M) 1489.696ms
[2020-02-28T01:45:28.961+0000][1][gc,cpu       ] GC(18) User=0.13s Sys=0.02s Real=1.49s
[2020-02-28T01:45:28.961+0000][1][safepoint    ] Safepoint "GenCollectForAllocation", Time since last: 669264557 ns, Reaching safepoint: 74243 ns, At safepoint: 1489757898 ns, Total: 1489832141 ns
[2020-02-28T01:45:30.979+0000][1][safepoint    ] Safepoint "Cleanup", Time since last: 2012843375 ns, Reaching safepoint: 4845240 ns, At safepoint: 8148 ns, Total: 4853388 ns
[2020-02-28T01:45:31.997+0000][1][safepoint    ] Safepoint "Cleanup", Time since last: 1018171419 ns, Reaching safepoint: 44233 ns, At safepoint: 6784 ns, Total: 51017 ns
[2020-02-28T01:45:33.026+0000][1][safepoint    ] Safepoint "Cleanup", Time since last: 1028739812 ns, Reaching safepoint: 57300 ns, At safepoint: 7189 ns, Total: 64489 ns
[2020-02-28T01:45:34.538+0000][1][safepoint    ] Safepoint "Cleanup", Time since last: 1511950448 ns, Reaching safepoint: 69568 ns, At safepoint: 6139 ns, Total: 75707 ns
[2020-02-28T01:45:35.046+0000][1][safepoint    ] Safepoint "RevokeBias", Time since last: 508176314 ns, Reaching safepoint: 30276 ns, At safepoint: 40750 ns, Total: 71026 ns
[2020-02-28T01:45:36.046+0000][1][safepoint    ] Safepoint "Cleanup", Time since last: 1000137956 ns, Reaching safepoint: 49706 ns, At safepoint: 9101 ns, Total: 58807 ns
[2020-02-28T01:45:37.047+0000][1][safepoint    ] Safepoint "Cleanup", Time since last: 1000378942 ns, Reaching safepoint: 66188 ns, At safepoint: 7705 ns, Total: 73893 ns
[2020-02-28T01:45:38.048+0000][1][safepoint    ] Safepoint "Cleanup", Time since last: 1001264508 ns, Reaching safepoint: 47247 ns, At safepoint: 6782 ns, Total: 54029 ns
[2020-02-28T01:45:39.068+0000][1][safepoint    ] Safepoint "Cleanup", Time since last: 1018350363 ns, Reaching safepoint: 1383415 ns, At safepoint: 13475 ns, Total: 1396890 ns
[2020-02-28T01:45:39.179+0000][1][gc,start     ] GC(19) Pause Young (Allocation Failure)
[2020-02-28T01:45:39.179+0000][1][gc,task      ] GC(19) Using 1 workers of 1 for evacuation
[2020-02-28T01:45:40.537+0000][1][gc,age       ] GC(19) Desired survivor size 4358144 bytes, new threshold 1 (max threshold 6)
[2020-02-28T01:45:40.537+0000][1][gc,age       ] GC(19) Age table with threshold 1 (max threshold 6)
[2020-02-28T01:45:40.537+0000][1][gc,age       ] GC(19) - age   1:    6990296 bytes,    6990296 total
[2020-02-28T01:45:40.537+0000][1][gc,heap      ] GC(19) ParNew: 76672K->7910K(76672K)
[2020-02-28T01:45:40.537+0000][1][gc,heap      ] GC(19) CMS: 31587K->39235K(963392K)
[2020-02-28T01:45:40.537+0000][1][gc,metaspace ] GC(19) Metaspace: 31287K->31287K(1079296K)
[2020-02-28T01:45:40.537+0000][1][gc           ] GC(19) Pause Young (Allocation Failure) 105M->46M(1015M) 1357.464ms
[2020-02-28T01:45:40.537+0000][1][gc,cpu       ] GC(19) User=0.09s Sys=0.01s Real=1.35s
[2020-02-28T01:45:40.537+0000][1][safepoint    ] Safepoint "GenCollectForAllocation", Time since last: 111200609 ns, Reaching safepoint: 27736 ns, At safepoint: 1357514001 ns, Total: 1357541737 ns
[2020-02-28T01:45:41.544+0000][1][safepoint    ] Safepoint "Cleanup", Time since last: 1002191769 ns, Reaching safepoint: 5009141 ns, At safepoint: 10412 ns, Total: 5019553 ns
[2020-02-28T01:45:42.547+0000][1][safepoint    ] Safepoint "Cleanup", Time since last: 1003295081 ns, Reaching safepoint: 130927 ns, At safepoint: 25278 ns, Total: 156205 ns
[2020-02-28T01:45:42.652+0000][1][safepoint    ] Safepoint "CollectForMetadataAllocation", Time since last: 104414370 ns, Reaching safepoint: 24114 ns, At safepoint: 159058 ns, Total: 183172 ns
[2020-02-28T01:45:42.843+0000][1][safepoint    ] Safepoint "CollectForMetadataAllocation", Time since last: 191105882 ns, Reaching safepoint: 29456 ns, At safepoint: 185429 ns, Total: 214885 ns
[2020-02-28T01:45:43.180+0000][1][safepoint    ] Safepoint "CollectForMetadataAllocation", Time since last: 336385807 ns, Reaching safepoint: 31738 ns, At safepoint: 113548 ns, Total: 145286 ns
[2020-02-28T01:45:43.713+0000][1][gc,start     ] GC(20) Pause Young (Allocation Failure)
[2020-02-28T01:45:43.713+0000][1][gc,task      ] GC(20) Using 1 workers of 1 for evacuation
[2020-02-28T01:45:45.248+0000][1][gc,age       ] GC(20) Desired survivor size 4358144 bytes, new threshold 6 (max threshold 6)
[2020-02-28T01:45:45.248+0000][1][gc,age       ] GC(20) Age table with threshold 6 (max threshold 6)
[2020-02-28T01:45:45.248+0000][1][gc,age       ] GC(20) - age   1:    1083736 bytes,    1083736 total
[2020-02-28T01:45:45.248+0000][1][gc,heap      ] GC(20) ParNew: 76070K->7097K(76672K)
[2020-02-28T01:45:45.248+0000][1][gc,heap      ] GC(20) CMS: 39235K->46064K(963392K)
[2020-02-28T01:45:45.248+0000][1][gc,metaspace ] GC(20) Metaspace: 34225K->34225K(1081344K)
[2020-02-28T01:45:45.248+0000][1][gc           ] GC(20) Pause Young (Allocation Failure) 112M->51M(1015M) 1535.118ms
[2020-02-28T01:45:45.248+0000][1][gc,cpu       ] GC(20) User=0.07s Sys=0.02s Real=1.54s
[2020-02-28T01:45:45.248+0000][1][safepoint    ] Safepoint "GenCollectForAllocation", Time since last: 532763052 ns, Reaching safepoint: 44561 ns, At safepoint: 1535164249 ns, Total: 1535208810 ns
[2020-02-28T01:45:45.294+0000][1][gc,start     ] GC(21) Pause Initial Mark
[2020-02-28T01:45:45.318+0000][1][gc           ] GC(21) Pause Initial Mark 58M->58M(1015M) 24.232ms
[2020-02-28T01:45:45.318+0000][1][gc,cpu       ] GC(21) User=0.01s Sys=0.00s Real=0.03s
[2020-02-28T01:45:45.318+0000][1][safepoint    ] Safepoint "CMS_Initial_Mark", Time since last: 42364398 ns, Reaching safepoint: 3744733 ns, At safepoint: 24312601 ns, Total: 28057334 ns
[2020-02-28T01:45:45.362+0000][1][gc           ] GC(21) Concurrent Mark
[2020-02-28T01:45:46.214+0000][1][safepoint    ] Safepoint "CollectForMetadataAllocation", Time since last: 895778738 ns, Reaching safepoint: 43710 ns, At safepoint: 154572 ns, Total: 198282 ns
[2020-02-28T01:45:46.605+0000][1][gc           ] GC(21) Concurrent Mark 1242.660ms
[2020-02-28T01:45:46.605+0000][1][gc,cpu       ] GC(21) User=0.24s Sys=0.01s Real=1.24s
[2020-02-28T01:45:46.605+0000][1][gc           ] GC(21) Concurrent Preclean
[2020-02-28T01:45:46.637+0000][1][gc           ] GC(21) Concurrent Preclean 32.411ms
[2020-02-28T01:45:46.637+0000][1][gc,cpu       ] GC(21) User=0.01s Sys=0.00s Real=0.03s
[2020-02-28T01:45:46.637+0000][1][gc           ] GC(21) Concurrent Abortable Preclean
[2020-02-28T01:45:47.229+0000][1][safepoint    ] Safepoint "Cleanup", Time since last: 1012831306 ns, Reaching safepoint: 1924751 ns, At safepoint: 7480 ns, Total: 1932231 ns
[2020-02-28T01:45:48.253+0000][1][safepoint    ] Safepoint "Cleanup", Time since last: 1005088748 ns, Reaching safepoint: 19191104 ns, At safepoint: 8393 ns, Total: 19199497 ns
[2020-02-28T01:45:48.467+0000][1][safepoint    ] Safepoint "CollectForMetadataAllocation", Time since last: 208966543 ns, Reaching safepoint: 4798739 ns, At safepoint: 177844 ns, Total: 4976583 ns
[2020-02-28T01:45:49.468+0000][1][safepoint    ] Safepoint "Cleanup", Time since last: 1000810371 ns, Reaching safepoint: 52631 ns, At safepoint: 3595 ns, Total: 56226 ns
[2020-02-28T01:45:49.978+0000][1][safepoint    ] Safepoint "CollectForMetadataAllocation", Time since last: 510350452 ns, Reaching safepoint: 35038 ns, At safepoint: 81457 ns, Total: 116495 ns
[2020-02-28T01:45:50.194+0000][1][safepoint    ] Safepoint "CollectForMetadataAllocation", Time since last: 215525340 ns, Reaching safepoint: 23004 ns, At safepoint: 219940 ns, Total: 242944 ns
[2020-02-28T01:45:50.661+0000][1][safepoint    ] Safepoint "CollectForMetadataAllocation", Time since last: 466539009 ns, Reaching safepoint: 51247 ns, At safepoint: 145752 ns, Total: 196999 ns
[2020-02-28T01:45:50.756+0000][1][safepoint    ] Safepoint "CollectForMetadataAllocation", Time since last: 95290157 ns, Reaching safepoint: 24454 ns, At safepoint: 134242 ns, Total: 158696 ns
[2020-02-28T01:45:50.855+0000][1][safepoint    ] Safepoint "CollectForMetadataAllocation", Time since last: 98259973 ns, Reaching safepoint: 24476 ns, At safepoint: 136942 ns, Total: 161418 ns
[2020-02-28T01:45:51.036+0000][1][gc,start     ] GC(22) Pause Young (Allocation Failure)
[2020-02-28T01:45:51.036+0000][1][gc,task      ] GC(22) Using 1 workers of 1 for evacuation
[2020-02-28T01:45:51.085+0000][1][gc,age       ] GC(22) Desired survivor size 4358144 bytes, new threshold 6 (max threshold 6)
[2020-02-28T01:45:51.085+0000][1][gc,age       ] GC(22) Age table with threshold 6 (max threshold 6)
[2020-02-28T01:45:51.085+0000][1][gc,age       ] GC(22) - age   1:    1875784 bytes,    1875784 total
[2020-02-28T01:45:51.085+0000][1][gc,age       ] GC(22) - age   2:    1029528 bytes,    2905312 total
[2020-02-28T01:45:51.085+0000][1][gc,heap      ] GC(22) ParNew: 75257K->3945K(76672K)
[2020-02-28T01:45:51.085+0000][1][gc,heap      ] GC(22) CMS: 46064K->46064K(963392K)
[2020-02-28T01:45:51.085+0000][1][gc,metaspace ] GC(22) Metaspace: 36109K->36109K(1083392K)
[2020-02-28T01:45:51.085+0000][1][gc           ] GC(22) Pause Young (Allocation Failure) 118M->48M(1015M) 49.019ms
[2020-02-28T01:45:51.085+0000][1][gc,cpu       ] GC(22) User=0.02s Sys=0.00s Real=0.05s
[2020-02-28T01:45:51.085+0000][1][safepoint    ] Safepoint "GenCollectForAllocation", Time since last: 181484014 ns, Reaching safepoint: 28712 ns, At safepoint: 49115367 ns, Total: 49144079 ns
[2020-02-28T01:45:51.587+0000][1][safepoint    ] Safepoint "CollectForMetadataAllocation", Time since last: 501748552 ns, Reaching safepoint: 48333 ns, At safepoint: 117359 ns, Total: 165692 ns
[2020-02-28T01:45:51.662+0000][1][gc           ] GC(21) Concurrent Abortable Preclean 5024.546ms
[2020-02-28T01:45:51.662+0000][1][gc,cpu       ] GC(21) User=1.16s Sys=0.05s Real=5.03s
[2020-02-28T01:45:51.662+0000][1][gc,start     ] GC(21) Pause Remark
[2020-02-28T01:45:52.013+0000][1][gc           ] GC(21) Pause Remark 51M->51M(1015M) 351.569ms
[2020-02-28T01:45:52.013+0000][1][gc,cpu       ] GC(21) User=0.02s Sys=0.00s Real=0.35s
[2020-02-28T01:45:52.013+0000][1][safepoint    ] Safepoint "CMS_Final_Remark", Time since last: 74257355 ns, Reaching safepoint: 36682 ns, At safepoint: 351656196 ns, Total: 351692878 ns
[2020-02-28T01:45:52.016+0000][1][gc           ] GC(21) Concurrent Sweep
[2020-02-28T01:45:52.041+0000][1][gc           ] GC(21) Concurrent Sweep 25.976ms
[2020-02-28T01:45:52.042+0000][1][gc,cpu       ] GC(21) User=0.03s Sys=0.00s Real=0.03s
[2020-02-28T01:45:52.042+0000][1][gc           ] GC(21) Concurrent Reset
[2020-02-28T01:45:52.043+0000][1][gc           ] GC(21) Concurrent Reset 1.046ms
[2020-02-28T01:45:52.043+0000][1][gc,cpu       ] GC(21) User=0.00s Sys=0.00s Real=0.00s
[2020-02-28T01:45:52.043+0000][1][gc,heap      ] GC(21) Old: 46064K->45860K(963392K)
[2020-02-28T01:45:52.817+0000][1][safepoint    ] Safepoint "RevokeBias", Time since last: 803460494 ns, Reaching safepoint: 483578 ns, At safepoint: 109178 ns, Total: 592756 ns
[2020-02-28T01:45:52.870+0000][1][safepoint    ] Safepoint "Deoptimize", Time since last: 51799314 ns, Reaching safepoint: 36916 ns, At safepoint: 531921 ns, Total: 568837 ns
[2020-02-28T01:45:53.873+0000][1][safepoint    ] Safepoint "Cleanup", Time since last: 1003088506 ns, Reaching safepoint: 105524 ns, At safepoint: 5317 ns, Total: 110841 ns
[2020-02-28T01:45:54.880+0000][1][safepoint    ] Safepoint "Cleanup", Time since last: 1000886615 ns, Reaching safepoint: 5962238 ns, At safepoint: 28121 ns, Total: 5990359 ns
[2020-02-28T01:45:55.888+0000][1][safepoint    ] Safepoint "Cleanup", Time since last: 1006287943 ns, Reaching safepoint: 2011783 ns, At safepoint: 8721 ns, Total: 2020504 ns
[2020-02-28T01:45:56.895+0000][1][safepoint    ] Safepoint "Cleanup", Time since last: 1007216337 ns, Reaching safepoint: 46187 ns, At safepoint: 6062 ns, Total: 52249 ns
[2020-02-28T01:45:57.914+0000][1][safepoint    ] Safepoint "Cleanup", Time since last: 1001526853 ns, Reaching safepoint: 16858638 ns, At safepoint: 10252 ns, Total: 16868890 ns
[2020-02-28T01:45:58.134+0000][1][safepoint    ] Safepoint "RevokeBias", Time since last: 208636074 ns, Reaching safepoint: 11588861 ns, At safepoint: 45331 ns, Total: 11634192 ns
[2020-02-28T01:45:59.150+0000][1][safepoint    ] Safepoint "Cleanup", Time since last: 1007822744 ns, Reaching safepoint: 8048643 ns, At safepoint: 10488 ns, Total: 8059131 ns
[2020-02-28T01:46:03.133+0000][1][safepoint    ] Safepoint "RevokeBias", Time since last: 3979174130 ns, Reaching safepoint: 4136769 ns, At safepoint: 65487 ns, Total: 4202256 ns
[2020-02-28T01:46:03.136+0000][1][safepoint    ] Safepoint "RevokeBias", Time since last: 70104 ns, Reaching safepoint: 2828573 ns, At safepoint: 46139 ns, Total: 2874712 ns
[2020-02-28T01:46:03.139+0000][1][safepoint    ] Safepoint "RevokeBias", Time since last: 131252 ns, Reaching safepoint: 2914854 ns, At safepoint: 44858 ns, Total: 2959712 ns
[2020-02-28T01:46:03.144+0000][1][safepoint    ] Safepoint "RevokeBias", Time since last: 126662 ns, Reaching safepoint: 4694666 ns, At safepoint: 144105 ns, Total: 4838771 ns
[2020-02-28T01:46:03.148+0000][1][safepoint    ] Safepoint "RevokeBias", Time since last: 824005 ns, Reaching safepoint: 2652843 ns, At safepoint: 144363 ns, Total: 2797206 ns
[2020-02-28T01:46:03.150+0000][1][safepoint    ] Safepoint "RevokeBias", Time since last: 98907 ns, Reaching safepoint: 2234879 ns, At safepoint: 82519 ns, Total: 2317398 ns
[2020-02-28T01:46:03.161+0000][1][safepoint    ] Safepoint "RevokeBias", Time since last: 87129 ns, Reaching safepoint: 10736525 ns, At safepoint: 57443 ns, Total: 10793968 ns
[2020-02-28T01:46:03.168+0000][1][safepoint    ] Safepoint "RevokeBias", Time since last: 78456 ns, Reaching safepoint: 6517817 ns, At safepoint: 45581 ns, Total: 6563398 ns
[2020-02-28T01:46:03.169+0000][1][safepoint    ] Safepoint "RevokeBias", Time since last: 57379 ns, Reaching safepoint: 921396 ns, At safepoint: 41195 ns, Total: 962591 ns
[2020-02-28T01:46:03.170+0000][1][safepoint    ] Safepoint "RevokeBias", Time since last: 140131 ns, Reaching safepoint: 1230935 ns, At safepoint: 42915 ns, Total: 1273850 ns
[2020-02-28T01:46:03.204+0000][1][safepoint    ] Safepoint "RevokeBias", Time since last: 31890590 ns, Reaching safepoint: 1516132 ns, At safepoint: 48626 ns, Total: 1564758 ns
[2020-02-28T01:46:06.215+0000][1][safepoint    ] Safepoint "Cleanup", Time since last: 3011147210 ns, Reaching safepoint: 55527 ns, At safepoint: 6849 ns, Total: 62376 ns
[2020-02-28T01:46:08.035+0000][1][safepoint    ] Safepoint "Cleanup", Time since last: 1008470970 ns, Reaching safepoint: 811404189 ns, At safepoint: 8685 ns, Total: 811412874 ns
[2020-02-28T01:46:09.053+0000][1][safepoint    ] Safepoint "Cleanup", Time since last: 1015282520 ns, Reaching safepoint: 2887924 ns, At safepoint: 28304 ns, Total: 2916228 ns
[2020-02-28T01:46:09.868+0000][1][safepoint    ] Safepoint "Deoptimize", Time since last: 814322537 ns, Reaching safepoint: 174808 ns, At safepoint: 485450 ns, Total: 660258 ns
[2020-02-28T01:46:10.896+0000][1][gc,start     ] GC(23) Pause Young (Allocation Failure)
[2020-02-28T01:46:10.896+0000][1][gc,task      ] GC(23) Using 1 workers of 1 for evacuation
[2020-02-28T01:46:11.028+0000][1][gc,age       ] GC(23) Desired survivor size 4358144 bytes, new threshold 2 (max threshold 6)
[2020-02-28T01:46:11.028+0000][1][gc,age       ] GC(23) Age table with threshold 2 (max threshold 6)
[2020-02-28T01:46:11.028+0000][1][gc,age       ] GC(23) - age   1:    2795776 bytes,    2795776 total
[2020-02-28T01:46:11.028+0000][1][gc,age       ] GC(23) - age   2:    1852112 bytes,    4647888 total
[2020-02-28T01:46:11.028+0000][1][gc,age       ] GC(23) - age   3:    1028912 bytes,    5676800 total
[2020-02-28T01:46:11.028+0000][1][gc,heap      ] GC(23) ParNew: 72105K->7863K(76672K)
[2020-02-28T01:46:11.028+0000][1][gc,heap      ] GC(23) CMS: 45860K->45860K(963392K)
[2020-02-28T01:46:11.028+0000][1][gc,metaspace ] GC(23) Metaspace: 44882K->44882K(1091584K)
[2020-02-28T01:46:11.028+0000][1][gc           ] GC(23) Pause Young (Allocation Failure) 115M->52M(1015M) 131.611ms
[2020-02-28T01:46:11.028+0000][1][gc,cpu       ] GC(23) User=0.03s Sys=0.00s Real=0.14s
[2020-02-28T01:46:11.028+0000][1][safepoint    ] Safepoint "GenCollectForAllocation", Time since last: 1028092017 ns, Reaching safepoint: 138692 ns, At safepoint: 131654256 ns, Total: 131792948 ns
[2020-02-28T01:46:11.067+0000][1][safepoint    ] Safepoint "RevokeBias", Time since last: 39346281 ns, Reaching safepoint: 28388 ns, At safepoint: 13520 ns, Total: 41908 ns
[2020-02-28T01:46:11.079+0000][1][safepoint    ] Safepoint "RevokeBias", Time since last: 11773792 ns, Reaching safepoint: 37347 ns, At safepoint: 14131 ns, Total: 51478 ns
[2020-02-28T01:46:11.079+0000][1][safepoint    ] Safepoint "RevokeBias", Time since last: 53859 ns, Reaching safepoint: 14237 ns, At safepoint: 8912 ns, Total: 23149 ns
[2020-02-28T01:46:11.079+0000][1][safepoint    ] Safepoint "BulkRevokeBias", Time since last: 25226 ns, Reaching safepoint: 12175 ns, At safepoint: 52542 ns, Total: 64717 ns
[2020-02-28T01:46:12.091+0000][1][safepoint    ] Safepoint "Cleanup", Time since last: 1011922984 ns, Reaching safepoint: 54195 ns, At safepoint: 6166 ns, Total: 60361 ns
[2020-02-28T01:46:14.106+0000][1][safepoint    ] Safepoint "Cleanup", Time since last: 2015000818 ns, Reaching safepoint: 57961 ns, At safepoint: 5538 ns, Total: 63499 ns
[2020-02-28T01:46:15.114+0000][1][safepoint    ] Safepoint "Cleanup", Time since last: 1008015665 ns, Reaching safepoint: 64348 ns, At safepoint: 6423 ns, Total: 70771 ns
[2020-02-28T01:46:15.950+0000][1][safepoint    ] Safepoint "RevokeBias", Time since last: 835684516 ns, Reaching safepoint: 28437 ns, At safepoint: 27345 ns, Total: 55782 ns
[2020-02-28T01:46:16.062+0000][1][safepoint    ] Safepoint "RevokeBias", Time since last: 111856420 ns, Reaching safepoint: 42869 ns, At safepoint: 36299 ns, Total: 79168 ns
[2020-02-28T01:46:17.240+0000][1][safepoint    ] Safepoint "Cleanup", Time since last: 1001968911 ns, Reaching safepoint: 175982836 ns, At safepoint: 10997 ns, Total: 175993833 ns
[2020-02-28T01:46:18.270+0000][1][safepoint    ] Safepoint "Cleanup", Time since last: 1029966303 ns, Reaching safepoint: 55816 ns, At safepoint: 6912 ns, Total: 62728 ns
[2020-02-28T01:46:19.349+0000][1][safepoint    ] Safepoint "RevokeBias", Time since last: 1078789523 ns, Reaching safepoint: 33865 ns, At safepoint: 42446 ns, Total: 76311 ns
[2020-02-28T01:46:20.350+0000][1][safepoint    ] Safepoint "Cleanup", Time since last: 1000764256 ns, Reaching safepoint: 453954 ns, At safepoint: 8980 ns, Total: 462934 ns
[2020-02-28T01:46:20.714+0000][1][safepoint    ] Safepoint "RevokeBias", Time since last: 364089073 ns, Reaching safepoint: 50930 ns, At safepoint: 42369 ns, Total: 93299 ns
[2020-02-28T01:46:20.774+0000][1][safepoint    ] Safepoint "RevokeBias", Time since last: 50564803 ns, Reaching safepoint: 8948400 ns, At safepoint: 116005 ns, Total: 9064405 ns
[2020-02-28T01:46:20.790+0000][1][safepoint    ] Safepoint "RevokeBias", Time since last: 15570361 ns, Reaching safepoint: 293473 ns, At safepoint: 41262 ns, Total: 334735 ns
[2020-02-28T01:46:21.639+0000][1][safepoint    ] Safepoint "RevokeBias", Time since last: 848597472 ns, Reaching safepoint: 41057 ns, At safepoint: 41585 ns, Total: 82642 ns
[2020-02-28T01:46:21.639+0000][1][safepoint    ] Safepoint "RevokeBias", Time since last: 558493 ns, Reaching safepoint: 29270 ns, At safepoint: 34511 ns, Total: 63781 ns
[2020-02-28T01:46:21.642+0000][1][safepoint    ] Safepoint "RevokeBias", Time since last: 2811245 ns, Reaching safepoint: 168567 ns, At safepoint: 14325 ns, Total: 182892 ns
[2020-02-28T01:46:21.643+0000][1][safepoint    ] Safepoint "RevokeBias", Time since last: 758611 ns, Reaching safepoint: 149379 ns, At safepoint: 27037 ns, Total: 176416 ns
[2020-02-28T01:46:22.105+0000][1][safepoint    ] Safepoint "RevokeBias", Time since last: 462145962 ns, Reaching safepoint: 44088 ns, At safepoint: 44742 ns, Total: 88830 ns
[2020-02-28T01:46:22.106+0000][1][safepoint    ] Safepoint "RevokeBias", Time since last: 110833 ns, Reaching safepoint: 24856 ns, At safepoint: 34004 ns, Total: 58860 ns
[2020-02-28T01:46:22.106+0000][1][safepoint    ] Safepoint "RevokeBias", Time since last: 92932 ns, Reaching safepoint: 20372 ns, At safepoint: 29133 ns, Total: 49505 ns
[2020-02-28T01:46:22.145+0000][1][safepoint    ] Safepoint "RevokeBias", Time since last: 30610960 ns, Reaching safepoint: 8780727 ns, At safepoint: 48330 ns, Total: 8829057 ns
[2020-02-28T01:46:22.195+0000][1][safepoint    ] Safepoint "RevokeBias", Time since last: 49577114 ns, Reaching safepoint: 60555 ns, At safepoint: 44894 ns, Total: 105449 ns
[2020-02-28T01:46:22.433+0000][1][safepoint    ] Safepoint "RevokeBias", Time since last: 223963514 ns, Reaching safepoint: 14475220 ns, At safepoint: 84935 ns, Total: 14560155 ns
[2020-02-28T01:46:22.434+0000][1][safepoint    ] Safepoint "RevokeBias", Time since last: 630007 ns, Reaching safepoint: 33681 ns, At safepoint: 39298 ns, Total: 72979 ns
[2020-02-28T01:46:22.434+0000][1][safepoint    ] Safepoint "RevokeBias", Time since last: 38959 ns, Reaching safepoint: 20000 ns, At safepoint: 29438 ns, Total: 49438 ns
[2020-02-28T01:46:22.434+0000][1][safepoint    ] Safepoint "RevokeBias", Time since last: 27825 ns, Reaching safepoint: 19045 ns, At safepoint: 27277 ns, Total: 46322 ns
[2020-02-28T01:46:22.434+0000][1][safepoint    ] Safepoint "RevokeBias", Time since last: 25235 ns, Reaching safepoint: 18762 ns, At safepoint: 26934 ns, Total: 45696 ns
[2020-02-28T01:46:22.434+0000][1][safepoint    ] Safepoint "RevokeBias", Time since last: 98306 ns, Reaching safepoint: 23718 ns, At safepoint: 29353 ns, Total: 53071 ns
[2020-02-28T01:46:22.435+0000][1][safepoint    ] Safepoint "RevokeBias", Time since last: 31044 ns, Reaching safepoint: 18967 ns, At safepoint: 26966 ns, Total: 45933 ns
[2020-02-28T01:46:22.435+0000][1][safepoint    ] Safepoint "RevokeBias", Time since last: 24893 ns, Reaching safepoint: 18696 ns, At safepoint: 26656 ns, Total: 45352 ns
[2020-02-28T01:46:22.435+0000][1][safepoint    ] Safepoint "RevokeBias", Time since last: 24829 ns, Reaching safepoint: 18603 ns, At safepoint: 26683 ns, Total: 45286 ns
[2020-02-28T01:46:22.435+0000][1][safepoint    ] Safepoint "RevokeBias", Time since last: 24862 ns, Reaching safepoint: 18685 ns, At safepoint: 26709 ns, Total: 45394 ns
[2020-02-28T01:46:22.435+0000][1][safepoint    ] Safepoint "RevokeBias", Time since last: 37402 ns, Reaching safepoint: 19405 ns, At safepoint: 27304 ns, Total: 46709 ns
[2020-02-28T01:46:22.435+0000][1][safepoint    ] Safepoint "RevokeBias", Time since last: 59172 ns, Reaching safepoint: 22870 ns, At safepoint: 28615 ns, Total: 51485 ns
[2020-02-28T01:46:22.660+0000][1][safepoint    ] Safepoint "RevokeBias", Time since last: 225047492 ns, Reaching safepoint: 51783 ns, At safepoint: 15121 ns, Total: 66904 ns
[2020-02-28T01:46:22.703+0000][1][safepoint    ] Safepoint "RevokeBias", Time since last: 42999737 ns, Reaching safepoint: 38651 ns, At safepoint: 39176 ns, Total: 77827 ns
[2020-02-28T01:46:22.703+0000][1][safepoint    ] Safepoint "RevokeBias", Time since last: 78935 ns, Reaching safepoint: 24478 ns, At safepoint: 30848 ns, Total: 55326 ns
[2020-02-28T01:46:22.703+0000][1][safepoint    ] Safepoint "RevokeBias", Time since last: 29025 ns, Reaching safepoint: 20615 ns, At safepoint: 46294 ns, Total: 66909 ns
[2020-02-28T01:46:22.703+0000][1][safepoint    ] Safepoint "RevokeBias", Time since last: 36725 ns, Reaching safepoint: 23961 ns, At safepoint: 28428 ns, Total: 52389 ns
[2020-02-28T01:46:22.704+0000][1][safepoint    ] Safepoint "RevokeBias", Time since last: 25579 ns, Reaching safepoint: 20530 ns, At safepoint: 27348 ns, Total: 47878 ns
[2020-02-28T01:46:22.704+0000][1][safepoint    ] Safepoint "RevokeBias", Time since last: 24952 ns, Reaching safepoint: 20277 ns, At safepoint: 27154 ns, Total: 47431 ns
[2020-02-28T01:46:22.704+0000][1][safepoint    ] Safepoint "RevokeBias", Time since last: 25009 ns, Reaching safepoint: 20148 ns, At safepoint: 27008 ns, Total: 47156 ns
[2020-02-28T01:46:22.704+0000][1][safepoint    ] Safepoint "RevokeBias", Time since last: 25227 ns, Reaching safepoint: 20367 ns, At safepoint: 26824 ns, Total: 47191 ns
[2020-02-28T01:46:22.704+0000][1][safepoint    ] Safepoint "RevokeBias", Time since last: 24730 ns, Reaching safepoint: 20402 ns, At safepoint: 26947 ns, Total: 47349 ns
[2020-02-28T01:46:22.704+0000][1][safepoint    ] Safepoint "BulkRevokeBias", Time since last: 25052 ns, Reaching safepoint: 51057 ns, At safepoint: 90374 ns, Total: 141431 ns
[2020-02-28T01:46:22.704+0000][1][safepoint    ] Safepoint "RevokeBias", Time since last: 167833 ns, Reaching safepoint: 23438 ns, At safepoint: 31929 ns, Total: 55367 ns
[2020-02-28T01:46:22.704+0000][1][safepoint    ] Safepoint "RevokeBias", Time since last: 43983 ns, Reaching safepoint: 19983 ns, At safepoint: 28446 ns, Total: 48429 ns
[2020-02-28T01:46:22.704+0000][1][safepoint    ] Safepoint "RevokeBias", Time since last: 28344 ns, Reaching safepoint: 19771 ns, At safepoint: 77292 ns, Total: 97063 ns
[2020-02-28T01:46:23.083+0000][1][safepoint    ] Safepoint "RevokeBias", Time since last: 273289524 ns, Reaching safepoint: 105684551 ns, At safepoint: 65931 ns, Total: 105750482 ns
[2020-02-28T01:46:23.095+0000][1][safepoint    ] Safepoint "RevokeBias", Time since last: 11458372 ns, Reaching safepoint: 29406 ns, At safepoint: 44731 ns, Total: 74137 ns
[2020-02-28T01:46:23.338+0000][1][safepoint    ] Safepoint "RevokeBias", Time since last: 15712898 ns, Reaching safepoint: 227572150 ns, At safepoint: 66219 ns, Total: 227638369 ns
[2020-02-28T01:46:23.340+0000][1][safepoint    ] Safepoint "RevokeBias", Time since last: 612329 ns, Reaching safepoint: 573255 ns, At safepoint: 30127 ns, Total: 603382 ns
[2020-02-28T01:46:23.503+0000][1][safepoint    ] Safepoint "RevokeBias", Time since last: 2470242 ns, Reaching safepoint: 161314250 ns, At safepoint: 92585 ns, Total: 161406835 ns
[2020-02-28T01:46:23.504+0000][1][safepoint    ] Safepoint "RevokeBias", Time since last: 176976 ns, Reaching safepoint: 338459 ns, At safepoint: 80418 ns, Total: 418877 ns
[2020-02-28T01:46:23.510+0000][1][safepoint    ] Safepoint "RevokeBias", Time since last: 5283228 ns, Reaching safepoint: 948185 ns, At safepoint: 43078 ns, Total: 991263 ns
[2020-02-28T01:46:23.511+0000][1][safepoint    ] Safepoint "RevokeBias", Time since last: 74431 ns, Reaching safepoint: 256566 ns, At safepoint: 34008 ns, Total: 290574 ns
[2020-02-28T01:46:23.511+0000][1][safepoint    ] Safepoint "RevokeBias", Time since last: 47634 ns, Reaching safepoint: 122833 ns, At safepoint: 25871 ns, Total: 148704 ns
[2020-02-28T01:46:23.511+0000][1][safepoint    ] Safepoint "RevokeBias", Time since last: 43095 ns, Reaching safepoint: 328700 ns, At safepoint: 28766 ns, Total: 357466 ns
[2020-02-28T01:46:23.512+0000][1][safepoint    ] Safepoint "RevokeBias", Time since last: 42741 ns, Reaching safepoint: 759336 ns, At safepoint: 43078 ns, Total: 802414 ns
[2020-02-28T01:46:23.513+0000][1][safepoint    ] Safepoint "RevokeBias", Time since last: 76293 ns, Reaching safepoint: 277562 ns, At safepoint: 33932 ns, Total: 311494 ns
[2020-02-28T01:46:23.513+0000][1][safepoint    ] Safepoint "RevokeBias", Time since last: 50526 ns, Reaching safepoint: 843448 ns, At safepoint: 41564 ns, Total: 885012 ns
[2020-02-28T01:46:23.514+0000][1][safepoint    ] Safepoint "RevokeBias", Time since last: 72028 ns, Reaching safepoint: 243860 ns, At safepoint: 34324 ns, Total: 278184 ns
[2020-02-28T01:46:23.515+0000][1][safepoint    ] Safepoint "RevokeBias", Time since last: 68078 ns, Reaching safepoint: 681919 ns, At safepoint: 42372 ns, Total: 724291 ns
[2020-02-28T01:46:23.515+0000][1][safepoint    ] Safepoint "RevokeBias", Time since last: 68823 ns, Reaching safepoint: 98977 ns, At safepoint: 27483 ns, Total: 126460 ns
[2020-02-28T01:46:23.519+0000][1][safepoint    ] Safepoint "RevokeBias", Time since last: 67593 ns, Reaching safepoint: 4383555 ns, At safepoint: 41349 ns, Total: 4424904 ns
[2020-02-28T01:46:23.522+0000][1][safepoint    ] Safepoint "RevokeBias", Time since last: 74671 ns, Reaching safepoint: 2970387 ns, At safepoint: 43410 ns, Total: 3013797 ns
[2020-02-28T01:46:23.526+0000][1][safepoint    ] Safepoint "RevokeBias", Time since last: 85812 ns, Reaching safepoint: 3527592 ns, At safepoint: 39351 ns, Total: 3566943 ns
[2020-02-28T01:46:23.529+0000][1][safepoint    ] Safepoint "BulkRevokeBias", Time since last: 69812 ns, Reaching safepoint: 2948671 ns, At safepoint: 103085 ns, Total: 3051756 ns
[2020-02-28T01:46:23.532+0000][1][safepoint    ] Safepoint "RevokeBias", Time since last: 235985 ns, Reaching safepoint: 2706362 ns, At safepoint: 39276 ns, Total: 2745638 ns
[2020-02-28T01:46:23.536+0000][1][safepoint    ] Safepoint "RevokeBias", Time since last: 1099760 ns, Reaching safepoint: 3175727 ns, At safepoint: 85362 ns, Total: 3261089 ns
[2020-02-28T01:46:23.542+0000][1][safepoint    ] Safepoint "RevokeBias", Time since last: 116058 ns, Reaching safepoint: 5309697 ns, At safepoint: 58306 ns, Total: 5368003 ns
[2020-02-28T01:46:23.544+0000][1][safepoint    ] Safepoint "RevokeBias", Time since last: 248764 ns, Reaching safepoint: 2119394 ns, At safepoint: 55191 ns, Total: 2174585 ns
[2020-02-28T01:46:23.555+0000][1][safepoint    ] Safepoint "RevokeBias", Time since last: 90034 ns, Reaching safepoint: 10437207 ns, At safepoint: 56740 ns, Total: 10493947 ns
[2020-02-28T01:46:23.559+0000][1][safepoint    ] Safepoint "RevokeBias", Time since last: 1501614 ns, Reaching safepoint: 2561511 ns, At safepoint: 51656 ns, Total: 2613167 ns
[2020-02-28T01:46:23.560+0000][1][safepoint    ] Safepoint "RevokeBias", Time since last: 1214031 ns, Reaching safepoint: 58420 ns, At safepoint: 40804 ns, Total: 99224 ns
[2020-02-28T01:46:23.561+0000][1][safepoint    ] Safepoint "RevokeBias", Time since last: 316379 ns, Reaching safepoint: 28343 ns, At safepoint: 36528 ns, Total: 64871 ns
[2020-02-28T01:46:23.561+0000][1][safepoint    ] Safepoint "RevokeBias", Time since last: 195016 ns, Reaching safepoint: 27879 ns, At safepoint: 35747 ns, Total: 63626 ns
[2020-02-28T01:46:23.562+0000][1][safepoint    ] Safepoint "RevokeBias", Time since last: 358029 ns, Reaching safepoint: 78160 ns, At safepoint: 41000 ns, Total: 119160 ns
[2020-02-28T01:46:23.562+0000][1][safepoint    ] Safepoint "RevokeBias", Time since last: 420721 ns, Reaching safepoint: 28456 ns, At safepoint: 36953 ns, Total: 65409 ns
[2020-02-28T01:46:23.562+0000][1][safepoint    ] Safepoint "RevokeBias", Time since last: 196427 ns, Reaching safepoint: 27887 ns, At safepoint: 36611 ns, Total: 64498 ns
[2020-02-28T01:46:23.563+0000][1][safepoint    ] Safepoint "RevokeBias", Time since last: 219116 ns, Reaching safepoint: 27460 ns, At safepoint: 35777 ns, Total: 63237 ns
[2020-02-28T01:46:23.567+0000][1][safepoint    ] Safepoint "RevokeBias", Time since last: 4325685 ns, Reaching safepoint: 46559 ns, At safepoint: 111173 ns, Total: 157732 ns
[2020-02-28T01:46:23.569+0000][1][safepoint    ] Safepoint "RevokeBias", Time since last: 2229163 ns, Reaching safepoint: 48402 ns, At safepoint: 44899 ns, Total: 93301 ns
[2020-02-28T01:46:23.570+0000][1][safepoint    ] Safepoint "RevokeBias", Time since last: 79432 ns, Reaching safepoint: 40072 ns, At safepoint: 39700 ns, Total: 79772 ns
[2020-02-28T01:46:23.570+0000][1][safepoint    ] Safepoint "RevokeBias", Time since last: 42838 ns, Reaching safepoint: 30598 ns, At safepoint: 34458 ns, Total: 65056 ns
[2020-02-28T01:46:23.570+0000][1][safepoint    ] Safepoint "RevokeBias", Time since last: 34966 ns, Reaching safepoint: 30470 ns, At safepoint: 33728 ns, Total: 64198 ns
[2020-02-28T01:46:23.570+0000][1][safepoint    ] Safepoint "RevokeBias", Time since last: 333997 ns, Reaching safepoint: 32167 ns, At safepoint: 37084 ns, Total: 69251 ns
[2020-02-28T01:46:23.725+0000][1][safepoint    ] Safepoint "RevokeBias", Time since last: 93076163 ns, Reaching safepoint: 61452331 ns, At safepoint: 60228 ns, Total: 61512559 ns
[2020-02-28T01:46:24.914+0000][1][safepoint    ] Safepoint "RevokeBias", Time since last: 1189575065 ns, Reaching safepoint: 43710 ns, At safepoint: 13359 ns, Total: 57069 ns
[2020-02-28T01:46:25.924+0000][1][safepoint    ] Safepoint "Cleanup", Time since last: 1009804982 ns, Reaching safepoint: 63290 ns, At safepoint: 6536 ns, Total: 69826 ns
[2020-02-28T01:46:26.918+0000][1][gc,start     ] GC(24) Pause Young (Allocation Failure)
[2020-02-28T01:46:26.918+0000][1][gc,task      ] GC(24) Using 1 workers of 1 for evacuation
[2020-02-28T01:46:27.620+0000][1][gc,age       ] GC(24) Desired survivor size 4358144 bytes, new threshold 2 (max threshold 6)
[2020-02-28T01:46:27.620+0000][1][gc,age       ] GC(24) Age table with threshold 2 (max threshold 6)
[2020-02-28T01:46:27.620+0000][1][gc,age       ] GC(24) - age   1:    2613312 bytes,    2613312 total
[2020-02-28T01:46:27.620+0000][1][gc,age       ] GC(24) - age   2:    2685680 bytes,    5298992 total
[2020-02-28T01:46:27.620+0000][1][gc,heap      ] GC(24) ParNew: 76023K->8512K(76672K)
[2020-02-28T01:46:27.620+0000][1][gc,heap      ] GC(24) CMS: 45860K->48730K(963392K)
[2020-02-28T01:46:27.620+0000][1][gc,metaspace ] GC(24) Metaspace: 49992K->49992K(1095680K)
[2020-02-28T01:46:27.620+0000][1][gc           ] GC(24) Pause Young (Allocation Failure) 119M->55M(1015M) 702.038ms
[2020-02-28T01:46:27.620+0000][1][gc,cpu       ] GC(24) User=0.05s Sys=0.01s Real=0.70s
[2020-02-28T01:46:27.620+0000][1][safepoint    ] Safepoint "GenCollectForAllocation", Time since last: 993369111 ns, Reaching safepoint: 51430 ns, At safepoint: 702087567 ns, Total: 702138997 ns
[2020-02-28T01:46:27.669+0000][1][safepoint    ] Safepoint "RevokeBias", Time since last: 49502097 ns, Reaching safepoint: 32257 ns, At safepoint: 33292 ns, Total: 65549 ns
[2020-02-28T01:46:27.669+0000][1][safepoint    ] Safepoint "BulkRevokeBias", Time since last: 61728 ns, Reaching safepoint: 12553 ns, At safepoint: 66150 ns, Total: 78703 ns
[2020-02-28T01:46:27.670+0000][1][safepoint    ] Safepoint "RevokeBias", Time since last: 150233 ns, Reaching safepoint: 15564 ns, At safepoint: 20212 ns, Total: 35776 ns
[2020-02-28T01:46:27.670+0000][1][safepoint    ] Safepoint "RevokeBias", Time since last: 31443 ns, Reaching safepoint: 11980 ns, At safepoint: 15785 ns, Total: 27765 ns
[2020-02-28T01:46:27.670+0000][1][safepoint    ] Safepoint "RevokeBias", Time since last: 81642 ns, Reaching safepoint: 15886 ns, At safepoint: 17867 ns, Total: 33753 ns
[2020-02-28T01:46:27.670+0000][1][safepoint    ] Safepoint "RevokeBias", Time since last: 88379 ns, Reaching safepoint: 13971 ns, At safepoint: 16458 ns, Total: 30429 ns
[2020-02-28T01:46:27.670+0000][1][safepoint    ] Safepoint "RevokeBias", Time since last: 122301 ns, Reaching safepoint: 11899 ns, At safepoint: 7625 ns, Total: 19524 ns
[2020-02-28T01:46:27.670+0000][1][safepoint    ] Safepoint "RevokeBias", Time since last: 26717 ns, Reaching safepoint: 9510 ns, At safepoint: 6083 ns, Total: 15593 ns
[2020-02-28T01:46:28.063+0000][1][safepoint    ] Safepoint "RevokeBias", Time since last: 392649147 ns, Reaching safepoint: 40010 ns, At safepoint: 11164 ns, Total: 51174 ns
[2020-02-28T01:46:28.063+0000][1][safepoint    ] Safepoint "RevokeBias", Time since last: 221561 ns, Reaching safepoint: 25453 ns, At safepoint: 7521 ns, Total: 32974 ns
[2020-02-28T01:46:28.079+0000][1][safepoint    ] Safepoint "RevokeBias", Time since last: 16241113 ns, Reaching safepoint: 41259 ns, At safepoint: 12194 ns, Total: 53453 ns
[2020-02-28T01:46:28.080+0000][1][safepoint    ] Safepoint "RevokeBias", Time since last: 213092 ns, Reaching safepoint: 28766 ns, At safepoint: 8841 ns, Total: 37607 ns
[2020-02-28T01:46:28.080+0000][1][safepoint    ] Safepoint "BulkRevokeBias", Time since last: 639308 ns, Reaching safepoint: 24761 ns, At safepoint: 91390 ns, Total: 116151 ns
[2020-02-28T01:46:29.089+0000][1][safepoint    ] Safepoint "Cleanup", Time since last: 1007861668 ns, Reaching safepoint: 437893 ns, At safepoint: 30895 ns, Total: 468788 ns
[2020-02-28T01:46:30.090+0000][1][safepoint    ] Safepoint "Cleanup", Time since last: 1001251291 ns, Reaching safepoint: 58822 ns, At safepoint: 6577 ns, Total: 65399 ns
[2020-02-28T01:46:31.090+0000][1][safepoint    ] Safepoint "Cleanup", Time since last: 1000224488 ns, Reaching safepoint: 61416 ns, At safepoint: 7227 ns, Total: 68643 ns
[2020-02-28T01:46:32.100+0000][1][safepoint    ] Safepoint "Cleanup", Time since last: 1008746586 ns, Reaching safepoint: 718052 ns, At safepoint: 9007 ns, Total: 727059 ns
[2020-02-28T01:46:33.117+0000][1][safepoint    ] Safepoint "Cleanup", Time since last: 1016508806 ns, Reaching safepoint: 447949 ns, At safepoint: 6382 ns, Total: 454331 ns
[2020-02-28T01:46:34.133+0000][1][safepoint    ] Safepoint "Cleanup", Time since last: 1000342574 ns, Reaching safepoint: 16094749 ns, At safepoint: 11976 ns, Total: 16106725 ns
[2020-02-28T01:46:34.902+0000][1][gc,start     ] GC(25) Pause Young (Allocation Failure)
[2020-02-28T01:46:34.902+0000][1][gc,task      ] GC(25) Using 1 workers of 1 for evacuation
[2020-02-28T01:46:35.735+0000][1][gc,age       ] GC(25) Desired survivor size 4358144 bytes, new threshold 6 (max threshold 6)
[2020-02-28T01:46:35.735+0000][1][gc,age       ] GC(25) Age table with threshold 6 (max threshold 6)
[2020-02-28T01:46:35.735+0000][1][gc,age       ] GC(25) - age   1:    1526144 bytes,    1526144 total
[2020-02-28T01:46:35.735+0000][1][gc,age       ] GC(25) - age   2:    2554176 bytes,    4080320 total
[2020-02-28T01:46:35.735+0000][1][gc,heap      ] GC(25) ParNew: 76672K->5084K(76672K)
[2020-02-28T01:46:35.735+0000][1][gc,heap      ] GC(25) CMS: 48730K->51434K(963392K)
[2020-02-28T01:46:35.735+0000][1][gc,metaspace ] GC(25) Metaspace: 57036K->57036K(1101824K)
[2020-02-28T01:46:35.735+0000][1][gc           ] GC(25) Pause Young (Allocation Failure) 122M->55M(1015M) 833.768ms
[2020-02-28T01:46:35.735+0000][1][gc,cpu       ] GC(25) User=0.04s Sys=0.02s Real=0.83s
[2020-02-28T01:46:35.735+0000][1][safepoint    ] Safepoint "GenCollectForAllocation", Time since last: 768281742 ns, Reaching safepoint: 61567 ns, At safepoint: 833818593 ns, Total: 833880160 ns
[2020-02-28T01:46:35.938+0000][1][safepoint    ] Safepoint "Deoptimize", Time since last: 201614987 ns, Reaching safepoint: 48884 ns, At safepoint: 588837 ns, Total: 637721 ns
[2020-02-28T01:46:36.940+0000][1][safepoint    ] Safepoint "Cleanup", Time since last: 1002531270 ns, Reaching safepoint: 83406 ns, At safepoint: 6214 ns, Total: 89620 ns
[2020-02-28T01:46:37.945+0000][1][safepoint    ] Safepoint "Cleanup", Time since last: 1004605795 ns, Reaching safepoint: 535335 ns, At safepoint: 11816 ns, Total: 547151 ns
[2020-02-28T01:46:38.630+0000][1][safepoint    ] Safepoint "Deoptimize", Time since last: 682516542 ns, Reaching safepoint: 1608100 ns, At safepoint: 645139 ns, Total: 2253239 ns
[2020-02-28T01:46:38.653+0000][1][safepoint    ] Safepoint "CollectForMetadataAllocation", Time since last: 22616786 ns, Reaching safepoint: 118513 ns, At safepoint: 148025 ns, Total: 266538 ns
[2020-02-28T01:46:38.935+0000][1][safepoint    ] Safepoint "CollectForMetadataAllocation", Time since last: 281564727 ns, Reaching safepoint: 47677 ns, At safepoint: 118342 ns, Total: 166019 ns
[2020-02-28T01:46:39.061+0000][1][safepoint    ] Safepoint "RevokeBias", Time since last: 121851208 ns, Reaching safepoint: 4364180 ns, At safepoint: 42019 ns, Total: 4406199 ns
[2020-02-28T01:46:39.065+0000][1][safepoint    ] Safepoint "RevokeBias", Time since last: 1973508 ns, Reaching safepoint: 1873182 ns, At safepoint: 37431 ns, Total: 1910613 ns
[2020-02-28T01:46:39.067+0000][1][safepoint    ] Safepoint "RevokeBias", Time since last: 141412 ns, Reaching safepoint: 1873648 ns, At safepoint: 111787 ns, Total: 1985435 ns
[2020-02-28T01:46:39.095+0000][1][safepoint    ] Safepoint "RevokeBias", Time since last: 24315780 ns, Reaching safepoint: 3888555 ns, At safepoint: 39932 ns, Total: 3928487 ns
[2020-02-28T01:46:39.191+0000][1][safepoint    ] Safepoint "CollectForMetadataAllocation", Time since last: 95660440 ns, Reaching safepoint: 50607 ns, At safepoint: 118693 ns, Total: 169300 ns
[2020-02-28T01:46:39.504+0000][1][safepoint    ] Safepoint "CollectForMetadataAllocation", Time since last: 312509010 ns, Reaching safepoint: 534969 ns, At safepoint: 227923 ns, Total: 762892 ns
[2020-02-28T01:46:39.743+0000][1][gc,start     ] GC(26) Pause Initial Mark
[2020-02-28T01:46:39.795+0000][1][gc           ] GC(26) Pause Initial Mark 91M->91M(1015M) 52.347ms
[2020-02-28T01:46:39.795+0000][1][gc,cpu       ] GC(26) User=0.03s Sys=0.00s Real=0.05s
[2020-02-28T01:46:39.795+0000][1][safepoint    ] Safepoint "CMS_Initial_Mark", Time since last: 238253954 ns, Reaching safepoint: 47654 ns, At safepoint: 52421830 ns, Total: 52469484 ns
[2020-02-28T01:46:39.813+0000][1][gc           ] GC(26) Concurrent Mark
[2020-02-28T01:46:40.426+0000][1][safepoint    ] Safepoint "CollectForMetadataAllocation", Time since last: 625358944 ns, Reaching safepoint: 5434315 ns, At safepoint: 127863 ns, Total: 5562178 ns
[2020-02-28T01:46:40.553+0000][1][gc           ] GC(26) Concurrent Mark 740.281ms
[2020-02-28T01:46:40.553+0000][1][gc,cpu       ] GC(26) User=0.23s Sys=0.02s Real=0.74s
[2020-02-28T01:46:40.553+0000][1][gc           ] GC(26) Concurrent Preclean
[2020-02-28T01:46:40.602+0000][1][gc           ] GC(26) Concurrent Preclean 48.729ms
[2020-02-28T01:46:40.602+0000][1][gc,cpu       ] GC(26) User=0.01s Sys=0.00s Real=0.05s
[2020-02-28T01:46:40.602+0000][1][gc           ] GC(26) Concurrent Abortable Preclean
[2020-02-28T01:46:40.945+0000][1][safepoint    ] Safepoint "CollectForMetadataAllocation", Time since last: 511449195 ns, Reaching safepoint: 7806703 ns, At safepoint: 110386 ns, Total: 7917089 ns
[2020-02-28T01:46:41.343+0000][1][safepoint    ] Safepoint "CollectForMetadataAllocation", Time since last: 397329463 ns, Reaching safepoint: 43840 ns, At safepoint: 82718 ns, Total: 126558 ns
[2020-02-28T01:46:41.547+0000][1][safepoint    ] Safepoint "Deoptimize", Time since last: 203855404 ns, Reaching safepoint: 119820 ns, At safepoint: 611361 ns, Total: 731181 ns
[2020-02-28T01:46:42.274+0000][1][safepoint    ] Safepoint "CollectForMetadataAllocation", Time since last: 726297882 ns, Reaching safepoint: 60873 ns, At safepoint: 75819 ns, Total: 136692 ns
[2020-02-28T01:46:42.955+0000][1][safepoint    ] Safepoint "CollectForMetadataAllocation", Time since last: 675264063 ns, Reaching safepoint: 5890349 ns, At safepoint: 123753 ns, Total: 6014102 ns
[2020-02-28T01:46:43.643+0000][1][safepoint    ] Safepoint "CollectForMetadataAllocation", Time since last: 679086328 ns, Reaching safepoint: 8769549 ns, At safepoint: 89012 ns, Total: 8858561 ns
[2020-02-28T01:46:44.204+0000][1][safepoint    ] Safepoint "CollectForMetadataAllocation", Time since last: 561019404 ns, Reaching safepoint: 83897 ns, At safepoint: 78611 ns, Total: 162508 ns
[2020-02-28T01:46:44.400+0000][1][gc,start     ] GC(27) Pause Young (Allocation Failure)
[2020-02-28T01:46:44.400+0000][1][gc,task      ] GC(27) Using 1 workers of 1 for evacuation
[2020-02-28T01:46:44.514+0000][1][gc,age       ] GC(27) Desired survivor size 4358144 bytes, new threshold 2 (max threshold 6)
[2020-02-28T01:46:44.514+0000][1][gc,age       ] GC(27) Age table with threshold 2 (max threshold 6)
[2020-02-28T01:46:44.514+0000][1][gc,age       ] GC(27) - age   1:    3572840 bytes,    3572840 total
[2020-02-28T01:46:44.514+0000][1][gc,age       ] GC(27) - age   2:    1405744 bytes,    4978584 total
[2020-02-28T01:46:44.514+0000][1][gc,age       ] GC(27) - age   3:    2528488 bytes,    7507072 total
[2020-02-28T01:46:44.514+0000][1][gc,heap      ] GC(27) ParNew: 73244K->8512K(76672K)
[2020-02-28T01:46:44.514+0000][1][gc,heap      ] GC(27) CMS: 51434K->51434K(963392K)
[2020-02-28T01:46:44.514+0000][1][gc,metaspace ] GC(27) Metaspace: 64173K->64173K(1107968K)
[2020-02-28T01:46:44.514+0000][1][gc           ] GC(27) Pause Young (Allocation Failure) 121M->58M(1015M) 114.001ms
[2020-02-28T01:46:44.514+0000][1][gc,cpu       ] GC(27) User=0.04s Sys=0.00s Real=0.11s
[2020-02-28T01:46:44.514+0000][1][safepoint    ] Safepoint "GenCollectForAllocation", Time since last: 195740265 ns, Reaching safepoint: 56379 ns, At safepoint: 114043903 ns, Total: 114100282 ns
[2020-02-28T01:46:44.574+0000][1][safepoint    ] Safepoint "CollectForMetadataAllocation", Time since last: 59617013 ns, Reaching safepoint: 45423 ns, At safepoint: 202390 ns, Total: 247813 ns
[2020-02-28T01:46:44.682+0000][1][safepoint    ] Safepoint "CollectForMetadataAllocation", Time since last: 107185966 ns, Reaching safepoint: 867097 ns, At safepoint: 107511 ns, Total: 974608 ns
[2020-02-28T01:46:44.839+0000][1][safepoint    ] Safepoint "CollectForMetadataAllocation", Time since last: 156518439 ns, Reaching safepoint: 145529 ns, At safepoint: 125881 ns, Total: 271410 ns
[2020-02-28T01:46:44.876+0000][1][safepoint    ] Safepoint "CollectForMetadataAllocation", Time since last: 35130206 ns, Reaching safepoint: 1910722 ns, At safepoint: 10851 ns, Total: 1921573 ns
[2020-02-28T01:46:45.161+0000][1][safepoint    ] Safepoint "CollectForMetadataAllocation", Time since last: 284554927 ns, Reaching safepoint: 44594 ns, At safepoint: 221376 ns, Total: 265970 ns
[2020-02-28T01:46:45.460+0000][1][safepoint    ] Safepoint "CollectForMetadataAllocation", Time since last: 298678394 ns, Reaching safepoint: 108730 ns, At safepoint: 287373 ns, Total: 396103 ns
[2020-02-28T01:46:45.873+0000][1][safepoint    ] Safepoint "CollectForMetadataAllocation", Time since last: 398083688 ns, Reaching safepoint: 15104286 ns, At safepoint: 133334 ns, Total: 15237620 ns
[2020-02-28T01:46:45.950+0000][1][gc           ] GC(26) Concurrent Abortable Preclean 5347.877ms
[2020-02-28T01:46:45.950+0000][1][gc,cpu       ] GC(26) User=1.56s Sys=0.04s Real=5.35s
[2020-02-28T01:46:45.974+0000][1][gc,start     ] GC(26) Pause Remark
[2020-02-28T01:46:46.279+0000][1][gc           ] GC(26) Pause Remark 77M->77M(1015M) 305.032ms
[2020-02-28T01:46:46.279+0000][1][gc,cpu       ] GC(26) User=0.05s Sys=0.00s Real=0.31s
[2020-02-28T01:46:46.279+0000][1][safepoint    ] Safepoint "CMS_Final_Remark", Time since last: 76949071 ns, Reaching safepoint: 24000672 ns, At safepoint: 305118474 ns, Total: 329119146 ns
[2020-02-28T01:46:46.284+0000][1][gc           ] GC(26) Concurrent Sweep
[2020-02-28T01:46:46.381+0000][1][safepoint    ] Safepoint "CollectForMetadataAllocation", Time since last: 88817278 ns, Reaching safepoint: 12739743 ns, At safepoint: 167112 ns, Total: 12906855 ns
[2020-02-28T01:46:46.516+0000][1][gc           ] GC(26) Concurrent Sweep 231.972ms
[2020-02-28T01:46:46.516+0000][1][gc,cpu       ] GC(26) User=0.09s Sys=0.00s Real=0.23s
[2020-02-28T01:46:46.516+0000][1][gc           ] GC(26) Concurrent Reset
[2020-02-28T01:46:46.517+0000][1][gc           ] GC(26) Concurrent Reset 1.078ms
[2020-02-28T01:46:46.517+0000][1][gc,cpu       ] GC(26) User=0.00s Sys=0.00s Real=0.00s
[2020-02-28T01:46:46.517+0000][1][gc,heap      ] GC(26) Old: 51434K->51147K(963392K)
[2020-02-28T01:46:47.158+0000][1][safepoint    ] Safepoint "Deoptimize", Time since last: 776316664 ns, Reaching safepoint: 46896 ns, At safepoint: 584593 ns, Total: 631489 ns
[2020-02-28T01:46:47.506+0000][1][safepoint    ] Safepoint "RevokeBias", Time since last: 347861636 ns, Reaching safepoint: 36466 ns, At safepoint: 20290 ns, Total: 56756 ns
[2020-02-28T01:46:47.506+0000][1][safepoint    ] Safepoint "RevokeBias", Time since last: 301975 ns, Reaching safepoint: 12358 ns, At safepoint: 14968 ns, Total: 27326 ns
[2020-02-28T01:46:47.638+0000][1][safepoint    ] Safepoint "RevokeBias", Time since last: 131427918 ns, Reaching safepoint: 79640 ns, At safepoint: 47695 ns, Total: 127335 ns
[2020-02-28T01:46:47.638+0000][1][safepoint    ] Safepoint "RevokeBias", Time since last: 478435 ns, Reaching safepoint: 30436 ns, At safepoint: 23724 ns, Total: 54160 ns
[2020-02-28T01:46:47.638+0000][1][safepoint    ] Safepoint "RevokeBias", Time since last: 50780 ns, Reaching safepoint: 24107 ns, At safepoint: 18390 ns, Total: 42497 ns
[2020-02-28T01:46:47.639+0000][1][safepoint    ] Safepoint "RevokeBias", Time since last: 366816 ns, Reaching safepoint: 22828 ns, At safepoint: 20290 ns, Total: 43118 ns
[2020-02-28T01:46:47.639+0000][1][safepoint    ] Safepoint "RevokeBias", Time since last: 134748 ns, Reaching safepoint: 23901 ns, At safepoint: 19045 ns, Total: 42946 ns
[2020-02-28T01:46:47.639+0000][1][safepoint    ] Safepoint "RevokeBias", Time since last: 32027 ns, Reaching safepoint: 21978 ns, At safepoint: 17682 ns, Total: 39660 ns
[2020-02-28T01:46:47.640+0000][1][safepoint    ] Safepoint "RevokeBias", Time since last: 596414 ns, Reaching safepoint: 23480 ns, At safepoint: 20275 ns, Total: 43755 ns
[2020-02-28T01:46:47.641+0000][1][safepoint    ] Safepoint "RevokeBias", Time since last: 1010063 ns, Reaching safepoint: 30062 ns, At safepoint: 21798 ns, Total: 51860 ns
[2020-02-28T01:46:47.641+0000][1][safepoint    ] Safepoint "RevokeBias", Time since last: 90728 ns, Reaching safepoint: 22589 ns, At safepoint: 19094 ns, Total: 41683 ns
[2020-02-28T01:46:47.775+0000][1][safepoint    ] Safepoint "RevokeBias", Time since last: 34953688 ns, Reaching safepoint: 99464739 ns, At safepoint: 33189 ns, Total: 99497928 ns
[2020-02-28T01:46:47.790+0000][1][safepoint    ] Safepoint "RevokeBias", Time since last: 211292 ns, Reaching safepoint: 14466896 ns, At safepoint: 33308 ns, Total: 14500204 ns
[2020-02-28T01:46:47.796+0000][1][safepoint    ] Safepoint "RevokeBias", Time since last: 80890 ns, Reaching safepoint: 5844899 ns, At safepoint: 26319 ns, Total: 5871218 ns
[2020-02-28T01:46:47.798+0000][1][safepoint    ] Safepoint "RevokeBias", Time since last: 52079 ns, Reaching safepoint: 1916721 ns, At safepoint: 28271 ns, Total: 1944992 ns
[2020-02-28T01:46:47.809+0000][1][safepoint    ] Safepoint "RevokeBias", Time since last: 59763 ns, Reaching safepoint: 10811951 ns, At safepoint: 34701 ns, Total: 10846652 ns
[2020-02-28T01:46:47.811+0000][1][safepoint    ] Safepoint "RevokeBias", Time since last: 2270845 ns, Reaching safepoint: 37456 ns, At safepoint: 43438 ns, Total: 80894 ns
[2020-02-28T01:46:47.811+0000][1][safepoint    ] Safepoint "RevokeBias", Time since last: 81092 ns, Reaching safepoint: 27886 ns, At safepoint: 33435 ns, Total: 61321 ns
[2020-02-28T01:46:47.811+0000][1][safepoint    ] Safepoint "RevokeBias", Time since last: 37721 ns, Reaching safepoint: 22038 ns, At safepoint: 29453 ns, Total: 51491 ns
[2020-02-28T01:46:47.834+0000][1][safepoint    ] Safepoint "Deoptimize", Time since last: 21852531 ns, Reaching safepoint: 37383 ns, At safepoint: 573787 ns, Total: 611170 ns
[2020-02-28T01:46:48.452+0000][1][safepoint    ] Safepoint "RevokeBias", Time since last: 618234374 ns, Reaching safepoint: 50219 ns, At safepoint: 31611 ns, Total: 81830 ns
[2020-02-28T01:46:48.452+0000][1][safepoint    ] Safepoint "RevokeBias", Time since last: 133687 ns, Reaching safepoint: 22832 ns, At safepoint: 24696 ns, Total: 47528 ns
[2020-02-28T01:46:48.466+0000][1][safepoint    ] Safepoint "RevokeBias", Time since last: 11371877 ns, Reaching safepoint: 2092866 ns, At safepoint: 36937 ns, Total: 2129803 ns
[2020-02-28T01:46:48.469+0000][1][safepoint    ] Safepoint "RevokeBias", Time since last: 95963 ns, Reaching safepoint: 3062398 ns, At safepoint: 36692 ns, Total: 3099090 ns
[2020-02-28T01:46:48.474+0000][1][safepoint    ] Safepoint "RevokeBias", Time since last: 5106478 ns, Reaching safepoint: 37720 ns, At safepoint: 24842 ns, Total: 62562 ns
[2020-02-28T01:46:48.475+0000][1][safepoint    ] Safepoint "RevokeBias", Time since last: 646531 ns, Reaching safepoint: 29839 ns, At safepoint: 14663 ns, Total: 44502 ns
[2020-02-28T01:46:48.475+0000][1][safepoint    ] Safepoint "RevokeBias", Time since last: 41456 ns, Reaching safepoint: 23073 ns, At safepoint: 11397 ns, Total: 34470 ns
[2020-02-28T01:46:48.498+0000][1][safepoint    ] Safepoint "RevokeBias", Time since last: 23266988 ns, Reaching safepoint: 45635 ns, At safepoint: 18509 ns, Total: 64144 ns
[2020-02-28T01:46:48.499+0000][1][safepoint    ] Safepoint "RevokeBias", Time since last: 331272 ns, Reaching safepoint: 29320 ns, At safepoint: 14030 ns, Total: 43350 ns
[2020-02-28T01:46:48.499+0000][1][safepoint    ] Safepoint "RevokeBias", Time since last: 37868 ns, Reaching safepoint: 23148 ns, At safepoint: 11597 ns, Total: 34745 ns
[2020-02-28T01:46:48.517+0000][1][safepoint    ] Safepoint "RevokeBias", Time since last: 18554290 ns, Reaching safepoint: 38525 ns, At safepoint: 17315 ns, Total: 55840 ns
[2020-02-28T01:46:48.521+0000][1][safepoint    ] Safepoint "RevokeBias", Time since last: 3859356 ns, Reaching safepoint: 36680 ns, At safepoint: 16831 ns, Total: 53511 ns
[2020-02-28T01:46:48.521+0000][1][safepoint    ] Safepoint "RevokeBias", Time since last: 78844 ns, Reaching safepoint: 22625 ns, At safepoint: 12465 ns, Total: 35090 ns
[2020-02-28T01:46:48.621+0000][1][safepoint    ] Safepoint "RevokeBias", Time since last: 99697531 ns, Reaching safepoint: 66103 ns, At safepoint: 20406 ns, Total: 86509 ns
[2020-02-28T01:46:48.631+0000][1][safepoint    ] Safepoint "RevokeBias", Time since last: 9239035 ns, Reaching safepoint: 30463 ns, At safepoint: 15800 ns, Total: 46263 ns
[2020-02-28T01:46:48.631+0000][1][safepoint    ] Safepoint "RevokeBias", Time since last: 246980 ns, Reaching safepoint: 14303 ns, At safepoint: 10007 ns, Total: 24310 ns
[2020-02-28T01:46:48.689+0000][1][safepoint    ] Safepoint "RevokeBias", Time since last: 58387782 ns, Reaching safepoint: 99350 ns, At safepoint: 38267 ns, Total: 137617 ns
[2020-02-28T01:46:48.690+0000][1][safepoint    ] Safepoint "RevokeBias", Time since last: 671563 ns, Reaching safepoint: 25727 ns, At safepoint: 14698 ns, Total: 40425 ns
[2020-02-28T01:46:48.690+0000][1][safepoint    ] Safepoint "RevokeBias", Time since last: 40889 ns, Reaching safepoint: 21174 ns, At safepoint: 11518 ns, Total: 32692 ns
[2020-02-28T01:46:48.798+0000][1][safepoint    ] Safepoint "RevokeBias", Time since last: 107456768 ns, Reaching safepoint: 46530 ns, At safepoint: 14314 ns, Total: 60844 ns
[2020-02-28T01:46:48.819+0000][1][safepoint    ] Safepoint "RevokeBias", Time since last: 20928287 ns, Reaching safepoint: 51340 ns, At safepoint: 16428 ns, Total: 67768 ns
[2020-02-28T01:46:48.835+0000][1][safepoint    ] Safepoint "RevokeBias", Time since last: 16465734 ns, Reaching safepoint: 69839 ns, At safepoint: 20987 ns, Total: 90826 ns
[2020-02-28T01:46:48.921+0000][1][safepoint    ] Safepoint "RevokeBias", Time since last: 85987121 ns, Reaching safepoint: 43245 ns, At safepoint: 17435 ns, Total: 60680 ns
[2020-02-28T01:46:48.935+0000][1][safepoint    ] Safepoint "RevokeBias", Time since last: 13346487 ns, Reaching safepoint: 38128 ns, At safepoint: 17634 ns, Total: 55762 ns
[2020-02-28T01:46:48.935+0000][1][safepoint    ] Safepoint "RevokeBias", Time since last: 139117 ns, Reaching safepoint: 21759 ns, At safepoint: 12882 ns, Total: 34641 ns
[2020-02-28T01:46:48.956+0000][1][safepoint    ] Safepoint "RevokeBias", Time since last: 21424724 ns, Reaching safepoint: 41780 ns, At safepoint: 15790 ns, Total: 57570 ns
[2020-02-28T01:46:48.956+0000][1][safepoint    ] Safepoint "RevokeBias", Time since last: 57147 ns, Reaching safepoint: 24734 ns, At safepoint: 11523 ns, Total: 36257 ns
[2020-02-28T01:46:49.014+0000][1][safepoint    ] Safepoint "RevokeBias", Time since last: 57241508 ns, Reaching safepoint: 44961 ns, At safepoint: 17115 ns, Total: 62076 ns
[2020-02-28T01:46:49.030+0000][1][safepoint    ] Safepoint "RevokeBias", Time since last: 16124279 ns, Reaching safepoint: 63455 ns, At safepoint: 19902 ns, Total: 83357 ns
[2020-02-28T01:46:49.146+0000][1][safepoint    ] Safepoint "RevokeBias", Time since last: 116477987 ns, Reaching safepoint: 39414 ns, At safepoint: 41924 ns, Total: 81338 ns
[2020-02-28T01:46:49.222+0000][1][safepoint    ] Safepoint "RevokeBias", Time since last: 67360471 ns, Reaching safepoint: 8338778 ns, At safepoint: 129099 ns, Total: 8467877 ns
[2020-02-28T01:46:49.226+0000][1][safepoint    ] Safepoint "RevokeBias", Time since last: 3643331 ns, Reaching safepoint: 39217 ns, At safepoint: 17517 ns, Total: 56734 ns
[2020-02-28T01:46:49.226+0000][1][safepoint    ] Safepoint "RevokeBias", Time since last: 87633 ns, Reaching safepoint: 25559 ns, At safepoint: 12620 ns, Total: 38179 ns
[2020-02-28T01:46:49.268+0000][1][safepoint    ] Safepoint "RevokeBias", Time since last: 41538498 ns, Reaching safepoint: 54304 ns, At safepoint: 15774 ns, Total: 70078 ns
[2020-02-28T01:46:49.515+0000][1][safepoint    ] Safepoint "BulkRevokeBias", Time since last: 246976641 ns, Reaching safepoint: 57236 ns, At safepoint: 124856 ns, Total: 182092 ns
[2020-02-28T01:46:49.625+0000][1][safepoint    ] Safepoint "RevokeBias", Time since last: 110426919 ns, Reaching safepoint: 52647 ns, At safepoint: 18144 ns, Total: 70791 ns
[2020-02-28T01:46:49.626+0000][1][safepoint    ] Safepoint "RevokeBias", Time since last: 424421 ns, Reaching safepoint: 34053 ns, At safepoint: 15039 ns, Total: 49092 ns
[2020-02-28T01:46:49.626+0000][1][safepoint    ] Safepoint "RevokeBias", Time since last: 217632 ns, Reaching safepoint: 28016 ns, At safepoint: 13099 ns, Total: 41115 ns
[2020-02-28T01:46:49.839+0000][1][safepoint    ] Safepoint "RevokeBias", Time since last: 212899104 ns, Reaching safepoint: 40211 ns, At safepoint: 14272 ns, Total: 54483 ns
[2020-02-28T01:46:49.839+0000][1][safepoint    ] Safepoint "RevokeBias", Time since last: 54033 ns, Reaching safepoint: 13676 ns, At safepoint: 8530 ns, Total: 22206 ns
[2020-02-28T01:46:49.839+0000][1][safepoint    ] Safepoint "RevokeBias", Time since last: 27738 ns, Reaching safepoint: 11310 ns, At safepoint: 7234 ns, Total: 18544 ns
[2020-02-28T01:46:49.840+0000][1][safepoint    ] Safepoint "RevokeBias", Time since last: 672466 ns, Reaching safepoint: 51839 ns, At safepoint: 27290 ns, Total: 79129 ns
[2020-02-28T01:46:49.841+0000][1][safepoint    ] Safepoint "RevokeBias", Time since last: 643603 ns, Reaching safepoint: 16705 ns, At safepoint: 10322 ns, Total: 27027 ns
[2020-02-28T01:46:49.841+0000][1][safepoint    ] Safepoint "RevokeBias", Time since last: 31152 ns, Reaching safepoint: 9928 ns, At safepoint: 7754 ns, Total: 17682 ns
[2020-02-28T01:46:49.946+0000][1][safepoint    ] Safepoint "RevokeBias", Time since last: 56462728 ns, Reaching safepoint: 48963211 ns, At safepoint: 25676 ns, Total: 48988887 ns
[2020-02-28T01:46:49.965+0000][1][safepoint    ] Safepoint "RevokeBias", Time since last: 14079986 ns, Reaching safepoint: 4345065 ns, At safepoint: 26231 ns, Total: 4371296 ns
[2020-02-28T01:46:49.972+0000][1][safepoint    ] Safepoint "RevokeBias", Time since last: 622754 ns, Reaching safepoint: 6311681 ns, At safepoint: 23397 ns, Total: 6335078 ns
[2020-02-28T01:46:49.986+0000][1][safepoint    ] Safepoint "RevokeBias", Time since last: 14152403 ns, Reaching safepoint: 65764 ns, At safepoint: 57436 ns, Total: 123200 ns
[2020-02-28T01:46:50.019+0000][1][safepoint    ] Safepoint "RevokeBias", Time since last: 26064309 ns, Reaching safepoint: 7544303 ns, At safepoint: 17916 ns, Total: 7562219 ns
[2020-02-28T01:46:50.043+0000][1][safepoint    ] Safepoint "RevokeBias", Time since last: 20547414 ns, Reaching safepoint: 3437641 ns, At safepoint: 81191 ns, Total: 3518832 ns
[2020-02-28T01:46:50.047+0000][1][safepoint    ] Safepoint "RevokeBias", Time since last: 1079900 ns, Reaching safepoint: 2813404 ns, At safepoint: 77924 ns, Total: 2891328 ns
[2020-02-28T01:46:50.051+0000][1][safepoint    ] Safepoint "RevokeBias", Time since last: 279460 ns, Reaching safepoint: 2626671 ns, At safepoint: 142796 ns, Total: 2769467 ns
[2020-02-28T01:46:50.077+0000][1][safepoint    ] Safepoint "RevokeBias", Time since last: 3124538 ns, Reaching safepoint: 23618771 ns, At safepoint: 52967 ns, Total: 23671738 ns
[2020-02-28T01:46:50.134+0000][1][safepoint    ] Safepoint "RevokeBias", Time since last: 56387360 ns, Reaching safepoint: 61842 ns, At safepoint: 22547 ns, Total: 84389 ns
[2020-02-28T01:46:50.134+0000][1][safepoint    ] Safepoint "RevokeBias", Time since last: 375161 ns, Reaching safepoint: 38994 ns, At safepoint: 19459 ns, Total: 58453 ns
[2020-02-28T01:46:50.364+0000][1][safepoint    ] Safepoint "RevokeBias", Time since last: 218952947 ns, Reaching safepoint: 10487006 ns, At safepoint: 66745 ns, Total: 10553751 ns
[2020-02-28T01:46:51.230+0000][1][safepoint    ] Safepoint "RevokeBias", Time since last: 866594042 ns, Reaching safepoint: 58590 ns, At safepoint: 7041 ns, Total: 65631 ns
[2020-02-28T01:46:51.230+0000][1][safepoint    ] Safepoint "RevokeBias", Time since last: 52293 ns, Reaching safepoint: 52736 ns, At safepoint: 8031 ns, Total: 60767 ns
[2020-02-28T01:46:51.231+0000][1][safepoint    ] Safepoint "RevokeBias", Time since last: 62483 ns, Reaching safepoint: 35054 ns, At safepoint: 4320 ns, Total: 39374 ns
[2020-02-28T01:46:51.834+0000][1][safepoint    ] Safepoint "RevokeBias", Time since last: 603586054 ns, Reaching safepoint: 110268 ns, At safepoint: 6799 ns, Total: 117067 ns
[2020-02-28T01:46:52.666+0000][1][safepoint    ] Safepoint "RevokeBias", Time since last: 831233958 ns, Reaching safepoint: 654713 ns, At safepoint: 56503 ns, Total: 711216 ns
[2020-02-28T01:46:52.690+0000][1][safepoint    ] Safepoint "RevokeBias", Time since last: 23524827 ns, Reaching safepoint: 57793 ns, At safepoint: 6579 ns, Total: 64372 ns
[2020-02-28T01:46:52.693+0000][1][safepoint    ] Safepoint "RevokeBias", Time since last: 2929581 ns, Reaching safepoint: 56983 ns, At safepoint: 7238 ns, Total: 64221 ns
[2020-02-28T01:46:52.693+0000][1][safepoint    ] Safepoint "RevokeBias", Time since last: 57732 ns, Reaching safepoint: 139163 ns, At safepoint: 6784 ns, Total: 145947 ns
[2020-02-28T01:46:52.693+0000][1][safepoint    ] Safepoint "RevokeBias", Time since last: 186409 ns, Reaching safepoint: 37160 ns, At safepoint: 4675 ns, Total: 41835 ns
[2020-02-28T01:46:52.773+0000][1][safepoint    ] Safepoint "RevokeBias", Time since last: 79419990 ns, Reaching safepoint: 54260 ns, At safepoint: 37008 ns, Total: 91268 ns
[2020-02-28T01:46:52.773+0000][1][safepoint    ] Safepoint "RevokeBias", Time since last: 133016 ns, Reaching safepoint: 38088 ns, At safepoint: 4996 ns, Total: 43084 ns
[2020-02-28T01:46:52.773+0000][1][safepoint    ] Safepoint "RevokeBias", Time since last: 283195 ns, Reaching safepoint: 34942 ns, At safepoint: 4965 ns, Total: 39907 ns
[2020-02-28T01:46:52.856+0000][1][safepoint    ] Safepoint "RevokeBias", Time since last: 82378556 ns, Reaching safepoint: 82246 ns, At safepoint: 10430 ns, Total: 92676 ns
[2020-02-28T01:46:52.856+0000][1][safepoint    ] Safepoint "RevokeBias", Time since last: 61761 ns, Reaching safepoint: 43581 ns, At safepoint: 4543 ns, Total: 48124 ns
[2020-02-28T01:46:53.363+0000][1][gc,start     ] GC(28) Pause Young (Allocation Failure)
[2020-02-28T01:46:53.363+0000][1][gc,task      ] GC(28) Using 1 workers of 1 for evacuation
[2020-02-28T01:46:54.228+0000][1][gc,age       ] GC(28) Desired survivor size 4358144 bytes, new threshold 2 (max threshold 6)
[2020-02-28T01:46:54.228+0000][1][gc,age       ] GC(28) Age table with threshold 2 (max threshold 6)
[2020-02-28T01:46:54.228+0000][1][gc,age       ] GC(28) - age   1:    2259208 bytes,    2259208 total
[2020-02-28T01:46:54.228+0000][1][gc,age       ] GC(28) - age   2:    3486224 bytes,    5745432 total
[2020-02-28T01:46:54.228+0000][1][gc,heap      ] GC(28) ParNew: 76672K->6563K(76672K)
[2020-02-28T01:46:54.229+0000][1][gc,heap      ] GC(28) CMS: 51147K->54967K(963392K)
[2020-02-28T01:46:54.229+0000][1][gc,metaspace ] GC(28) Metaspace: 71250K->71250K(1114112K)
[2020-02-28T01:46:54.229+0000][1][gc           ] GC(28) Pause Young (Allocation Failure) 124M->60M(1015M) 865.209ms
[2020-02-28T01:46:54.229+0000][1][gc,cpu       ] GC(28) User=0.05s Sys=0.03s Real=0.87s
[2020-02-28T01:46:54.229+0000][1][safepoint    ] Safepoint "GenCollectForAllocation", Time since last: 507490879 ns, Reaching safepoint: 55176 ns, At safepoint: 865265068 ns, Total: 865320244 ns
[2020-02-28T01:46:54.338+0000][1][safepoint    ] Safepoint "RevokeBias", Time since last: 102376018 ns, Reaching safepoint: 7149718 ns, At safepoint: 16318 ns, Total: 7166036 ns
[2020-02-28T01:46:54.353+0000][1][safepoint    ] Safepoint "RevokeBias", Time since last: 7211343 ns, Reaching safepoint: 7503251 ns, At safepoint: 15081 ns, Total: 7518332 ns
[2020-02-28T01:46:54.406+0000][1][safepoint    ] Safepoint "RevokeBias", Time since last: 39205800 ns, Reaching safepoint: 14091318 ns, At safepoint: 13288 ns, Total: 14104606 ns
[2020-02-28T01:46:54.448+0000][1][safepoint    ] Safepoint "RevokeBias", Time since last: 38441710 ns, Reaching safepoint: 3535623 ns, At safepoint: 34757 ns, Total: 3570380 ns
[2020-02-28T01:46:54.451+0000][1][safepoint    ] Safepoint "RevokeBias", Time since last: 814915 ns, Reaching safepoint: 2190481 ns, At safepoint: 13861 ns, Total: 2204342 ns
[2020-02-28T01:46:54.457+0000][1][safepoint    ] Safepoint "RevokeBias", Time since last: 64902 ns, Reaching safepoint: 5956085 ns, At safepoint: 15959 ns, Total: 5972044 ns
[2020-02-28T01:46:54.463+0000][1][safepoint    ] Safepoint "RevokeBias", Time since last: 80937 ns, Reaching safepoint: 5704850 ns, At safepoint: 7824 ns, Total: 5712674 ns
[2020-02-28T01:46:54.478+0000][1][safepoint    ] Safepoint "Deoptimize", Time since last: 14112075 ns, Reaching safepoint: 98484 ns, At safepoint: 803416 ns, Total: 901900 ns
[2020-02-28T01:46:54.538+0000][1][safepoint    ] Safepoint "RevokeBias", Time since last: 57385761 ns, Reaching safepoint: 2270467 ns, At safepoint: 12524 ns, Total: 2282991 ns
[2020-02-28T01:46:54.560+0000][1][safepoint    ] Safepoint "RevokeBias", Time since last: 2181002 ns, Reaching safepoint: 20177047 ns, At safepoint: 14020 ns, Total: 20191067 ns
[2020-02-28T01:46:54.574+0000][1][safepoint    ] Safepoint "RevokeBias", Time since last: 75760 ns, Reaching safepoint: 14140163 ns, At safepoint: 13393 ns, Total: 14153556 ns
[2020-02-28T01:46:54.643+0000][1][safepoint    ] Safepoint "RevokeBias", Time since last: 48792859 ns, Reaching safepoint: 19879847 ns, At safepoint: 14354 ns, Total: 19894201 ns
[2020-02-28T01:46:54.649+0000][1][safepoint    ] Safepoint "RevokeBias", Time since last: 66191 ns, Reaching safepoint: 5842313 ns, At safepoint: 13874 ns, Total: 5856187 ns
[2020-02-28T01:46:54.665+0000][1][safepoint    ] Safepoint "RevokeBias", Time since last: 15402416 ns, Reaching safepoint: 758925 ns, At safepoint: 9102 ns, Total: 768027 ns
[2020-02-28T01:46:54.907+0000][1][safepoint    ] Safepoint "RevokeBias", Time since last: 221759360 ns, Reaching safepoint: 20181307 ns, At safepoint: 15670 ns, Total: 20196977 ns
[2020-02-28T01:46:54.910+0000][1][safepoint    ] Safepoint "RevokeBias", Time since last: 78549 ns, Reaching safepoint: 2879445 ns, At safepoint: 32162 ns, Total: 2911607 ns
[2020-02-28T01:46:55.277+0000][1][safepoint    ] Safepoint "BulkRevokeBias", Time since last: 365335768 ns, Reaching safepoint: 1766671 ns, At safepoint: 202442 ns, Total: 1969113 ns
[2020-02-28T01:46:55.283+0000][1][safepoint    ] Safepoint "RevokeBias", Time since last: 63938 ns, Reaching safepoint: 5545979 ns, At safepoint: 8505 ns, Total: 5554484 ns
[2020-02-28T01:46:55.292+0000][1][safepoint    ] Safepoint "Deoptimize", Time since last: 8601075 ns, Reaching safepoint: 67063 ns, At safepoint: 774613 ns, Total: 841676 ns
[2020-02-28T01:46:55.505+0000][1][safepoint    ] Safepoint "RevokeBias", Time since last: 208059625 ns, Reaching safepoint: 4466098 ns, At safepoint: 22941 ns, Total: 4489039 ns
[2020-02-28T01:46:55.537+0000][1][safepoint    ] Safepoint "RevokeBias", Time since last: 30060033 ns, Reaching safepoint: 1810266 ns, At safepoint: 11653 ns, Total: 1821919 ns
[2020-02-28T01:46:55.543+0000][1][safepoint    ] Safepoint "BulkRevokeBias", Time since last: 185587 ns, Reaching safepoint: 5151995 ns, At safepoint: 328585 ns, Total: 5480580 ns
[2020-02-28T01:46:55.559+0000][1][safepoint    ] Safepoint "RevokeBias", Time since last: 16452161 ns, Reaching safepoint: 46075 ns, At safepoint: 6548 ns, Total: 52623 ns
[2020-02-28T01:46:55.658+0000][1][safepoint    ] Safepoint "RevokeBias", Time since last: 99070864 ns, Reaching safepoint: 204765 ns, At safepoint: 8436 ns, Total: 213201 ns
[2020-02-28T01:46:55.675+0000][1][safepoint    ] Safepoint "RevokeBias", Time since last: 14666932 ns, Reaching safepoint: 1861578 ns, At safepoint: 13133 ns, Total: 1874711 ns
[2020-02-28T01:46:55.714+0000][1][safepoint    ] Safepoint "RevokeBias", Time since last: 22289865 ns, Reaching safepoint: 16774152 ns, At safepoint: 13118 ns, Total: 16787270 ns
[2020-02-28T01:46:55.718+0000][1][safepoint    ] Safepoint "RevokeBias", Time since last: 683541 ns, Reaching safepoint: 3379229 ns, At safepoint: 19655 ns, Total: 3398884 ns
[2020-02-28T01:46:55.794+0000][1][safepoint    ] Safepoint "RevokeBias", Time since last: 76024850 ns, Reaching safepoint: 81062 ns, At safepoint: 7463 ns, Total: 88525 ns
[2020-02-28T01:46:55.834+0000][1][safepoint    ] Safepoint "RevokeBias", Time since last: 31997857 ns, Reaching safepoint: 8020939 ns, At safepoint: 11762 ns, Total: 8032701 ns
[2020-02-28T01:46:55.839+0000][1][safepoint    ] Safepoint "RevokeBias", Time since last: 4812300 ns, Reaching safepoint: 74291 ns, At safepoint: 7245 ns, Total: 81536 ns
[2020-02-28T01:46:55.839+0000][1][safepoint    ] Safepoint "RevokeBias", Time since last: 56701 ns, Reaching safepoint: 42991 ns, At safepoint: 4352 ns, Total: 47343 ns
[2020-02-28T01:46:55.839+0000][1][safepoint    ] Safepoint "RevokeBias", Time since last: 26261 ns, Reaching safepoint: 41310 ns, At safepoint: 4110 ns, Total: 45420 ns
[2020-02-28T01:46:55.839+0000][1][safepoint    ] Safepoint "RevokeBias", Time since last: 23779 ns, Reaching safepoint: 85324 ns, At safepoint: 7623 ns, Total: 92947 ns
[2020-02-28T01:46:55.840+0000][1][safepoint    ] Safepoint "RevokeBias", Time since last: 96433 ns, Reaching safepoint: 43324 ns, At safepoint: 4250 ns, Total: 47574 ns
[2020-02-28T01:46:55.840+0000][1][safepoint    ] Safepoint "RevokeBias", Time since last: 24383 ns, Reaching safepoint: 40876 ns, At safepoint: 4016 ns, Total: 44892 ns
[2020-02-28T01:46:55.840+0000][1][safepoint    ] Safepoint "RevokeBias", Time since last: 23177 ns, Reaching safepoint: 40593 ns, At safepoint: 4128 ns, Total: 44721 ns
[2020-02-28T01:46:55.934+0000][1][safepoint    ] Safepoint "RevokeBias", Time since last: 90686366 ns, Reaching safepoint: 3769760 ns, At safepoint: 11895 ns, Total: 3781655 ns
[2020-02-28T01:46:56.230+0000][1][safepoint    ] Safepoint "RevokeBias", Time since last: 289622786 ns, Reaching safepoint: 6377308 ns, At safepoint: 14879 ns, Total: 6392187 ns
[2020-02-28T01:46:56.655+0000][1][safepoint    ] Safepoint "RevokeBias", Time since last: 403199915 ns, Reaching safepoint: 21378865 ns, At safepoint: 20215 ns, Total: 21399080 ns
[2020-02-28T01:46:56.696+0000][1][safepoint    ] Safepoint "RevokeBias", Time since last: 40870143 ns, Reaching safepoint: 33699 ns, At safepoint: 6665 ns, Total: 40364 ns
[2020-02-28T01:46:56.725+0000][1][safepoint    ] Safepoint "RevokeBias", Time since last: 29547354 ns, Reaching safepoint: 35530 ns, At safepoint: 6783 ns, Total: 42313 ns
[2020-02-28T01:46:56.943+0000][1][safepoint    ] Safepoint "RevokeBias", Time since last: 217486290 ns, Reaching safepoint: 156636 ns, At safepoint: 23209 ns, Total: 179845 ns
[2020-02-28T01:46:57.076+0000][1][safepoint    ] Safepoint "RevokeBias", Time since last: 132527545 ns, Reaching safepoint: 68255 ns, At safepoint: 7462 ns, Total: 75717 ns
[2020-02-28T01:46:57.078+0000][1][safepoint    ] Safepoint "RevokeBias", Time since last: 2060113 ns, Reaching safepoint: 48426 ns, At safepoint: 6483 ns, Total: 54909 ns
[2020-02-28T01:46:57.207+0000][1][safepoint    ] Safepoint "RevokeBias", Time since last: 129454891 ns, Reaching safepoint: 41784 ns, At safepoint: 7446 ns, Total: 49230 ns
[2020-02-28T01:46:57.337+0000][1][safepoint    ] Safepoint "RevokeBias", Time since last: 129835812 ns, Reaching safepoint: 60725 ns, At safepoint: 7115 ns, Total: 67840 ns
[2020-02-28T01:46:57.338+0000][1][safepoint    ] Safepoint "RevokeBias", Time since last: 941378 ns, Reaching safepoint: 48264 ns, At safepoint: 5887 ns, Total: 54151 ns
[2020-02-28T01:46:57.952+0000][1][safepoint    ] Safepoint "RevokeBias", Time since last: 614090207 ns, Reaching safepoint: 66335 ns, At safepoint: 7013 ns, Total: 73348 ns
[2020-02-28T01:46:57.963+0000][1][safepoint    ] Safepoint "RevokeBias", Time since last: 10304016 ns, Reaching safepoint: 57495 ns, At safepoint: 7058 ns, Total: 64553 ns
[2020-02-28T01:46:57.990+0000][1][safepoint    ] Safepoint "RevokeBias", Time since last: 27780144 ns, Reaching safepoint: 109697 ns, At safepoint: 9707 ns, Total: 119404 ns
[2020-02-28T01:46:58.072+0000][1][safepoint    ] Safepoint "RevokeBias", Time since last: 81284345 ns, Reaching safepoint: 65586 ns, At safepoint: 38599 ns, Total: 104185 ns
[2020-02-28T01:46:58.073+0000][1][safepoint    ] Safepoint "RevokeBias", Time since last: 765030 ns, Reaching safepoint: 50435 ns, At safepoint: 12157 ns, Total: 62592 ns
[2020-02-28T01:46:58.591+0000][1][safepoint    ] Safepoint "Deoptimize", Time since last: 513498118 ns, Reaching safepoint: 4006223 ns, At safepoint: 720279 ns, Total: 4726502 ns
[2020-02-28T01:46:58.611+0000][1][safepoint    ] Safepoint "Deoptimize", Time since last: 15239085 ns, Reaching safepoint: 3935528 ns, At safepoint: 741709 ns, Total: 4677237 ns
[2020-02-28T01:46:58.684+0000][1][safepoint    ] Safepoint "RevokeBias", Time since last: 72981686 ns, Reaching safepoint: 54678 ns, At safepoint: 6670 ns, Total: 61348 ns
[2020-02-28T01:46:58.714+0000][1][safepoint    ] Safepoint "RevokeBias", Time since last: 30329457 ns, Reaching safepoint: 56893 ns, At safepoint: 13773 ns, Total: 70666 ns
[2020-02-28T01:46:58.766+0000][1][safepoint    ] Safepoint "RevokeBias", Time since last: 47407771 ns, Reaching safepoint: 4184293 ns, At safepoint: 38125 ns, Total: 4222418 ns
[2020-02-28T01:46:59.180+0000][1][safepoint    ] Safepoint "RevokeBias", Time since last: 406534827 ns, Reaching safepoint: 7522888 ns, At safepoint: 15175 ns, Total: 7538063 ns
[2020-02-28T01:46:59.190+0000][1][safepoint    ] Safepoint "RevokeBias", Time since last: 10404129 ns, Reaching safepoint: 72695 ns, At safepoint: 18007 ns, Total: 90702 ns
[2020-02-28T01:46:59.197+0000][1][safepoint    ] Safepoint "RevokeBias", Time since last: 6434541 ns, Reaching safepoint: 39138 ns, At safepoint: 5916 ns, Total: 45054 ns
[2020-02-28T01:46:59.268+0000][1][safepoint    ] Safepoint "RevokeBias", Time since last: 70559578 ns, Reaching safepoint: 56811 ns, At safepoint: 13782 ns, Total: 70593 ns
[2020-02-28T01:46:59.519+0000][1][safepoint    ] Safepoint "RevokeBias", Time since last: 248765594 ns, Reaching safepoint: 2549790 ns, At safepoint: 104369 ns, Total: 2654159 ns
[2020-02-28T01:46:59.521+0000][1][safepoint    ] Safepoint "RevokeBias", Time since last: 114019 ns, Reaching safepoint: 1803738 ns, At safepoint: 29422 ns, Total: 1833160 ns
[2020-02-28T01:46:59.986+0000][1][safepoint    ] Safepoint "RevokeBias", Time since last: 465166888 ns, Reaching safepoint: 97492 ns, At safepoint: 16449 ns, Total: 113941 ns
[2020-02-28T01:46:59.986+0000][1][safepoint    ] Safepoint "RevokeBias", Time since last: 61455 ns, Reaching safepoint: 37139 ns, At safepoint: 8957 ns, Total: 46096 ns
[2020-02-28T01:46:59.996+0000][1][safepoint    ] Safepoint "RevokeBias", Time since last: 9317293 ns, Reaching safepoint: 72406 ns, At safepoint: 6892 ns, Total: 79298 ns
[2020-02-28T01:47:00.997+0000][1][safepoint    ] Safepoint "Cleanup", Time since last: 1001027451 ns, Reaching safepoint: 82102 ns, At safepoint: 6820 ns, Total: 88922 ns
[2020-02-28T01:47:01.609+0000][1][safepoint    ] Safepoint "RevokeBias", Time since last: 612553403 ns, Reaching safepoint: 77704 ns, At safepoint: 7026 ns, Total: 84730 ns
[2020-02-28T01:47:01.619+0000][1][safepoint    ] Safepoint "RevokeBias", Time since last: 9098733 ns, Reaching safepoint: 32862 ns, At safepoint: 10872 ns, Total: 43734 ns
[2020-02-28T01:47:01.670+0000][1][safepoint    ] Safepoint "RevokeBias", Time since last: 51315661 ns, Reaching safepoint: 63272 ns, At safepoint: 14756 ns, Total: 78028 ns
[2020-02-28T01:47:01.777+0000][1][safepoint    ] Safepoint "RevokeBias", Time since last: 103879818 ns, Reaching safepoint: 2686888 ns, At safepoint: 20619 ns, Total: 2707507 ns
[2020-02-28T01:47:01.990+0000][1][safepoint    ] Safepoint "RevokeBias", Time since last: 213304825 ns, Reaching safepoint: 142287 ns, At safepoint: 15649 ns, Total: 157936 ns
[2020-02-28T01:47:01.990+0000][1][safepoint    ] Safepoint "RevokeBias", Time since last: 121205 ns, Reaching safepoint: 23961 ns, At safepoint: 10890 ns, Total: 34851 ns
[2020-02-28T01:47:04.249+0000][1][safepoint    ] Safepoint "RevokeBias", Time since last: 2259076023 ns, Reaching safepoint: 55751 ns, At safepoint: 15487 ns, Total: 71238 ns
[2020-02-28T01:47:04.293+0000][1][safepoint    ] Safepoint "RevokeBias", Time since last: 43326523 ns, Reaching safepoint: 56789 ns, At safepoint: 15712 ns, Total: 72501 ns
[2020-02-28T01:47:05.294+0000][1][safepoint    ] Safepoint "Cleanup", Time since last: 1001300401 ns, Reaching safepoint: 96659 ns, At safepoint: 6192 ns, Total: 102851 ns
[2020-02-28T01:47:06.858+0000][1][safepoint    ] Safepoint "RevokeBias", Time since last: 1563395978 ns, Reaching safepoint: 61931 ns, At safepoint: 17893 ns, Total: 79824 ns
[2020-02-28T01:47:07.860+0000][1][safepoint    ] Safepoint "Cleanup", Time since last: 1002190263 ns, Reaching safepoint: 68993 ns, At safepoint: 6338 ns, Total: 75331 ns
[2020-02-28T01:47:09.373+0000][1][safepoint    ] Safepoint "RevokeBias", Time since last: 1513263421 ns, Reaching safepoint: 59732 ns, At safepoint: 16618 ns, Total: 76350 ns
[2020-02-28T01:47:11.387+0000][1][safepoint    ] Safepoint "Cleanup", Time since last: 2013204957 ns, Reaching safepoint: 72336 ns, At safepoint: 6344 ns, Total: 78680 ns
[2020-02-28T01:47:11.886+0000][1][safepoint    ] Safepoint "RevokeBias", Time since last: 499078904 ns, Reaching safepoint: 81286 ns, At safepoint: 19747 ns, Total: 101033 ns
[2020-02-28T01:47:14.418+0000][1][safepoint    ] Safepoint "RevokeBias", Time since last: 2532317114 ns, Reaching safepoint: 136101 ns, At safepoint: 17913 ns, Total: 154014 ns
[2020-02-28T01:47:15.418+0000][1][safepoint    ] Safepoint "Cleanup", Time since last: 1000172017 ns, Reaching safepoint: 99388 ns, At safepoint: 8875 ns, Total: 108263 ns
[2020-02-28T01:47:16.931+0000][1][safepoint    ] Safepoint "RevokeBias", Time since last: 1512532708 ns, Reaching safepoint: 74116 ns, At safepoint: 55103 ns, Total: 129219 ns
[2020-02-28T01:47:19.454+0000][1][safepoint    ] Safepoint "RevokeBias", Time since last: 2522613843 ns, Reaching safepoint: 42685 ns, At safepoint: 14070 ns, Total: 56755 ns
[2020-02-28T01:47:19.955+0000][1][safepoint    ] Safepoint "RevokeBias", Time since last: 500726895 ns, Reaching safepoint: 55289 ns, At safepoint: 36926 ns, Total: 92215 ns
[2020-02-28T01:47:20.955+0000][1][safepoint    ] Safepoint "Cleanup", Time since last: 1000197270 ns, Reaching safepoint: 81160 ns, At safepoint: 7611 ns, Total: 88771 ns
[2020-02-28T01:47:21.764+0000][1][gc,start     ] GC(29) Pause Young (Allocation Failure)
[2020-02-28T01:47:21.764+0000][1][gc,task      ] GC(29) Using 1 workers of 1 for evacuation
[2020-02-28T01:47:21.989+0000][1][gc,age       ] GC(29) Desired survivor size 4358144 bytes, new threshold 6 (max threshold 6)
[2020-02-28T01:47:21.989+0000][1][gc,age       ] GC(29) Age table with threshold 6 (max threshold 6)
[2020-02-28T01:47:21.989+0000][1][gc,age       ] GC(29) - age   1:    1763496 bytes,    1763496 total
[2020-02-28T01:47:21.989+0000][1][gc,age       ] GC(29) - age   2:    2050832 bytes,    3814328 total
[2020-02-28T01:47:21.989+0000][1][gc,heap      ] GC(29) ParNew: 74723K->5848K(76672K)
[2020-02-28T01:47:21.989+0000][1][gc,heap      ] GC(29) CMS: 54967K->58498K(963392K)
[2020-02-28T01:47:21.989+0000][1][gc,metaspace ] GC(29) Metaspace: 77234K->77234K(1120256K)
[2020-02-28T01:47:21.989+0000][1][gc           ] GC(29) Pause Young (Allocation Failure) 126M->62M(1015M) 225.346ms
[2020-02-28T01:47:21.989+0000][1][gc,cpu       ] GC(29) User=0.03s Sys=0.04s Real=0.23s
[2020-02-28T01:47:21.989+0000][1][safepoint    ] Safepoint "GenCollectForAllocation", Time since last: 808886176 ns, Reaching safepoint: 72738 ns, At safepoint: 225471822 ns, Total: 225544560 ns
[2020-02-28T01:47:22.006+0000][1][safepoint    ] Safepoint "RevokeBias", Time since last: 16373192 ns, Reaching safepoint: 69175 ns, At safepoint: 16844 ns, Total: 86019 ns
[2020-02-28T01:47:24.575+0000][1][safepoint    ] Safepoint "RevokeBias", Time since last: 2569009779 ns, Reaching safepoint: 103282 ns, At safepoint: 18048 ns, Total: 121330 ns
[2020-02-28T01:47:27.093+0000][1][safepoint    ] Safepoint "RevokeBias", Time since last: 2518271061 ns, Reaching safepoint: 66635 ns, At safepoint: 67887 ns, Total: 134522 ns
[2020-02-28T01:47:28.984+0000][1][safepoint    ] Safepoint "RevokeBias", Time since last: 1890545183 ns, Reaching safepoint: 85011 ns, At safepoint: 24975 ns, Total: 109986 ns
[2020-02-28T01:47:29.094+0000][1][safepoint    ] Safepoint "RevokeBias", Time since last: 110218858 ns, Reaching safepoint: 66813 ns, At safepoint: 17274 ns, Total: 84087 ns
[2020-02-28T01:47:29.094+0000][1][safepoint    ] Safepoint "RevokeBias", Time since last: 71498 ns, Reaching safepoint: 36190 ns, At safepoint: 19845 ns, Total: 56035 ns
[2020-02-28T01:47:29.605+0000][1][safepoint    ] Safepoint "RevokeBias", Time since last: 510481570 ns, Reaching safepoint: 97832 ns, At safepoint: 19035 ns, Total: 116867 ns
[2020-02-28T01:47:30.610+0000][1][safepoint    ] Safepoint "Cleanup", Time since last: 1005320241 ns, Reaching safepoint: 69933 ns, At safepoint: 6958 ns, Total: 76891 ns
[2020-02-28T01:47:31.617+0000][1][safepoint    ] Safepoint "Cleanup", Time since last: 1006803996 ns, Reaching safepoint: 99815 ns, At safepoint: 7454 ns, Total: 107269 ns
[2020-02-28T01:47:32.116+0000][1][safepoint    ] Safepoint "RevokeBias", Time since last: 499013300 ns, Reaching safepoint: 81248 ns, At safepoint: 19903 ns, Total: 101151 ns
[2020-02-28T01:47:33.117+0000][1][safepoint    ] Safepoint "Cleanup", Time since last: 1000493718 ns, Reaching safepoint: 92209 ns, At safepoint: 10138 ns, Total: 102347 ns
[2020-02-28T01:47:34.118+0000][1][safepoint    ] Safepoint "Cleanup", Time since last: 1000451372 ns, Reaching safepoint: 68169 ns, At safepoint: 5868 ns, Total: 74037 ns
[2020-02-28T01:47:34.627+0000][1][safepoint    ] Safepoint "BulkRevokeBias", Time since last: 509282582 ns, Reaching safepoint: 70556 ns, At safepoint: 182292 ns, Total: 252848 ns
[2020-02-28T01:47:35.632+0000][1][safepoint    ] Safepoint "Cleanup", Time since last: 1004745649 ns, Reaching safepoint: 53674 ns, At safepoint: 6392 ns, Total: 60066 ns
[2020-02-28T01:47:36.633+0000][1][safepoint    ] Safepoint "Cleanup", Time since last: 1000510346 ns, Reaching safepoint: 72794 ns, At safepoint: 6124 ns, Total: 78918 ns
[2020-02-28T01:47:37.158+0000][1][safepoint    ] Safepoint "RevokeBias", Time since last: 523322894 ns, Reaching safepoint: 1713952 ns, At safepoint: 22231 ns, Total: 1736183 ns
[2020-02-28T01:47:38.160+0000][1][safepoint    ] Safepoint "Cleanup", Time since last: 1002308763 ns, Reaching safepoint: 72124 ns, At safepoint: 7124 ns, Total: 79248 ns
[2020-02-28T01:47:39.162+0000][1][safepoint    ] Safepoint "Cleanup", Time since last: 1002121808 ns, Reaching safepoint: 91936 ns, At safepoint: 6609 ns, Total: 98545 ns
[2020-02-28T01:47:39.671+0000][1][safepoint    ] Safepoint "RevokeBias", Time since last: 508678384 ns, Reaching safepoint: 66143 ns, At safepoint: 17693 ns, Total: 83836 ns
[2020-02-28T01:47:40.686+0000][1][safepoint    ] Safepoint "Cleanup", Time since last: 1009745933 ns, Reaching safepoint: 5203241 ns, At safepoint: 8358 ns, Total: 5211599 ns
[2020-02-28T01:47:41.690+0000][1][safepoint    ] Safepoint "Cleanup", Time since last: 1004332377 ns, Reaching safepoint: 59681 ns, At safepoint: 7064 ns, Total: 66745 ns
[2020-02-28T01:47:42.191+0000][1][safepoint    ] Safepoint "RevokeBias", Time since last: 500742780 ns, Reaching safepoint: 66821 ns, At safepoint: 16427 ns, Total: 83248 ns
[2020-02-28T01:47:43.192+0000][1][safepoint    ] Safepoint "Cleanup", Time since last: 1000968860 ns, Reaching safepoint: 145141 ns, At safepoint: 25606 ns, Total: 170747 ns
[2020-02-28T01:47:43.306+0000][1][safepoint    ] Safepoint "RevokeBias", Time since last: 113571806 ns, Reaching safepoint: 133267 ns, At safepoint: 25973 ns, Total: 159240 ns
[2020-02-28T01:47:43.306+0000][1][safepoint    ] Safepoint "RevokeBias", Time since last: 191910 ns, Reaching safepoint: 18943 ns, At safepoint: 7830 ns, Total: 26773 ns
[2020-02-28T01:47:44.306+0000][1][safepoint    ] Safepoint "Cleanup", Time since last: 1000179159 ns, Reaching safepoint: 84596 ns, At safepoint: 8561 ns, Total: 93157 ns
[2020-02-28T01:47:44.716+0000][1][safepoint    ] Safepoint "RevokeBias", Time since last: 409711184 ns, Reaching safepoint: 106283 ns, At safepoint: 20565 ns, Total: 126848 ns
[2020-02-28T01:47:45.717+0000][1][safepoint    ] Safepoint "Cleanup", Time since last: 1000253339 ns, Reaching safepoint: 74131 ns, At safepoint: 6262 ns, Total: 80393 ns
[2020-02-28T01:47:46.726+0000][1][safepoint    ] Safepoint "Cleanup", Time since last: 1009022201 ns, Reaching safepoint: 57005 ns, At safepoint: 6744 ns, Total: 63749 ns
[2020-02-28T01:47:47.229+0000][1][safepoint    ] Safepoint "RevokeBias", Time since last: 502958113 ns, Reaching safepoint: 112532 ns, At safepoint: 34468 ns, Total: 147000 ns
[2020-02-28T01:47:48.229+0000][1][safepoint    ] Safepoint "Cleanup", Time since last: 1000171512 ns, Reaching safepoint: 74955 ns, At safepoint: 6850 ns, Total: 81805 ns
[2020-02-28T01:47:49.229+0000][1][safepoint    ] Safepoint "Cleanup", Time since last: 1000255820 ns, Reaching safepoint: 71915 ns, At safepoint: 7461 ns, Total: 79376 ns
[2020-02-28T01:47:49.741+0000][1][safepoint    ] Safepoint "RevokeBias", Time since last: 511590539 ns, Reaching safepoint: 69765 ns, At safepoint: 17404 ns, Total: 87169 ns
[2020-02-28T01:47:50.098+0000][1][safepoint    ] Safepoint "RevokeBias", Time since last: 356839411 ns, Reaching safepoint: 64776 ns, At safepoint: 21013 ns, Total: 85789 ns
[2020-02-28T01:47:51.099+0000][1][safepoint    ] Safepoint "Cleanup", Time since last: 1000477864 ns, Reaching safepoint: 87059 ns, At safepoint: 9149 ns, Total: 96208 ns
[2020-02-28T01:47:52.100+0000][1][safepoint    ] Safepoint "Cleanup", Time since last: 1001217982 ns, Reaching safepoint: 80903 ns, At safepoint: 7259 ns, Total: 88162 ns
[2020-02-28T01:47:52.252+0000][1][safepoint    ] Safepoint "RevokeBias", Time since last: 152351026 ns, Reaching safepoint: 79941 ns, At safepoint: 20789 ns, Total: 100730 ns
[2020-02-28T01:47:53.253+0000][1][safepoint    ] Safepoint "Cleanup", Time since last: 1000260726 ns, Reaching safepoint: 92868 ns, At safepoint: 11983 ns, Total: 104851 ns
[2020-02-28T01:47:54.254+0000][1][safepoint    ] Safepoint "Cleanup", Time since last: 1001174406 ns, Reaching safepoint: 149459 ns, At safepoint: 50974 ns, Total: 200433 ns
[2020-02-28T01:47:54.385+0000][1][safepoint    ] Safepoint "RevokeBias", Time since last: 131001380 ns, Reaching safepoint: 53952 ns, At safepoint: 11185 ns, Total: 65137 ns
[2020-02-28T01:47:54.385+0000][1][safepoint    ] Safepoint "RevokeBias", Time since last: 63424 ns, Reaching safepoint: 21743 ns, At safepoint: 7180 ns, Total: 28923 ns
[2020-02-28T01:47:54.763+0000][1][safepoint    ] Safepoint "RevokeBias", Time since last: 377697536 ns, Reaching safepoint: 77348 ns, At safepoint: 20895 ns, Total: 98243 ns
[2020-02-28T01:47:55.764+0000][1][safepoint    ] Safepoint "Cleanup", Time since last: 1000536849 ns, Reaching safepoint: 87584 ns, At safepoint: 8114 ns, Total: 95698 ns
[2020-02-28T01:47:56.767+0000][1][safepoint    ] Safepoint "Cleanup", Time since last: 1003268129 ns, Reaching safepoint: 54312 ns, At safepoint: 6473 ns, Total: 60785 ns
[2020-02-28T01:47:57.275+0000][1][safepoint    ] Safepoint "RevokeBias", Time since last: 507947808 ns, Reaching safepoint: 157761 ns, At safepoint: 19878 ns, Total: 177639 ns
[2020-02-28T01:47:58.285+0000][1][safepoint    ] Safepoint "Cleanup", Time since last: 1009607065 ns, Reaching safepoint: 115226 ns, At safepoint: 24083 ns, Total: 139309 ns
[2020-02-28T01:47:59.286+0000][1][safepoint    ] Safepoint "Cleanup", Time since last: 1000468647 ns, Reaching safepoint: 190304 ns, At safepoint: 21602 ns, Total: 211906 ns
[2020-02-28T01:47:59.786+0000][1][safepoint    ] Safepoint "RevokeBias", Time since last: 500282469 ns, Reaching safepoint: 230397 ns, At safepoint: 18130 ns, Total: 248527 ns
[2020-02-28T01:48:00.787+0000][1][safepoint    ] Safepoint "Cleanup", Time since last: 1000756372 ns, Reaching safepoint: 73132 ns, At safepoint: 6767 ns, Total: 79899 ns
[2020-02-28T01:48:01.788+0000][1][safepoint    ] Safepoint "Cleanup", Time since last: 1000952989 ns, Reaching safepoint: 73053 ns, At safepoint: 6476 ns, Total: 79529 ns
[2020-02-28T01:48:02.302+0000][1][safepoint    ] Safepoint "RevokeBias", Time since last: 513732802 ns, Reaching safepoint: 45347 ns, At safepoint: 14597 ns, Total: 59944 ns
[2020-02-28T01:48:03.306+0000][1][safepoint    ] Safepoint "Cleanup", Time since last: 1004070852 ns, Reaching safepoint: 73131 ns, At safepoint: 6334 ns, Total: 79465 ns
[2020-02-28T01:48:04.309+0000][1][safepoint    ] Safepoint "Cleanup", Time since last: 1003082283 ns, Reaching safepoint: 72617 ns, At safepoint: 6680 ns, Total: 79297 ns
[2020-02-28T01:48:04.823+0000][1][safepoint    ] Safepoint "RevokeBias", Time since last: 513337639 ns, Reaching safepoint: 65445 ns, At safepoint: 34685 ns, Total: 100130 ns
[2020-02-28T01:48:05.828+0000][1][safepoint    ] Safepoint "Cleanup", Time since last: 1005395962 ns, Reaching safepoint: 72860 ns, At safepoint: 7430 ns, Total: 80290 ns
[2020-02-28T01:48:06.829+0000][1][safepoint    ] Safepoint "Cleanup", Time since last: 1000436623 ns, Reaching safepoint: 101094 ns, At safepoint: 8403 ns, Total: 109497 ns
[2020-02-28T01:48:07.335+0000][1][safepoint    ] Safepoint "RevokeBias", Time since last: 506331596 ns, Reaching safepoint: 90009 ns, At safepoint: 20403 ns, Total: 110412 ns
[2020-02-28T01:48:08.336+0000][1][safepoint    ] Safepoint "Cleanup", Time since last: 1001058919 ns, Reaching safepoint: 56365 ns, At safepoint: 5720 ns, Total: 62085 ns
[2020-02-28T01:48:09.337+0000][1][safepoint    ] Safepoint "Cleanup", Time since last: 1000361126 ns, Reaching safepoint: 87538 ns, At safepoint: 8862 ns, Total: 96400 ns
[2020-02-28T01:48:09.847+0000][1][safepoint    ] Safepoint "RevokeBias", Time since last: 510096707 ns, Reaching safepoint: 70762 ns, At safepoint: 18188 ns, Total: 88950 ns
[2020-02-28T01:48:10.847+0000][1][safepoint    ] Safepoint "Cleanup", Time since last: 1000149373 ns, Reaching safepoint: 92825 ns, At safepoint: 8842 ns, Total: 101667 ns
[2020-02-28T01:48:11.848+0000][1][safepoint    ] Safepoint "Cleanup", Time since last: 1000598139 ns, Reaching safepoint: 74929 ns, At safepoint: 6534 ns, Total: 81463 ns
[2020-02-28T01:48:12.357+0000][1][safepoint    ] Safepoint "RevokeBias", Time since last: 508928248 ns, Reaching safepoint: 66485 ns, At safepoint: 17368 ns, Total: 83853 ns
[2020-02-28T01:48:13.357+0000][1][safepoint    ] Safepoint "Cleanup", Time since last: 1000163435 ns, Reaching safepoint: 83992 ns, At safepoint: 6318 ns, Total: 90310 ns
[2020-02-28T01:48:14.357+0000][1][safepoint    ] Safepoint "Cleanup", Time since last: 1000344452 ns, Reaching safepoint: 94219 ns, At safepoint: 8851 ns, Total: 103070 ns
[2020-02-28T01:48:14.871+0000][1][safepoint    ] Safepoint "RevokeBias", Time since last: 513055287 ns, Reaching safepoint: 69265 ns, At safepoint: 17432 ns, Total: 86697 ns
[2020-02-28T01:48:15.871+0000][1][safepoint    ] Safepoint "Cleanup", Time since last: 1000475438 ns, Reaching safepoint: 87350 ns, At safepoint: 7878 ns, Total: 95228 ns
[2020-02-28T01:48:16.872+0000][1][safepoint    ] Safepoint "Cleanup", Time since last: 1000440577 ns, Reaching safepoint: 82099 ns, At safepoint: 7136 ns, Total: 89235 ns
[2020-02-28T01:48:17.385+0000][1][safepoint    ] Safepoint "RevokeBias", Time since last: 513188246 ns, Reaching safepoint: 69830 ns, At safepoint: 16817 ns, Total: 86647 ns
[2020-02-28T01:48:18.390+0000][1][safepoint    ] Safepoint "Cleanup", Time since last: 1004652868 ns, Reaching safepoint: 56135 ns, At safepoint: 6592 ns, Total: 62727 ns
[2020-02-28T01:48:19.390+0000][1][safepoint    ] Safepoint "Cleanup", Time since last: 1000537105 ns, Reaching safepoint: 74090 ns, At safepoint: 6363 ns, Total: 80453 ns
[2020-02-28T01:48:19.898+0000][1][safepoint    ] Safepoint "RevokeBias", Time since last: 507431973 ns, Reaching safepoint: 104235 ns, At safepoint: 23852 ns, Total: 128087 ns
[2020-02-28T01:48:20.899+0000][1][safepoint    ] Safepoint "Cleanup", Time since last: 1000773477 ns, Reaching safepoint: 90521 ns, At safepoint: 7506 ns, Total: 98027 ns
[2020-02-28T01:48:21.899+0000][1][safepoint    ] Safepoint "Cleanup", Time since last: 1000630948 ns, Reaching safepoint: 89055 ns, At safepoint: 7143 ns, Total: 96198 ns
[2020-02-28T01:48:22.409+0000][1][safepoint    ] Safepoint "RevokeBias", Time since last: 509658862 ns, Reaching safepoint: 202438 ns, At safepoint: 37720 ns, Total: 240158 ns
[2020-02-28T01:48:23.418+0000][1][safepoint    ] Safepoint "Cleanup", Time since last: 1008451083 ns, Reaching safepoint: 60703 ns, At safepoint: 6556 ns, Total: 67259 ns
[2020-02-28T01:48:24.418+0000][1][safepoint    ] Safepoint "Cleanup", Time since last: 1000579995 ns, Reaching safepoint: 84271 ns, At safepoint: 8272 ns, Total: 92543 ns
[2020-02-28T01:48:24.928+0000][1][safepoint    ] Safepoint "RevokeBias", Time since last: 509475393 ns, Reaching safepoint: 68038 ns, At safepoint: 17698 ns, Total: 85736 ns
[2020-02-28T01:48:25.928+0000][1][safepoint    ] Safepoint "Cleanup", Time since last: 1000311786 ns, Reaching safepoint: 87061 ns, At safepoint: 9168 ns, Total: 96229 ns
[2020-02-28T01:48:26.929+0000][1][safepoint    ] Safepoint "Cleanup", Time since last: 1000525018 ns, Reaching safepoint: 72764 ns, At safepoint: 5526 ns, Total: 78290 ns
[2020-02-28T01:48:27.439+0000][1][safepoint    ] Safepoint "RevokeBias", Time since last: 510149208 ns, Reaching safepoint: 67958 ns, At safepoint: 16729 ns, Total: 84687 ns
[2020-02-28T01:48:28.440+0000][1][safepoint    ] Safepoint "Cleanup", Time since last: 1000656621 ns, Reaching safepoint: 60738 ns, At safepoint: 7614 ns, Total: 68352 ns
[2020-02-28T01:48:29.440+0000][1][safepoint    ] Safepoint "Cleanup", Time since last: 1000329768 ns, Reaching safepoint: 81942 ns, At safepoint: 8379 ns, Total: 90321 ns
[2020-02-28T01:48:29.953+0000][1][safepoint    ] Safepoint "RevokeBias", Time since last: 511986047 ns, Reaching safepoint: 87323 ns, At safepoint: 20687 ns, Total: 108010 ns
[2020-02-28T01:48:30.953+0000][1][safepoint    ] Safepoint "Cleanup", Time since last: 1000355464 ns, Reaching safepoint: 74160 ns, At safepoint: 6191 ns, Total: 80351 ns
[2020-02-28T01:48:31.958+0000][1][safepoint    ] Safepoint "Cleanup", Time since last: 1004509329 ns, Reaching safepoint: 82613 ns, At safepoint: 6010 ns, Total: 88623 ns
[2020-02-28T01:48:32.468+0000][1][safepoint    ] Safepoint "RevokeBias", Time since last: 510721243 ns, Reaching safepoint: 75757 ns, At safepoint: 21033 ns, Total: 96790 ns
[2020-02-28T01:48:33.469+0000][1][safepoint    ] Safepoint "Cleanup", Time since last: 1000211775 ns, Reaching safepoint: 81510 ns, At safepoint: 8101 ns, Total: 89611 ns
[2020-02-28T01:48:34.476+0000][1][safepoint    ] Safepoint "Cleanup", Time since last: 1007227718 ns, Reaching safepoint: 100944 ns, At safepoint: 6832 ns, Total: 107776 ns
[2020-02-28T01:48:34.980+0000][1][safepoint    ] Safepoint "RevokeBias", Time since last: 503796359 ns, Reaching safepoint: 67134 ns, At safepoint: 17951 ns, Total: 85085 ns
[2020-02-28T01:48:35.980+0000][1][safepoint    ] Safepoint "Cleanup", Time since last: 1000361526 ns, Reaching safepoint: 75510 ns, At safepoint: 6945 ns, Total: 82455 ns
[2020-02-28T01:48:36.981+0000][1][safepoint    ] Safepoint "Cleanup", Time since last: 1000117382 ns, Reaching safepoint: 77304 ns, At safepoint: 7216 ns, Total: 84520 ns
[2020-02-28T01:48:37.498+0000][1][safepoint    ] Safepoint "RevokeBias", Time since last: 517071849 ns, Reaching safepoint: 83631 ns, At safepoint: 20396 ns, Total: 104027 ns
[2020-02-28T01:48:38.498+0000][1][safepoint    ] Safepoint "Cleanup", Time since last: 1000530372 ns, Reaching safepoint: 76635 ns, At safepoint: 7346 ns, Total: 83981 ns
[2020-02-28T01:48:39.503+0000][1][safepoint    ] Safepoint "Cleanup", Time since last: 1004799009 ns, Reaching safepoint: 143122 ns, At safepoint: 5284 ns, Total: 148406 ns
[2020-02-28T01:48:40.024+0000][1][safepoint    ] Safepoint "RevokeBias", Time since last: 520275779 ns, Reaching safepoint: 133520 ns, At safepoint: 34049 ns, Total: 167569 ns
[2020-02-28T01:48:41.024+0000][1][safepoint    ] Safepoint "Cleanup", Time since last: 1000615062 ns, Reaching safepoint: 86688 ns, At safepoint: 7277 ns, Total: 93965 ns
[2020-02-28T01:48:42.025+0000][1][safepoint    ] Safepoint "Cleanup", Time since last: 1000465531 ns, Reaching safepoint: 75073 ns, At safepoint: 6420 ns, Total: 81493 ns
[2020-02-28T01:48:42.529+0000][1][safepoint    ] Safepoint "RevokeBias", Time since last: 504402954 ns, Reaching safepoint: 77056 ns, At safepoint: 21449 ns, Total: 98505 ns
[2020-02-28T01:48:43.530+0000][1][safepoint    ] Safepoint "Cleanup", Time since last: 1000276991 ns, Reaching safepoint: 85206 ns, At safepoint: 8398 ns, Total: 93604 ns
[2020-02-28T01:48:44.539+0000][1][safepoint    ] Safepoint "Cleanup", Time since last: 1008891682 ns, Reaching safepoint: 135280 ns, At safepoint: 6587 ns, Total: 141867 ns
[2020-02-28T01:48:45.066+0000][1][safepoint    ] Safepoint "RevokeBias", Time since last: 527019712 ns, Reaching safepoint: 148127 ns, At safepoint: 19734 ns, Total: 167861 ns
[2020-02-28T01:48:46.067+0000][1][safepoint    ] Safepoint "Cleanup", Time since last: 1000439009 ns, Reaching safepoint: 87663 ns, At safepoint: 8412 ns, Total: 96075 ns
[2020-02-28T01:48:47.067+0000][1][safepoint    ] Safepoint "Cleanup", Time since last: 1000619805 ns, Reaching safepoint: 81327 ns, At safepoint: 8311 ns, Total: 89638 ns
[2020-02-28T01:48:47.576+0000][1][safepoint    ] Safepoint "BulkRevokeBias", Time since last: 507975402 ns, Reaching safepoint: 79468 ns, At safepoint: 242000 ns, Total: 321468 ns
[2020-02-28T01:48:48.576+0000][1][safepoint    ] Safepoint "Cleanup", Time since last: 1000548314 ns, Reaching safepoint: 76878 ns, At safepoint: 6806 ns, Total: 83684 ns
[2020-02-28T01:48:49.577+0000][1][safepoint    ] Safepoint "Cleanup", Time since last: 1000317306 ns, Reaching safepoint: 57347 ns, At safepoint: 6480 ns, Total: 63827 ns
[2020-02-28T01:48:50.098+0000][1][safepoint    ] Safepoint "RevokeBias", Time since last: 521269973 ns, Reaching safepoint: 66395 ns, At safepoint: 17498 ns, Total: 83893 ns
[2020-02-28T01:48:51.099+0000][1][safepoint    ] Safepoint "Cleanup", Time since last: 1000452975 ns, Reaching safepoint: 84349 ns, At safepoint: 8649 ns, Total: 92998 ns
[2020-02-28T01:48:52.099+0000][1][safepoint    ] Safepoint "Cleanup", Time since last: 1000665325 ns, Reaching safepoint: 92901 ns, At safepoint: 7922 ns, Total: 100823 ns
[2020-02-28T01:48:52.609+0000][1][safepoint    ] Safepoint "RevokeBias", Time since last: 509613996 ns, Reaching safepoint: 74030 ns, At safepoint: 18453 ns, Total: 92483 ns
[2020-02-28T01:48:53.610+0000][1][safepoint    ] Safepoint "Cleanup", Time since last: 1000419690 ns, Reaching safepoint: 84909 ns, At safepoint: 8059 ns, Total: 92968 ns
[2020-02-28T01:48:54.611+0000][1][safepoint    ] Safepoint "Cleanup", Time since last: 1001034459 ns, Reaching safepoint: 149478 ns, At safepoint: 5983 ns, Total: 155461 ns
[2020-02-28T01:48:55.124+0000][1][safepoint    ] Safepoint "RevokeBias", Time since last: 513028153 ns, Reaching safepoint: 50187 ns, At safepoint: 15273 ns, Total: 65460 ns
[2020-02-28T01:48:56.125+0000][1][safepoint    ] Safepoint "Cleanup", Time since last: 1001044726 ns, Reaching safepoint: 92387 ns, At safepoint: 9314 ns, Total: 101701 ns
[2020-02-28T01:48:57.125+0000][1][safepoint    ] Safepoint "Cleanup", Time since last: 1000449430 ns, Reaching safepoint: 89012 ns, At safepoint: 8550 ns, Total: 97562 ns
[2020-02-28T01:48:57.638+0000][1][safepoint    ] Safepoint "RevokeBias", Time since last: 512619155 ns, Reaching safepoint: 66617 ns, At safepoint: 16468 ns, Total: 83085 ns
[2020-02-28T01:48:58.642+0000][1][safepoint    ] Safepoint "Cleanup", Time since last: 1003949827 ns, Reaching safepoint: 87538 ns, At safepoint: 8549 ns, Total: 96087 ns
[2020-02-28T01:48:59.646+0000][1][safepoint    ] Safepoint "Cleanup", Time since last: 1004068672 ns, Reaching safepoint: 98372 ns, At safepoint: 6414 ns, Total: 104786 ns
[2020-02-28T01:49:00.291+0000][1][safepoint    ] Safepoint "RevokeBias", Time since last: 527423199 ns, Reaching safepoint: 117098096 ns, At safepoint: 26795 ns, Total: 117124891 ns
[2020-02-28T01:49:01.292+0000][1][safepoint    ] Safepoint "Cleanup", Time since last: 1000780164 ns, Reaching safepoint: 87675 ns, At safepoint: 8178 ns, Total: 95853 ns
[2020-02-28T01:49:02.293+0000][1][safepoint    ] Safepoint "Cleanup", Time since last: 1001380763 ns, Reaching safepoint: 76418 ns, At safepoint: 6500 ns, Total: 82918 ns
[2020-02-28T01:49:02.683+0000][1][safepoint    ] Safepoint "RevokeBias", Time since last: 389964626 ns, Reaching safepoint: 69944 ns, At safepoint: 19120 ns, Total: 89064 ns
[2020-02-28T01:49:03.684+0000][1][safepoint    ] Safepoint "Cleanup", Time since last: 1000407106 ns, Reaching safepoint: 208296 ns, At safepoint: 6448 ns, Total: 214744 ns
[2020-02-28T01:49:04.685+0000][1][safepoint    ] Safepoint "Cleanup", Time since last: 1000951435 ns, Reaching safepoint: 98942 ns, At safepoint: 10055 ns, Total: 108997 ns
[2020-02-28T01:49:05.202+0000][1][safepoint    ] Safepoint "RevokeBias", Time since last: 516767312 ns, Reaching safepoint: 44531 ns, At safepoint: 16005 ns, Total: 60536 ns
[2020-02-28T01:49:06.203+0000][1][safepoint    ] Safepoint "Cleanup", Time since last: 1000979594 ns, Reaching safepoint: 91308 ns, At safepoint: 8676 ns, Total: 99984 ns
[2020-02-28T01:49:07.203+0000][1][safepoint    ] Safepoint "Cleanup", Time since last: 1000276475 ns, Reaching safepoint: 110631 ns, At safepoint: 9532 ns, Total: 120163 ns
[2020-02-28T01:49:07.717+0000][1][safepoint    ] Safepoint "RevokeBias", Time since last: 513184958 ns, Reaching safepoint: 110664 ns, At safepoint: 23338 ns, Total: 134002 ns
[2020-02-28T01:49:08.718+0000][1][safepoint    ] Safepoint "Cleanup", Time since last: 1000852595 ns, Reaching safepoint: 82057 ns, At safepoint: 8163 ns, Total: 90220 ns
[2020-02-28T01:49:09.718+0000][1][safepoint    ] Safepoint "Cleanup", Time since last: 1000755135 ns, Reaching safepoint: 93906 ns, At safepoint: 10465 ns, Total: 104371 ns
[2020-02-28T01:49:10.235+0000][1][safepoint    ] Safepoint "RevokeBias", Time since last: 516093965 ns, Reaching safepoint: 69389 ns, At safepoint: 17129 ns, Total: 86518 ns
[2020-02-28T01:49:11.235+0000][1][safepoint    ] Safepoint "Cleanup", Time since last: 1000153616 ns, Reaching safepoint: 100217 ns, At safepoint: 9958 ns, Total: 110175 ns
[2020-02-28T01:49:12.236+0000][1][safepoint    ] Safepoint "Cleanup", Time since last: 1000862648 ns, Reaching safepoint: 78263 ns, At safepoint: 8578 ns, Total: 86841 ns
[2020-02-28T01:49:12.749+0000][1][safepoint    ] Safepoint "RevokeBias", Time since last: 512699038 ns, Reaching safepoint: 64115 ns, At safepoint: 16468 ns, Total: 80583 ns
[2020-02-28T01:49:13.749+0000][1][safepoint    ] Safepoint "Cleanup", Time since last: 1000299458 ns, Reaching safepoint: 91801 ns, At safepoint: 7190 ns, Total: 98991 ns
[2020-02-28T01:49:14.750+0000][1][safepoint    ] Safepoint "Cleanup", Time since last: 1000662217 ns, Reaching safepoint: 93783 ns, At safepoint: 9382 ns, Total: 103165 ns
[2020-02-28T01:49:15.278+0000][1][safepoint    ] Safepoint "RevokeBias", Time since last: 528587913 ns, Reaching safepoint: 70977 ns, At safepoint: 16447 ns, Total: 87424 ns
[2020-02-28T01:49:16.279+0000][1][safepoint    ] Safepoint "Cleanup", Time since last: 1000384681 ns, Reaching safepoint: 90148 ns, At safepoint: 10570 ns, Total: 100718 ns
[2020-02-28T01:49:17.280+0000][1][safepoint    ] Safepoint "Cleanup", Time since last: 1000842839 ns, Reaching safepoint: 175025 ns, At safepoint: 6585 ns, Total: 181610 ns
[2020-02-28T01:49:17.796+0000][1][safepoint    ] Safepoint "RevokeBias", Time since last: 514240470 ns, Reaching safepoint: 1779454 ns, At safepoint: 24096 ns, Total: 1803550 ns
[2020-02-28T01:49:18.796+0000][1][safepoint    ] Safepoint "Cleanup", Time since last: 1000302411 ns, Reaching safepoint: 88903 ns, At safepoint: 8781 ns, Total: 97684 ns
[2020-02-28T01:49:19.797+0000][1][safepoint    ] Safepoint "Cleanup", Time since last: 1000906368 ns, Reaching safepoint: 89075 ns, At safepoint: 7924 ns, Total: 96999 ns
[2020-02-28T01:49:20.312+0000][1][safepoint    ] Safepoint "RevokeBias", Time since last: 514547913 ns, Reaching safepoint: 48489 ns, At safepoint: 15329 ns, Total: 63818 ns
[2020-02-28T01:49:21.313+0000][1][safepoint    ] Safepoint "Cleanup", Time since last: 1000636151 ns, Reaching safepoint: 92422 ns, At safepoint: 9541 ns, Total: 101963 ns
[2020-02-28T01:49:22.314+0000][1][safepoint    ] Safepoint "Cleanup", Time since last: 1000694989 ns, Reaching safepoint: 95691 ns, At safepoint: 21091 ns, Total: 116782 ns
[2020-02-28T01:49:22.835+0000][1][safepoint    ] Safepoint "RevokeBias", Time since last: 520832496 ns, Reaching safepoint: 69035 ns, At safepoint: 19353 ns, Total: 88388 ns
[2020-02-28T01:49:23.835+0000][1][safepoint    ] Safepoint "Cleanup", Time since last: 1000694063 ns, Reaching safepoint: 86021 ns, At safepoint: 8021 ns, Total: 94042 ns
[2020-02-28T01:49:24.836+0000][1][safepoint    ] Safepoint "Cleanup", Time since last: 1000366203 ns, Reaching safepoint: 95119 ns, At safepoint: 8583 ns, Total: 103702 ns
[2020-02-28T01:49:25.352+0000][1][safepoint    ] Safepoint "RevokeBias", Time since last: 516505446 ns, Reaching safepoint: 49505 ns, At safepoint: 15127 ns, Total: 64632 ns
[2020-02-28T01:49:26.353+0000][1][safepoint    ] Safepoint "Cleanup", Time since last: 1000860015 ns, Reaching safepoint: 100288 ns, At safepoint: 8488 ns, Total: 108776 ns
[2020-02-28T01:49:27.354+0000][1][safepoint    ] Safepoint "Cleanup", Time since last: 1000726184 ns, Reaching safepoint: 81746 ns, At safepoint: 7397 ns, Total: 89143 ns
[2020-02-28T01:49:27.864+0000][1][safepoint    ] Safepoint "RevokeBias", Time since last: 509942037 ns, Reaching safepoint: 81788 ns, At safepoint: 20760 ns, Total: 102548 ns
[2020-02-28T01:49:28.868+0000][1][safepoint    ] Safepoint "Cleanup", Time since last: 1003588608 ns, Reaching safepoint: 76964 ns, At safepoint: 6840 ns, Total: 83804 ns
[2020-02-28T01:49:29.876+0000][1][safepoint    ] Safepoint "Cleanup", Time since last: 1008185492 ns, Reaching safepoint: 84723 ns, At safepoint: 8455 ns, Total: 93178 ns
[2020-02-28T01:49:30.376+0000][1][safepoint    ] Safepoint "RevokeBias", Time since last: 500179428 ns, Reaching safepoint: 53815 ns, At safepoint: 16494 ns, Total: 70309 ns
[2020-02-28T01:49:31.377+0000][1][safepoint    ] Safepoint "Cleanup", Time since last: 1000417647 ns, Reaching safepoint: 93253 ns, At safepoint: 8769 ns, Total: 102022 ns
[2020-02-28T01:49:32.377+0000][1][safepoint    ] Safepoint "Cleanup", Time since last: 1000078126 ns, Reaching safepoint: 78826 ns, At safepoint: 7471 ns, Total: 86297 ns
[2020-02-28T01:49:33.065+0000][1][safepoint    ] Safepoint "RevokeBias", Time since last: 688208481 ns, Reaching safepoint: 67495 ns, At safepoint: 18060 ns, Total: 85555 ns
[2020-02-28T01:49:34.066+0000][1][safepoint    ] Safepoint "Cleanup", Time since last: 1000203966 ns, Reaching safepoint: 95703 ns, At safepoint: 7145 ns, Total: 102848 ns
[2020-02-28T01:49:35.066+0000][1][safepoint    ] Safepoint "Cleanup", Time since last: 1000350847 ns, Reaching safepoint: 88899 ns, At safepoint: 7141 ns, Total: 96040 ns
[2020-02-28T01:49:35.581+0000][1][gc,start     ] GC(30) Pause Young (Allocation Failure)
[2020-02-28T01:49:35.582+0000][1][gc,task      ] GC(30) Using 1 workers of 1 for evacuation
[2020-02-28T01:49:35.619+0000][1][gc,age       ] GC(30) Desired survivor size 4358144 bytes, new threshold 6 (max threshold 6)
[2020-02-28T01:49:35.619+0000][1][gc,age       ] GC(30) Age table with threshold 6 (max threshold 6)
[2020-02-28T01:49:35.620+0000][1][gc,age       ] GC(30) - age   1:     213896 bytes,     213896 total
[2020-02-28T01:49:35.620+0000][1][gc,age       ] GC(30) - age   2:    1676872 bytes,    1890768 total
[2020-02-28T01:49:35.620+0000][1][gc,age       ] GC(30) - age   3:    2050592 bytes,    3941360 total
[2020-02-28T01:49:35.620+0000][1][gc,heap      ] GC(30) ParNew: 74008K->4255K(76672K)
[2020-02-28T01:49:35.620+0000][1][gc,heap      ] GC(30) CMS: 58498K->58498K(963392K)
[2020-02-28T01:49:35.620+0000][1][gc,metaspace ] GC(30) Metaspace: 78031K->78031K(1120256K)
[2020-02-28T01:49:35.620+0000][1][gc           ] GC(30) Pause Young (Allocation Failure) 129M->61M(1015M) 38.159ms
[2020-02-28T01:49:35.620+0000][1][gc,cpu       ] GC(30) User=0.02s Sys=0.00s Real=0.04s
[2020-02-28T01:49:35.620+0000][1][safepoint    ] Safepoint "GenCollectForAllocation", Time since last: 515140047 ns, Reaching safepoint: 177871 ns, At safepoint: 38262234 ns, Total: 38440105 ns
[2020-02-28T01:49:35.633+0000][1][safepoint    ] Safepoint "RevokeBias", Time since last: 13389335 ns, Reaching safepoint: 74873 ns, At safepoint: 18895 ns, Total: 93768 ns
[2020-02-28T01:49:36.635+0000][1][safepoint    ] Safepoint "Cleanup", Time since last: 1001309588 ns, Reaching safepoint: 162291 ns, At safepoint: 8652 ns, Total: 170943 ns
[2020-02-28T01:49:37.635+0000][1][safepoint    ] Safepoint "Cleanup", Time since last: 1000192140 ns, Reaching safepoint: 101926 ns, At safepoint: 5911 ns, Total: 107837 ns
[2020-02-28T01:49:38.139+0000][1][safepoint    ] Safepoint "RevokeBias", Time since last: 503543105 ns, Reaching safepoint: 79599 ns, At safepoint: 57397 ns, Total: 136996 ns
[2020-02-28T01:49:39.139+0000][1][safepoint    ] Safepoint "Cleanup", Time since last: 1000595524 ns, Reaching safepoint: 80134 ns, At safepoint: 7727 ns, Total: 87861 ns
[2020-02-28T01:49:40.140+0000][1][safepoint    ] Safepoint "Cleanup", Time since last: 1000180249 ns, Reaching safepoint: 91198 ns, At safepoint: 8875 ns, Total: 100073 ns
[2020-02-28T01:49:40.648+0000][1][safepoint    ] Safepoint "RevokeBias", Time since last: 508139145 ns, Reaching safepoint: 114466 ns, At safepoint: 21839 ns, Total: 136305 ns
[2020-02-28T01:49:41.650+0000][1][safepoint    ] Safepoint "Cleanup", Time since last: 1001922768 ns, Reaching safepoint: 58759 ns, At safepoint: 6167 ns, Total: 64926 ns
[2020-02-28T01:49:42.651+0000][1][safepoint    ] Safepoint "Cleanup", Time since last: 1000578278 ns, Reaching safepoint: 89027 ns, At safepoint: 8322 ns, Total: 97349 ns
[2020-02-28T01:49:43.156+0000][1][safepoint    ] Safepoint "RevokeBias", Time since last: 504911204 ns, Reaching safepoint: 82546 ns, At safepoint: 20876 ns, Total: 103422 ns
[2020-02-28T01:49:44.156+0000][1][safepoint    ] Safepoint "Cleanup", Time since last: 1000249445 ns, Reaching safepoint: 99462 ns, At safepoint: 13447 ns, Total: 112909 ns
[2020-02-28T01:49:45.156+0000][1][safepoint    ] Safepoint "Cleanup", Time since last: 1000211597 ns, Reaching safepoint: 95018 ns, At safepoint: 8376 ns, Total: 103394 ns
[2020-02-28T01:49:45.667+0000][1][safepoint    ] Safepoint "RevokeBias", Time since last: 510551602 ns, Reaching safepoint: 85498 ns, At safepoint: 20817 ns, Total: 106315 ns
[2020-02-28T01:49:46.667+0000][1][safepoint    ] Safepoint "Cleanup", Time since last: 1000238015 ns, Reaching safepoint: 76255 ns, At safepoint: 6590 ns, Total: 82845 ns
[2020-02-28T01:49:47.668+0000][1][safepoint    ] Safepoint "Cleanup", Time since last: 1000485305 ns, Reaching safepoint: 84871 ns, At safepoint: 7839 ns, Total: 92710 ns
[2020-02-28T01:49:48.182+0000][1][safepoint    ] Safepoint "RevokeBias", Time since last: 514563211 ns, Reaching safepoint: 67642 ns, At safepoint: 17402 ns, Total: 85044 ns
[2020-02-28T01:49:49.183+0000][1][safepoint    ] Safepoint "Cleanup", Time since last: 1000295202 ns, Reaching safepoint: 93308 ns, At safepoint: 9600 ns, Total: 102908 ns
[2020-02-28T01:49:50.184+0000][1][safepoint    ] Safepoint "Cleanup", Time since last: 1001038216 ns, Reaching safepoint: 78265 ns, At safepoint: 7419 ns, Total: 85684 ns
[2020-02-28T01:49:50.696+0000][1][safepoint    ] Safepoint "RevokeBias", Time since last: 512352237 ns, Reaching safepoint: 74272 ns, At safepoint: 17994 ns, Total: 92266 ns
[2020-02-28T01:49:51.700+0000][1][safepoint    ] Safepoint "Cleanup", Time since last: 1003473436 ns, Reaching safepoint: 52025 ns, At safepoint: 6127 ns, Total: 58152 ns
[2020-02-28T01:49:52.702+0000][1][safepoint    ] Safepoint "Cleanup", Time since last: 1001673550 ns, Reaching safepoint: 76623 ns, At safepoint: 6423 ns, Total: 83046 ns
[2020-02-28T01:49:53.202+0000][1][safepoint    ] Safepoint "RevokeBias", Time since last: 500478648 ns, Reaching safepoint: 70194 ns, At safepoint: 18366 ns, Total: 88560 ns
[2020-02-28T01:49:54.203+0000][1][safepoint    ] Safepoint "Cleanup", Time since last: 1000303424 ns, Reaching safepoint: 90629 ns, At safepoint: 8292 ns, Total: 98921 ns
[2020-02-28T01:49:55.204+0000][1][safepoint    ] Safepoint "Cleanup", Time since last: 1000919974 ns, Reaching safepoint: 99734 ns, At safepoint: 9643 ns, Total: 109377 ns
[2020-02-28T01:49:55.709+0000][1][safepoint    ] Safepoint "RevokeBias", Time since last: 505668429 ns, Reaching safepoint: 80958 ns, At safepoint: 21038 ns, Total: 101996 ns
[2020-02-28T01:49:56.714+0000][1][safepoint    ] Safepoint "Cleanup", Time since last: 1004465717 ns, Reaching safepoint: 87662 ns, At safepoint: 5669 ns, Total: 93331 ns
[2020-02-28T01:49:57.714+0000][1][safepoint    ] Safepoint "Cleanup", Time since last: 1000128264 ns, Reaching safepoint: 86593 ns, At safepoint: 8030 ns, Total: 94623 ns
[2020-02-28T01:49:58.218+0000][1][safepoint    ] Safepoint "RevokeBias", Time since last: 503847214 ns, Reaching safepoint: 75742 ns, At safepoint: 19554 ns, Total: 95296 ns
[2020-02-28T01:49:59.219+0000][1][safepoint    ] Safepoint "Cleanup", Time since last: 1000227878 ns, Reaching safepoint: 92785 ns, At safepoint: 8384 ns, Total: 101169 ns
[2020-02-28T01:50:00.219+0000][1][safepoint    ] Safepoint "Cleanup", Time since last: 1000514715 ns, Reaching safepoint: 85931 ns, At safepoint: 8805 ns, Total: 94736 ns
[2020-02-28T01:50:00.731+0000][1][safepoint    ] Safepoint "BulkRevokeBias", Time since last: 511125938 ns, Reaching safepoint: 68193 ns, At safepoint: 261837 ns, Total: 330030 ns
[2020-02-28T01:50:01.731+0000][1][safepoint    ] Safepoint "Cleanup", Time since last: 1000652178 ns, Reaching safepoint: 102276 ns, At safepoint: 6135 ns, Total: 108411 ns
[2020-02-28T01:50:02.732+0000][1][safepoint    ] Safepoint "Cleanup", Time since last: 1000869205 ns, Reaching safepoint: 88770 ns, At safepoint: 8378 ns, Total: 97148 ns
[2020-02-28T01:50:03.239+0000][1][safepoint    ] Safepoint "RevokeBias", Time since last: 506525054 ns, Reaching safepoint: 78384 ns, At safepoint: 19971 ns, Total: 98355 ns
[2020-02-28T01:50:04.240+0000][1][safepoint    ] Safepoint "Cleanup", Time since last: 1000563541 ns, Reaching safepoint: 88099 ns, At safepoint: 8497 ns, Total: 96596 ns
[2020-02-28T01:50:05.240+0000][1][safepoint    ] Safepoint "Cleanup", Time since last: 1000628003 ns, Reaching safepoint: 92687 ns, At safepoint: 8377 ns, Total: 101064 ns
[2020-02-28T01:50:05.746+0000][1][safepoint    ] Safepoint "RevokeBias", Time since last: 505632360 ns, Reaching safepoint: 72411 ns, At safepoint: 18444 ns, Total: 90855 ns
[2020-02-28T01:50:06.748+0000][1][safepoint    ] Safepoint "Cleanup", Time since last: 1001377512 ns, Reaching safepoint: 133210 ns, At safepoint: 6252 ns, Total: 139462 ns
[2020-02-28T01:50:07.748+0000][1][safepoint    ] Safepoint "Cleanup", Time since last: 1000266192 ns, Reaching safepoint: 109692 ns, At safepoint: 8850 ns, Total: 118542 ns
[2020-02-28T01:50:08.253+0000][1][safepoint    ] Safepoint "RevokeBias", Time since last: 505096142 ns, Reaching safepoint: 77554 ns, At safepoint: 37898 ns, Total: 115452 ns
[2020-02-28T01:50:09.254+0000][1][safepoint    ] Safepoint "Cleanup", Time since last: 1000262031 ns, Reaching safepoint: 94843 ns, At safepoint: 9141 ns, Total: 103984 ns
[2020-02-28T01:50:10.254+0000][1][safepoint    ] Safepoint "Cleanup", Time since last: 1000620932 ns, Reaching safepoint: 89244 ns, At safepoint: 8606 ns, Total: 97850 ns
[2020-02-28T01:50:10.764+0000][1][safepoint    ] Safepoint "RevokeBias", Time since last: 510104815 ns, Reaching safepoint: 81251 ns, At safepoint: 18503 ns, Total: 99754 ns
[2020-02-28T01:50:11.770+0000][1][safepoint    ] Safepoint "Cleanup", Time since last: 1004929895 ns, Reaching safepoint: 109763 ns, At safepoint: 7755 ns, Total: 117518 ns
[2020-02-28T01:50:12.770+0000][1][safepoint    ] Safepoint "Cleanup", Time since last: 1000362878 ns, Reaching safepoint: 94571 ns, At safepoint: 11310 ns, Total: 105881 ns
[2020-02-28T01:50:13.269+0000][1][safepoint    ] Safepoint "RevokeBias", Time since last: 499288148 ns, Reaching safepoint: 78114 ns, At safepoint: 19684 ns, Total: 97798 ns
[2020-02-28T01:50:14.270+0000][1][safepoint    ] Safepoint "Cleanup", Time since last: 1000738293 ns, Reaching safepoint: 92487 ns, At safepoint: 11182 ns, Total: 103669 ns
[2020-02-28T01:50:15.271+0000][1][safepoint    ] Safepoint "Cleanup", Time since last: 1000429173 ns, Reaching safepoint: 90257 ns, At safepoint: 8228 ns, Total: 98485 ns
[2020-02-28T01:50:15.780+0000][1][safepoint    ] Safepoint "RevokeBias", Time since last: 509006760 ns, Reaching safepoint: 68243 ns, At safepoint: 16815 ns, Total: 85058 ns
[2020-02-28T01:50:16.785+0000][1][safepoint    ] Safepoint "Cleanup", Time since last: 1005353049 ns, Reaching safepoint: 155794 ns, At safepoint: 21156 ns, Total: 176950 ns
[2020-02-28T01:50:17.786+0000][1][safepoint    ] Safepoint "Cleanup", Time since last: 1000425929 ns, Reaching safepoint: 85996 ns, At safepoint: 7358 ns, Total: 93354 ns
[2020-02-28T01:50:18.292+0000][1][safepoint    ] Safepoint "RevokeBias", Time since last: 506169790 ns, Reaching safepoint: 89784 ns, At safepoint: 21398 ns, Total: 111182 ns
[2020-02-28T01:50:19.293+0000][1][safepoint    ] Safepoint "Cleanup", Time since last: 1000381238 ns, Reaching safepoint: 96279 ns, At safepoint: 7152 ns, Total: 103431 ns
[2020-02-28T01:50:20.293+0000][1][safepoint    ] Safepoint "Cleanup", Time since last: 1000639899 ns, Reaching safepoint: 103977 ns, At safepoint: 7662 ns, Total: 111639 ns
[2020-02-28T01:50:20.801+0000][1][safepoint    ] Safepoint "RevokeBias", Time since last: 507870272 ns, Reaching safepoint: 81917 ns, At safepoint: 21208 ns, Total: 103125 ns
[2020-02-28T01:50:21.806+0000][1][safepoint    ] Safepoint "Cleanup", Time since last: 1004582047 ns, Reaching safepoint: 59397 ns, At safepoint: 6813 ns, Total: 66210 ns
[2020-02-28T01:50:22.807+0000][1][safepoint    ] Safepoint "Cleanup", Time since last: 1000659863 ns, Reaching safepoint: 77412 ns, At safepoint: 8161 ns, Total: 85573 ns
[2020-02-28T01:50:23.308+0000][1][safepoint    ] Safepoint "RevokeBias", Time since last: 501397886 ns, Reaching safepoint: 82323 ns, At safepoint: 21435 ns, Total: 103758 ns
[2020-02-28T01:50:24.309+0000][1][safepoint    ] Safepoint "Cleanup", Time since last: 1001020148 ns, Reaching safepoint: 80235 ns, At safepoint: 7394 ns, Total: 87629 ns
[2020-02-28T01:50:25.310+0000][1][safepoint    ] Safepoint "Cleanup", Time since last: 1001001364 ns, Reaching safepoint: 85186 ns, At safepoint: 8790 ns, Total: 93976 ns
[2020-02-28T01:50:25.815+0000][1][safepoint    ] Safepoint "RevokeBias", Time since last: 504378624 ns, Reaching safepoint: 84170 ns, At safepoint: 20974 ns, Total: 105144 ns
[2020-02-28T01:50:26.815+0000][1][safepoint    ] Safepoint "Cleanup", Time since last: 1000345065 ns, Reaching safepoint: 89554 ns, At safepoint: 7782 ns, Total: 97336 ns
[2020-02-28T01:50:27.816+0000][1][safepoint    ] Safepoint "Cleanup", Time since last: 1000886885 ns, Reaching safepoint: 84622 ns, At safepoint: 7428 ns, Total: 92050 ns
[2020-02-28T01:50:28.322+0000][1][safepoint    ] Safepoint "RevokeBias", Time since last: 505837714 ns, Reaching safepoint: 74371 ns, At safepoint: 18415 ns, Total: 92786 ns
[2020-02-28T01:50:29.323+0000][1][safepoint    ] Safepoint "Cleanup", Time since last: 1000817280 ns, Reaching safepoint: 93716 ns, At safepoint: 9547 ns, Total: 103263 ns
[2020-02-28T01:50:30.324+0000][1][safepoint    ] Safepoint "Cleanup", Time since last: 1000232919 ns, Reaching safepoint: 73007 ns, At safepoint: 5423 ns, Total: 78430 ns
[2020-02-28T01:50:30.835+0000][1][safepoint    ] Safepoint "RevokeBias", Time since last: 510945429 ns, Reaching safepoint: 71064 ns, At safepoint: 17532 ns, Total: 88596 ns
[2020-02-28T01:50:31.835+0000][1][safepoint    ] Safepoint "Cleanup", Time since last: 1000194645 ns, Reaching safepoint: 94230 ns, At safepoint: 9774 ns, Total: 104004 ns
[2020-02-28T01:50:32.836+0000][1][safepoint    ] Safepoint "Cleanup", Time since last: 1001091471 ns, Reaching safepoint: 93274 ns, At safepoint: 8874 ns, Total: 102148 ns
[2020-02-28T01:50:33.344+0000][1][safepoint    ] Safepoint "RevokeBias", Time since last: 508284182 ns, Reaching safepoint: 84744 ns, At safepoint: 21540 ns, Total: 106284 ns
[2020-02-28T01:50:34.345+0000][1][safepoint    ] Safepoint "Cleanup", Time since last: 1000568388 ns, Reaching safepoint: 94482 ns, At safepoint: 9227 ns, Total: 103709 ns
[2020-02-28T01:50:35.346+0000][1][safepoint    ] Safepoint "Cleanup", Time since last: 1001127976 ns, Reaching safepoint: 87415 ns, At safepoint: 8496 ns, Total: 95911 ns
[2020-02-28T01:50:35.852+0000][1][safepoint    ] Safepoint "RevokeBias", Time since last: 505526017 ns, Reaching safepoint: 85692 ns, At safepoint: 21230 ns, Total: 106922 ns
[2020-02-28T01:50:36.854+0000][1][safepoint    ] Safepoint "Cleanup", Time since last: 1001560442 ns, Reaching safepoint: 76811 ns, At safepoint: 6312 ns, Total: 83123 ns
[2020-02-28T01:50:37.857+0000][1][safepoint    ] Safepoint "Cleanup", Time since last: 1003588805 ns, Reaching safepoint: 91027 ns, At safepoint: 6686 ns, Total: 97713 ns
[2020-02-28T01:50:38.376+0000][1][safepoint    ] Safepoint "RevokeBias", Time since last: 518740764 ns, Reaching safepoint: 74666 ns, At safepoint: 30930 ns, Total: 105596 ns
[2020-02-28T01:50:39.376+0000][1][safepoint    ] Safepoint "Cleanup", Time since last: 1000242174 ns, Reaching safepoint: 81112 ns, At safepoint: 7518 ns, Total: 88630 ns
[2020-02-28T01:50:40.380+0000][1][safepoint    ] Safepoint "Cleanup", Time since last: 1002909437 ns, Reaching safepoint: 721919 ns, At safepoint: 8831 ns, Total: 730750 ns
[2020-02-28T01:50:40.884+0000][1][safepoint    ] Safepoint "RevokeBias", Time since last: 504262824 ns, Reaching safepoint: 77147 ns, At safepoint: 18395 ns, Total: 95542 ns
[2020-02-28T01:50:41.885+0000][1][safepoint    ] Safepoint "Cleanup", Time since last: 1000291964 ns, Reaching safepoint: 81232 ns, At safepoint: 8162 ns, Total: 89394 ns
[2020-02-28T01:50:42.885+0000][1][safepoint    ] Safepoint "Cleanup", Time since last: 1000258441 ns, Reaching safepoint: 80232 ns, At safepoint: 6513 ns, Total: 86745 ns
[2020-02-28T01:50:43.396+0000][1][safepoint    ] Safepoint "RevokeBias", Time since last: 510727510 ns, Reaching safepoint: 53311 ns, At safepoint: 16697 ns, Total: 70008 ns
[2020-02-28T01:50:44.396+0000][1][safepoint    ] Safepoint "Cleanup", Time since last: 1000188047 ns, Reaching safepoint: 85230 ns, At safepoint: 5274 ns, Total: 90504 ns
[2020-02-28T01:50:45.397+0000][1][safepoint    ] Safepoint "Cleanup", Time since last: 1000301214 ns, Reaching safepoint: 96666 ns, At safepoint: 8668 ns, Total: 105334 ns
[2020-02-28T01:50:45.905+0000][1][safepoint    ] Safepoint "RevokeBias", Time since last: 508589771 ns, Reaching safepoint: 100783 ns, At safepoint: 22870 ns, Total: 123653 ns
[2020-02-28T01:50:46.906+0000][1][safepoint    ] Safepoint "Cleanup", Time since last: 1000271002 ns, Reaching safepoint: 92716 ns, At safepoint: 9341 ns, Total: 102057 ns
[2020-02-28T01:50:47.907+0000][1][safepoint    ] Safepoint "Cleanup", Time since last: 1001326363 ns, Reaching safepoint: 92515 ns, At safepoint: 6424 ns, Total: 98939 ns
[2020-02-28T01:50:48.421+0000][1][safepoint    ] Safepoint "RevokeBias", Time since last: 513471515 ns, Reaching safepoint: 70606 ns, At safepoint: 17642 ns, Total: 88248 ns
[2020-02-28T01:50:49.421+0000][1][safepoint    ] Safepoint "Cleanup", Time since last: 1000601936 ns, Reaching safepoint: 84673 ns, At safepoint: 8781 ns, Total: 93454 ns
[2020-02-28T01:50:50.422+0000][1][safepoint    ] Safepoint "Cleanup", Time since last: 1000366275 ns, Reaching safepoint: 74597 ns, At safepoint: 6797 ns, Total: 81394 ns
[2020-02-28T01:50:50.935+0000][1][safepoint    ] Safepoint "RevokeBias", Time since last: 512851186 ns, Reaching safepoint: 89627 ns, At safepoint: 20820 ns, Total: 110447 ns
[2020-02-28T01:50:51.935+0000][1][safepoint    ] Safepoint "Cleanup", Time since last: 1000164996 ns, Reaching safepoint: 85732 ns, At safepoint: 9051 ns, Total: 94783 ns
[2020-02-28T01:50:52.935+0000][1][safepoint    ] Safepoint "Cleanup", Time since last: 1000139309 ns, Reaching safepoint: 91039 ns, At safepoint: 8842 ns, Total: 99881 ns
[2020-02-28T01:50:53.454+0000][1][safepoint    ] Safepoint "RevokeBias", Time since last: 518154392 ns, Reaching safepoint: 72246 ns, At safepoint: 18143 ns, Total: 90389 ns
[2020-02-28T01:50:54.455+0000][1][safepoint    ] Safepoint "Cleanup", Time since last: 1001112033 ns, Reaching safepoint: 88827 ns, At safepoint: 8287 ns, Total: 97114 ns
[2020-02-28T01:50:55.456+0000][1][safepoint    ] Safepoint "Cleanup", Time since last: 1000839856 ns, Reaching safepoint: 85549 ns, At safepoint: 8367 ns, Total: 93916 ns
[2020-02-28T01:50:55.977+0000][1][safepoint    ] Safepoint "RevokeBias", Time since last: 521525585 ns, Reaching safepoint: 72894 ns, At safepoint: 17095 ns, Total: 89989 ns
[2020-02-28T01:50:56.978+0000][1][safepoint    ] Safepoint "Cleanup", Time since last: 1000535159 ns, Reaching safepoint: 96294 ns, At safepoint: 9841 ns, Total: 106135 ns
[2020-02-28T01:50:57.979+0000][1][safepoint    ] Safepoint "Cleanup", Time since last: 1000426052 ns, Reaching safepoint: 88798 ns, At safepoint: 8357 ns, Total: 97155 ns
[2020-02-28T01:50:58.493+0000][1][safepoint    ] Safepoint "RevokeBias", Time since last: 514902279 ns, Reaching safepoint: 71160 ns, At safepoint: 17527 ns, Total: 88687 ns
[2020-02-28T01:50:59.495+0000][1][safepoint    ] Safepoint "Cleanup", Time since last: 1001020365 ns, Reaching safepoint: 95184 ns, At safepoint: 8237 ns, Total: 103421 ns
[2020-02-28T01:51:00.495+0000][1][safepoint    ] Safepoint "Cleanup", Time since last: 1000295535 ns, Reaching safepoint: 94614 ns, At safepoint: 9753 ns, Total: 104367 ns
[2020-02-28T01:51:01.004+0000][1][safepoint    ] Safepoint "RevokeBias", Time since last: 508657160 ns, Reaching safepoint: 82202 ns, At safepoint: 21016 ns, Total: 103218 ns
[2020-02-28T01:51:02.005+0000][1][safepoint    ] Safepoint "Cleanup", Time since last: 1000700821 ns, Reaching safepoint: 88372 ns, At safepoint: 8324 ns, Total: 96696 ns
[2020-02-28T01:51:03.006+0000][1][safepoint    ] Safepoint "Cleanup", Time since last: 1000844411 ns, Reaching safepoint: 89410 ns, At safepoint: 8433 ns, Total: 97843 ns
[2020-02-28T01:51:03.520+0000][1][safepoint    ] Safepoint "RevokeBias", Time since last: 514313517 ns, Reaching safepoint: 69245 ns, At safepoint: 17072 ns, Total: 86317 ns
[2020-02-28T01:51:04.521+0000][1][safepoint    ] Safepoint "Cleanup", Time since last: 1001012495 ns, Reaching safepoint: 93438 ns, At safepoint: 9887 ns, Total: 103325 ns
[2020-02-28T01:51:05.522+0000][1][safepoint    ] Safepoint "Cleanup", Time since last: 1001023660 ns, Reaching safepoint: 89236 ns, At safepoint: 9746 ns, Total: 98982 ns
[2020-02-28T01:51:06.038+0000][1][safepoint    ] Safepoint "RevokeBias", Time since last: 516069337 ns, Reaching safepoint: 91312 ns, At safepoint: 22463 ns, Total: 113775 ns
[2020-02-28T01:51:07.039+0000][1][safepoint    ] Safepoint "Cleanup", Time since last: 1000922514 ns, Reaching safepoint: 89678 ns, At safepoint: 7910 ns, Total: 97588 ns
[2020-02-28T01:51:08.040+0000][1][safepoint    ] Safepoint "Cleanup", Time since last: 1000889508 ns, Reaching safepoint: 114176 ns, At safepoint: 9090 ns, Total: 123266 ns
[2020-02-28T01:51:08.554+0000][1][safepoint    ] Safepoint "RevokeBias", Time since last: 513226506 ns, Reaching safepoint: 51248 ns, At safepoint: 15437 ns, Total: 66685 ns
[2020-02-28T01:51:09.555+0000][1][safepoint    ] Safepoint "Cleanup", Time since last: 1000959787 ns, Reaching safepoint: 78785 ns, At safepoint: 7379 ns, Total: 86164 ns
[2020-02-28T01:51:10.555+0000][1][safepoint    ] Safepoint "Cleanup", Time since last: 1000636469 ns, Reaching safepoint: 97194 ns, At safepoint: 9547 ns, Total: 106741 ns
[2020-02-28T01:51:11.063+0000][1][safepoint    ] Safepoint "RevokeBias", Time since last: 507058099 ns, Reaching safepoint: 75157 ns, At safepoint: 18975 ns, Total: 94132 ns
[2020-02-28T01:51:12.063+0000][1][safepoint    ] Safepoint "Cleanup", Time since last: 1000638092 ns, Reaching safepoint: 95037 ns, At safepoint: 8024 ns, Total: 103061 ns
[2020-02-28T01:51:13.064+0000][1][safepoint    ] Safepoint "Cleanup", Time since last: 1000673443 ns, Reaching safepoint: 88559 ns, At safepoint: 7279 ns, Total: 95838 ns
[2020-02-28T01:51:13.571+0000][1][safepoint    ] Safepoint "BulkRevokeBias", Time since last: 506596286 ns, Reaching safepoint: 49258 ns, At safepoint: 152680 ns, Total: 201938 ns
[2020-02-28T01:51:14.572+0000][1][safepoint    ] Safepoint "Cleanup", Time since last: 1000826470 ns, Reaching safepoint: 82859 ns, At safepoint: 7642 ns, Total: 90501 ns
[2020-02-28T01:51:15.572+0000][1][safepoint    ] Safepoint "Cleanup", Time since last: 1000412475 ns, Reaching safepoint: 90089 ns, At safepoint: 8779 ns, Total: 98868 ns
[2020-02-28T01:51:16.081+0000][1][safepoint    ] Safepoint "RevokeBias", Time since last: 508776848 ns, Reaching safepoint: 84119 ns, At safepoint: 53795 ns, Total: 137914 ns
[2020-02-28T01:51:17.082+0000][1][safepoint    ] Safepoint "Cleanup", Time since last: 1000314518 ns, Reaching safepoint: 230267 ns, At safepoint: 20779 ns, Total: 251046 ns
[2020-02-28T01:51:18.083+0000][1][safepoint    ] Safepoint "Cleanup", Time since last: 1000698882 ns, Reaching safepoint: 87492 ns, At safepoint: 8457 ns, Total: 95949 ns
[2020-02-28T01:51:18.609+0000][1][safepoint    ] Safepoint "RevokeBias", Time since last: 525906965 ns, Reaching safepoint: 73365 ns, At safepoint: 17170 ns, Total: 90535 ns
[2020-02-28T01:51:19.609+0000][1][safepoint    ] Safepoint "Cleanup", Time since last: 1000451827 ns, Reaching safepoint: 91946 ns, At safepoint: 8251 ns, Total: 100197 ns
[2020-02-28T01:51:20.610+0000][1][safepoint    ] Safepoint "Cleanup", Time since last: 1000733977 ns, Reaching safepoint: 88892 ns, At safepoint: 9004 ns, Total: 97896 ns
[2020-02-28T01:51:21.122+0000][1][safepoint    ] Safepoint "RevokeBias", Time since last: 511952228 ns, Reaching safepoint: 89012 ns, At safepoint: 21142 ns, Total: 110154 ns
[2020-02-28T01:51:22.122+0000][1][safepoint    ] Safepoint "Cleanup", Time since last: 1000326004 ns, Reaching safepoint: 76396 ns, At safepoint: 6494 ns, Total: 82890 ns
[2020-02-28T01:51:23.123+0000][1][safepoint    ] Safepoint "Cleanup", Time since last: 1000322534 ns, Reaching safepoint: 109379 ns, At safepoint: 8099 ns, Total: 117478 ns
[2020-02-28T01:51:23.629+0000][1][safepoint    ] Safepoint "RevokeBias", Time since last: 505727515 ns, Reaching safepoint: 173883 ns, At safepoint: 54768 ns, Total: 228651 ns
[2020-02-28T01:51:24.629+0000][1][safepoint    ] Safepoint "Cleanup", Time since last: 1000493535 ns, Reaching safepoint: 60437 ns, At safepoint: 6919 ns, Total: 67356 ns
[2020-02-28T01:51:25.630+0000][1][safepoint    ] Safepoint "Cleanup", Time since last: 1000395771 ns, Reaching safepoint: 91120 ns, At safepoint: 7981 ns, Total: 99101 ns
[2020-02-28T01:51:26.137+0000][1][safepoint    ] Safepoint "RevokeBias", Time since last: 506896534 ns, Reaching safepoint: 76681 ns, At safepoint: 17709 ns, Total: 94390 ns
[2020-02-28T01:51:27.137+0000][1][safepoint    ] Safepoint "Cleanup", Time since last: 1000418995 ns, Reaching safepoint: 85595 ns, At safepoint: 8285 ns, Total: 93880 ns
[2020-02-28T01:51:28.139+0000][1][safepoint    ] Safepoint "Cleanup", Time since last: 1001011178 ns, Reaching safepoint: 87766 ns, At safepoint: 8067 ns, Total: 95833 ns
[2020-02-28T01:51:28.644+0000][1][safepoint    ] Safepoint "RevokeBias", Time since last: 504917302 ns, Reaching safepoint: 92867 ns, At safepoint: 20451 ns, Total: 113318 ns
[2020-02-28T01:51:29.648+0000][1][safepoint    ] Safepoint "Cleanup", Time since last: 1004734719 ns, Reaching safepoint: 65336 ns, At safepoint: 6473 ns, Total: 71809 ns
[2020-02-28T01:51:30.649+0000][1][safepoint    ] Safepoint "Cleanup", Time since last: 1000691676 ns, Reaching safepoint: 93116 ns, At safepoint: 7730 ns, Total: 100846 ns
[2020-02-28T01:51:31.151+0000][1][safepoint    ] Safepoint "RevokeBias", Time since last: 501867837 ns, Reaching safepoint: 67755 ns, At safepoint: 16827 ns, Total: 84582 ns
[2020-02-28T01:51:32.152+0000][1][safepoint    ] Safepoint "Cleanup", Time since last: 1000799336 ns, Reaching safepoint: 89747 ns, At safepoint: 9083 ns, Total: 98830 ns
[2020-02-28T01:51:33.153+0000][1][safepoint    ] Safepoint "Cleanup", Time since last: 1000840043 ns, Reaching safepoint: 96789 ns, At safepoint: 9071 ns, Total: 105860 ns
[2020-02-28T01:51:33.656+0000][1][safepoint    ] Safepoint "RevokeBias", Time since last: 503142523 ns, Reaching safepoint: 82243 ns, At safepoint: 20491 ns, Total: 102734 ns
[2020-02-28T01:51:34.660+0000][1][safepoint    ] Safepoint "Cleanup", Time since last: 1003560727 ns, Reaching safepoint: 73438 ns, At safepoint: 6377 ns, Total: 79815 ns
[2020-02-28T01:51:35.660+0000][1][safepoint    ] Safepoint "Cleanup", Time since last: 1000342099 ns, Reaching safepoint: 91349 ns, At safepoint: 9293 ns, Total: 100642 ns
[2020-02-28T01:51:36.161+0000][1][safepoint    ] Safepoint "RevokeBias", Time since last: 501075907 ns, Reaching safepoint: 87272 ns, At safepoint: 20754 ns, Total: 108026 ns
[2020-02-28T01:51:37.163+0000][1][safepoint    ] Safepoint "Cleanup", Time since last: 1001015441 ns, Reaching safepoint: 74056 ns, At safepoint: 6558 ns, Total: 80614 ns
[2020-02-28T01:51:38.163+0000][1][safepoint    ] Safepoint "Cleanup", Time since last: 1000195842 ns, Reaching safepoint: 96482 ns, At safepoint: 6629 ns, Total: 103111 ns
[2020-02-28T01:51:38.671+0000][1][safepoint    ] Safepoint "RevokeBias", Time since last: 508032632 ns, Reaching safepoint: 82300 ns, At safepoint: 20058 ns, Total: 102358 ns
[2020-02-28T01:51:39.682+0000][1][safepoint    ] Safepoint "Cleanup", Time since last: 1010703370 ns, Reaching safepoint: 149561 ns, At safepoint: 25466 ns, Total: 175027 ns
[2020-02-28T01:51:40.683+0000][1][safepoint    ] Safepoint "Cleanup", Time since last: 1000615974 ns, Reaching safepoint: 102974 ns, At safepoint: 9505 ns, Total: 112479 ns
[2020-02-28T01:51:41.181+0000][1][safepoint    ] Safepoint "RevokeBias", Time since last: 498078261 ns, Reaching safepoint: 72267 ns, At safepoint: 16279 ns, Total: 88546 ns
[2020-02-28T01:51:42.182+0000][1][safepoint    ] Safepoint "Cleanup", Time since last: 1000707952 ns, Reaching safepoint: 83591 ns, At safepoint: 7923 ns, Total: 91514 ns
[2020-02-28T01:51:43.183+0000][1][safepoint    ] Safepoint "Cleanup", Time since last: 1000932156 ns, Reaching safepoint: 90418 ns, At safepoint: 8450 ns, Total: 98868 ns
[2020-02-28T01:51:43.687+0000][1][safepoint    ] Safepoint "RevokeBias", Time since last: 504154958 ns, Reaching safepoint: 81546 ns, At safepoint: 20548 ns, Total: 102094 ns
[2020-02-28T01:51:44.689+0000][1][safepoint    ] Safepoint "Cleanup", Time since last: 1002228484 ns, Reaching safepoint: 78379 ns, At safepoint: 6440 ns, Total: 84819 ns
[2020-02-28T01:51:45.690+0000][1][safepoint    ] Safepoint "Cleanup", Time since last: 1001099423 ns, Reaching safepoint: 81279 ns, At safepoint: 6492 ns, Total: 87771 ns
[2020-02-28T01:51:46.198+0000][1][safepoint    ] Safepoint "RevokeBias", Time since last: 507252841 ns, Reaching safepoint: 70376 ns, At safepoint: 17529 ns, Total: 87905 ns
[2020-02-28T01:51:47.199+0000][1][safepoint    ] Safepoint "Cleanup", Time since last: 1000746411 ns, Reaching safepoint: 80077 ns, At safepoint: 6927 ns, Total: 87004 ns
[2020-02-28T01:51:48.199+0000][1][safepoint    ] Safepoint "Cleanup", Time since last: 1000719646 ns, Reaching safepoint: 76868 ns, At safepoint: 7157 ns, Total: 84025 ns
[2020-02-28T01:51:48.706+0000][1][safepoint    ] Safepoint "RevokeBias", Time since last: 506788119 ns, Reaching safepoint: 84072 ns, At safepoint: 21670 ns, Total: 105742 ns
[2020-02-28T01:51:49.707+0000][1][safepoint    ] Safepoint "Cleanup", Time since last: 1000776854 ns, Reaching safepoint: 53905 ns, At safepoint: 5487 ns, Total: 59392 ns
[2020-02-28T01:51:50.708+0000][1][safepoint    ] Safepoint "Cleanup", Time since last: 1000661778 ns, Reaching safepoint: 100685 ns, At safepoint: 9510 ns, Total: 110195 ns
[2020-02-28T01:51:51.216+0000][1][safepoint    ] Safepoint "RevokeBias", Time since last: 508517315 ns, Reaching safepoint: 74255 ns, At safepoint: 17456 ns, Total: 91711 ns
[2020-02-28T01:51:52.178+0000][1][gc,start     ] GC(31) Pause Young (Allocation Failure)
[2020-02-28T01:51:52.178+0000][1][gc,task      ] GC(31) Using 1 workers of 1 for evacuation
[2020-02-28T01:51:52.207+0000][1][gc,age       ] GC(31) Desired survivor size 4358144 bytes, new threshold 6 (max threshold 6)
[2020-02-28T01:51:52.207+0000][1][gc,age       ] GC(31) Age table with threshold 6 (max threshold 6)
[2020-02-28T01:51:52.207+0000][1][gc,age       ] GC(31) - age   1:      18712 bytes,      18712 total
[2020-02-28T01:51:52.207+0000][1][gc,age       ] GC(31) - age   2:     200216 bytes,     218928 total
[2020-02-28T01:51:52.207+0000][1][gc,age       ] GC(31) - age   3:    1676872 bytes,    1895800 total
[2020-02-28T01:51:52.207+0000][1][gc,age       ] GC(31) - age   4:    2050592 bytes,    3946392 total
[2020-02-28T01:51:52.207+0000][1][gc,heap      ] GC(31) ParNew: 72415K->3950K(76672K)
[2020-02-28T01:51:52.207+0000][1][gc,heap      ] GC(31) CMS: 58498K->58498K(963392K)
[2020-02-28T01:51:52.207+0000][1][gc,metaspace ] GC(31) Metaspace: 78266K->78266K(1122304K)
[2020-02-28T01:51:52.207+0000][1][gc           ] GC(31) Pause Young (Allocation Failure) 127M->60M(1015M) 28.637ms
[2020-02-28T01:51:52.207+0000][1][gc,cpu       ] GC(31) User=0.02s Sys=0.00s Real=0.02s
[2020-02-28T01:51:52.207+0000][1][safepoint    ] Safepoint "GenCollectForAllocation", Time since last: 961385810 ns, Reaching safepoint: 173024 ns, At safepoint: 28723615 ns, Total: 28896639 ns
[2020-02-28T01:51:53.207+0000][1][safepoint    ] Safepoint "Cleanup", Time since last: 1000576481 ns, Reaching safepoint: 81508 ns, At safepoint: 8110 ns, Total: 89618 ns
[2020-02-28T01:51:53.722+0000][1][safepoint    ] Safepoint "RevokeBias", Time since last: 514233477 ns, Reaching safepoint: 82524 ns, At safepoint: 20912 ns, Total: 103436 ns
[2020-02-28T01:51:54.722+0000][1][safepoint    ] Safepoint "Cleanup", Time since last: 1000352251 ns, Reaching safepoint: 58489 ns, At safepoint: 6227 ns, Total: 64716 ns
[2020-02-28T01:51:55.723+0000][1][safepoint    ] Safepoint "Cleanup", Time since last: 1000537757 ns, Reaching safepoint: 85402 ns, At safepoint: 8011 ns, Total: 93413 ns
[2020-02-28T01:51:56.228+0000][1][safepoint    ] Safepoint "RevokeBias", Time since last: 505337154 ns, Reaching safepoint: 113689 ns, At safepoint: 19393 ns, Total: 133082 ns
[2020-02-28T01:51:57.229+0000][1][safepoint    ] Safepoint "Cleanup", Time since last: 1000448177 ns, Reaching safepoint: 82636 ns, At safepoint: 6528 ns, Total: 89164 ns
[2020-02-28T01:51:58.230+0000][1][safepoint    ] Safepoint "Cleanup", Time since last: 1000674886 ns, Reaching safepoint: 85377 ns, At safepoint: 7037 ns, Total: 92414 ns
[2020-02-28T01:51:58.736+0000][1][safepoint    ] Safepoint "RevokeBias", Time since last: 505986793 ns, Reaching safepoint: 83118 ns, At safepoint: 20392 ns, Total: 103510 ns
[2020-02-28T01:51:59.736+0000][1][safepoint    ] Safepoint "Cleanup", Time since last: 1000459173 ns, Reaching safepoint: 79982 ns, At safepoint: 8166 ns, Total: 88148 ns
[2020-02-28T01:52:00.737+0000][1][safepoint    ] Safepoint "Cleanup", Time since last: 1000656544 ns, Reaching safepoint: 78713 ns, At safepoint: 7122 ns, Total: 85835 ns
[2020-02-28T01:52:01.242+0000][1][safepoint    ] Safepoint "RevokeBias", Time since last: 504847053 ns, Reaching safepoint: 57506 ns, At safepoint: 18521 ns, Total: 76027 ns
[2020-02-28T01:52:02.242+0000][1][safepoint    ] Safepoint "Cleanup", Time since last: 1000420380 ns, Reaching safepoint: 76298 ns, At safepoint: 6749 ns, Total: 83047 ns
[2020-02-28T01:52:03.243+0000][1][safepoint    ] Safepoint "Cleanup", Time since last: 1000618137 ns, Reaching safepoint: 92328 ns, At safepoint: 9315 ns, Total: 101643 ns
[2020-02-28T01:52:03.756+0000][1][safepoint    ] Safepoint "RevokeBias", Time since last: 512493914 ns, Reaching safepoint: 70181 ns, At safepoint: 29924 ns, Total: 100105 ns
[2020-02-28T01:52:04.488+0000][1][safepoint    ] Safepoint "RevokeBias", Time since last: 732108259 ns, Reaching safepoint: 82687 ns, At safepoint: 9262 ns, Total: 91949 ns
[2020-02-28T01:52:04.491+0000][1][safepoint    ] Safepoint "RevokeBias", Time since last: 3308249 ns, Reaching safepoint: 78154 ns, At safepoint: 20099 ns, Total: 98253 ns
[2020-02-28T01:52:04.561+0000][1][safepoint    ] Safepoint "RevokeBias", Time since last: 69738872 ns, Reaching safepoint: 85325 ns, At safepoint: 20269 ns, Total: 105594 ns
[2020-02-28T01:52:04.562+0000][1][safepoint    ] Safepoint "RevokeBias", Time since last: 1209899 ns, Reaching safepoint: 70027 ns, At safepoint: 17578 ns, Total: 87605 ns
[2020-02-28T01:52:05.565+0000][1][safepoint    ] Safepoint "Cleanup", Time since last: 1002787338 ns, Reaching safepoint: 78666 ns, At safepoint: 5874 ns, Total: 84540 ns
[2020-02-28T01:52:06.262+0000][1][safepoint    ] Safepoint "RevokeBias", Time since last: 696778919 ns, Reaching safepoint: 87407 ns, At safepoint: 20443 ns, Total: 107850 ns
[2020-02-28T01:52:07.263+0000][1][safepoint    ] Safepoint "Cleanup", Time since last: 1001203265 ns, Reaching safepoint: 83389 ns, At safepoint: 7576 ns, Total: 90965 ns
[2020-02-28T01:52:08.264+0000][1][safepoint    ] Safepoint "Cleanup", Time since last: 1000603456 ns, Reaching safepoint: 99414 ns, At safepoint: 7081 ns, Total: 106495 ns
[2020-02-28T01:52:08.770+0000][1][safepoint    ] Safepoint "RevokeBias", Time since last: 506127511 ns, Reaching safepoint: 73751 ns, At safepoint: 17663 ns, Total: 91414 ns
[2020-02-28T01:52:09.772+0000][1][safepoint    ] Safepoint "Cleanup", Time since last: 1001142784 ns, Reaching safepoint: 94770 ns, At safepoint: 10198 ns, Total: 104968 ns
[2020-02-28T01:52:10.773+0000][1][safepoint    ] Safepoint "Cleanup", Time since last: 1001490624 ns, Reaching safepoint: 59926 ns, At safepoint: 5880 ns, Total: 65806 ns
[2020-02-28T01:52:11.286+0000][1][safepoint    ] Safepoint "RevokeBias", Time since last: 512690376 ns, Reaching safepoint: 148170 ns, At safepoint: 23192 ns, Total: 171362 ns
[2020-02-28T01:52:12.287+0000][1][safepoint    ] Safepoint "Cleanup", Time since last: 1000992395 ns, Reaching safepoint: 211966 ns, At safepoint: 21457 ns, Total: 233423 ns
[2020-02-28T01:52:13.288+0000][1][safepoint    ] Safepoint "Cleanup", Time since last: 1000603348 ns, Reaching safepoint: 92604 ns, At safepoint: 7138 ns, Total: 99742 ns
[2020-02-28T01:52:13.796+0000][1][safepoint    ] Safepoint "RevokeBias", Time since last: 507522003 ns, Reaching safepoint: 82095 ns, At safepoint: 18542 ns, Total: 100637 ns
[2020-02-28T01:52:14.797+0000][1][safepoint    ] Safepoint "Cleanup", Time since last: 1000873930 ns, Reaching safepoint: 91617 ns, At safepoint: 8672 ns, Total: 100289 ns
[2020-02-28T01:52:15.800+0000][1][safepoint    ] Safepoint "Cleanup", Time since last: 1003012553 ns, Reaching safepoint: 96808 ns, At safepoint: 6364 ns, Total: 103172 ns
[2020-02-28T01:52:16.306+0000][1][safepoint    ] Safepoint "RevokeBias", Time since last: 504867832 ns, Reaching safepoint: 1207217 ns, At safepoint: 23215 ns, Total: 1230432 ns
[2020-02-28T01:52:17.306+0000][1][safepoint    ] Safepoint "Cleanup", Time since last: 1000237050 ns, Reaching safepoint: 166237 ns, At safepoint: 4971 ns, Total: 171208 ns
[2020-02-28T01:52:18.310+0000][1][safepoint    ] Safepoint "Cleanup", Time since last: 1003149631 ns, Reaching safepoint: 187038 ns, At safepoint: 7187 ns, Total: 194225 ns
[2020-02-28T01:52:18.811+0000][1][safepoint    ] Safepoint "RevokeBias", Time since last: 501692922 ns, Reaching safepoint: 89789 ns, At safepoint: 21235 ns, Total: 111024 ns
[2020-02-28T01:52:19.812+0000][1][safepoint    ] Safepoint "Cleanup", Time since last: 1000314201 ns, Reaching safepoint: 156584 ns, At safepoint: 8976 ns, Total: 165560 ns
[2020-02-28T01:52:20.814+0000][1][safepoint    ] Safepoint "Cleanup", Time since last: 1001810391 ns, Reaching safepoint: 62421 ns, At safepoint: 6432 ns, Total: 68853 ns
[2020-02-28T01:52:21.321+0000][1][safepoint    ] Safepoint "RevokeBias", Time since last: 506914416 ns, Reaching safepoint: 85882 ns, At safepoint: 20762 ns, Total: 106644 ns
[2020-02-28T01:52:22.322+0000][1][safepoint    ] Safepoint "Cleanup", Time since last: 1000972305 ns, Reaching safepoint: 90263 ns, At safepoint: 7177 ns, Total: 97440 ns
[2020-02-28T01:52:23.322+0000][1][safepoint    ] Safepoint "Cleanup", Time since last: 1000217733 ns, Reaching safepoint: 83495 ns, At safepoint: 6610 ns, Total: 90105 ns
[2020-02-28T01:52:23.941+0000][1][safepoint    ] Safepoint "RevokeBias", Time since last: 618447114 ns, Reaching safepoint: 84144 ns, At safepoint: 20852 ns, Total: 104996 ns
[2020-02-28T01:52:24.942+0000][1][safepoint    ] Safepoint "Cleanup", Time since last: 1000840477 ns, Reaching safepoint: 103964 ns, At safepoint: 11413 ns, Total: 115377 ns
[2020-02-28T01:52:25.945+0000][1][safepoint    ] Safepoint "Cleanup", Time since last: 1003743732 ns, Reaching safepoint: 56565 ns, At safepoint: 5627 ns, Total: 62192 ns
[2020-02-28T01:52:26.580+0000][1][safepoint    ] Safepoint "BulkRevokeBias", Time since last: 634382712 ns, Reaching safepoint: 73030 ns, At safepoint: 226502 ns, Total: 299532 ns
[2020-02-28T01:52:27.581+0000][1][safepoint    ] Safepoint "Cleanup", Time since last: 1000423129 ns, Reaching safepoint: 95132 ns, At safepoint: 9726 ns, Total: 104858 ns
[2020-02-28T01:52:28.581+0000][1][safepoint    ] Safepoint "Cleanup", Time since last: 1000141656 ns, Reaching safepoint: 93208 ns, At safepoint: 8417 ns, Total: 101625 ns
[2020-02-28T01:52:29.093+0000][1][safepoint    ] Safepoint "RevokeBias", Time since last: 512249884 ns, Reaching safepoint: 87033 ns, At safepoint: 22919 ns, Total: 109952 ns
[2020-02-28T01:52:30.094+0000][1][safepoint    ] Safepoint "Cleanup", Time since last: 1000819819 ns, Reaching safepoint: 92384 ns, At safepoint: 7853 ns, Total: 100237 ns
[2020-02-28T01:52:31.095+0000][1][safepoint    ] Safepoint "Cleanup", Time since last: 1001081021 ns, Reaching safepoint: 56297 ns, At safepoint: 5793 ns, Total: 62090 ns
[2020-02-28T01:52:31.603+0000][1][safepoint    ] Safepoint "RevokeBias", Time since last: 507694774 ns, Reaching safepoint: 90707 ns, At safepoint: 21174 ns, Total: 111881 ns
[2020-02-28T01:52:32.604+0000][1][safepoint    ] Safepoint "Cleanup", Time since last: 1000503744 ns, Reaching safepoint: 90795 ns, At safepoint: 6618 ns, Total: 97413 ns
[2020-02-28T01:52:33.604+0000][1][safepoint    ] Safepoint "Cleanup", Time since last: 1000290618 ns, Reaching safepoint: 89743 ns, At safepoint: 6403 ns, Total: 96146 ns
[2020-02-28T01:52:34.232+0000][1][safepoint    ] Safepoint "RevokeBias", Time since last: 627562719 ns, Reaching safepoint: 77731 ns, At safepoint: 18758 ns, Total: 96489 ns
[2020-02-28T01:52:35.232+0000][1][safepoint    ] Safepoint "Cleanup", Time since last: 1000371684 ns, Reaching safepoint: 88296 ns, At safepoint: 8112 ns, Total: 96408 ns
[2020-02-28T01:52:36.233+0000][1][safepoint    ] Safepoint "Cleanup", Time since last: 1001010498 ns, Reaching safepoint: 59372 ns, At safepoint: 6143 ns, Total: 65515 ns
[2020-02-28T01:52:36.740+0000][1][safepoint    ] Safepoint "RevokeBias", Time since last: 506466023 ns, Reaching safepoint: 117215 ns, At safepoint: 22025 ns, Total: 139240 ns
[2020-02-28T01:52:37.741+0000][1][safepoint    ] Safepoint "Cleanup", Time since last: 1000642467 ns, Reaching safepoint: 89236 ns, At safepoint: 8272 ns, Total: 97508 ns
[2020-02-28T01:52:38.742+0000][1][safepoint    ] Safepoint "Cleanup", Time since last: 1000711624 ns, Reaching safepoint: 114709 ns, At safepoint: 9913 ns, Total: 124622 ns
[2020-02-28T01:52:39.246+0000][1][safepoint    ] Safepoint "RevokeBias", Time since last: 504539440 ns, Reaching safepoint: 83395 ns, At safepoint: 40467 ns, Total: 123862 ns
[2020-02-28T01:52:40.247+0000][1][safepoint    ] Safepoint "Cleanup", Time since last: 1000517931 ns, Reaching safepoint: 94297 ns, At safepoint: 10026 ns, Total: 104323 ns
[2020-02-28T01:52:41.251+0000][1][safepoint    ] Safepoint "Cleanup", Time since last: 1003667194 ns, Reaching safepoint: 82209 ns, At safepoint: 7422 ns, Total: 89631 ns
[2020-02-28T01:52:41.765+0000][1][safepoint    ] Safepoint "RevokeBias", Time since last: 513931934 ns, Reaching safepoint: 72823 ns, At safepoint: 18963 ns, Total: 91786 ns
[2020-02-28T01:52:42.765+0000][1][safepoint    ] Safepoint "Cleanup", Time since last: 1000213523 ns, Reaching safepoint: 88446 ns, At safepoint: 8579 ns, Total: 97025 ns
[2020-02-28T01:52:43.766+0000][1][safepoint    ] Safepoint "Cleanup", Time since last: 1000556323 ns, Reaching safepoint: 87548 ns, At safepoint: 7088 ns, Total: 94636 ns
[2020-02-28T01:52:44.280+0000][1][safepoint    ] Safepoint "RevokeBias", Time since last: 514681630 ns, Reaching safepoint: 90463 ns, At safepoint: 21382 ns, Total: 111845 ns
[2020-02-28T01:52:45.281+0000][1][safepoint    ] Safepoint "Cleanup", Time since last: 1000213121 ns, Reaching safepoint: 93969 ns, At safepoint: 8969 ns, Total: 102938 ns
[2020-02-28T01:52:46.285+0000][1][safepoint    ] Safepoint "Cleanup", Time since last: 1004551203 ns, Reaching safepoint: 61531 ns, At safepoint: 6395 ns, Total: 67926 ns
[2020-02-28T01:52:46.790+0000][1][safepoint    ] Safepoint "RevokeBias", Time since last: 504545731 ns, Reaching safepoint: 85469 ns, At safepoint: 20406 ns, Total: 105875 ns
[2020-02-28T01:52:47.790+0000][1][safepoint    ] Safepoint "Cleanup", Time since last: 1000145964 ns, Reaching safepoint: 101082 ns, At safepoint: 7916 ns, Total: 108998 ns
[2020-02-28T01:52:48.791+0000][1][safepoint    ] Safepoint "Cleanup", Time since last: 1000275788 ns, Reaching safepoint: 90203 ns, At safepoint: 8002 ns, Total: 98205 ns
[2020-02-28T01:52:49.300+0000][1][safepoint    ] Safepoint "RevokeBias", Time since last: 509020001 ns, Reaching safepoint: 73873 ns, At safepoint: 15874 ns, Total: 89747 ns
[2020-02-28T01:52:50.300+0000][1][safepoint    ] Safepoint "Cleanup", Time since last: 1000721364 ns, Reaching safepoint: 93543 ns, At safepoint: 9173 ns, Total: 102716 ns
[2020-02-28T01:52:51.308+0000][1][safepoint    ] Safepoint "Cleanup", Time since last: 1006928544 ns, Reaching safepoint: 93550 ns, At safepoint: 6273 ns, Total: 99823 ns
[2020-02-28T01:52:51.811+0000][1][safepoint    ] Safepoint "RevokeBias", Time since last: 503382107 ns, Reaching safepoint: 105654 ns, At safepoint: 18503 ns, Total: 124157 ns
[2020-02-28T01:52:52.815+0000][1][safepoint    ] Safepoint "Cleanup", Time since last: 1004369976 ns, Reaching safepoint: 79263 ns, At safepoint: 7052 ns, Total: 86315 ns
[2020-02-28T01:52:53.816+0000][1][safepoint    ] Safepoint "Cleanup", Time since last: 1000538831 ns, Reaching safepoint: 87636 ns, At safepoint: 7832 ns, Total: 95468 ns
[2020-02-28T01:52:54.330+0000][1][safepoint    ] Safepoint "RevokeBias", Time since last: 513587305 ns, Reaching safepoint: 78888 ns, At safepoint: 18871 ns, Total: 97759 ns
[2020-02-28T01:52:55.330+0000][1][safepoint    ] Safepoint "Cleanup", Time since last: 1000141464 ns, Reaching safepoint: 91653 ns, At safepoint: 8560 ns, Total: 100213 ns
[2020-02-28T01:52:56.333+0000][1][safepoint    ] Safepoint "Cleanup", Time since last: 1002985685 ns, Reaching safepoint: 110199 ns, At safepoint: 6643 ns, Total: 116842 ns
[2020-02-28T01:52:56.836+0000][1][safepoint    ] Safepoint "RevokeBias", Time since last: 502818352 ns, Reaching safepoint: 77140 ns, At safepoint: 75867 ns, Total: 153007 ns
[2020-02-28T01:52:57.836+0000][1][safepoint    ] Safepoint "Cleanup", Time since last: 1000163323 ns, Reaching safepoint: 97852 ns, At safepoint: 8477 ns, Total: 106329 ns
[2020-02-28T01:52:58.837+0000][1][safepoint    ] Safepoint "Cleanup", Time since last: 1000740818 ns, Reaching safepoint: 83089 ns, At safepoint: 8501 ns, Total: 91590 ns
[2020-02-28T01:52:59.345+0000][1][safepoint    ] Safepoint "RevokeBias", Time since last: 508003688 ns, Reaching safepoint: 91040 ns, At safepoint: 20395 ns, Total: 111435 ns
[2020-02-28T01:53:00.346+0000][1][safepoint    ] Safepoint "Cleanup", Time since last: 1000334059 ns, Reaching safepoint: 91450 ns, At safepoint: 8869 ns, Total: 100319 ns
[2020-02-28T01:53:01.354+0000][1][safepoint    ] Safepoint "Cleanup", Time since last: 1008149219 ns, Reaching safepoint: 61365 ns, At safepoint: 6186 ns, Total: 67551 ns
[2020-02-28T01:53:01.853+0000][1][safepoint    ] Safepoint "RevokeBias", Time since last: 498595870 ns, Reaching safepoint: 74090 ns, At safepoint: 18775 ns, Total: 92865 ns
[2020-02-28T01:53:02.853+0000][1][safepoint    ] Safepoint "Cleanup", Time since last: 1000154076 ns, Reaching safepoint: 77971 ns, At safepoint: 6665 ns, Total: 84636 ns
[2020-02-28T01:53:03.853+0000][1][safepoint    ] Safepoint "Cleanup", Time since last: 1000217063 ns, Reaching safepoint: 92510 ns, At safepoint: 6464 ns, Total: 98974 ns
[2020-02-28T01:53:04.360+0000][1][safepoint    ] Safepoint "RevokeBias", Time since last: 506459953 ns, Reaching safepoint: 73606 ns, At safepoint: 16890 ns, Total: 90496 ns
[2020-02-28T01:53:05.360+0000][1][safepoint    ] Safepoint "Cleanup", Time since last: 1000486260 ns, Reaching safepoint: 86230 ns, At safepoint: 6857 ns, Total: 93087 ns
[2020-02-28T01:53:06.361+0000][1][safepoint    ] Safepoint "Cleanup", Time since last: 1000535935 ns, Reaching safepoint: 166559 ns, At safepoint: 5996 ns, Total: 172555 ns
[2020-02-28T01:53:06.867+0000][1][safepoint    ] Safepoint "RevokeBias", Time since last: 506326841 ns, Reaching safepoint: 77695 ns, At safepoint: 16925 ns, Total: 94620 ns
[2020-02-28T01:53:07.868+0000][1][safepoint    ] Safepoint "Cleanup", Time since last: 1000317748 ns, Reaching safepoint: 111278 ns, At safepoint: 8406 ns, Total: 119684 ns
[2020-02-28T01:53:08.868+0000][1][safepoint    ] Safepoint "Cleanup", Time since last: 1000216315 ns, Reaching safepoint: 91144 ns, At safepoint: 8281 ns, Total: 99425 ns
[2020-02-28T01:53:09.376+0000][1][safepoint    ] Safepoint "RevokeBias", Time since last: 508105823 ns, Reaching safepoint: 134474 ns, At safepoint: 20735 ns, Total: 155209 ns
[2020-02-28T01:53:10.379+0000][1][safepoint    ] Safepoint "Cleanup", Time since last: 1001945577 ns, Reaching safepoint: 274489 ns, At safepoint: 27172 ns, Total: 301661 ns
[2020-02-28T01:53:11.383+0000][1][safepoint    ] Safepoint "Cleanup", Time since last: 1004306795 ns, Reaching safepoint: 64974 ns, At safepoint: 6810 ns, Total: 71784 ns
[2020-02-28T01:53:11.886+0000][1][safepoint    ] Safepoint "RevokeBias", Time since last: 502786000 ns, Reaching safepoint: 73347 ns, At safepoint: 18259 ns, Total: 91606 ns
[2020-02-28T01:53:12.886+0000][1][safepoint    ] Safepoint "Cleanup", Time since last: 1000330568 ns, Reaching safepoint: 100020 ns, At safepoint: 8657 ns, Total: 108677 ns
[2020-02-28T01:53:13.887+0000][1][safepoint    ] Safepoint "Cleanup", Time since last: 1000672987 ns, Reaching safepoint: 95621 ns, At safepoint: 8295 ns, Total: 103916 ns
[2020-02-28T01:53:14.397+0000][1][safepoint    ] Safepoint "RevokeBias", Time since last: 509863626 ns, Reaching safepoint: 73007 ns, At safepoint: 18461 ns, Total: 91468 ns
[2020-02-28T01:53:15.398+0000][1][safepoint    ] Safepoint "Cleanup", Time since last: 1000895327 ns, Reaching safepoint: 91321 ns, At safepoint: 8128 ns, Total: 99449 ns
[2020-02-28T01:53:16.402+0000][1][safepoint    ] Safepoint "Cleanup", Time since last: 1003614908 ns, Reaching safepoint: 80118 ns, At safepoint: 6673 ns, Total: 86791 ns
[2020-02-28T01:53:16.923+0000][1][safepoint    ] Safepoint "RevokeBias", Time since last: 521411345 ns, Reaching safepoint: 118200 ns, At safepoint: 46985 ns, Total: 165185 ns
[2020-02-28T01:53:17.924+0000][1][safepoint    ] Safepoint "Cleanup", Time since last: 1000103187 ns, Reaching safepoint: 95723 ns, At safepoint: 9778 ns, Total: 105501 ns
[2020-02-28T01:53:18.924+0000][1][safepoint    ] Safepoint "Cleanup", Time since last: 1000628805 ns, Reaching safepoint: 97433 ns, At safepoint: 11035 ns, Total: 108468 ns
[2020-02-28T01:53:19.438+0000][1][safepoint    ] Safepoint "RevokeBias", Time since last: 513256366 ns, Reaching safepoint: 70729 ns, At safepoint: 17398 ns, Total: 88127 ns
[2020-02-28T01:53:20.438+0000][1][safepoint    ] Safepoint "Cleanup", Time since last: 1000302657 ns, Reaching safepoint: 96834 ns, At safepoint: 9423 ns, Total: 106257 ns
[2020-02-28T01:53:21.444+0000][1][safepoint    ] Safepoint "Cleanup", Time since last: 1006012930 ns, Reaching safepoint: 68467 ns, At safepoint: 5229 ns, Total: 73696 ns
[2020-02-28T01:53:21.961+0000][1][safepoint    ] Safepoint "RevokeBias", Time since last: 516787147 ns, Reaching safepoint: 72987 ns, At safepoint: 18032 ns, Total: 91019 ns
[2020-02-28T01:53:22.961+0000][1][safepoint    ] Safepoint "Cleanup", Time since last: 1000289823 ns, Reaching safepoint: 85250 ns, At safepoint: 8036 ns, Total: 93286 ns
[2020-02-28T01:53:23.962+0000][1][safepoint    ] Safepoint "Cleanup", Time since last: 1000450303 ns, Reaching safepoint: 96145 ns, At safepoint: 10033 ns, Total: 106178 ns
[2020-02-28T01:53:24.467+0000][1][safepoint    ] Safepoint "RevokeBias", Time since last: 505152468 ns, Reaching safepoint: 76382 ns, At safepoint: 19193 ns, Total: 95575 ns
[2020-02-28T01:53:25.468+0000][1][safepoint    ] Safepoint "Cleanup", Time since last: 1000842243 ns, Reaching safepoint: 99736 ns, At safepoint: 8371 ns, Total: 108107 ns
[2020-02-28T01:53:26.471+0000][1][safepoint    ] Safepoint "Cleanup", Time since last: 1003149287 ns, Reaching safepoint: 62616 ns, At safepoint: 6755 ns, Total: 69371 ns
[2020-02-28T01:53:26.983+0000][1][safepoint    ] Safepoint "RevokeBias", Time since last: 511187710 ns, Reaching safepoint: 76186 ns, At safepoint: 17642 ns, Total: 93828 ns
[2020-02-28T01:53:27.983+0000][1][safepoint    ] Safepoint "Cleanup", Time since last: 1000299089 ns, Reaching safepoint: 85862 ns, At safepoint: 6972 ns, Total: 92834 ns
[2020-02-28T01:53:28.983+0000][1][safepoint    ] Safepoint "Cleanup", Time since last: 1000161689 ns, Reaching safepoint: 86308 ns, At safepoint: 6763 ns, Total: 93071 ns
[2020-02-28T01:53:29.499+0000][1][safepoint    ] Safepoint "RevokeBias", Time since last: 515684582 ns, Reaching safepoint: 94525 ns, At safepoint: 20446 ns, Total: 114971 ns
[2020-02-28T01:53:30.500+0000][1][safepoint    ] Safepoint "Cleanup", Time since last: 1000892424 ns, Reaching safepoint: 89865 ns, At safepoint: 6954 ns, Total: 96819 ns
[2020-02-28T01:53:31.506+0000][1][safepoint    ] Safepoint "Cleanup", Time since last: 1005390379 ns, Reaching safepoint: 118414 ns, At safepoint: 6743 ns, Total: 125157 ns
[2020-02-28T01:53:32.018+0000][1][safepoint    ] Safepoint "RevokeBias", Time since last: 511815207 ns, Reaching safepoint: 74098 ns, At safepoint: 17638 ns, Total: 91736 ns
[2020-02-28T01:53:33.018+0000][1][safepoint    ] Safepoint "Cleanup", Time since last: 1000386918 ns, Reaching safepoint: 95324 ns, At safepoint: 9877 ns, Total: 105201 ns
[2020-02-28T01:53:34.019+0000][1][safepoint    ] Safepoint "Cleanup", Time since last: 1000531407 ns, Reaching safepoint: 88660 ns, At safepoint: 7223 ns, Total: 95883 ns
[2020-02-28T01:53:34.533+0000][1][safepoint    ] Safepoint "RevokeBias", Time since last: 514083469 ns, Reaching safepoint: 82864 ns, At safepoint: 20181 ns, Total: 103045 ns
[2020-02-28T01:53:35.534+0000][1][safepoint    ] Safepoint "Cleanup", Time since last: 1000981023 ns, Reaching safepoint: 94417 ns, At safepoint: 10259 ns, Total: 104676 ns
[2020-02-28T01:53:36.536+0000][1][safepoint    ] Safepoint "Cleanup", Time since last: 1001520810 ns, Reaching safepoint: 62587 ns, At safepoint: 6851 ns, Total: 69438 ns
[2020-02-28T01:53:37.044+0000][1][safepoint    ] Safepoint "RevokeBias", Time since last: 508587322 ns, Reaching safepoint: 72317 ns, At safepoint: 17216 ns, Total: 89533 ns
[2020-02-28T01:53:38.045+0000][1][safepoint    ] Safepoint "Cleanup", Time since last: 1001127538 ns, Reaching safepoint: 81062 ns, At safepoint: 6459 ns, Total: 87521 ns
[2020-02-28T01:53:39.046+0000][1][safepoint    ] Safepoint "Cleanup", Time since last: 1000256686 ns, Reaching safepoint: 82007 ns, At safepoint: 6352 ns, Total: 88359 ns
[2020-02-28T01:53:39.565+0000][1][safepoint    ] Safepoint "BulkRevokeBias", Time since last: 518579414 ns, Reaching safepoint: 189834 ns, At safepoint: 217505 ns, Total: 407339 ns
[2020-02-28T01:53:40.565+0000][1][safepoint    ] Safepoint "Cleanup", Time since last: 1000218130 ns, Reaching safepoint: 98540 ns, At safepoint: 8795 ns, Total: 107335 ns
[2020-02-28T01:53:41.571+0000][1][safepoint    ] Safepoint "Cleanup", Time since last: 1005359906 ns, Reaching safepoint: 75147 ns, At safepoint: 6037 ns, Total: 81184 ns
[2020-02-28T01:53:42.085+0000][1][safepoint    ] Safepoint "RevokeBias", Time since last: 514475805 ns, Reaching safepoint: 55447 ns, At safepoint: 15442 ns, Total: 70889 ns
[2020-02-28T01:53:43.086+0000][1][safepoint    ] Safepoint "Cleanup", Time since last: 1000780733 ns, Reaching safepoint: 86111 ns, At safepoint: 7054 ns, Total: 93165 ns
[2020-02-28T01:53:44.087+0000][1][safepoint    ] Safepoint "Cleanup", Time since last: 1000847572 ns, Reaching safepoint: 80079 ns, At safepoint: 7060 ns, Total: 87139 ns
[2020-02-28T01:53:44.596+0000][1][safepoint    ] Safepoint "RevokeBias", Time since last: 509228225 ns, Reaching safepoint: 84021 ns, At safepoint: 20864 ns, Total: 104885 ns
[2020-02-28T01:53:45.597+0000][1][safepoint    ] Safepoint "Cleanup", Time since last: 1000576033 ns, Reaching safepoint: 244934 ns, At safepoint: 6772 ns, Total: 251706 ns
[2020-02-28T01:53:46.598+0000][1][safepoint    ] Safepoint "Cleanup", Time since last: 1000353546 ns, Reaching safepoint: 93538 ns, At safepoint: 10541 ns, Total: 104079 ns
[2020-02-28T01:53:47.112+0000][1][safepoint    ] Safepoint "RevokeBias", Time since last: 514208135 ns, Reaching safepoint: 50909 ns, At safepoint: 15160 ns, Total: 66069 ns
[2020-02-28T01:53:48.112+0000][1][safepoint    ] Safepoint "Cleanup", Time since last: 1000194508 ns, Reaching safepoint: 116405 ns, At safepoint: 9644 ns, Total: 126049 ns
[2020-02-28T01:53:49.113+0000][1][safepoint    ] Safepoint "Cleanup", Time since last: 1000871648 ns, Reaching safepoint: 93803 ns, At safepoint: 9079 ns, Total: 102882 ns
[2020-02-28T01:53:49.625+0000][1][safepoint    ] Safepoint "RevokeBias", Time since last: 512030524 ns, Reaching safepoint: 85792 ns, At safepoint: 20012 ns, Total: 105804 ns
[2020-02-28T01:53:50.626+0000][1][safepoint    ] Safepoint "Cleanup", Time since last: 1000694804 ns, Reaching safepoint: 101340 ns, At safepoint: 8182 ns, Total: 109522 ns
[2020-02-28T01:53:51.626+0000][1][safepoint    ] Safepoint "Cleanup", Time since last: 1000246795 ns, Reaching safepoint: 83674 ns, At safepoint: 7414 ns, Total: 91088 ns
[2020-02-28T01:53:52.137+0000][1][safepoint    ] Safepoint "RevokeBias", Time since last: 510310743 ns, Reaching safepoint: 50965 ns, At safepoint: 15584 ns, Total: 66549 ns
[2020-02-28T01:53:53.137+0000][1][safepoint    ] Safepoint "Cleanup", Time since last: 1000534959 ns, Reaching safepoint: 90143 ns, At safepoint: 7557 ns, Total: 97700 ns
[2020-02-28T01:53:54.138+0000][1][safepoint    ] Safepoint "Cleanup", Time since last: 1000173374 ns, Reaching safepoint: 84489 ns, At safepoint: 7270 ns, Total: 91759 ns
[2020-02-28T01:53:54.655+0000][1][safepoint    ] Safepoint "RevokeBias", Time since last: 516844082 ns, Reaching safepoint: 127654 ns, At safepoint: 20181 ns, Total: 147835 ns
[2020-02-28T01:53:55.656+0000][1][safepoint    ] Safepoint "Cleanup", Time since last: 1000814878 ns, Reaching safepoint: 99138 ns, At safepoint: 8097 ns, Total: 107235 ns
[2020-02-28T01:53:56.656+0000][1][safepoint    ] Safepoint "Cleanup", Time since last: 1000488705 ns, Reaching safepoint: 93241 ns, At safepoint: 8446 ns, Total: 101687 ns
[2020-02-28T01:53:57.175+0000][1][safepoint    ] Safepoint "RevokeBias", Time since last: 518231940 ns, Reaching safepoint: 84553 ns, At safepoint: 29320 ns, Total: 113873 ns
[2020-02-28T01:53:58.175+0000][1][safepoint    ] Safepoint "Cleanup", Time since last: 1000295738 ns, Reaching safepoint: 92637 ns, At safepoint: 8634 ns, Total: 101271 ns
[2020-02-28T01:53:59.176+0000][1][safepoint    ] Safepoint "Cleanup", Time since last: 1000379543 ns, Reaching safepoint: 232332 ns, At safepoint: 25188 ns, Total: 257520 ns
[2020-02-28T01:53:59.697+0000][1][safepoint    ] Safepoint "RevokeBias", Time since last: 521591876 ns, Reaching safepoint: 55719 ns, At safepoint: 15531 ns, Total: 71250 ns
[2020-02-28T01:54:00.698+0000][1][safepoint    ] Safepoint "Cleanup", Time since last: 1000844499 ns, Reaching safepoint: 202595 ns, At safepoint: 6615 ns, Total: 209210 ns
[2020-02-28T01:54:01.699+0000][1][safepoint    ] Safepoint "Cleanup", Time since last: 1000675345 ns, Reaching safepoint: 97569 ns, At safepoint: 9771 ns, Total: 107340 ns
[2020-02-28T01:54:02.213+0000][1][safepoint    ] Safepoint "RevokeBias", Time since last: 514141340 ns, Reaching safepoint: 89540 ns, At safepoint: 17260 ns, Total: 106800 ns
[2020-02-28T01:54:03.214+0000][1][safepoint    ] Safepoint "Cleanup", Time since last: 1000731908 ns, Reaching safepoint: 94259 ns, At safepoint: 7199 ns, Total: 101458 ns
[2020-02-28T01:54:04.215+0000][1][safepoint    ] Safepoint "Cleanup", Time since last: 1000369544 ns, Reaching safepoint: 80687 ns, At safepoint: 6885 ns, Total: 87572 ns
[2020-02-28T01:54:04.723+0000][1][safepoint    ] Safepoint "RevokeBias", Time since last: 508644730 ns, Reaching safepoint: 233785 ns, At safepoint: 20773 ns, Total: 254558 ns
[2020-02-28T01:54:05.724+0000][1][safepoint    ] Safepoint "Cleanup", Time since last: 1000530981 ns, Reaching safepoint: 91872 ns, At safepoint: 8449 ns, Total: 100321 ns
[2020-02-28T01:54:06.724+0000][1][safepoint    ] Safepoint "Cleanup", Time since last: 1000218505 ns, Reaching safepoint: 80925 ns, At safepoint: 7100 ns, Total: 88025 ns
[2020-02-28T01:54:07.249+0000][1][safepoint    ] Safepoint "RevokeBias", Time since last: 524660926 ns, Reaching safepoint: 79391 ns, At safepoint: 17959 ns, Total: 97350 ns
[2020-02-28T01:54:08.250+0000][1][safepoint    ] Safepoint "Cleanup", Time since last: 1000466265 ns, Reaching safepoint: 97436 ns, At safepoint: 9525 ns, Total: 106961 ns
[2020-02-28T01:54:09.251+0000][1][safepoint    ] Safepoint "Cleanup", Time since last: 1001069961 ns, Reaching safepoint: 109928 ns, At safepoint: 6575 ns, Total: 116503 ns
[2020-02-28T01:54:09.774+0000][1][safepoint    ] Safepoint "RevokeBias", Time since last: 521586491 ns, Reaching safepoint: 1331517 ns, At safepoint: 24437 ns, Total: 1355954 ns
[2020-02-28T01:54:10.778+0000][1][safepoint    ] Safepoint "Cleanup", Time since last: 1003975443 ns, Reaching safepoint: 82454 ns, At safepoint: 7554 ns, Total: 90008 ns
[2020-02-28T01:54:11.778+0000][1][safepoint    ] Safepoint "Cleanup", Time since last: 1000330758 ns, Reaching safepoint: 81716 ns, At safepoint: 6939 ns, Total: 88655 ns
[2020-02-28T01:54:12.285+0000][1][gc,start     ] GC(32) Pause Young (Allocation Failure)
[2020-02-28T01:54:12.285+0000][1][gc,task      ] GC(32) Using 1 workers of 1 for evacuation
[2020-02-28T01:54:12.340+0000][1][gc,age       ] GC(32) Desired survivor size 4358144 bytes, new threshold 6 (max threshold 6)
[2020-02-28T01:54:12.340+0000][1][gc,age       ] GC(32) Age table with threshold 6 (max threshold 6)
[2020-02-28T01:54:12.340+0000][1][gc,age       ] GC(32) - age   1:      66216 bytes,      66216 total
[2020-02-28T01:54:12.340+0000][1][gc,age       ] GC(32) - age   2:       6992 bytes,      73208 total
[2020-02-28T01:54:12.340+0000][1][gc,age       ] GC(32) - age   3:     198280 bytes,     271488 total
[2020-02-28T01:54:12.340+0000][1][gc,age       ] GC(32) - age   4:    1676872 bytes,    1948360 total
[2020-02-28T01:54:12.340+0000][1][gc,age       ] GC(32) - age   5:    2050592 bytes,    3998952 total
[2020-02-28T01:54:12.340+0000][1][gc,heap      ] GC(32) ParNew: 72110K->7756K(76672K)
[2020-02-28T01:54:12.340+0000][1][gc,heap      ] GC(32) CMS: 58498K->58498K(963392K)
[2020-02-28T01:54:12.340+0000][1][gc,metaspace ] GC(32) Metaspace: 78526K->78526K(1122304K)
[2020-02-28T01:54:12.340+0000][1][gc           ] GC(32) Pause Young (Allocation Failure) 127M->64M(1015M) 55.772ms
[2020-02-28T01:54:12.340+0000][1][gc,cpu       ] GC(32) User=0.02s Sys=0.00s Real=0.06s
[2020-02-28T01:54:12.340+0000][1][safepoint    ] Safepoint "GenCollectForAllocation", Time since last: 506115738 ns, Reaching safepoint: 89750 ns, At safepoint: 55882073 ns, Total: 55971823 ns
[2020-02-28T01:54:12.343+0000][1][safepoint    ] Safepoint "RevokeBias", Time since last: 1990605 ns, Reaching safepoint: 76172 ns, At safepoint: 17501 ns, Total: 93673 ns
[2020-02-28T01:54:13.343+0000][1][safepoint    ] Safepoint "Cleanup", Time since last: 1000342900 ns, Reaching safepoint: 90036 ns, At safepoint: 6783 ns, Total: 96819 ns
[2020-02-28T01:54:14.343+0000][1][safepoint    ] Safepoint "Cleanup", Time since last: 1000343727 ns, Reaching safepoint: 77122 ns, At safepoint: 5358 ns, Total: 82480 ns
[2020-02-28T01:54:14.859+0000][1][safepoint    ] Safepoint "RevokeBias", Time since last: 515070322 ns, Reaching safepoint: 131842 ns, At safepoint: 19759 ns, Total: 151601 ns
[2020-02-28T01:54:15.859+0000][1][safepoint    ] Safepoint "Cleanup", Time since last: 1000477663 ns, Reaching safepoint: 94839 ns, At safepoint: 9470 ns, Total: 104309 ns
[2020-02-28T01:54:16.860+0000][1][safepoint    ] Safepoint "Cleanup", Time since last: 1000925069 ns, Reaching safepoint: 100202 ns, At safepoint: 12193 ns, Total: 112395 ns
[2020-02-28T01:54:17.385+0000][1][safepoint    ] Safepoint "RevokeBias", Time since last: 524898087 ns, Reaching safepoint: 73773 ns, At safepoint: 17133 ns, Total: 90906 ns
[2020-02-28T01:54:18.386+0000][1][safepoint    ] Safepoint "Cleanup", Time since last: 1000938379 ns, Reaching safepoint: 101567 ns, At safepoint: 6287 ns, Total: 107854 ns
[2020-02-28T01:54:19.387+0000][1][safepoint    ] Safepoint "Cleanup", Time since last: 1000629437 ns, Reaching safepoint: 95143 ns, At safepoint: 7751 ns, Total: 102894 ns
[2020-02-28T01:54:19.909+0000][1][safepoint    ] Safepoint "RevokeBias", Time since last: 520717822 ns, Reaching safepoint: 1379296 ns, At safepoint: 25659 ns, Total: 1404955 ns
[2020-02-28T01:54:20.910+0000][1][safepoint    ] Safepoint "Cleanup", Time since last: 1000622771 ns, Reaching safepoint: 94860 ns, At safepoint: 10272 ns, Total: 105132 ns
[2020-02-28T01:54:21.910+0000][1][safepoint    ] Safepoint "Cleanup", Time since last: 1000320248 ns, Reaching safepoint: 89614 ns, At safepoint: 8417 ns, Total: 98031 ns
[2020-02-28T01:54:22.430+0000][1][safepoint    ] Safepoint "RevokeBias", Time since last: 519153258 ns, Reaching safepoint: 53574 ns, At safepoint: 16184 ns, Total: 69758 ns
[2020-02-28T01:54:23.430+0000][1][safepoint    ] Safepoint "Cleanup", Time since last: 1000412792 ns, Reaching safepoint: 96969 ns, At safepoint: 9520 ns, Total: 106489 ns
[2020-02-28T01:54:24.431+0000][1][safepoint    ] Safepoint "Cleanup", Time since last: 1000900990 ns, Reaching safepoint: 86417 ns, At safepoint: 7274 ns, Total: 93691 ns
[2020-02-28T01:54:24.939+0000][1][safepoint    ] Safepoint "RevokeBias", Time since last: 507594722 ns, Reaching safepoint: 181676 ns, At safepoint: 17690 ns, Total: 199366 ns
[2020-02-28T01:54:25.939+0000][1][safepoint    ] Safepoint "Cleanup", Time since last: 1000411144 ns, Reaching safepoint: 95731 ns, At safepoint: 8320 ns, Total: 104051 ns
[2020-02-28T01:54:26.940+0000][1][safepoint    ] Safepoint "Cleanup", Time since last: 1000395800 ns, Reaching safepoint: 98921 ns, At safepoint: 12319 ns, Total: 111240 ns
[2020-02-28T01:54:27.452+0000][1][safepoint    ] Safepoint "RevokeBias", Time since last: 512030263 ns, Reaching safepoint: 53265 ns, At safepoint: 15603 ns, Total: 68868 ns
[2020-02-28T01:54:28.453+0000][1][safepoint    ] Safepoint "Cleanup", Time since last: 1000613781 ns, Reaching safepoint: 104819 ns, At safepoint: 12365 ns, Total: 117184 ns
[2020-02-28T01:54:29.454+0000][1][safepoint    ] Safepoint "Cleanup", Time since last: 1000923960 ns, Reaching safepoint: 94034 ns, At safepoint: 8103 ns, Total: 102137 ns
[2020-02-28T01:54:29.970+0000][1][safepoint    ] Safepoint "RevokeBias", Time since last: 515916204 ns, Reaching safepoint: 88743 ns, At safepoint: 21914 ns, Total: 110657 ns
[2020-02-28T01:54:30.971+0000][1][safepoint    ] Safepoint "Cleanup", Time since last: 1000691221 ns, Reaching safepoint: 95450 ns, At safepoint: 8698 ns, Total: 104148 ns
[2020-02-28T01:54:31.972+0000][1][safepoint    ] Safepoint "Cleanup", Time since last: 1000953721 ns, Reaching safepoint: 99181 ns, At safepoint: 10604 ns, Total: 109785 ns
[2020-02-28T01:54:32.492+0000][1][safepoint    ] Safepoint "RevokeBias", Time since last: 519866351 ns, Reaching safepoint: 190033 ns, At safepoint: 18433 ns, Total: 208466 ns
[2020-02-28T01:54:33.493+0000][1][safepoint    ] Safepoint "Cleanup", Time since last: 1000857105 ns, Reaching safepoint: 97181 ns, At safepoint: 9147 ns, Total: 106328 ns
[2020-02-28T01:54:34.493+0000][1][safepoint    ] Safepoint "Cleanup", Time since last: 1000509188 ns, Reaching safepoint: 90065 ns, At safepoint: 7176 ns, Total: 97241 ns
[2020-02-28T01:54:35.001+0000][1][safepoint    ] Safepoint "RevokeBias", Time since last: 507530332 ns, Reaching safepoint: 74418 ns, At safepoint: 16798 ns, Total: 91216 ns
[2020-02-28T01:54:36.002+0000][1][safepoint    ] Safepoint "Cleanup", Time since last: 1000918710 ns, Reaching safepoint: 96572 ns, At safepoint: 9589 ns, Total: 106161 ns
[2020-02-28T01:54:37.003+0000][1][safepoint    ] Safepoint "Cleanup", Time since last: 1000748442 ns, Reaching safepoint: 91401 ns, At safepoint: 8170 ns, Total: 99571 ns
[2020-02-28T01:54:37.516+0000][1][safepoint    ] Safepoint "RevokeBias", Time since last: 513299810 ns, Reaching safepoint: 79053 ns, At safepoint: 16922 ns, Total: 95975 ns
[2020-02-28T01:54:38.522+0000][1][safepoint    ] Safepoint "Cleanup", Time since last: 1006196238 ns, Reaching safepoint: 61711 ns, At safepoint: 6679 ns, Total: 68390 ns
[2020-02-28T01:54:39.523+0000][1][safepoint    ] Safepoint "Cleanup", Time since last: 1000326142 ns, Reaching safepoint: 90038 ns, At safepoint: 7987 ns, Total: 98025 ns
[2020-02-28T01:54:40.030+0000][1][safepoint    ] Safepoint "RevokeBias", Time since last: 507490191 ns, Reaching safepoint: 88929 ns, At safepoint: 20058 ns, Total: 108987 ns
[2020-02-28T01:54:41.031+0000][1][safepoint    ] Safepoint "Cleanup", Time since last: 1000326727 ns, Reaching safepoint: 94164 ns, At safepoint: 8433 ns, Total: 102597 ns
[2020-02-28T01:54:42.031+0000][1][safepoint    ] Safepoint "Cleanup", Time since last: 1000357315 ns, Reaching safepoint: 89140 ns, At safepoint: 6807 ns, Total: 95947 ns
[2020-02-28T01:54:42.536+0000][1][safepoint    ] Safepoint "RevokeBias", Time since last: 504743492 ns, Reaching safepoint: 121816 ns, At safepoint: 23698 ns, Total: 145514 ns
[2020-02-28T01:54:43.539+0000][1][safepoint    ] Safepoint "Cleanup", Time since last: 1002657154 ns, Reaching safepoint: 83421 ns, At safepoint: 6556 ns, Total: 89977 ns
[2020-02-28T01:54:44.540+0000][1][safepoint    ] Safepoint "Cleanup", Time since last: 1000718669 ns, Reaching safepoint: 94112 ns, At safepoint: 8309 ns, Total: 102421 ns
[2020-02-28T01:54:45.041+0000][1][safepoint    ] Safepoint "RevokeBias", Time since last: 500943801 ns, Reaching safepoint: 78480 ns, At safepoint: 18133 ns, Total: 96613 ns
[2020-02-28T01:54:46.042+0000][1][safepoint    ] Safepoint "Cleanup", Time since last: 1000626009 ns, Reaching safepoint: 91300 ns, At safepoint: 8035 ns, Total: 99335 ns
[2020-02-28T01:54:47.042+0000][1][safepoint    ] Safepoint "Cleanup", Time since last: 1000644777 ns, Reaching safepoint: 92901 ns, At safepoint: 8535 ns, Total: 101436 ns
[2020-02-28T01:54:47.549+0000][1][safepoint    ] Safepoint "RevokeBias", Time since last: 506527927 ns, Reaching safepoint: 87648 ns, At safepoint: 52886 ns, Total: 140534 ns
[2020-02-28T01:54:48.549+0000][1][safepoint    ] Safepoint "Cleanup", Time since last: 1000158289 ns, Reaching safepoint: 99645 ns, At safepoint: 7406 ns, Total: 107051 ns
[2020-02-28T01:54:49.550+0000][1][safepoint    ] Safepoint "Cleanup", Time since last: 1000402624 ns, Reaching safepoint: 103179 ns, At safepoint: 11682 ns, Total: 114861 ns
[2020-02-28T01:54:50.059+0000][1][safepoint    ] Safepoint "RevokeBias", Time since last: 508649669 ns, Reaching safepoint: 135594 ns, At safepoint: 22799 ns, Total: 158393 ns
[2020-02-28T01:54:51.059+0000][1][safepoint    ] Safepoint "Cleanup", Time since last: 1000646416 ns, Reaching safepoint: 88228 ns, At safepoint: 7201 ns, Total: 95429 ns
[2020-02-28T01:54:52.060+0000][1][safepoint    ] Safepoint "Cleanup", Time since last: 1000393655 ns, Reaching safepoint: 139324 ns, At safepoint: 7529 ns, Total: 146853 ns
[2020-02-28T01:54:52.566+0000][1][safepoint    ] Safepoint "BulkRevokeBias", Time since last: 505940661 ns, Reaching safepoint: 193051 ns, At safepoint: 452645 ns, Total: 645696 ns
[2020-02-28T01:54:53.569+0000][1][safepoint    ] Safepoint "Cleanup", Time since last: 1002264841 ns, Reaching safepoint: 63872 ns, At safepoint: 6477 ns, Total: 70349 ns
[2020-02-28T01:54:54.570+0000][1][safepoint    ] Safepoint "Cleanup", Time since last: 1000977979 ns, Reaching safepoint: 94181 ns, At safepoint: 8938 ns, Total: 103119 ns
[2020-02-28T01:54:55.077+0000][1][safepoint    ] Safepoint "RevokeBias", Time since last: 506229572 ns, Reaching safepoint: 1262244 ns, At safepoint: 24618 ns, Total: 1286862 ns
[2020-02-28T01:54:56.078+0000][1][safepoint    ] Safepoint "Cleanup", Time since last: 1000919036 ns, Reaching safepoint: 95541 ns, At safepoint: 8193 ns, Total: 103734 ns
[2020-02-28T01:54:57.079+0000][1][safepoint    ] Safepoint "Cleanup", Time since last: 1000551396 ns, Reaching safepoint: 95482 ns, At safepoint: 8548 ns, Total: 104030 ns
[2020-02-28T01:54:57.583+0000][1][safepoint    ] Safepoint "RevokeBias", Time since last: 504397736 ns, Reaching safepoint: 54001 ns, At safepoint: 15574 ns, Total: 69575 ns
[2020-02-28T01:54:58.591+0000][1][safepoint    ] Safepoint "Cleanup", Time since last: 1007166147 ns, Reaching safepoint: 80234 ns, At safepoint: 6514 ns, Total: 86748 ns
[2020-02-28T01:54:59.591+0000][1][safepoint    ] Safepoint "Cleanup", Time since last: 1000559569 ns, Reaching safepoint: 91270 ns, At safepoint: 8611 ns, Total: 99881 ns
[2020-02-28T01:55:00.090+0000][1][safepoint    ] Safepoint "RevokeBias", Time since last: 498834575 ns, Reaching safepoint: 93052 ns, At safepoint: 34947 ns, Total: 127999 ns
[2020-02-28T01:55:01.091+0000][1][safepoint    ] Safepoint "Cleanup", Time since last: 1000480182 ns, Reaching safepoint: 116764 ns, At safepoint: 7069 ns, Total: 123833 ns
[2020-02-28T01:55:02.092+0000][1][safepoint    ] Safepoint "Cleanup", Time since last: 1000708716 ns, Reaching safepoint: 95355 ns, At safepoint: 8233 ns, Total: 103588 ns
[2020-02-28T01:55:02.597+0000][1][safepoint    ] Safepoint "RevokeBias", Time since last: 505583276 ns, Reaching safepoint: 86208 ns, At safepoint: 20370 ns, Total: 106578 ns
[2020-02-28T01:55:03.600+0000][1][safepoint    ] Safepoint "Cleanup", Time since last: 1002035387 ns, Reaching safepoint: 101294 ns, At safepoint: 6922 ns, Total: 108216 ns
[2020-02-28T01:55:04.600+0000][1][safepoint    ] Safepoint "Cleanup", Time since last: 1000459168 ns, Reaching safepoint: 94907 ns, At safepoint: 9117 ns, Total: 104024 ns
[2020-02-28T01:55:05.106+0000][1][safepoint    ] Safepoint "RevokeBias", Time since last: 505845362 ns, Reaching safepoint: 82072 ns, At safepoint: 18675 ns, Total: 100747 ns
[2020-02-28T01:55:06.106+0000][1][safepoint    ] Safepoint "Cleanup", Time since last: 1000191077 ns, Reaching safepoint: 86478 ns, At safepoint: 7735 ns, Total: 94213 ns
[2020-02-28T01:55:07.108+0000][1][safepoint    ] Safepoint "Cleanup", Time since last: 1001826319 ns, Reaching safepoint: 58577 ns, At safepoint: 5652 ns, Total: 64229 ns
[2020-02-28T01:55:07.619+0000][1][safepoint    ] Safepoint "RevokeBias", Time since last: 510376457 ns, Reaching safepoint: 81195 ns, At safepoint: 18790 ns, Total: 99985 ns
[2020-02-28T01:55:08.622+0000][1][safepoint    ] Safepoint "Cleanup", Time since last: 1003280027 ns, Reaching safepoint: 60373 ns, At safepoint: 6579 ns, Total: 66952 ns
[2020-02-28T01:55:09.622+0000][1][safepoint    ] Safepoint "Cleanup", Time since last: 1000161614 ns, Reaching safepoint: 81372 ns, At safepoint: 6977 ns, Total: 88349 ns
[2020-02-28T01:55:10.129+0000][1][safepoint    ] Safepoint "RevokeBias", Time since last: 506553351 ns, Reaching safepoint: 296452 ns, At safepoint: 30963 ns, Total: 327415 ns
[2020-02-28T01:55:11.130+0000][1][safepoint    ] Safepoint "Cleanup", Time since last: 1000328286 ns, Reaching safepoint: 96936 ns, At safepoint: 7059 ns, Total: 103995 ns
[2020-02-28T01:55:12.130+0000][1][safepoint    ] Safepoint "Cleanup", Time since last: 1000328671 ns, Reaching safepoint: 94942 ns, At safepoint: 11984 ns, Total: 106926 ns
[2020-02-28T01:55:12.637+0000][1][safepoint    ] Safepoint "RevokeBias", Time since last: 506869580 ns, Reaching safepoint: 84260 ns, At safepoint: 20835 ns, Total: 105095 ns
[2020-02-28T01:55:13.638+0000][1][safepoint    ] Safepoint "Cleanup", Time since last: 1001202756 ns, Reaching safepoint: 81998 ns, At safepoint: 6716 ns, Total: 88714 ns
[2020-02-28T01:55:14.639+0000][1][safepoint    ] Safepoint "Cleanup", Time since last: 1000494319 ns, Reaching safepoint: 92029 ns, At safepoint: 8376 ns, Total: 100405 ns
[2020-02-28T01:55:15.144+0000][1][safepoint    ] Safepoint "RevokeBias", Time since last: 504949817 ns, Reaching safepoint: 76925 ns, At safepoint: 18224 ns, Total: 95149 ns
[2020-02-28T01:55:16.145+0000][1][safepoint    ] Safepoint "Cleanup", Time since last: 1000487926 ns, Reaching safepoint: 188859 ns, At safepoint: 23848 ns, Total: 212707 ns
[2020-02-28T01:55:17.145+0000][1][safepoint    ] Safepoint "Cleanup", Time since last: 1000206533 ns, Reaching safepoint: 89531 ns, At safepoint: 7889 ns, Total: 97420 ns
[2020-02-28T01:55:17.653+0000][1][safepoint    ] Safepoint "RevokeBias", Time since last: 507691316 ns, Reaching safepoint: 83373 ns, At safepoint: 20965 ns, Total: 104338 ns
[2020-02-28T01:55:18.653+0000][1][safepoint    ] Safepoint "Cleanup", Time since last: 1000348791 ns, Reaching safepoint: 85811 ns, At safepoint: 7302 ns, Total: 93113 ns
[2020-02-28T01:55:19.654+0000][1][safepoint    ] Safepoint "Cleanup", Time since last: 1000407725 ns, Reaching safepoint: 80997 ns, At safepoint: 5930 ns, Total: 86927 ns
[2020-02-28T01:55:20.162+0000][1][safepoint    ] Safepoint "RevokeBias", Time since last: 508203379 ns, Reaching safepoint: 206377 ns, At safepoint: 24685 ns, Total: 231062 ns
[2020-02-28T01:55:21.163+0000][1][safepoint    ] Safepoint "Cleanup", Time since last: 1000494196 ns, Reaching safepoint: 179267 ns, At safepoint: 19416 ns, Total: 198683 ns
[2020-02-28T01:55:22.164+0000][1][safepoint    ] Safepoint "Cleanup", Time since last: 1000739375 ns, Reaching safepoint: 108105 ns, At safepoint: 6210 ns, Total: 114315 ns
[2020-02-28T01:55:22.675+0000][1][safepoint    ] Safepoint "RevokeBias", Time since last: 511584997 ns, Reaching safepoint: 92750 ns, At safepoint: 21700 ns, Total: 114450 ns
[2020-02-28T01:55:23.676+0000][1][safepoint    ] Safepoint "Cleanup", Time since last: 1000645882 ns, Reaching safepoint: 124423 ns, At safepoint: 7457 ns, Total: 131880 ns
[2020-02-28T01:55:24.680+0000][1][safepoint    ] Safepoint "Cleanup", Time since last: 1003995172 ns, Reaching safepoint: 176688 ns, At safepoint: 22925 ns, Total: 199613 ns
[2020-02-28T01:55:25.203+0000][1][safepoint    ] Safepoint "RevokeBias", Time since last: 522081156 ns, Reaching safepoint: 125740 ns, At safepoint: 17248 ns, Total: 142988 ns
[2020-02-28T01:55:26.246+0000][1][safepoint    ] Safepoint "Cleanup", Time since last: 1000659398 ns, Reaching safepoint: 42707313 ns, At safepoint: 25955 ns, Total: 42733268 ns
[2020-02-28T01:55:26.405+0000][1][safepoint    ] Safepoint "RevokeBias", Time since last: 158179686 ns, Reaching safepoint: 305530 ns, At safepoint: 9174 ns, Total: 314704 ns
[2020-02-28T01:55:26.405+0000][1][safepoint    ] Safepoint "RevokeBias", Time since last: 95110 ns, Reaching safepoint: 193466 ns, At safepoint: 7538 ns, Total: 201004 ns
[2020-02-28T01:55:26.406+0000][1][safepoint    ] Safepoint "RevokeBias", Time since last: 227557 ns, Reaching safepoint: 576154 ns, At safepoint: 11089 ns, Total: 587243 ns
[2020-02-28T01:55:26.409+0000][1][safepoint    ] Safepoint "RevokeBias", Time since last: 2836831 ns, Reaching safepoint: 644608 ns, At safepoint: 10873 ns, Total: 655481 ns
[2020-02-28T01:55:26.414+0000][1][safepoint    ] Safepoint "RevokeBias", Time since last: 3247680 ns, Reaching safepoint: 1660092 ns, At safepoint: 12005 ns, Total: 1672097 ns
[2020-02-28T01:55:26.415+0000][1][safepoint    ] Safepoint "RevokeBias", Time since last: 106692 ns, Reaching safepoint: 609139 ns, At safepoint: 8431 ns, Total: 617570 ns
[2020-02-28T01:55:26.418+0000][1][safepoint    ] Safepoint "RevokeBias", Time since last: 442751 ns, Reaching safepoint: 3082959 ns, At safepoint: 10486 ns, Total: 3093445 ns
[2020-02-28T01:55:26.671+0000][1][safepoint    ] Safepoint "RevokeBias", Time since last: 250048441 ns, Reaching safepoint: 2543310 ns, At safepoint: 9844 ns, Total: 2553154 ns
[2020-02-28T01:55:26.677+0000][1][safepoint    ] Safepoint "RevokeBias", Time since last: 3758635 ns, Reaching safepoint: 2548728 ns, At safepoint: 12191 ns, Total: 2560919 ns
[2020-02-28T01:55:26.681+0000][1][safepoint    ] Safepoint "RevokeBias", Time since last: 2827971 ns, Reaching safepoint: 702349 ns, At safepoint: 13215 ns, Total: 715564 ns
[2020-02-28T01:55:26.906+0000][1][safepoint    ] Safepoint "RevokeBias", Time since last: 225099852 ns, Reaching safepoint: 532063 ns, At safepoint: 9490 ns, Total: 541553 ns
[2020-02-28T01:55:26.907+0000][1][safepoint    ] Safepoint "RevokeBias", Time since last: 74313 ns, Reaching safepoint: 471264 ns, At safepoint: 7919 ns, Total: 479183 ns
[2020-02-28T01:55:26.907+0000][1][safepoint    ] Safepoint "RevokeBias", Time since last: 57260 ns, Reaching safepoint: 431547 ns, At safepoint: 7936 ns, Total: 439483 ns
[2020-02-28T01:55:26.908+0000][1][safepoint    ] Safepoint "RevokeBias", Time since last: 105567 ns, Reaching safepoint: 479882 ns, At safepoint: 8602 ns, Total: 488484 ns
[2020-02-28T01:55:26.909+0000][1][safepoint    ] Safepoint "RevokeBias", Time since last: 50540 ns, Reaching safepoint: 426054 ns, At safepoint: 7412 ns, Total: 433466 ns
[2020-02-28T01:55:26.909+0000][1][safepoint    ] Safepoint "RevokeBias", Time since last: 167669 ns, Reaching safepoint: 422452 ns, At safepoint: 7854 ns, Total: 430306 ns
[2020-02-28T01:55:26.910+0000][1][safepoint    ] Safepoint "RevokeBias", Time since last: 652062 ns, Reaching safepoint: 419640 ns, At safepoint: 8803 ns, Total: 428443 ns
[2020-02-28T01:55:26.928+0000][1][safepoint    ] Safepoint "RevokeBias", Time since last: 8326094 ns, Reaching safepoint: 69537 ns, At safepoint: 9424136 ns, Total: 9493673 ns
[2020-02-28T01:55:27.268+0000][1][safepoint    ] Safepoint "RevokeBias", Time since last: 339756905 ns, Reaching safepoint: 147005 ns, At safepoint: 9353 ns, Total: 156358 ns
[2020-02-28T01:55:27.270+0000][1][safepoint    ] Safepoint "RevokeBias", Time since last: 1505084 ns, Reaching safepoint: 68741 ns, At safepoint: 20256 ns, Total: 88997 ns
[2020-02-28T01:55:27.270+0000][1][safepoint    ] Safepoint "RevokeBias", Time since last: 104966 ns, Reaching safepoint: 43091 ns, At safepoint: 5074 ns, Total: 48165 ns
[2020-02-28T01:55:27.270+0000][1][safepoint    ] Safepoint "RevokeBias", Time since last: 33606 ns, Reaching safepoint: 36898 ns, At safepoint: 4326 ns, Total: 41224 ns
[2020-02-28T01:55:27.270+0000][1][safepoint    ] Safepoint "RevokeBias", Time since last: 28526 ns, Reaching safepoint: 56125 ns, At safepoint: 4573 ns, Total: 60698 ns
[2020-02-28T01:55:27.272+0000][1][safepoint    ] Safepoint "RevokeBias", Time since last: 2246031 ns, Reaching safepoint: 77818 ns, At safepoint: 7941 ns, Total: 85759 ns
[2020-02-28T01:55:27.272+0000][1][safepoint    ] Safepoint "RevokeBias", Time since last: 61117 ns, Reaching safepoint: 38440 ns, At safepoint: 4586 ns, Total: 43026 ns
[2020-02-28T01:55:27.274+0000][1][safepoint    ] Safepoint "RevokeBias", Time since last: 1292413 ns, Reaching safepoint: 50453 ns, At safepoint: 5830 ns, Total: 56283 ns
[2020-02-28T01:55:27.274+0000][1][safepoint    ] Safepoint "RevokeBias", Time since last: 94593 ns, Reaching safepoint: 122284 ns, At safepoint: 5603 ns, Total: 127887 ns
[2020-02-28T01:55:27.274+0000][1][safepoint    ] Safepoint "RevokeBias", Time since last: 53490 ns, Reaching safepoint: 55231 ns, At safepoint: 12652 ns, Total: 67883 ns
[2020-02-28T01:55:27.274+0000][1][safepoint    ] Safepoint "RevokeBias", Time since last: 47155 ns, Reaching safepoint: 36477 ns, At safepoint: 12196 ns, Total: 48673 ns
[2020-02-28T01:55:27.274+0000][1][safepoint    ] Safepoint "RevokeBias", Time since last: 47696 ns, Reaching safepoint: 50684 ns, At safepoint: 12644 ns, Total: 63328 ns
[2020-02-28T01:55:27.278+0000][1][safepoint    ] Safepoint "RevokeBias", Time since last: 3947530 ns, Reaching safepoint: 86344 ns, At safepoint: 18152 ns, Total: 104496 ns
[2020-02-28T01:55:27.279+0000][1][safepoint    ] Safepoint "RevokeBias", Time since last: 542366 ns, Reaching safepoint: 57350 ns, At safepoint: 16301 ns, Total: 73651 ns
[2020-02-28T01:55:27.285+0000][1][safepoint    ] Safepoint "RevokeBias", Time since last: 4315723 ns, Reaching safepoint: 1920520 ns, At safepoint: 25496 ns, Total: 1946016 ns
[2020-02-28T01:55:27.326+0000][1][safepoint    ] Safepoint "RevokeBias", Time since last: 35730355 ns, Reaching safepoint: 4756007 ns, At safepoint: 92092 ns, Total: 4848099 ns
[2020-02-28T01:55:27.335+0000][1][safepoint    ] Safepoint "RevokeBias", Time since last: 1699392 ns, Reaching safepoint: 7845521 ns, At safepoint: 29930 ns, Total: 7875451 ns
[2020-02-28T01:55:27.339+0000][1][safepoint    ] Safepoint "BulkRevokeBias", Time since last: 569582 ns, Reaching safepoint: 3329887 ns, At safepoint: 327809 ns, Total: 3657696 ns
[2020-02-28T01:55:27.349+0000][1][safepoint    ] Safepoint "RevokeBias", Time since last: 4536804 ns, Reaching safepoint: 5266726 ns, At safepoint: 22017 ns, Total: 5288743 ns
[2020-02-28T01:55:27.368+0000][1][safepoint    ] Safepoint "BulkRevokeBias", Time since last: 3348494 ns, Reaching safepoint: 58969 ns, At safepoint: 15303250 ns, Total: 15362219 ns
[2020-02-28T01:55:27.394+0000][1][safepoint    ] Safepoint "RevokeBias", Time since last: 26113982 ns, Reaching safepoint: 272677 ns, At safepoint: 8192 ns, Total: 280869 ns
[2020-02-28T01:55:27.395+0000][1][safepoint    ] Safepoint "RevokeBias", Time since last: 151740 ns, Reaching safepoint: 444178 ns, At safepoint: 9593 ns, Total: 453771 ns
[2020-02-28T01:55:27.396+0000][1][safepoint    ] Safepoint "RevokeBias", Time since last: 371764 ns, Reaching safepoint: 618538 ns, At safepoint: 19522 ns, Total: 638060 ns
[2020-02-28T01:55:27.419+0000][1][safepoint    ] Safepoint "RevokeBias", Time since last: 19142672 ns, Reaching safepoint: 4099086 ns, At safepoint: 25201 ns, Total: 4124287 ns
[2020-02-28T01:55:27.420+0000][1][safepoint    ] Safepoint "RevokeBias", Time since last: 153608 ns, Reaching safepoint: 844011 ns, At safepoint: 23468 ns, Total: 867479 ns
[2020-02-28T01:55:27.421+0000][1][safepoint    ] Safepoint "RevokeBias", Time since last: 79749 ns, Reaching safepoint: 462927 ns, At safepoint: 19895 ns, Total: 482822 ns
[2020-02-28T01:55:27.421+0000][1][safepoint    ] Safepoint "RevokeBias", Time since last: 102475 ns, Reaching safepoint: 390455 ns, At safepoint: 30747 ns, Total: 421202 ns
[2020-02-28T01:55:27.424+0000][1][safepoint    ] Safepoint "RevokeBias", Time since last: 44833 ns, Reaching safepoint: 2680182 ns, At safepoint: 25574 ns, Total: 2705756 ns
[2020-02-28T01:55:27.425+0000][1][safepoint    ] Safepoint "RevokeBias", Time since last: 97251 ns, Reaching safepoint: 332636 ns, At safepoint: 60999 ns, Total: 393635 ns
[2020-02-28T01:55:27.425+0000][1][safepoint    ] Safepoint "RevokeBias", Time since last: 105878 ns, Reaching safepoint: 497952 ns, At safepoint: 19844 ns, Total: 517796 ns
[2020-02-28T01:55:27.426+0000][1][safepoint    ] Safepoint "RevokeBias", Time since last: 69389 ns, Reaching safepoint: 348500 ns, At safepoint: 81903 ns, Total: 430403 ns
[2020-02-28T01:55:27.429+0000][1][safepoint    ] Safepoint "RevokeBias", Time since last: 68413 ns, Reaching safepoint: 2773763 ns, At safepoint: 42512 ns, Total: 2816275 ns
[2020-02-28T01:55:27.429+0000][1][safepoint    ] Safepoint "RevokeBias", Time since last: 78625 ns, Reaching safepoint: 139015 ns, At safepoint: 37039 ns, Total: 176054 ns
[2020-02-28T01:55:27.429+0000][1][safepoint    ] Safepoint "RevokeBias", Time since last: 49996 ns, Reaching safepoint: 427824 ns, At safepoint: 24666 ns, Total: 452490 ns
[2020-02-28T01:55:27.430+0000][1][safepoint    ] Safepoint "RevokeBias", Time since last: 46361 ns, Reaching safepoint: 476068 ns, At safepoint: 25046 ns, Total: 501114 ns
[2020-02-28T01:55:27.431+0000][1][safepoint    ] Safepoint "RevokeBias", Time since last: 40596 ns, Reaching safepoint: 461077 ns, At safepoint: 37594 ns, Total: 498671 ns
[2020-02-28T01:55:27.433+0000][1][safepoint    ] Safepoint "RevokeBias", Time since last: 1667048 ns, Reaching safepoint: 480695 ns, At safepoint: 31004 ns, Total: 511699 ns
[2020-02-28T01:55:27.433+0000][1][safepoint    ] Safepoint "RevokeBias", Time since last: 58476 ns, Reaching safepoint: 531960 ns, At safepoint: 26590 ns, Total: 558550 ns
[2020-02-28T01:55:27.435+0000][1][safepoint    ] Safepoint "RevokeBias", Time since last: 52220 ns, Reaching safepoint: 1449944 ns, At safepoint: 28337 ns, Total: 1478281 ns
[2020-02-28T01:55:27.435+0000][1][safepoint    ] Safepoint "RevokeBias", Time since last: 53725 ns, Reaching safepoint: 39740 ns, At safepoint: 20056 ns, Total: 59796 ns
[2020-02-28T01:55:27.435+0000][1][safepoint    ] Safepoint "RevokeBias", Time since last: 37065 ns, Reaching safepoint: 36868 ns, At safepoint: 18123 ns, Total: 54991 ns
[2020-02-28T01:55:27.435+0000][1][safepoint    ] Safepoint "RevokeBias", Time since last: 23040 ns, Reaching safepoint: 56490 ns, At safepoint: 18427 ns, Total: 74917 ns
[2020-02-28T01:55:27.435+0000][1][safepoint    ] Safepoint "RevokeBias", Time since last: 42854 ns, Reaching safepoint: 36281 ns, At safepoint: 17805 ns, Total: 54086 ns
[2020-02-28T01:55:27.435+0000][1][safepoint    ] Safepoint "RevokeBias", Time since last: 22187 ns, Reaching safepoint: 93943 ns, At safepoint: 24559 ns, Total: 118502 ns
[2020-02-28T01:55:27.435+0000][1][safepoint    ] Safepoint "RevokeBias", Time since last: 47893 ns, Reaching safepoint: 37570 ns, At safepoint: 18319 ns, Total: 55889 ns
[2020-02-28T01:55:27.436+0000][1][safepoint    ] Safepoint "RevokeBias", Time since last: 22738 ns, Reaching safepoint: 37011 ns, At safepoint: 17506 ns, Total: 54517 ns
[2020-02-28T01:55:27.436+0000][1][safepoint    ] Safepoint "RevokeBias", Time since last: 25221 ns, Reaching safepoint: 36312 ns, At safepoint: 17583 ns, Total: 53895 ns
[2020-02-28T01:55:27.436+0000][1][safepoint    ] Safepoint "RevokeBias", Time since last: 21769 ns, Reaching safepoint: 37120 ns, At safepoint: 17208 ns, Total: 54328 ns
[2020-02-28T01:55:27.437+0000][1][safepoint    ] Safepoint "RevokeBias", Time since last: 25422 ns, Reaching safepoint: 36067 ns, At safepoint: 1200003 ns, Total: 1236070 ns
[2020-02-28T01:55:27.437+0000][1][safepoint    ] Safepoint "RevokeBias", Time since last: 115448 ns, Reaching safepoint: 66582 ns, At safepoint: 27237 ns, Total: 93819 ns
[2020-02-28T01:55:27.437+0000][1][safepoint    ] Safepoint "RevokeBias", Time since last: 42854 ns, Reaching safepoint: 38913 ns, At safepoint: 33097 ns, Total: 72010 ns
[2020-02-28T01:55:27.437+0000][1][safepoint    ] Safepoint "RevokeBias", Time since last: 23648 ns, Reaching safepoint: 37368 ns, At safepoint: 17777 ns, Total: 55145 ns
[2020-02-28T01:55:27.438+0000][1][safepoint    ] Safepoint "RevokeBias", Time since last: 26002 ns, Reaching safepoint: 94514 ns, At safepoint: 35203 ns, Total: 129717 ns
[2020-02-28T01:55:27.438+0000][1][safepoint    ] Safepoint "RevokeBias", Time since last: 30454 ns, Reaching safepoint: 53714 ns, At safepoint: 18463 ns, Total: 72177 ns
[2020-02-28T01:55:27.438+0000][1][safepoint    ] Safepoint "RevokeBias", Time since last: 28980 ns, Reaching safepoint: 36504 ns, At safepoint: 18071 ns, Total: 54575 ns
[2020-02-28T01:55:27.438+0000][1][safepoint    ] Safepoint "RevokeBias", Time since last: 22175 ns, Reaching safepoint: 56957 ns, At safepoint: 18354 ns, Total: 75311 ns
[2020-02-28T01:55:27.438+0000][1][safepoint    ] Safepoint "RevokeBias", Time since last: 40606 ns, Reaching safepoint: 37578 ns, At safepoint: 19478 ns, Total: 57056 ns
[2020-02-28T01:55:27.439+0000][1][safepoint    ] Safepoint "BulkRevokeBias", Time since last: 37419 ns, Reaching safepoint: 1227770 ns, At safepoint: 312074 ns, Total: 1539844 ns
[2020-02-28T01:55:27.440+0000][1][safepoint    ] Safepoint "RevokeBias", Time since last: 69848 ns, Reaching safepoint: 120407 ns, At safepoint: 65587 ns, Total: 185994 ns
[2020-02-28T01:55:27.444+0000][1][safepoint    ] Safepoint "BulkRevokeBias", Time since last: 64987 ns, Reaching safepoint: 98214 ns, At safepoint: 4209757 ns, Total: 4307971 ns
[2020-02-28T01:55:27.445+0000][1][safepoint    ] Safepoint "RevokeBias", Time since last: 283975 ns, Reaching safepoint: 95235 ns, At safepoint: 37234 ns, Total: 132469 ns
[2020-02-28T01:55:27.445+0000][1][safepoint    ] Safepoint "RevokeBias", Time since last: 108969 ns, Reaching safepoint: 53411 ns, At safepoint: 29382 ns, Total: 82793 ns
[2020-02-28T01:55:27.445+0000][1][safepoint    ] Safepoint "RevokeBias", Time since last: 53313 ns, Reaching safepoint: 51166 ns, At safepoint: 27305 ns, Total: 78471 ns
[2020-02-28T01:55:27.454+0000][1][safepoint    ] Safepoint "RevokeBias", Time since last: 2966022 ns, Reaching safepoint: 88499 ns, At safepoint: 6339968 ns, Total: 6428467 ns
[2020-02-28T01:55:27.455+0000][1][safepoint    ] Safepoint "RevokeBias", Time since last: 311678 ns, Reaching safepoint: 77959 ns, At safepoint: 73703 ns, Total: 151662 ns
[2020-02-28T01:55:27.455+0000][1][safepoint    ] Safepoint "RevokeBias", Time since last: 196509 ns, Reaching safepoint: 57716 ns, At safepoint: 31769 ns, Total: 89485 ns
[2020-02-28T01:55:27.456+0000][1][safepoint    ] Safepoint "RevokeBias", Time since last: 1331726 ns, Reaching safepoint: 74586 ns, At safepoint: 38683 ns, Total: 113269 ns
[2020-02-28T01:55:27.501+0000][1][safepoint    ] Safepoint "RevokeBias", Time since last: 43939552 ns, Reaching safepoint: 855401 ns, At safepoint: 73228 ns, Total: 928629 ns
[2020-02-28T01:55:27.528+0000][1][safepoint    ] Safepoint "RevokeBias", Time since last: 26150343 ns, Reaching safepoint: 610960 ns, At safepoint: 43593 ns, Total: 654553 ns
[2020-02-28T01:55:27.581+0000][1][safepoint    ] Safepoint "RevokeBias", Time since last: 52414964 ns, Reaching safepoint: 321412 ns, At safepoint: 10802 ns, Total: 332214 ns
[2020-02-28T01:55:27.610+0000][1][safepoint    ] Safepoint "RevokeBias", Time since last: 29202924 ns, Reaching safepoint: 354587 ns, At safepoint: 10643 ns, Total: 365230 ns
[2020-02-28T01:55:27.690+0000][1][safepoint    ] Safepoint "RevokeBias", Time since last: 79351073 ns, Reaching safepoint: 156366 ns, At safepoint: 7009 ns, Total: 163375 ns
[2020-02-28T01:55:27.732+0000][1][safepoint    ] Safepoint "RevokeBias", Time since last: 40832279 ns, Reaching safepoint: 1381018 ns, At safepoint: 13412 ns, Total: 1394430 ns
[2020-02-28T01:55:27.814+0000][1][safepoint    ] Safepoint "RevokeBias", Time since last: 68454902 ns, Reaching safepoint: 1607548 ns, At safepoint: 11783595 ns, Total: 13391143 ns
[2020-02-28T01:55:27.920+0000][1][safepoint    ] Safepoint "RevokeBias", Time since last: 106007549 ns, Reaching safepoint: 400082 ns, At safepoint: 10357 ns, Total: 410439 ns
[2020-02-28T01:55:27.986+0000][1][safepoint    ] Safepoint "RevokeBias", Time since last: 63718609 ns, Reaching safepoint: 1925961 ns, At safepoint: 85065 ns, Total: 2011026 ns
[2020-02-28T01:55:27.987+0000][1][safepoint    ] Safepoint "RevokeBias", Time since last: 513497 ns, Reaching safepoint: 492529 ns, At safepoint: 55982 ns, Total: 548511 ns
[2020-02-28T01:55:28.077+0000][1][safepoint    ] Safepoint "RevokeBias", Time since last: 32755753 ns, Reaching safepoint: 56912158 ns, At safepoint: 19632 ns, Total: 56931790 ns
[2020-02-28T01:55:28.077+0000][1][gc,heap,exit ] Heap
[2020-02-28T01:55:28.077+0000][1][gc,heap,exit ]  par new generation   total 76672K, used 51335K [0x00000000c0000000, 0x00000000c5330000, 0x00000000c5330000)
[2020-02-28T01:55:28.077+0000][1][gc,heap,exit ]   eden space 68160K,  63% used [0x00000000c0000000, 0x00000000c2a8edf0, 0x00000000c4290000)
[2020-02-28T01:55:28.077+0000][1][gc,heap,exit ]   from space 8512K,  91% used [0x00000000c4290000, 0x00000000c4a230d0, 0x00000000c4ae0000)
[2020-02-28T01:55:28.077+0000][1][gc,heap,exit ]   to   space 8512K,   0% used [0x00000000c4ae0000, 0x00000000c4ae0000, 0x00000000c5330000)
[2020-02-28T01:55:28.077+0000][1][gc,heap,exit ]  concurrent mark-sweep generation total 963392K, used 58498K [0x00000000c5330000, 0x0000000100000000, 0x0000000100000000)
[2020-02-28T01:55:28.077+0000][1][gc,heap,exit ]  Metaspace       used 78814K, capacity 85210K, committed 85520K, reserved 1122304K
[2020-02-28T01:55:28.077+0000][1][gc,heap,exit ]   class space    used 10583K, capacity 13200K, committed 13256K, reserved 1048576K
