[2020-02-28T05:09:47.710+0000][1][gc] Using Concurrent Mark Sweep
[2020-02-28T05:09:47.710+0000][1][gc,heap,coops] Heap address: 0x00000000c0000000, size: 1024 MB, Compressed Oops mode: 32-bit
[2020-02-28T05:09:47.827+0000][1][safepoint    ] Safepoint "EnableBiasedLocking", Time since last: 106550804 ns, Reaching safepoint: 241836 ns, At safepoint: 27387 ns, Total: 269223 ns
[2020-02-28T05:09:47.836+0000][1][safepoint    ] Safepoint "RevokeBias", Time since last: 9395315 ns, Reaching safepoint: 119666 ns, At safepoint: 34132 ns, Total: 153798 ns
[2020-02-28T05:09:47.873+0000][1][safepoint    ] Safepoint "Deoptimize", Time since last: 36914866 ns, Reaching safepoint: 16396 ns, At safepoint: 25194 ns, Total: 41590 ns
[2020-02-28T05:09:48.912+0000][1][safepoint    ] Safepoint "Cleanup", Time since last: 1000647559 ns, Reaching safepoint: 37894871 ns, At safepoint: 8091 ns, Total: 37902962 ns
[2020-02-28T05:09:49.918+0000][1][safepoint    ] Safepoint "Cleanup", Time since last: 1006193579 ns, Reaching safepoint: 34217 ns, At safepoint: 5882 ns, Total: 40099 ns
[2020-02-28T05:09:50.920+0000][1][safepoint    ] Safepoint "Cleanup", Time since last: 1001698284 ns, Reaching safepoint: 35484 ns, At safepoint: 5664 ns, Total: 41148 ns
[2020-02-28T05:09:51.926+0000][1][safepoint    ] Safepoint "Cleanup", Time since last: 1006210277 ns, Reaching safepoint: 46033 ns, At safepoint: 4024 ns, Total: 50057 ns
[2020-02-28T05:09:51.944+0000][1][safepoint    ] Safepoint "Deoptimize", Time since last: 17874783 ns, Reaching safepoint: 12306 ns, At safepoint: 26724 ns, Total: 39030 ns
[2020-02-28T05:09:53.081+0000][1][safepoint    ] Safepoint "Deoptimize", Time since last: 1136721546 ns, Reaching safepoint: 24926 ns, At safepoint: 67027 ns, Total: 91953 ns
[2020-02-28T05:09:54.196+0000][1][safepoint    ] Safepoint "Cleanup", Time since last: 1000178223 ns, Reaching safepoint: 114827421 ns, At safepoint: 5659 ns, Total: 114833080 ns
[2020-02-28T05:09:55.208+0000][1][safepoint    ] Safepoint "Cleanup", Time since last: 1012143500 ns, Reaching safepoint: 364695 ns, At safepoint: 6096 ns, Total: 370791 ns
[2020-02-28T05:09:56.214+0000][1][safepoint    ] Safepoint "Cleanup", Time since last: 1006341830 ns, Reaching safepoint: 51287 ns, At safepoint: 3293 ns, Total: 54580 ns
[2020-02-28T05:09:57.217+0000][1][safepoint    ] Safepoint "Cleanup", Time since last: 1002516940 ns, Reaching safepoint: 96643 ns, At safepoint: 5242 ns, Total: 101885 ns
[2020-02-28T05:09:58.219+0000][1][safepoint    ] Safepoint "Cleanup", Time since last: 1001939347 ns, Reaching safepoint: 130064 ns, At safepoint: 20489 ns, Total: 150553 ns
[2020-02-28T05:09:59.126+0000][1][safepoint    ] Safepoint "Deoptimize", Time since last: 906629510 ns, Reaching safepoint: 21704 ns, At safepoint: 106700 ns, Total: 128404 ns
[2020-02-28T05:10:00.150+0000][1][safepoint    ] Safepoint "Cleanup", Time since last: 1000791074 ns, Reaching safepoint: 22985656 ns, At safepoint: 5256 ns, Total: 22990912 ns
[2020-02-28T05:10:00.743+0000][1][safepoint    ] Safepoint "Deoptimize", Time since last: 592895725 ns, Reaching safepoint: 19469 ns, At safepoint: 204964 ns, Total: 224433 ns
[2020-02-28T05:10:02.081+0000][1][safepoint    ] Safepoint "Cleanup", Time since last: 1000552113 ns, Reaching safepoint: 337786585 ns, At safepoint: 8281 ns, Total: 337794866 ns
[2020-02-28T05:10:02.902+0000][1][safepoint    ] Safepoint "Deoptimize", Time since last: 820343215 ns, Reaching safepoint: 35353 ns, At safepoint: 124884 ns, Total: 160237 ns
[2020-02-28T05:10:03.904+0000][1][safepoint    ] Safepoint "Cleanup", Time since last: 1001798907 ns, Reaching safepoint: 48552 ns, At safepoint: 4321 ns, Total: 52873 ns
[2020-02-28T05:10:04.904+0000][1][safepoint    ] Safepoint "Cleanup", Time since last: 1000338596 ns, Reaching safepoint: 40408 ns, At safepoint: 5090 ns, Total: 45498 ns
[2020-02-28T05:10:05.936+0000][1][safepoint    ] Safepoint "Cleanup", Time since last: 1000723331 ns, Reaching safepoint: 31293301 ns, At safepoint: 8328 ns, Total: 31301629 ns
[2020-02-28T05:10:07.422+0000][1][safepoint    ] Safepoint "Cleanup", Time since last: 1000766095 ns, Reaching safepoint: 484846888 ns, At safepoint: 7026 ns, Total: 484853914 ns
[2020-02-28T05:10:09.442+0000][1][safepoint    ] Safepoint "Cleanup", Time since last: 2020062566 ns, Reaching safepoint: 46157 ns, At safepoint: 5653 ns, Total: 51810 ns
[2020-02-28T05:10:10.442+0000][1][safepoint    ] Safepoint "Cleanup", Time since last: 1000555122 ns, Reaching safepoint: 45983 ns, At safepoint: 7124 ns, Total: 53107 ns
[2020-02-28T05:10:11.369+0000][1][safepoint    ] Safepoint "Deoptimize", Time since last: 926676345 ns, Reaching safepoint: 33984 ns, At safepoint: 136912 ns, Total: 170896 ns
[2020-02-28T05:10:12.376+0000][1][safepoint    ] Safepoint "Cleanup", Time since last: 1003371261 ns, Reaching safepoint: 3493686 ns, At safepoint: 10226 ns, Total: 3503912 ns
[2020-02-28T05:10:13.292+0000][1][safepoint    ] Safepoint "Deoptimize", Time since last: 915848482 ns, Reaching safepoint: 38530 ns, At safepoint: 144931 ns, Total: 183461 ns
[2020-02-28T05:10:14.324+0000][1][safepoint    ] Safepoint "Cleanup", Time since last: 1016479962 ns, Reaching safepoint: 15492025 ns, At safepoint: 7690 ns, Total: 15499715 ns
[2020-02-28T05:10:15.116+0000][1][safepoint    ] Safepoint "Deoptimize", Time since last: 791994966 ns, Reaching safepoint: 28708 ns, At safepoint: 236641 ns, Total: 265349 ns
[2020-02-28T05:10:15.190+0000][1][safepoint    ] Safepoint "RevokeBias", Time since last: 73261753 ns, Reaching safepoint: 23802 ns, At safepoint: 56488 ns, Total: 80290 ns
[2020-02-28T05:10:16.303+0000][1][safepoint    ] Safepoint "Cleanup", Time since last: 1008145646 ns, Reaching safepoint: 105318794 ns, At safepoint: 6819 ns, Total: 105325613 ns
[2020-02-28T05:10:17.306+0000][1][safepoint    ] Safepoint "Cleanup", Time since last: 1002330714 ns, Reaching safepoint: 314875 ns, At safepoint: 4377 ns, Total: 319252 ns
[2020-02-28T05:10:18.333+0000][1][safepoint    ] Safepoint "Cleanup", Time since last: 1024804081 ns, Reaching safepoint: 2441729 ns, At safepoint: 28497 ns, Total: 2470226 ns
[2020-02-28T05:10:19.336+0000][1][safepoint    ] Safepoint "Cleanup", Time since last: 1002803866 ns, Reaching safepoint: 85371 ns, At safepoint: 3715 ns, Total: 89086 ns
[2020-02-28T05:10:20.342+0000][1][safepoint    ] Safepoint "Cleanup", Time since last: 1005798428 ns, Reaching safepoint: 37897 ns, At safepoint: 4176 ns, Total: 42073 ns
[2020-02-28T05:10:20.705+0000][1][safepoint    ] Safepoint "Deoptimize", Time since last: 362654673 ns, Reaching safepoint: 15513 ns, At safepoint: 245346 ns, Total: 260859 ns
[2020-02-28T05:10:20.705+0000][1][safepoint    ] Safepoint "Deoptimize", Time since last: 127103 ns, Reaching safepoint: 10147 ns, At safepoint: 172868 ns, Total: 183015 ns
[2020-02-28T05:10:21.710+0000][1][safepoint    ] Safepoint "Cleanup", Time since last: 1000668535 ns, Reaching safepoint: 4285386 ns, At safepoint: 6513 ns, Total: 4291899 ns
[2020-02-28T05:10:22.089+0000][1][safepoint    ] Safepoint "Deoptimize", Time since last: 378748552 ns, Reaching safepoint: 25178 ns, At safepoint: 229302 ns, Total: 254480 ns
[2020-02-28T05:10:22.105+0000][1][safepoint    ] Safepoint "Deoptimize", Time since last: 16167344 ns, Reaching safepoint: 32413 ns, At safepoint: 325422 ns, Total: 357835 ns
[2020-02-28T05:10:22.328+0000][1][safepoint    ] Safepoint "RevokeBias", Time since last: 175461318 ns, Reaching safepoint: 46576632 ns, At safepoint: 32897 ns, Total: 46609529 ns
[2020-02-28T05:10:22.335+0000][1][safepoint    ] Safepoint "RevokeBias", Time since last: 509141 ns, Reaching safepoint: 6763329 ns, At safepoint: 36332 ns, Total: 6799661 ns
[2020-02-28T05:10:22.335+0000][1][safepoint    ] Safepoint "RevokeBias", Time since last: 159006 ns, Reaching safepoint: 265502 ns, At safepoint: 28285 ns, Total: 293787 ns
[2020-02-28T05:10:22.341+0000][1][safepoint    ] Safepoint "RevokeBias", Time since last: 271723 ns, Reaching safepoint: 5157943 ns, At safepoint: 52074 ns, Total: 5210017 ns
[2020-02-28T05:10:22.456+0000][1][safepoint    ] Safepoint "Deoptimize", Time since last: 30658233 ns, Reaching safepoint: 83967639 ns, At safepoint: 223511 ns, Total: 84191150 ns
[2020-02-28T05:10:23.653+0000][1][safepoint    ] Safepoint "Cleanup", Time since last: 1001005741 ns, Reaching safepoint: 196346737 ns, At safepoint: 41632 ns, Total: 196388369 ns
[2020-02-28T05:10:24.753+0000][1][safepoint    ] Safepoint "Cleanup", Time since last: 1001645681 ns, Reaching safepoint: 98028038 ns, At safepoint: 10076 ns, Total: 98038114 ns
[2020-02-28T05:10:24.823+0000][1][safepoint    ] Safepoint "RevokeBias", Time since last: 70515915 ns, Reaching safepoint: 26987 ns, At safepoint: 13668 ns, Total: 40655 ns
[2020-02-28T05:10:25.841+0000][1][safepoint    ] Safepoint "Cleanup", Time since last: 1001507703 ns, Reaching safepoint: 16043252 ns, At safepoint: 10757 ns, Total: 16054009 ns
[2020-02-28T05:10:26.729+0000][1][gc,start     ] GC(0) Pause Young (Allocation Failure)
[2020-02-28T05:10:26.781+0000][1][gc,task      ] GC(0) Using 1 workers of 1 for evacuation
[2020-02-28T05:10:26.937+0000][1][gc,age       ] GC(0) Desired survivor size 4358144 bytes, new threshold 1 (max threshold 6)
[2020-02-28T05:10:26.937+0000][1][gc,age       ] GC(0) Age table with threshold 1 (max threshold 6)
[2020-02-28T05:10:26.937+0000][1][gc,age       ] GC(0) - age   1:    7947464 bytes,    7947464 total
[2020-02-28T05:10:26.937+0000][1][gc,heap      ] GC(0) ParNew: 68160K->7795K(76672K)
[2020-02-28T05:10:26.937+0000][1][gc,heap      ] GC(0) CMS: 0K->0K(963392K)
[2020-02-28T05:10:26.937+0000][1][gc,metaspace ] GC(0) Metaspace: 12620K->12620K(1060864K)
[2020-02-28T05:10:26.937+0000][1][gc           ] GC(0) Pause Young (Allocation Failure) 66M->7M(1015M) 208.608ms
[2020-02-28T05:10:26.937+0000][1][gc,cpu       ] GC(0) User=0.03s Sys=0.00s Real=0.21s
[2020-02-28T05:10:26.937+0000][1][safepoint    ] Safepoint "GenCollectForAllocation", Time since last: 887678672 ns, Reaching safepoint: 74035 ns, At safepoint: 208662796 ns, Total: 208736831 ns
[2020-02-28T05:10:26.940+0000][1][safepoint    ] Safepoint "RevokeBias", Time since last: 2244222 ns, Reaching safepoint: 25740 ns, At safepoint: 39821 ns, Total: 65561 ns
[2020-02-28T05:10:26.940+0000][1][safepoint    ] Safepoint "RevokeBias", Time since last: 801320 ns, Reaching safepoint: 19993 ns, At safepoint: 24867 ns, Total: 44860 ns
[2020-02-28T05:10:26.941+0000][1][safepoint    ] Safepoint "RevokeBias", Time since last: 53379 ns, Reaching safepoint: 13126 ns, At safepoint: 17815 ns, Total: 30941 ns
[2020-02-28T05:10:26.941+0000][1][safepoint    ] Safepoint "RevokeBias", Time since last: 26331 ns, Reaching safepoint: 11414 ns, At safepoint: 18667 ns, Total: 30081 ns
[2020-02-28T05:10:26.941+0000][1][safepoint    ] Safepoint "RevokeBias", Time since last: 90254 ns, Reaching safepoint: 15488 ns, At safepoint: 64014 ns, Total: 79502 ns
[2020-02-28T05:10:26.941+0000][1][safepoint    ] Safepoint "RevokeBias", Time since last: 47840 ns, Reaching safepoint: 13913 ns, At safepoint: 17763 ns, Total: 31676 ns
[2020-02-28T05:10:26.941+0000][1][safepoint    ] Safepoint "RevokeBias", Time since last: 31423 ns, Reaching safepoint: 13315 ns, At safepoint: 17385 ns, Total: 30700 ns
[2020-02-28T05:10:26.941+0000][1][safepoint    ] Safepoint "RevokeBias", Time since last: 25041 ns, Reaching safepoint: 11484 ns, At safepoint: 16932 ns, Total: 28416 ns
[2020-02-28T05:10:26.941+0000][1][safepoint    ] Safepoint "RevokeBias", Time since last: 108265 ns, Reaching safepoint: 15094 ns, At safepoint: 18241 ns, Total: 33335 ns
[2020-02-28T05:10:26.941+0000][1][safepoint    ] Safepoint "RevokeBias", Time since last: 33271 ns, Reaching safepoint: 11484 ns, At safepoint: 17024 ns, Total: 28508 ns
[2020-02-28T05:10:26.941+0000][1][safepoint    ] Safepoint "RevokeBias", Time since last: 28571 ns, Reaching safepoint: 47880 ns, At safepoint: 21524 ns, Total: 69404 ns
[2020-02-28T05:10:26.941+0000][1][safepoint    ] Safepoint "RevokeBias", Time since last: 30469 ns, Reaching safepoint: 11884 ns, At safepoint: 16963 ns, Total: 28847 ns
[2020-02-28T05:10:26.941+0000][1][safepoint    ] Safepoint "RevokeBias", Time since last: 30380 ns, Reaching safepoint: 12128 ns, At safepoint: 16967 ns, Total: 29095 ns
[2020-02-28T05:10:26.941+0000][1][safepoint    ] Safepoint "RevokeBias", Time since last: 33843 ns, Reaching safepoint: 11614 ns, At safepoint: 16890 ns, Total: 28504 ns
[2020-02-28T05:10:26.942+0000][1][safepoint    ] Safepoint "RevokeBias", Time since last: 269750 ns, Reaching safepoint: 39215 ns, At safepoint: 22356 ns, Total: 61571 ns
[2020-02-28T05:10:26.942+0000][1][safepoint    ] Safepoint "RevokeBias", Time since last: 48137 ns, Reaching safepoint: 42528 ns, At safepoint: 37023 ns, Total: 79551 ns
[2020-02-28T05:10:26.942+0000][1][safepoint    ] Safepoint "RevokeBias", Time since last: 35251 ns, Reaching safepoint: 12014 ns, At safepoint: 17495 ns, Total: 29509 ns
[2020-02-28T05:10:26.942+0000][1][safepoint    ] Safepoint "RevokeBias", Time since last: 24382 ns, Reaching safepoint: 11276 ns, At safepoint: 16757 ns, Total: 28033 ns
[2020-02-28T05:10:26.942+0000][1][safepoint    ] Safepoint "RevokeBias", Time since last: 68914 ns, Reaching safepoint: 14922 ns, At safepoint: 18139 ns, Total: 33061 ns
[2020-02-28T05:10:26.942+0000][1][safepoint    ] Safepoint "RevokeBias", Time since last: 26527 ns, Reaching safepoint: 11491 ns, At safepoint: 17076 ns, Total: 28567 ns
[2020-02-28T05:10:26.942+0000][1][safepoint    ] Safepoint "RevokeBias", Time since last: 84850 ns, Reaching safepoint: 41286 ns, At safepoint: 21469 ns, Total: 62755 ns
[2020-02-28T05:10:26.942+0000][1][safepoint    ] Safepoint "RevokeBias", Time since last: 30392 ns, Reaching safepoint: 12212 ns, At safepoint: 16948 ns, Total: 29160 ns
[2020-02-28T05:10:26.942+0000][1][safepoint    ] Safepoint "RevokeBias", Time since last: 56143 ns, Reaching safepoint: 14728 ns, At safepoint: 20220 ns, Total: 34948 ns
[2020-02-28T05:10:26.942+0000][1][safepoint    ] Safepoint "RevokeBias", Time since last: 30996 ns, Reaching safepoint: 11614 ns, At safepoint: 17010 ns, Total: 28624 ns
[2020-02-28T05:10:26.943+0000][1][safepoint    ] Safepoint "RevokeBias", Time since last: 56100 ns, Reaching safepoint: 14911 ns, At safepoint: 18313 ns, Total: 33224 ns
[2020-02-28T05:10:26.943+0000][1][safepoint    ] Safepoint "RevokeBias", Time since last: 28197 ns, Reaching safepoint: 11675 ns, At safepoint: 16936 ns, Total: 28611 ns
[2020-02-28T05:10:26.943+0000][1][safepoint    ] Safepoint "RevokeBias", Time since last: 208934 ns, Reaching safepoint: 14826 ns, At safepoint: 18289 ns, Total: 33115 ns
[2020-02-28T05:10:26.943+0000][1][safepoint    ] Safepoint "RevokeBias", Time since last: 28763 ns, Reaching safepoint: 11631 ns, At safepoint: 16974 ns, Total: 28605 ns
[2020-02-28T05:10:29.287+0000][1][safepoint    ] Safepoint "Cleanup", Time since last: 2344079013 ns, Reaching safepoint: 100692 ns, At safepoint: 7008 ns, Total: 107700 ns
[2020-02-28T05:10:30.287+0000][1][safepoint    ] Safepoint "Cleanup", Time since last: 1000262642 ns, Reaching safepoint: 41399 ns, At safepoint: 6333 ns, Total: 47732 ns
[2020-02-28T05:10:31.302+0000][1][safepoint    ] Safepoint "Cleanup", Time since last: 1014488439 ns, Reaching safepoint: 48389 ns, At safepoint: 5778 ns, Total: 54167 ns
[2020-02-28T05:10:32.314+0000][1][safepoint    ] Safepoint "Cleanup", Time since last: 1012134432 ns, Reaching safepoint: 47812 ns, At safepoint: 7657 ns, Total: 55469 ns
[2020-02-28T05:10:33.347+0000][1][safepoint    ] Safepoint "Cleanup", Time since last: 1001720946 ns, Reaching safepoint: 31389889 ns, At safepoint: 8581 ns, Total: 31398470 ns
[2020-02-28T05:10:34.349+0000][1][safepoint    ] Safepoint "Cleanup", Time since last: 1001444884 ns, Reaching safepoint: 51468 ns, At safepoint: 5779 ns, Total: 57247 ns
[2020-02-28T05:10:37.358+0000][1][safepoint    ] Safepoint "Cleanup", Time since last: 3009159918 ns, Reaching safepoint: 60072 ns, At safepoint: 7104 ns, Total: 67176 ns
[2020-02-28T05:10:38.086+0000][1][safepoint    ] Safepoint "Deoptimize", Time since last: 727943665 ns, Reaching safepoint: 28065 ns, At safepoint: 494996 ns, Total: 523061 ns
[2020-02-28T05:10:39.088+0000][1][safepoint    ] Safepoint "Cleanup", Time since last: 1000984025 ns, Reaching safepoint: 49583 ns, At safepoint: 6502 ns, Total: 56085 ns
[2020-02-28T05:10:40.092+0000][1][safepoint    ] Safepoint "Cleanup", Time since last: 1004136799 ns, Reaching safepoint: 51299 ns, At safepoint: 6909 ns, Total: 58208 ns
[2020-02-28T05:10:41.097+0000][1][safepoint    ] Safepoint "Cleanup", Time since last: 1004921154 ns, Reaching safepoint: 61256 ns, At safepoint: 28397 ns, Total: 89653 ns
[2020-02-28T05:10:42.098+0000][1][safepoint    ] Safepoint "Cleanup", Time since last: 1000775592 ns, Reaching safepoint: 38515 ns, At safepoint: 6185 ns, Total: 44700 ns
[2020-02-28T05:10:43.098+0000][1][safepoint    ] Safepoint "Cleanup", Time since last: 1000369669 ns, Reaching safepoint: 51972 ns, At safepoint: 7109 ns, Total: 59081 ns
[2020-02-28T05:10:44.099+0000][1][safepoint    ] Safepoint "Cleanup", Time since last: 1000678549 ns, Reaching safepoint: 50202 ns, At safepoint: 6121 ns, Total: 56323 ns
[2020-02-28T05:10:48.108+0000][1][safepoint    ] Safepoint "Cleanup", Time since last: 4008951618 ns, Reaching safepoint: 37591 ns, At safepoint: 7041 ns, Total: 44632 ns
[2020-02-28T05:10:49.527+0000][1][safepoint    ] Safepoint "Cleanup", Time since last: 1005290258 ns, Reaching safepoint: 413987063 ns, At safepoint: 9671 ns, Total: 413996734 ns
[2020-02-28T05:10:50.527+0000][1][safepoint    ] Safepoint "Cleanup", Time since last: 1000192332 ns, Reaching safepoint: 53044 ns, At safepoint: 8319 ns, Total: 61363 ns
[2020-02-28T05:10:51.528+0000][1][safepoint    ] Safepoint "Cleanup", Time since last: 1000774751 ns, Reaching safepoint: 64312 ns, At safepoint: 6879 ns, Total: 71191 ns
[2020-02-28T05:10:51.837+0000][1][safepoint    ] Safepoint "RevokeBias", Time since last: 308424537 ns, Reaching safepoint: 45986 ns, At safepoint: 43544 ns, Total: 89530 ns
[2020-02-28T05:10:52.841+0000][1][safepoint    ] Safepoint "Cleanup", Time since last: 1004141818 ns, Reaching safepoint: 47757 ns, At safepoint: 5369 ns, Total: 53126 ns
[2020-02-28T05:10:53.842+0000][1][safepoint    ] Safepoint "Cleanup", Time since last: 1000598177 ns, Reaching safepoint: 88486 ns, At safepoint: 6413 ns, Total: 94899 ns
[2020-02-28T05:10:54.843+0000][1][safepoint    ] Safepoint "Cleanup", Time since last: 1001039193 ns, Reaching safepoint: 69966 ns, At safepoint: 7532 ns, Total: 77498 ns
[2020-02-28T05:10:55.888+0000][1][safepoint    ] Safepoint "Cleanup", Time since last: 1011802215 ns, Reaching safepoint: 33469260 ns, At safepoint: 10557 ns, Total: 33479817 ns
[2020-02-28T05:10:57.016+0000][1][safepoint    ] Safepoint "Cleanup", Time since last: 1005900669 ns, Reaching safepoint: 121879105 ns, At safepoint: 9577 ns, Total: 121888682 ns
[2020-02-28T05:10:58.017+0000][1][safepoint    ] Safepoint "Cleanup", Time since last: 1000881782 ns, Reaching safepoint: 40752 ns, At safepoint: 6703 ns, Total: 47455 ns
[2020-02-28T05:11:00.149+0000][1][safepoint    ] Safepoint "Cleanup", Time since last: 2004194759 ns, Reaching safepoint: 127949408 ns, At safepoint: 8254 ns, Total: 127957662 ns
[2020-02-28T05:11:01.205+0000][1][safepoint    ] Safepoint "Cleanup", Time since last: 1001702574 ns, Reaching safepoint: 54437309 ns, At safepoint: 11091 ns, Total: 54448400 ns
[2020-02-28T05:11:02.379+0000][1][safepoint    ] Safepoint "Cleanup", Time since last: 1000600673 ns, Reaching safepoint: 173730927 ns, At safepoint: 8853 ns, Total: 173739780 ns
[2020-02-28T05:11:03.386+0000][1][safepoint    ] Safepoint "Cleanup", Time since last: 1000718650 ns, Reaching safepoint: 6215979 ns, At safepoint: 8058 ns, Total: 6224037 ns
[2020-02-28T05:11:04.398+0000][1][safepoint    ] Safepoint "Cleanup", Time since last: 1011711725 ns, Reaching safepoint: 50863 ns, At safepoint: 5547 ns, Total: 56410 ns
[2020-02-28T05:11:06.157+0000][1][safepoint    ] Safepoint "Deoptimize", Time since last: 1758192440 ns, Reaching safepoint: 38093 ns, At safepoint: 322113 ns, Total: 360206 ns
[2020-02-28T05:11:06.202+0000][1][safepoint    ] Safepoint "Deoptimize", Time since last: 45140247 ns, Reaching safepoint: 29035 ns, At safepoint: 405702 ns, Total: 434737 ns
[2020-02-28T05:11:07.287+0000][1][safepoint    ] Safepoint "Cleanup", Time since last: 1000800792 ns, Reaching safepoint: 84020181 ns, At safepoint: 8804 ns, Total: 84028985 ns
[2020-02-28T05:11:08.900+0000][1][gc,start     ] GC(1) Pause Young (Allocation Failure)
[2020-02-28T05:11:08.985+0000][1][gc,task      ] GC(1) Using 1 workers of 1 for evacuation
[2020-02-28T05:11:10.145+0000][1][gc,age       ] GC(1) Desired survivor size 4358144 bytes, new threshold 6 (max threshold 6)
[2020-02-28T05:11:10.145+0000][1][gc,age       ] GC(1) Age table with threshold 6 (max threshold 6)
[2020-02-28T05:11:10.145+0000][1][gc,age       ] GC(1) - age   1:    3196272 bytes,    3196272 total
[2020-02-28T05:11:10.145+0000][1][gc,heap      ] GC(1) ParNew: 75955K->5477K(76672K)
[2020-02-28T05:11:10.145+0000][1][gc,heap      ] GC(1) CMS: 0K->6849K(963392K)
[2020-02-28T05:11:10.145+0000][1][gc,metaspace ] GC(1) Metaspace: 17424K->17424K(1064960K)
[2020-02-28T05:11:10.145+0000][1][gc           ] GC(1) Pause Young (Allocation Failure) 74M->12M(1015M) 1245.010ms
[2020-02-28T05:11:10.146+0000][1][gc,cpu       ] GC(1) User=0.07s Sys=0.02s Real=1.24s
[2020-02-28T05:11:10.146+0000][1][safepoint    ] Safepoint "GenCollectForAllocation", Time since last: 1613464987 ns, Reaching safepoint: 37737 ns, At safepoint: 1245116913 ns, Total: 1245154650 ns
[2020-02-28T05:11:10.159+0000][1][safepoint    ] Safepoint "BulkRevokeBias", Time since last: 13240040 ns, Reaching safepoint: 120789 ns, At safepoint: 245615 ns, Total: 366404 ns
[2020-02-28T05:11:10.173+0000][1][safepoint    ] Safepoint "RevokeBias", Time since last: 10573490 ns, Reaching safepoint: 3066852 ns, At safepoint: 50552 ns, Total: 3117404 ns
[2020-02-28T05:11:10.175+0000][1][safepoint    ] Safepoint "RevokeBias", Time since last: 89170 ns, Reaching safepoint: 1966608 ns, At safepoint: 107734 ns, Total: 2074342 ns
[2020-02-28T05:11:10.178+0000][1][safepoint    ] Safepoint "RevokeBias", Time since last: 71608 ns, Reaching safepoint: 3331641 ns, At safepoint: 51582 ns, Total: 3383223 ns
[2020-02-28T05:11:10.188+0000][1][safepoint    ] Safepoint "RevokeBias", Time since last: 5439475 ns, Reaching safepoint: 3735676 ns, At safepoint: 82188 ns, Total: 3817864 ns
[2020-02-28T05:11:10.212+0000][1][safepoint    ] Safepoint "RevokeBias", Time since last: 21588355 ns, Reaching safepoint: 2198174 ns, At safepoint: 61342 ns, Total: 2259516 ns
[2020-02-28T05:11:10.216+0000][1][safepoint    ] Safepoint "RevokeBias", Time since last: 2078824 ns, Reaching safepoint: 2296117 ns, At safepoint: 401309 ns, Total: 2697426 ns
[2020-02-28T05:11:10.220+0000][1][safepoint    ] Safepoint "RevokeBias", Time since last: 3446133 ns, Reaching safepoint: 474903 ns, At safepoint: 50098 ns, Total: 525001 ns
[2020-02-28T05:11:10.228+0000][1][safepoint    ] Safepoint "RevokeBias", Time since last: 3187150 ns, Reaching safepoint: 4883121 ns, At safepoint: 59934 ns, Total: 4943055 ns
[2020-02-28T05:11:10.230+0000][1][safepoint    ] Safepoint "BulkRevokeBias", Time since last: 88478 ns, Reaching safepoint: 1650056 ns, At safepoint: 82438 ns, Total: 1732494 ns
[2020-02-28T05:11:10.231+0000][1][safepoint    ] Safepoint "BulkRevokeBias", Time since last: 56858 ns, Reaching safepoint: 98055 ns, At safepoint: 82320 ns, Total: 180375 ns
[2020-02-28T05:11:11.298+0000][1][safepoint    ] Safepoint "Cleanup", Time since last: 1007336830 ns, Reaching safepoint: 59912553 ns, At safepoint: 10769 ns, Total: 59923322 ns
[2020-02-28T05:11:14.291+0000][1][safepoint    ] Safepoint "Deoptimize", Time since last: 2992885900 ns, Reaching safepoint: 41843 ns, At safepoint: 360821 ns, Total: 402664 ns
[2020-02-28T05:11:15.669+0000][1][safepoint    ] Safepoint "Cleanup", Time since last: 1001827277 ns, Reaching safepoint: 375909999 ns, At safepoint: 10586 ns, Total: 375920585 ns
[2020-02-28T05:11:16.672+0000][1][safepoint    ] Safepoint "Cleanup", Time since last: 1003061383 ns, Reaching safepoint: 59261 ns, At safepoint: 6731 ns, Total: 65992 ns
[2020-02-28T05:11:20.681+0000][1][safepoint    ] Safepoint "Cleanup", Time since last: 4008789091 ns, Reaching safepoint: 52680 ns, At safepoint: 6452 ns, Total: 59132 ns
[2020-02-28T05:11:21.687+0000][1][safepoint    ] Safepoint "Cleanup", Time since last: 1005820728 ns, Reaching safepoint: 75734 ns, At safepoint: 6797 ns, Total: 82531 ns
[2020-02-28T05:11:22.558+0000][1][safepoint    ] Safepoint "RevokeBias", Time since last: 870983890 ns, Reaching safepoint: 50807 ns, At safepoint: 37769 ns, Total: 88576 ns
[2020-02-28T05:11:22.558+0000][1][safepoint    ] Safepoint "RevokeBias", Time since last: 57581 ns, Reaching safepoint: 14204 ns, At safepoint: 21327 ns, Total: 35531 ns
[2020-02-28T05:11:22.636+0000][1][safepoint    ] Safepoint "RevokeBias", Time since last: 78172775 ns, Reaching safepoint: 25874 ns, At safepoint: 33877 ns, Total: 59751 ns
[2020-02-28T05:11:22.718+0000][1][gc,start     ] GC(2) Pause Young (Allocation Failure)
[2020-02-28T05:11:22.718+0000][1][gc,task      ] GC(2) Using 1 workers of 1 for evacuation
[2020-02-28T05:11:22.776+0000][1][gc,age       ] GC(2) Desired survivor size 4358144 bytes, new threshold 2 (max threshold 6)
[2020-02-28T05:11:22.776+0000][1][gc,age       ] GC(2) Age table with threshold 2 (max threshold 6)
[2020-02-28T05:11:22.776+0000][1][gc,age       ] GC(2) - age   1:    1639080 bytes,    1639080 total
[2020-02-28T05:11:22.776+0000][1][gc,age       ] GC(2) - age   2:    3007488 bytes,    4646568 total
[2020-02-28T05:11:22.776+0000][1][gc,heap      ] GC(2) ParNew: 73637K->5086K(76672K)
[2020-02-28T05:11:22.776+0000][1][gc,heap      ] GC(2) CMS: 6849K->6849K(963392K)
[2020-02-28T05:11:22.776+0000][1][gc,metaspace ] GC(2) Metaspace: 18673K->18673K(1067008K)
[2020-02-28T05:11:22.776+0000][1][gc           ] GC(2) Pause Young (Allocation Failure) 78M->11M(1015M) 58.225ms
[2020-02-28T05:11:22.776+0000][1][gc,cpu       ] GC(2) User=0.01s Sys=0.01s Real=0.05s
[2020-02-28T05:11:22.776+0000][1][safepoint    ] Safepoint "GenCollectForAllocation", Time since last: 81614101 ns, Reaching safepoint: 33085 ns, At safepoint: 58325717 ns, Total: 58358802 ns
[2020-02-28T05:11:23.319+0000][1][safepoint    ] Safepoint "RevokeBias", Time since last: 59901644 ns, Reaching safepoint: 483129752 ns, At safepoint: 46935 ns, Total: 483176687 ns
[2020-02-28T05:11:23.432+0000][1][safepoint    ] Safepoint "RevokeBias", Time since last: 15854747 ns, Reaching safepoint: 97112003 ns, At safepoint: 47663 ns, Total: 97159666 ns
[2020-02-28T05:11:23.504+0000][1][safepoint    ] Safepoint "RevokeBias", Time since last: 1459689 ns, Reaching safepoint: 70259549 ns, At safepoint: 47035 ns, Total: 70306584 ns
[2020-02-28T05:11:23.580+0000][1][safepoint    ] Safepoint "RevokeBias", Time since last: 1543228 ns, Reaching safepoint: 74399321 ns, At safepoint: 32844 ns, Total: 74432165 ns
[2020-02-28T05:11:23.765+0000][1][safepoint    ] Safepoint "RevokeBias", Time since last: 237849 ns, Reaching safepoint: 184659306 ns, At safepoint: 31282 ns, Total: 184690588 ns
[2020-02-28T05:11:23.841+0000][1][safepoint    ] Safepoint "RevokeBias", Time since last: 28087126 ns, Reaching safepoint: 47561493 ns, At safepoint: 37981 ns, Total: 47599474 ns
[2020-02-28T05:11:23.844+0000][1][safepoint    ] Safepoint "RevokeBias", Time since last: 1488400 ns, Reaching safepoint: 1551561 ns, At safepoint: 28561 ns, Total: 1580122 ns
[2020-02-28T05:11:23.856+0000][1][safepoint    ] Safepoint "RevokeBias", Time since last: 58747 ns, Reaching safepoint: 11900614 ns, At safepoint: 54161 ns, Total: 11954775 ns
[2020-02-28T05:11:24.861+0000][1][safepoint    ] Safepoint "Cleanup", Time since last: 1005535126 ns, Reaching safepoint: 53017 ns, At safepoint: 6749 ns, Total: 59766 ns
[2020-02-28T05:11:44.047+0000][1][safepoint    ] Safepoint "Cleanup", Time since last: 19185701111 ns, Reaching safepoint: 62816 ns, At safepoint: 6286 ns, Total: 69102 ns
[2020-02-28T05:11:45.259+0000][1][safepoint    ] Safepoint "Cleanup", Time since last: 1211898033 ns, Reaching safepoint: 39915 ns, At safepoint: 6017 ns, Total: 45932 ns
[2020-02-28T05:11:46.260+0000][1][safepoint    ] Safepoint "Cleanup", Time since last: 1001441328 ns, Reaching safepoint: 45407 ns, At safepoint: 6748 ns, Total: 52155 ns
[2020-02-28T05:11:49.794+0000][1][gc,start     ] GC(3) Pause Young (Allocation Failure)
[2020-02-28T05:11:49.794+0000][1][gc,task      ] GC(3) Using 1 workers of 1 for evacuation
[2020-02-28T05:11:51.938+0000][1][gc,age       ] GC(3) Desired survivor size 4358144 bytes, new threshold 6 (max threshold 6)
[2020-02-28T05:11:51.938+0000][1][gc,age       ] GC(3) Age table with threshold 6 (max threshold 6)
[2020-02-28T05:11:51.938+0000][1][gc,age       ] GC(3) - age   1:    1488280 bytes,    1488280 total
[2020-02-28T05:11:51.938+0000][1][gc,age       ] GC(3) - age   2:     710760 bytes,    2199040 total
[2020-02-28T05:11:51.938+0000][1][gc,heap      ] GC(3) ParNew: 73246K->4033K(76672K)
[2020-02-28T05:11:51.938+0000][1][gc,heap      ] GC(3) CMS: 6849K->9816K(963392K)
[2020-02-28T05:11:51.938+0000][1][gc,metaspace ] GC(3) Metaspace: 18914K->18914K(1067008K)
[2020-02-28T05:11:52.240+0000][1][gc           ] GC(3) Pause Young (Allocation Failure) 78M->13M(1015M) 2446.479ms
[2020-02-28T05:11:52.241+0000][1][gc,cpu       ] GC(3) User=0.02s Sys=0.03s Real=2.45s
[2020-02-28T05:11:52.241+0000][1][safepoint    ] Safepoint "GenCollectForAllocation", Time since last: 3391201652 ns, Reaching safepoint: 46547 ns, At safepoint: 2588910179 ns, Total: 2588956726 ns
[2020-02-28T05:11:52.241+0000][1][safepoint    ] Safepoint "RevokeBias", Time since last: 780593 ns, Reaching safepoint: 30426 ns, At safepoint: 33573 ns, Total: 63999 ns
[2020-02-28T05:11:52.241+0000][1][safepoint    ] Safepoint "RevokeBias", Time since last: 40442 ns, Reaching safepoint: 14301 ns, At safepoint: 24506 ns, Total: 38807 ns
[2020-02-28T05:11:53.158+0000][1][safepoint    ] Safepoint "RevokeBias", Time since last: 916565479 ns, Reaching safepoint: 111055 ns, At safepoint: 92199 ns, Total: 203254 ns
[2020-02-28T05:11:53.159+0000][1][safepoint    ] Safepoint "RevokeBias", Time since last: 234799 ns, Reaching safepoint: 36591 ns, At safepoint: 79050 ns, Total: 115641 ns
[2020-02-28T05:11:53.159+0000][1][safepoint    ] Safepoint "RevokeBias", Time since last: 100740 ns, Reaching safepoint: 29459 ns, At safepoint: 58922 ns, Total: 88381 ns
[2020-02-28T05:11:53.159+0000][1][safepoint    ] Safepoint "RevokeBias", Time since last: 67486 ns, Reaching safepoint: 62014 ns, At safepoint: 43672 ns, Total: 105686 ns
[2020-02-28T05:11:58.170+0000][1][safepoint    ] Safepoint "Cleanup", Time since last: 5010658544 ns, Reaching safepoint: 41654 ns, At safepoint: 6670 ns, Total: 48324 ns
[2020-02-28T05:12:01.182+0000][1][safepoint    ] Safepoint "Cleanup", Time since last: 3001983799 ns, Reaching safepoint: 10175045 ns, At safepoint: 9364 ns, Total: 10184409 ns
[2020-02-28T05:12:02.183+0000][1][safepoint    ] Safepoint "Cleanup", Time since last: 1001113215 ns, Reaching safepoint: 34590 ns, At safepoint: 5499 ns, Total: 40089 ns
[2020-02-28T05:12:03.183+0000][1][safepoint    ] Safepoint "Cleanup", Time since last: 1000434838 ns, Reaching safepoint: 32636 ns, At safepoint: 5951 ns, Total: 38587 ns
[2020-02-28T05:12:04.188+0000][1][safepoint    ] Safepoint "Cleanup", Time since last: 1004210405 ns, Reaching safepoint: 48709 ns, At safepoint: 5305 ns, Total: 54014 ns
[2020-02-28T05:12:06.191+0000][1][safepoint    ] Safepoint "Cleanup", Time since last: 2003164867 ns, Reaching safepoint: 53366 ns, At safepoint: 7170 ns, Total: 60536 ns
[2020-02-28T05:12:07.192+0000][1][safepoint    ] Safepoint "Cleanup", Time since last: 1000816770 ns, Reaching safepoint: 52582 ns, At safepoint: 6843 ns, Total: 59425 ns
[2020-02-28T05:12:12.204+0000][1][safepoint    ] Safepoint "Cleanup", Time since last: 5011372303 ns, Reaching safepoint: 1246546 ns, At safepoint: 10241 ns, Total: 1256787 ns
[2020-02-28T05:12:14.133+0000][1][gc,start     ] GC(4) Pause Young (Allocation Failure)
[2020-02-28T05:12:14.133+0000][1][gc,task      ] GC(4) Using 1 workers of 1 for evacuation
[2020-02-28T05:12:14.500+0000][1][gc,age       ] GC(4) Desired survivor size 4358144 bytes, new threshold 6 (max threshold 6)
[2020-02-28T05:12:14.500+0000][1][gc,age       ] GC(4) Age table with threshold 6 (max threshold 6)
[2020-02-28T05:12:14.500+0000][1][gc,age       ] GC(4) - age   1:    1299176 bytes,    1299176 total
[2020-02-28T05:12:14.500+0000][1][gc,age       ] GC(4) - age   2:     321512 bytes,    1620688 total
[2020-02-28T05:12:14.500+0000][1][gc,age       ] GC(4) - age   3:     710664 bytes,    2331352 total
[2020-02-28T05:12:14.500+0000][1][gc,heap      ] GC(4) ParNew: 72193K->3627K(76672K)
[2020-02-28T05:12:14.500+0000][1][gc,heap      ] GC(4) CMS: 9816K->9816K(963392K)
[2020-02-28T05:12:14.500+0000][1][gc,metaspace ] GC(4) Metaspace: 19440K->19440K(1067008K)
[2020-02-28T05:12:14.500+0000][1][gc           ] GC(4) Pause Young (Allocation Failure) 80M->13M(1015M) 366.926ms
[2020-02-28T05:12:14.500+0000][1][gc,cpu       ] GC(4) User=0.01s Sys=0.00s Real=0.37s
[2020-02-28T05:12:14.500+0000][1][safepoint    ] Safepoint "GenCollectForAllocation", Time since last: 1857291027 ns, Reaching safepoint: 71046102 ns, At safepoint: 366991580 ns, Total: 438037682 ns
[2020-02-28T05:12:14.954+0000][1][safepoint    ] Safepoint "RevokeBias", Time since last: 453836154 ns, Reaching safepoint: 35757 ns, At safepoint: 60046 ns, Total: 95803 ns
[2020-02-28T05:12:14.954+0000][1][safepoint    ] Safepoint "RevokeBias", Time since last: 74186 ns, Reaching safepoint: 14333 ns, At safepoint: 29084 ns, Total: 43417 ns
[2020-02-28T05:12:14.954+0000][1][safepoint    ] Safepoint "RevokeBias", Time since last: 39349 ns, Reaching safepoint: 13379 ns, At safepoint: 25851 ns, Total: 39230 ns
[2020-02-28T05:12:14.954+0000][1][safepoint    ] Safepoint "RevokeBias", Time since last: 25313 ns, Reaching safepoint: 12324 ns, At safepoint: 25159 ns, Total: 37483 ns
[2020-02-28T05:12:14.954+0000][1][safepoint    ] Safepoint "RevokeBias", Time since last: 53358 ns, Reaching safepoint: 12850 ns, At safepoint: 89483 ns, Total: 102333 ns
[2020-02-28T05:12:14.954+0000][1][safepoint    ] Safepoint "RevokeBias", Time since last: 31291 ns, Reaching safepoint: 16028 ns, At safepoint: 26598 ns, Total: 42626 ns
[2020-02-28T05:12:16.105+0000][1][safepoint    ] Safepoint "Cleanup", Time since last: 1001290748 ns, Reaching safepoint: 149350000 ns, At safepoint: 7978 ns, Total: 149357978 ns
[2020-02-28T05:12:16.109+0000][1][safepoint    ] Safepoint "RevokeBias", Time since last: 4366343 ns, Reaching safepoint: 93089 ns, At safepoint: 15763 ns, Total: 108852 ns
[2020-02-28T05:12:16.487+0000][1][safepoint    ] Safepoint "Deoptimize", Time since last: 327411137 ns, Reaching safepoint: 36782 ns, At safepoint: 50469176 ns, Total: 50505958 ns
[2020-02-28T05:12:17.588+0000][1][safepoint    ] Safepoint "Cleanup", Time since last: 1001324040 ns, Reaching safepoint: 98947990 ns, At safepoint: 10809 ns, Total: 98958799 ns
[2020-02-28T05:12:18.036+0000][1][safepoint    ] Safepoint "Deoptimize", Time since last: 448327429 ns, Reaching safepoint: 31486 ns, At safepoint: 447934 ns, Total: 479420 ns
[2020-02-28T05:12:19.040+0000][1][safepoint    ] Safepoint "Cleanup", Time since last: 1003256838 ns, Reaching safepoint: 55742 ns, At safepoint: 7034 ns, Total: 62776 ns
[2020-02-28T05:12:19.949+0000][1][gc,start     ] GC(5) Pause Young (Allocation Failure)
[2020-02-28T05:12:20.203+0000][1][gc,task      ] GC(5) Using 1 workers of 1 for evacuation
[2020-02-28T05:12:21.585+0000][1][gc,age       ] GC(5) Desired survivor size 4358144 bytes, new threshold 6 (max threshold 6)
[2020-02-28T05:12:21.585+0000][1][gc,age       ] GC(5) Age table with threshold 6 (max threshold 6)
[2020-02-28T05:12:21.585+0000][1][gc,age       ] GC(5) - age   1:    1970840 bytes,    1970840 total
[2020-02-28T05:12:21.585+0000][1][gc,age       ] GC(5) - age   2:    1266920 bytes,    3237760 total
[2020-02-28T05:12:21.585+0000][1][gc,age       ] GC(5) - age   3:     321512 bytes,    3559272 total
[2020-02-28T05:12:21.585+0000][1][gc,age       ] GC(5) - age   4:     710608 bytes,    4269880 total
[2020-02-28T05:12:21.585+0000][1][gc,heap      ] GC(5) ParNew: 71787K->4321K(76672K)
[2020-02-28T05:12:21.585+0000][1][gc,heap      ] GC(5) CMS: 9816K->9816K(963392K)
[2020-02-28T05:12:21.585+0000][1][gc,metaspace ] GC(5) Metaspace: 19751K->19751K(1067008K)
[2020-02-28T05:12:21.585+0000][1][gc           ] GC(5) Pause Young (Allocation Failure) 79M->13M(1015M) 1636.749ms
[2020-02-28T05:12:21.586+0000][1][gc,cpu       ] GC(5) User=0.02s Sys=0.00s Real=1.63s
[2020-02-28T05:12:21.586+0000][1][safepoint    ] Safepoint "GenCollectForAllocation", Time since last: 909004772 ns, Reaching safepoint: 73216 ns, At safepoint: 1636805559 ns, Total: 1636878775 ns
[2020-02-28T05:12:21.667+0000][1][safepoint    ] Safepoint "RevokeBias", Time since last: 81494743 ns, Reaching safepoint: 35147 ns, At safepoint: 37126 ns, Total: 72273 ns
[2020-02-28T05:12:21.667+0000][1][safepoint    ] Safepoint "RevokeBias", Time since last: 56207 ns, Reaching safepoint: 14141 ns, At safepoint: 22822 ns, Total: 36963 ns
[2020-02-28T05:12:21.667+0000][1][safepoint    ] Safepoint "RevokeBias", Time since last: 42080 ns, Reaching safepoint: 12230 ns, At safepoint: 20779 ns, Total: 33009 ns
[2020-02-28T05:12:21.667+0000][1][safepoint    ] Safepoint "RevokeBias", Time since last: 25141 ns, Reaching safepoint: 11042 ns, At safepoint: 20040 ns, Total: 31082 ns
[2020-02-28T05:12:21.667+0000][1][safepoint    ] Safepoint "RevokeBias", Time since last: 38693 ns, Reaching safepoint: 11982 ns, At safepoint: 35833 ns, Total: 47815 ns
[2020-02-28T05:12:21.667+0000][1][safepoint    ] Safepoint "RevokeBias", Time since last: 25585 ns, Reaching safepoint: 11687 ns, At safepoint: 20494 ns, Total: 32181 ns
[2020-02-28T05:12:24.705+0000][1][safepoint    ] Safepoint "Cleanup", Time since last: 3037442640 ns, Reaching safepoint: 48925 ns, At safepoint: 9800 ns, Total: 58725 ns
[2020-02-28T05:12:24.734+0000][1][gc,start     ] GC(6) Pause Young (Allocation Failure)
[2020-02-28T05:12:24.734+0000][1][gc,task      ] GC(6) Using 1 workers of 1 for evacuation
[2020-02-28T05:12:24.817+0000][1][gc,age       ] GC(6) Desired survivor size 4358144 bytes, new threshold 5 (max threshold 6)
[2020-02-28T05:12:24.817+0000][1][gc,age       ] GC(6) Age table with threshold 5 (max threshold 6)
[2020-02-28T05:12:24.817+0000][1][gc,age       ] GC(6) - age   1:     872360 bytes,     872360 total
[2020-02-28T05:12:24.817+0000][1][gc,age       ] GC(6) - age   2:    1534752 bytes,    2407112 total
[2020-02-28T05:12:24.817+0000][1][gc,age       ] GC(6) - age   3:    1266696 bytes,    3673808 total
[2020-02-28T05:12:24.817+0000][1][gc,age       ] GC(6) - age   4:     321512 bytes,    3995320 total
[2020-02-28T05:12:24.817+0000][1][gc,age       ] GC(6) - age   5:     710528 bytes,    4705848 total
[2020-02-28T05:12:24.817+0000][1][gc,heap      ] GC(6) ParNew: 72481K->7335K(76672K)
[2020-02-28T05:12:24.817+0000][1][gc,heap      ] GC(6) CMS: 9816K->9816K(963392K)
[2020-02-28T05:12:24.817+0000][1][gc,metaspace ] GC(6) Metaspace: 19836K->19836K(1067008K)
[2020-02-28T05:12:24.817+0000][1][gc           ] GC(6) Pause Young (Allocation Failure) 80M->16M(1015M) 83.503ms
[2020-02-28T05:12:24.817+0000][1][gc,cpu       ] GC(6) User=0.03s Sys=0.00s Real=0.09s
[2020-02-28T05:12:24.817+0000][1][safepoint    ] Safepoint "GenCollectForAllocation", Time since last: 28817986 ns, Reaching safepoint: 21893 ns, At safepoint: 83552214 ns, Total: 83574107 ns
[2020-02-28T05:12:24.842+0000][1][safepoint    ] Safepoint "RevokeBias", Time since last: 24432426 ns, Reaching safepoint: 38455 ns, At safepoint: 34104 ns, Total: 72559 ns
[2020-02-28T05:12:24.842+0000][1][safepoint    ] Safepoint "RevokeBias", Time since last: 572618 ns, Reaching safepoint: 19210 ns, At safepoint: 28886 ns, Total: 48096 ns
[2020-02-28T05:12:24.843+0000][1][safepoint    ] Safepoint "RevokeBias", Time since last: 52876 ns, Reaching safepoint: 11825 ns, At safepoint: 21098 ns, Total: 32923 ns
[2020-02-28T05:12:24.843+0000][1][safepoint    ] Safepoint "RevokeBias", Time since last: 25667 ns, Reaching safepoint: 10310 ns, At safepoint: 19317 ns, Total: 29627 ns
[2020-02-28T05:12:25.843+0000][1][safepoint    ] Safepoint "Cleanup", Time since last: 1000156218 ns, Reaching safepoint: 39780 ns, At safepoint: 6594 ns, Total: 46374 ns
[2020-02-28T05:12:26.925+0000][1][safepoint    ] Safepoint "Cleanup", Time since last: 1005490604 ns, Reaching safepoint: 76306870 ns, At safepoint: 32794 ns, Total: 76339664 ns
[2020-02-28T05:12:27.926+0000][1][safepoint    ] Safepoint "Cleanup", Time since last: 1000857247 ns, Reaching safepoint: 207270 ns, At safepoint: 11858 ns, Total: 219128 ns
[2020-02-28T05:12:28.941+0000][1][safepoint    ] Safepoint "Cleanup", Time since last: 1000318891 ns, Reaching safepoint: 14570124 ns, At safepoint: 10117 ns, Total: 14580241 ns
[2020-02-28T05:12:28.974+0000][1][gc,start     ] GC(7) Pause Young (Allocation Failure)
[2020-02-28T05:12:29.026+0000][1][gc,task      ] GC(7) Using 1 workers of 1 for evacuation
[2020-02-28T05:12:30.536+0000][1][gc,age       ] GC(7) Desired survivor size 4358144 bytes, new threshold 5 (max threshold 6)
[2020-02-28T05:12:30.536+0000][1][gc,age       ] GC(7) Age table with threshold 5 (max threshold 6)
[2020-02-28T05:12:30.536+0000][1][gc,age       ] GC(7) - age   1:    1099440 bytes,    1099440 total
[2020-02-28T05:12:30.536+0000][1][gc,age       ] GC(7) - age   2:     415272 bytes,    1514712 total
[2020-02-28T05:12:30.536+0000][1][gc,age       ] GC(7) - age   3:    1532760 bytes,    3047472 total
[2020-02-28T05:12:30.536+0000][1][gc,age       ] GC(7) - age   4:    1266040 bytes,    4313512 total
[2020-02-28T05:12:30.536+0000][1][gc,age       ] GC(7) - age   5:     321512 bytes,    4635024 total
[2020-02-28T05:12:30.536+0000][1][gc,heap      ] GC(7) ParNew: 75495K->8512K(76672K)
[2020-02-28T05:12:30.536+0000][1][gc,heap      ] GC(7) CMS: 9816K->10519K(963392K)
[2020-02-28T05:12:30.536+0000][1][gc,metaspace ] GC(7) Metaspace: 20066K->20066K(1067008K)
[2020-02-28T05:12:30.536+0000][1][gc           ] GC(7) Pause Young (Allocation Failure) 83M->18M(1015M) 1562.381ms
[2020-02-28T05:12:30.536+0000][1][gc,cpu       ] GC(7) User=0.01s Sys=0.01s Real=1.56s
[2020-02-28T05:12:30.536+0000][1][safepoint    ] Safepoint "GenCollectForAllocation", Time since last: 32848689 ns, Reaching safepoint: 21150 ns, At safepoint: 1562430316 ns, Total: 1562451466 ns
[2020-02-28T05:12:30.591+0000][1][safepoint    ] Safepoint "RevokeBias", Time since last: 38496058 ns, Reaching safepoint: 16529465 ns, At safepoint: 39760 ns, Total: 16569225 ns
[2020-02-28T05:12:30.617+0000][1][safepoint    ] Safepoint "RevokeBias", Time since last: 68928 ns, Reaching safepoint: 25695458 ns, At safepoint: 43319 ns, Total: 25738777 ns
[2020-02-28T05:12:30.637+0000][1][safepoint    ] Safepoint "RevokeBias", Time since last: 3933144 ns, Reaching safepoint: 16281397 ns, At safepoint: 43183 ns, Total: 16324580 ns
[2020-02-28T05:12:30.698+0000][1][safepoint    ] Safepoint "RevokeBias", Time since last: 1583775 ns, Reaching safepoint: 58808690 ns, At safepoint: 40794 ns, Total: 58849484 ns
[2020-02-28T05:12:31.707+0000][1][safepoint    ] Safepoint "Cleanup", Time since last: 1003528993 ns, Reaching safepoint: 5677509 ns, At safepoint: 11169 ns, Total: 5688678 ns
[2020-02-28T05:12:31.834+0000][1][safepoint    ] Safepoint "CollectForMetadataAllocation", Time since last: 126959633 ns, Reaching safepoint: 24579 ns, At safepoint: 130610 ns, Total: 155189 ns
[2020-02-28T05:12:32.220+0000][1][safepoint    ] Safepoint "RevokeBias", Time since last: 386518719 ns, Reaching safepoint: 56487 ns, At safepoint: 43968 ns, Total: 100455 ns
[2020-02-28T05:12:32.264+0000][1][safepoint    ] Safepoint "RevokeBias", Time since last: 43179878 ns, Reaching safepoint: 31682 ns, At safepoint: 11063 ns, Total: 42745 ns
[2020-02-28T05:12:32.571+0000][1][gc,start     ] GC(8) Pause Initial Mark
[2020-02-28T05:12:32.786+0000][1][gc           ] GC(8) Pause Initial Mark 51M->51M(1015M) 215.775ms
[2020-02-28T05:12:32.786+0000][1][gc,cpu       ] GC(8) User=0.06s Sys=0.00s Real=0.21s
[2020-02-28T05:12:32.786+0000][1][safepoint    ] Safepoint "CMS_Initial_Mark", Time since last: 306871072 ns, Reaching safepoint: 43839 ns, At safepoint: 215861388 ns, Total: 215905227 ns
[2020-02-28T05:12:32.787+0000][1][gc           ] GC(8) Concurrent Mark
[2020-02-28T05:12:33.940+0000][1][safepoint    ] Safepoint "Cleanup", Time since last: 1003202339 ns, Reaching safepoint: 150139483 ns, At safepoint: 9729 ns, Total: 150149212 ns
[2020-02-28T05:12:34.429+0000][1][gc,start     ] GC(9) Pause Young (Allocation Failure)
[2020-02-28T05:12:34.429+0000][1][gc,task      ] GC(9) Using 1 workers of 1 for evacuation
[2020-02-28T05:12:34.694+0000][1][gc,age       ] GC(9) Desired survivor size 4358144 bytes, new threshold 4 (max threshold 6)
[2020-02-28T05:12:34.694+0000][1][gc,age       ] GC(9) Age table with threshold 4 (max threshold 6)
[2020-02-28T05:12:34.694+0000][1][gc,age       ] GC(9) - age   1:    1562624 bytes,    1562624 total
[2020-02-28T05:12:34.694+0000][1][gc,age       ] GC(9) - age   2:     849872 bytes,    2412496 total
[2020-02-28T05:12:34.694+0000][1][gc,age       ] GC(9) - age   3:     415272 bytes,    2827768 total
[2020-02-28T05:12:34.694+0000][1][gc,age       ] GC(9) - age   4:    1532680 bytes,    4360448 total
[2020-02-28T05:12:34.694+0000][1][gc,age       ] GC(9) - age   5:    1266040 bytes,    5626488 total
[2020-02-28T05:12:34.694+0000][1][gc,heap      ] GC(9) ParNew: 76672K->5576K(76672K)
[2020-02-28T05:12:34.694+0000][1][gc,heap      ] GC(9) CMS: 10519K->10838K(963392K)
[2020-02-28T05:12:34.694+0000][1][gc,metaspace ] GC(9) Metaspace: 20424K->20424K(1069056K)
[2020-02-28T05:12:34.694+0000][1][gc           ] GC(9) Pause Young (Allocation Failure) 85M->16M(1015M) 265.712ms
[2020-02-28T05:12:34.694+0000][1][gc,cpu       ] GC(9) User=0.02s Sys=0.01s Real=0.26s
[2020-02-28T05:12:34.694+0000][1][safepoint    ] Safepoint "GenCollectForAllocation", Time since last: 444313955 ns, Reaching safepoint: 44470220 ns, At safepoint: 265760959 ns, Total: 310231179 ns
[2020-02-28T05:12:34.804+0000][1][safepoint    ] Safepoint "RevokeBias", Time since last: 14912384 ns, Reaching safepoint: 94635000 ns, At safepoint: 52312 ns, Total: 94687312 ns
[2020-02-28T05:12:34.810+0000][1][safepoint    ] Safepoint "RevokeBias", Time since last: 286336 ns, Reaching safepoint: 5669496 ns, At safepoint: 33050 ns, Total: 5702546 ns
[2020-02-28T05:12:35.039+0000][1][safepoint    ] Safepoint "RevokeBias", Time since last: 368158 ns, Reaching safepoint: 228443687 ns, At safepoint: 35890 ns, Total: 228479577 ns
[2020-02-28T05:12:35.130+0000][1][safepoint    ] Safepoint "RevokeBias", Time since last: 230458 ns, Reaching safepoint: 90458836 ns, At safepoint: 33245 ns, Total: 90492081 ns
[2020-02-28T05:12:35.174+0000][1][safepoint    ] Safepoint "RevokeBias", Time since last: 315899 ns, Reaching safepoint: 44137326 ns, At safepoint: 36491 ns, Total: 44173817 ns
[2020-02-28T05:12:35.216+0000][1][safepoint    ] Safepoint "RevokeBias", Time since last: 1414274 ns, Reaching safepoint: 40085878 ns, At safepoint: 33162 ns, Total: 40119040 ns
[2020-02-28T05:12:36.652+0000][1][gc,start     ] GC(10) Pause Young (Allocation Failure)
[2020-02-28T05:12:36.652+0000][1][gc,task      ] GC(10) Using 1 workers of 1 for evacuation
[2020-02-28T05:12:39.197+0000][1][gc,age       ] GC(10) Desired survivor size 4358144 bytes, new threshold 4 (max threshold 6)
[2020-02-28T05:12:39.197+0000][1][gc,age       ] GC(10) Age table with threshold 4 (max threshold 6)
[2020-02-28T05:12:39.197+0000][1][gc,age       ] GC(10) - age   1:    1967464 bytes,    1967464 total
[2020-02-28T05:12:39.197+0000][1][gc,age       ] GC(10) - age   2:    1134232 bytes,    3101696 total
[2020-02-28T05:12:39.197+0000][1][gc,age       ] GC(10) - age   3:     849872 bytes,    3951568 total
[2020-02-28T05:12:39.197+0000][1][gc,age       ] GC(10) - age   4:     415272 bytes,    4366840 total
[2020-02-28T05:12:39.197+0000][1][gc,heap      ] GC(10) ParNew: 73736K->4818K(76672K)
[2020-02-28T05:12:39.197+0000][1][gc,heap      ] GC(10) CMS: 10838K->13596K(963392K)
[2020-02-28T05:12:39.197+0000][1][gc,metaspace ] GC(10) Metaspace: 20443K->20443K(1069056K)
[2020-02-28T05:12:39.197+0000][1][gc           ] GC(10) Pause Young (Allocation Failure) 82M->17M(1015M) 2545.866ms
[2020-02-28T05:12:39.198+0000][1][gc,cpu       ] GC(10) User=0.02s Sys=0.02s Real=2.55s
[2020-02-28T05:12:39.198+0000][1][safepoint    ] Safepoint "GenCollectForAllocation", Time since last: 1428598153 ns, Reaching safepoint: 7484472 ns, At safepoint: 2545947181 ns, Total: 2553431653 ns
[2020-02-28T05:12:39.321+0000][1][safepoint    ] Safepoint "BulkRevokeBias", Time since last: 30172659 ns, Reaching safepoint: 92926376 ns, At safepoint: 102304 ns, Total: 93028680 ns
[2020-02-28T05:12:39.496+0000][1][safepoint    ] Safepoint "RevokeBias", Time since last: 155764 ns, Reaching safepoint: 174862442 ns, At safepoint: 52780 ns, Total: 174915222 ns
[2020-02-28T05:12:39.973+0000][1][safepoint    ] Safepoint "RevokeBias", Time since last: 256844 ns, Reaching safepoint: 477003082 ns, At safepoint: 96988 ns, Total: 477100070 ns
[2020-02-28T05:12:40.105+0000][1][safepoint    ] Safepoint "RevokeBias", Time since last: 222839 ns, Reaching safepoint: 131883861 ns, At safepoint: 36616 ns, Total: 131920477 ns
[2020-02-28T05:12:40.136+0000][1][safepoint    ] Safepoint "BulkRevokeBias", Time since last: 289591 ns, Reaching safepoint: 30288498 ns, At safepoint: 52996 ns, Total: 30341494 ns
[2020-02-28T05:12:40.186+0000][1][safepoint    ] Safepoint "BulkRevokeBias", Time since last: 329242 ns, Reaching safepoint: 49340569 ns, At safepoint: 56199 ns, Total: 49396768 ns
[2020-02-28T05:12:40.698+0000][1][gc           ] GC(8) Concurrent Mark 7910.964ms
[2020-02-28T05:12:40.698+0000][1][gc,cpu       ] GC(8) User=0.77s Sys=0.08s Real=7.91s
[2020-02-28T05:12:40.698+0000][1][gc           ] GC(8) Concurrent Preclean
[2020-02-28T05:12:40.902+0000][1][gc           ] GC(8) Concurrent Preclean 204.136ms
[2020-02-28T05:12:40.902+0000][1][gc,cpu       ] GC(8) User=0.01s Sys=0.00s Real=0.20s
[2020-02-28T05:12:40.902+0000][1][gc           ] GC(8) Concurrent Abortable Preclean
[2020-02-28T05:12:41.964+0000][1][safepoint    ] Safepoint "CollectForMetadataAllocation", Time since last: 1777974838 ns, Reaching safepoint: 29838 ns, At safepoint: 134507 ns, Total: 164345 ns
[2020-02-28T05:12:43.871+0000][1][safepoint    ] Safepoint "CollectForMetadataAllocation", Time since last: 1906905006 ns, Reaching safepoint: 36786 ns, At safepoint: 138731 ns, Total: 175517 ns
[2020-02-28T05:12:45.165+0000][1][safepoint    ] Safepoint "CollectForMetadataAllocation", Time since last: 1293554798 ns, Reaching safepoint: 30385 ns, At safepoint: 115332 ns, Total: 145717 ns
[2020-02-28T05:12:45.929+0000][1][gc           ] GC(8) Concurrent Abortable Preclean 5026.307ms
[2020-02-28T05:12:45.929+0000][1][gc,cpu       ] GC(8) User=0.92s Sys=0.05s Real=5.03s
[2020-02-28T05:12:45.933+0000][1][gc,start     ] GC(8) Pause Remark
[2020-02-28T05:12:46.210+0000][1][gc           ] GC(8) Pause Remark 52M->52M(1015M) 276.836ms
[2020-02-28T05:12:46.210+0000][1][gc,cpu       ] GC(8) User=0.06s Sys=0.00s Real=0.28s
[2020-02-28T05:12:46.210+0000][1][safepoint    ] Safepoint "CMS_Final_Remark", Time since last: 763980302 ns, Reaching safepoint: 4156697 ns, At safepoint: 277115222 ns, Total: 281271919 ns
[2020-02-28T05:12:46.220+0000][1][gc           ] GC(8) Concurrent Sweep
[2020-02-28T05:12:46.569+0000][1][gc           ] GC(8) Concurrent Sweep 349.752ms
[2020-02-28T05:12:46.569+0000][1][gc,cpu       ] GC(8) User=0.01s Sys=0.00s Real=0.35s
[2020-02-28T05:12:46.569+0000][1][gc           ] GC(8) Concurrent Reset
[2020-02-28T05:12:46.572+0000][1][gc           ] GC(8) Concurrent Reset 2.819ms
[2020-02-28T05:12:46.572+0000][1][gc,cpu       ] GC(8) User=0.00s Sys=0.00s Real=0.00s
[2020-02-28T05:12:46.788+0000][1][gc,heap      ] GC(8) Old: 10519K->13588K(963392K)
[2020-02-28T05:12:48.948+0000][1][gc,start     ] GC(11) Pause Young (Allocation Failure)
[2020-02-28T05:12:48.948+0000][1][gc,task      ] GC(11) Using 1 workers of 1 for evacuation
[2020-02-28T05:12:49.015+0000][1][gc,age       ] GC(11) Desired survivor size 4358144 bytes, new threshold 6 (max threshold 6)
[2020-02-28T05:12:49.015+0000][1][gc,age       ] GC(11) Age table with threshold 6 (max threshold 6)
[2020-02-28T05:12:49.015+0000][1][gc,age       ] GC(11) - age   1:    1579352 bytes,    1579352 total
[2020-02-28T05:12:49.015+0000][1][gc,age       ] GC(11) - age   2:     322456 bytes,    1901808 total
[2020-02-28T05:12:49.015+0000][1][gc,age       ] GC(11) - age   3:    1134000 bytes,    3035808 total
[2020-02-28T05:12:49.015+0000][1][gc,age       ] GC(11) - age   4:     849872 bytes,    3885680 total
[2020-02-28T05:12:49.015+0000][1][gc,heap      ] GC(11) ParNew: 72978K->4402K(76672K)
[2020-02-28T05:12:49.015+0000][1][gc,heap      ] GC(11) CMS: 13588K->13997K(963392K)
[2020-02-28T05:12:49.015+0000][1][gc,metaspace ] GC(11) Metaspace: 21236K->21236K(1069056K)
[2020-02-28T05:12:49.015+0000][1][gc           ] GC(11) Pause Young (Allocation Failure) 84M->17M(1015M) 66.438ms
[2020-02-28T05:12:49.015+0000][1][gc,cpu       ] GC(11) User=0.01s Sys=0.00s Real=0.06s
[2020-02-28T05:12:49.015+0000][1][safepoint    ] Safepoint "GenCollectForAllocation", Time since last: 2738031181 ns, Reaching safepoint: 383112 ns, At safepoint: 66485726 ns, Total: 66868838 ns
[2020-02-28T05:12:49.027+0000][1][safepoint    ] Safepoint "RevokeBias", Time since last: 12003864 ns, Reaching safepoint: 25684 ns, At safepoint: 28655 ns, Total: 54339 ns
[2020-02-28T05:12:49.027+0000][1][safepoint    ] Safepoint "RevokeBias", Time since last: 53435 ns, Reaching safepoint: 10864 ns, At safepoint: 17890 ns, Total: 28754 ns
[2020-02-28T05:12:49.027+0000][1][safepoint    ] Safepoint "RevokeBias", Time since last: 34542 ns, Reaching safepoint: 9958 ns, At safepoint: 16358 ns, Total: 26316 ns
[2020-02-28T05:12:49.027+0000][1][safepoint    ] Safepoint "RevokeBias", Time since last: 24282 ns, Reaching safepoint: 9273 ns, At safepoint: 15760 ns, Total: 25033 ns
[2020-02-28T05:12:49.027+0000][1][safepoint    ] Safepoint "RevokeBias", Time since last: 26320 ns, Reaching safepoint: 9493 ns, At safepoint: 15691 ns, Total: 25184 ns
[2020-02-28T05:12:49.027+0000][1][safepoint    ] Safepoint "RevokeBias", Time since last: 23919 ns, Reaching safepoint: 9118 ns, At safepoint: 15621 ns, Total: 24739 ns
[2020-02-28T05:12:49.027+0000][1][safepoint    ] Safepoint "RevokeBias", Time since last: 26424 ns, Reaching safepoint: 9389 ns, At safepoint: 15681 ns, Total: 25070 ns
[2020-02-28T05:12:49.027+0000][1][safepoint    ] Safepoint "RevokeBias", Time since last: 23360 ns, Reaching safepoint: 9121 ns, At safepoint: 15598 ns, Total: 24719 ns
[2020-02-28T05:12:49.027+0000][1][safepoint    ] Safepoint "RevokeBias", Time since last: 26300 ns, Reaching safepoint: 9379 ns, At safepoint: 15593 ns, Total: 24972 ns
[2020-02-28T05:12:49.027+0000][1][safepoint    ] Safepoint "RevokeBias", Time since last: 126601 ns, Reaching safepoint: 13027 ns, At safepoint: 17916 ns, Total: 30943 ns
[2020-02-28T05:12:50.025+0000][1][gc,start     ] GC(12) Pause Young (Allocation Failure)
[2020-02-28T05:12:50.025+0000][1][gc,task      ] GC(12) Using 1 workers of 1 for evacuation
[2020-02-28T05:12:50.037+0000][1][gc,age       ] GC(12) Desired survivor size 4358144 bytes, new threshold 6 (max threshold 6)
[2020-02-28T05:12:50.037+0000][1][gc,age       ] GC(12) Age table with threshold 6 (max threshold 6)
[2020-02-28T05:12:50.037+0000][1][gc,age       ] GC(12) - age   1:     809272 bytes,     809272 total
[2020-02-28T05:12:50.037+0000][1][gc,age       ] GC(12) - age   2:     575768 bytes,    1385040 total
[2020-02-28T05:12:50.037+0000][1][gc,age       ] GC(12) - age   3:     322456 bytes,    1707496 total
[2020-02-28T05:12:50.037+0000][1][gc,age       ] GC(12) - age   4:    1134000 bytes,    2841496 total
[2020-02-28T05:12:50.037+0000][1][gc,age       ] GC(12) - age   5:     849872 bytes,    3691368 total
[2020-02-28T05:12:50.037+0000][1][gc,heap      ] GC(12) ParNew: 72562K->3946K(76672K)
[2020-02-28T05:12:50.037+0000][1][gc,heap      ] GC(12) CMS: 13997K->13997K(963392K)
[2020-02-28T05:12:50.037+0000][1][gc,metaspace ] GC(12) Metaspace: 21254K->21254K(1069056K)
[2020-02-28T05:12:50.037+0000][1][gc           ] GC(12) Pause Young (Allocation Failure) 84M->17M(1015M) 12.748ms
[2020-02-28T05:12:50.037+0000][1][gc,cpu       ] GC(12) User=0.01s Sys=0.00s Real=0.02s
[2020-02-28T05:12:50.037+0000][1][safepoint    ] Safepoint "GenCollectForAllocation", Time since last: 986310629 ns, Reaching safepoint: 10849778 ns, At safepoint: 12794470 ns, Total: 23644248 ns
[2020-02-28T05:12:50.041+0000][1][safepoint    ] Safepoint "RevokeBias", Time since last: 3270499 ns, Reaching safepoint: 24220 ns, At safepoint: 26259 ns, Total: 50479 ns
[2020-02-28T05:12:50.041+0000][1][safepoint    ] Safepoint "RevokeBias", Time since last: 52622 ns, Reaching safepoint: 12876 ns, At safepoint: 21820 ns, Total: 34696 ns
[2020-02-28T05:12:50.041+0000][1][safepoint    ] Safepoint "RevokeBias", Time since last: 35463 ns, Reaching safepoint: 11263 ns, At safepoint: 21036 ns, Total: 32299 ns
[2020-02-28T05:12:50.041+0000][1][safepoint    ] Safepoint "RevokeBias", Time since last: 43261 ns, Reaching safepoint: 14930 ns, At safepoint: 21704 ns, Total: 36634 ns
[2020-02-28T05:12:50.041+0000][1][safepoint    ] Safepoint "RevokeBias", Time since last: 34976 ns, Reaching safepoint: 11144 ns, At safepoint: 20144 ns, Total: 31288 ns
[2020-02-28T05:12:50.041+0000][1][safepoint    ] Safepoint "RevokeBias", Time since last: 24920 ns, Reaching safepoint: 10441 ns, At safepoint: 19858 ns, Total: 30299 ns
[2020-02-28T05:12:50.041+0000][1][safepoint    ] Safepoint "RevokeBias", Time since last: 28041 ns, Reaching safepoint: 10926 ns, At safepoint: 19978 ns, Total: 30904 ns
[2020-02-28T05:12:50.041+0000][1][safepoint    ] Safepoint "RevokeBias", Time since last: 24705 ns, Reaching safepoint: 10460 ns, At safepoint: 19931 ns, Total: 30391 ns
[2020-02-28T05:12:51.096+0000][1][safepoint    ] Safepoint "Cleanup", Time since last: 1001876011 ns, Reaching safepoint: 52997663 ns, At safepoint: 8986 ns, Total: 53006649 ns
[2020-02-28T05:12:51.421+0000][1][gc,start     ] GC(13) Pause Young (Allocation Failure)
[2020-02-28T05:12:51.421+0000][1][gc,task      ] GC(13) Using 1 workers of 1 for evacuation
[2020-02-28T05:12:51.442+0000][1][gc,age       ] GC(13) Desired survivor size 4358144 bytes, new threshold 6 (max threshold 6)
[2020-02-28T05:12:51.442+0000][1][gc,age       ] GC(13) Age table with threshold 6 (max threshold 6)
[2020-02-28T05:12:51.442+0000][1][gc,age       ] GC(13) - age   1:    1548424 bytes,    1548424 total
[2020-02-28T05:12:51.442+0000][1][gc,age       ] GC(13) - age   2:     207328 bytes,    1755752 total
[2020-02-28T05:12:51.442+0000][1][gc,age       ] GC(13) - age   3:     575656 bytes,    2331408 total
[2020-02-28T05:12:51.442+0000][1][gc,age       ] GC(13) - age   4:     322456 bytes,    2653864 total
[2020-02-28T05:12:51.442+0000][1][gc,age       ] GC(13) - age   5:    1134000 bytes,    3787864 total
[2020-02-28T05:12:51.442+0000][1][gc,age       ] GC(13) - age   6:     849872 bytes,    4637736 total
[2020-02-28T05:12:51.442+0000][1][gc,heap      ] GC(13) ParNew: 72106K->7380K(76672K)
[2020-02-28T05:12:51.442+0000][1][gc,heap      ] GC(13) CMS: 13997K->13997K(963392K)
[2020-02-28T05:12:51.442+0000][1][gc,metaspace ] GC(13) Metaspace: 21351K->21351K(1069056K)
[2020-02-28T05:12:51.442+0000][1][gc           ] GC(13) Pause Young (Allocation Failure) 84M->20M(1015M) 20.827ms
[2020-02-28T05:12:51.442+0000][1][gc,cpu       ] GC(13) User=0.01s Sys=0.00s Real=0.02s
[2020-02-28T05:12:51.442+0000][1][safepoint    ] Safepoint "GenCollectForAllocation", Time since last: 324909907 ns, Reaching safepoint: 20518 ns, At safepoint: 20890485 ns, Total: 20911003 ns
[2020-02-28T05:12:51.470+0000][1][safepoint    ] Safepoint "RevokeBias", Time since last: 26876082 ns, Reaching safepoint: 1376928 ns, At safepoint: 47456 ns, Total: 1424384 ns
[2020-02-28T05:12:51.477+0000][1][safepoint    ] Safepoint "RevokeBias", Time since last: 6253868 ns, Reaching safepoint: 82235 ns, At safepoint: 82071 ns, Total: 164306 ns
[2020-02-28T05:12:51.478+0000][1][safepoint    ] Safepoint "RevokeBias", Time since last: 903057 ns, Reaching safepoint: 51138 ns, At safepoint: 19049 ns, Total: 70187 ns
[2020-02-28T05:12:51.478+0000][1][safepoint    ] Safepoint "RevokeBias", Time since last: 35032 ns, Reaching safepoint: 239648 ns, At safepoint: 24921 ns, Total: 264569 ns
[2020-02-28T05:12:53.483+0000][1][safepoint    ] Safepoint "Cleanup", Time since last: 2004958910 ns, Reaching safepoint: 84587 ns, At safepoint: 7387 ns, Total: 91974 ns
[2020-02-28T05:12:54.234+0000][1][gc,start     ] GC(14) Pause Young (Allocation Failure)
[2020-02-28T05:12:54.234+0000][1][gc,task      ] GC(14) Using 1 workers of 1 for evacuation
[2020-02-28T05:12:55.211+0000][1][gc,age       ] GC(14) Desired survivor size 4358144 bytes, new threshold 6 (max threshold 6)
[2020-02-28T05:12:55.211+0000][1][gc,age       ] GC(14) Age table with threshold 6 (max threshold 6)
[2020-02-28T05:12:55.211+0000][1][gc,age       ] GC(14) - age   1:    1412488 bytes,    1412488 total
[2020-02-28T05:12:55.211+0000][1][gc,age       ] GC(14) - age   2:      98320 bytes,    1510808 total
[2020-02-28T05:12:55.211+0000][1][gc,age       ] GC(14) - age   3:     207328 bytes,    1718136 total
[2020-02-28T05:12:55.211+0000][1][gc,age       ] GC(14) - age   4:     575656 bytes,    2293792 total
[2020-02-28T05:12:55.211+0000][1][gc,age       ] GC(14) - age   5:     322456 bytes,    2616248 total
[2020-02-28T05:12:55.211+0000][1][gc,age       ] GC(14) - age   6:    1134000 bytes,    3750248 total
[2020-02-28T05:12:55.212+0000][1][gc,heap      ] GC(14) ParNew: 75540K->4319K(76672K)
[2020-02-28T05:12:55.212+0000][1][gc,heap      ] GC(14) CMS: 13997K->14833K(963392K)
[2020-02-28T05:12:55.212+0000][1][gc,metaspace ] GC(14) Metaspace: 21411K->21411K(1069056K)
[2020-02-28T05:12:55.212+0000][1][gc           ] GC(14) Pause Young (Allocation Failure) 87M->18M(1015M) 977.480ms
[2020-02-28T05:12:55.212+0000][1][gc,cpu       ] GC(14) User=0.01s Sys=0.00s Real=0.98s
[2020-02-28T05:12:55.212+0000][1][safepoint    ] Safepoint "GenCollectForAllocation", Time since last: 751118442 ns, Reaching safepoint: 20667 ns, At safepoint: 977529301 ns, Total: 977549968 ns
[2020-02-28T05:12:55.261+0000][1][safepoint    ] Safepoint "BulkRevokeBias", Time since last: 48303972 ns, Reaching safepoint: 881497 ns, At safepoint: 101269 ns, Total: 982766 ns
[2020-02-28T05:12:55.267+0000][1][safepoint    ] Safepoint "RevokeBias", Time since last: 77992 ns, Reaching safepoint: 5558609 ns, At safepoint: 58677 ns, Total: 5617286 ns
[2020-02-28T05:12:55.269+0000][1][safepoint    ] Safepoint "RevokeBias", Time since last: 82652 ns, Reaching safepoint: 2430149 ns, At safepoint: 76548 ns, Total: 2506697 ns
[2020-02-28T05:12:55.271+0000][1][safepoint    ] Safepoint "RevokeBias", Time since last: 61534 ns, Reaching safepoint: 2142914 ns, At safepoint: 57696 ns, Total: 2200610 ns
[2020-02-28T05:12:55.275+0000][1][safepoint    ] Safepoint "RevokeBias", Time since last: 79578 ns, Reaching safepoint: 3896417 ns, At safepoint: 55154 ns, Total: 3951571 ns
[2020-02-28T05:12:55.277+0000][1][safepoint    ] Safepoint "RevokeBias", Time since last: 53162 ns, Reaching safepoint: 1284324 ns, At safepoint: 106668 ns, Total: 1390992 ns
[2020-02-28T05:12:55.283+0000][1][safepoint    ] Safepoint "RevokeBias", Time since last: 61682 ns, Reaching safepoint: 5899835 ns, At safepoint: 80963 ns, Total: 5980798 ns
[2020-02-28T05:12:55.284+0000][1][safepoint    ] Safepoint "RevokeBias", Time since last: 148165 ns, Reaching safepoint: 415826 ns, At safepoint: 122919 ns, Total: 538745 ns
[2020-02-28T05:12:55.286+0000][1][safepoint    ] Safepoint "RevokeBias", Time since last: 135742 ns, Reaching safepoint: 2132078 ns, At safepoint: 154505 ns, Total: 2286583 ns
[2020-02-28T05:12:55.289+0000][1][safepoint    ] Safepoint "RevokeBias", Time since last: 1603669 ns, Reaching safepoint: 1799998 ns, At safepoint: 37537 ns, Total: 1837535 ns
[2020-02-28T05:12:56.027+0000][1][gc,start     ] GC(15) Pause Young (Allocation Failure)
[2020-02-28T05:12:56.027+0000][1][gc,task      ] GC(15) Using 1 workers of 1 for evacuation
[2020-02-28T05:12:57.601+0000][1][gc,age       ] GC(15) Desired survivor size 4358144 bytes, new threshold 6 (max threshold 6)
[2020-02-28T05:12:57.601+0000][1][gc,age       ] GC(15) Age table with threshold 6 (max threshold 6)
[2020-02-28T05:12:57.601+0000][1][gc,age       ] GC(15) - age   1:     981640 bytes,     981640 total
[2020-02-28T05:12:57.601+0000][1][gc,age       ] GC(15) - age   2:     306760 bytes,    1288400 total
[2020-02-28T05:12:57.601+0000][1][gc,age       ] GC(15) - age   3:      98320 bytes,    1386720 total
[2020-02-28T05:12:57.601+0000][1][gc,age       ] GC(15) - age   4:     207328 bytes,    1594048 total
[2020-02-28T05:12:57.601+0000][1][gc,age       ] GC(15) - age   5:     575504 bytes,    2169552 total
[2020-02-28T05:12:57.601+0000][1][gc,age       ] GC(15) - age   6:     322456 bytes,    2492008 total
[2020-02-28T05:12:57.601+0000][1][gc,heap      ] GC(15) ParNew: 72479K->3826K(76672K)
[2020-02-28T05:12:57.601+0000][1][gc,heap      ] GC(15) CMS: 14833K->15947K(963392K)
[2020-02-28T05:12:57.601+0000][1][gc,metaspace ] GC(15) Metaspace: 21426K->21426K(1069056K)
[2020-02-28T05:12:57.601+0000][1][gc           ] GC(15) Pause Young (Allocation Failure) 85M->19M(1015M) 1573.890ms
[2020-02-28T05:12:57.601+0000][1][gc,cpu       ] GC(15) User=0.01s Sys=0.00s Real=1.57s
[2020-02-28T05:12:57.601+0000][1][safepoint    ] Safepoint "GenCollectForAllocation", Time since last: 737622366 ns, Reaching safepoint: 44890 ns, At safepoint: 1573933944 ns, Total: 1573978834 ns
[2020-02-28T05:12:57.612+0000][1][safepoint    ] Safepoint "RevokeBias", Time since last: 10390309 ns, Reaching safepoint: 137949 ns, At safepoint: 60639 ns, Total: 198588 ns
[2020-02-28T05:12:57.612+0000][1][safepoint    ] Safepoint "RevokeBias", Time since last: 186920 ns, Reaching safepoint: 104003 ns, At safepoint: 104898 ns, Total: 208901 ns
[2020-02-28T05:12:57.612+0000][1][safepoint    ] Safepoint "RevokeBias", Time since last: 48102 ns, Reaching safepoint: 204472 ns, At safepoint: 32583 ns, Total: 237055 ns
[2020-02-28T05:12:57.612+0000][1][safepoint    ] Safepoint "RevokeBias", Time since last: 38491 ns, Reaching safepoint: 45385 ns, At safepoint: 24953 ns, Total: 70338 ns
[2020-02-28T05:12:57.613+0000][1][safepoint    ] Safepoint "RevokeBias", Time since last: 39903 ns, Reaching safepoint: 228745 ns, At safepoint: 28516 ns, Total: 257261 ns
[2020-02-28T05:12:57.613+0000][1][safepoint    ] Safepoint "RevokeBias", Time since last: 37670 ns, Reaching safepoint: 607856 ns, At safepoint: 28451 ns, Total: 636307 ns
[2020-02-28T05:12:58.614+0000][1][safepoint    ] Safepoint "Cleanup", Time since last: 1000192046 ns, Reaching safepoint: 39385 ns, At safepoint: 7225 ns, Total: 46610 ns
[2020-02-28T05:12:59.516+0000][1][safepoint    ] Safepoint "Deoptimize", Time since last: 901418773 ns, Reaching safepoint: 35016 ns, At safepoint: 446446 ns, Total: 481462 ns
[2020-02-28T05:13:00.516+0000][1][safepoint    ] Safepoint "Cleanup", Time since last: 1000596159 ns, Reaching safepoint: 55038 ns, At safepoint: 6624 ns, Total: 61662 ns
[2020-02-28T05:13:01.524+0000][1][safepoint    ] Safepoint "Cleanup", Time since last: 1007542804 ns, Reaching safepoint: 60489 ns, At safepoint: 7500 ns, Total: 67989 ns
[2020-02-28T05:13:02.608+0000][1][safepoint    ] Safepoint "Cleanup", Time since last: 1000805048 ns, Reaching safepoint: 83720005 ns, At safepoint: 8989 ns, Total: 83728994 ns
[2020-02-28T05:13:03.756+0000][1][safepoint    ] Safepoint "Cleanup", Time since last: 1000431693 ns, Reaching safepoint: 146888165 ns, At safepoint: 8808 ns, Total: 146896973 ns
[2020-02-28T05:13:07.012+0000][1][safepoint    ] Safepoint "Cleanup", Time since last: 3001718242 ns, Reaching safepoint: 254974737 ns, At safepoint: 32012 ns, Total: 255006749 ns
[2020-02-28T05:13:11.019+0000][1][safepoint    ] Safepoint "Cleanup", Time since last: 4006040803 ns, Reaching safepoint: 58869 ns, At safepoint: 8228 ns, Total: 67097 ns
[2020-02-28T05:13:12.022+0000][1][safepoint    ] Safepoint "Cleanup", Time since last: 1002909663 ns, Reaching safepoint: 92419 ns, At safepoint: 24527 ns, Total: 116946 ns
[2020-02-28T05:13:13.024+0000][1][safepoint    ] Safepoint "Cleanup", Time since last: 1002158032 ns, Reaching safepoint: 50395 ns, At safepoint: 6973 ns, Total: 57368 ns
[2020-02-28T05:13:14.025+0000][1][safepoint    ] Safepoint "Cleanup", Time since last: 1000543991 ns, Reaching safepoint: 209492 ns, At safepoint: 7093 ns, Total: 216585 ns
[2020-02-28T05:13:15.026+0000][1][safepoint    ] Safepoint "Cleanup", Time since last: 1001008694 ns, Reaching safepoint: 55822 ns, At safepoint: 26124 ns, Total: 81946 ns
[2020-02-28T05:13:16.029+0000][1][safepoint    ] Safepoint "Cleanup", Time since last: 1003040327 ns, Reaching safepoint: 72849 ns, At safepoint: 8036 ns, Total: 80885 ns
[2020-02-28T05:13:17.035+0000][1][safepoint    ] Safepoint "Cleanup", Time since last: 1005768176 ns, Reaching safepoint: 44810 ns, At safepoint: 6900 ns, Total: 51710 ns
[2020-02-28T05:13:18.043+0000][1][safepoint    ] Safepoint "Cleanup", Time since last: 1002061701 ns, Reaching safepoint: 5928933 ns, At safepoint: 8228 ns, Total: 5937161 ns
[2020-02-28T05:13:18.756+0000][1][safepoint    ] Safepoint "RevokeBias", Time since last: 713181276 ns, Reaching safepoint: 29735 ns, At safepoint: 12176 ns, Total: 41911 ns
[2020-02-28T05:13:19.035+0000][1][safepoint    ] Safepoint "RevokeBias", Time since last: 278956381 ns, Reaching safepoint: 30124 ns, At safepoint: 12800 ns, Total: 42924 ns
[2020-02-28T05:13:19.035+0000][1][safepoint    ] Safepoint "RevokeBias", Time since last: 61057 ns, Reaching safepoint: 16552 ns, At safepoint: 6932 ns, Total: 23484 ns
[2020-02-28T05:13:20.004+0000][1][safepoint    ] Safepoint "RevokeBias", Time since last: 968759656 ns, Reaching safepoint: 68187 ns, At safepoint: 43524 ns, Total: 111711 ns
[2020-02-28T05:13:21.013+0000][1][safepoint    ] Safepoint "Cleanup", Time since last: 1009029242 ns, Reaching safepoint: 49314 ns, At safepoint: 7157 ns, Total: 56471 ns
[2020-02-28T05:13:22.019+0000][1][safepoint    ] Safepoint "Cleanup", Time since last: 1003606179 ns, Reaching safepoint: 2333307 ns, At safepoint: 10810 ns, Total: 2344117 ns
[2020-02-28T05:13:22.546+0000][1][gc,start     ] GC(16) Pause Young (Allocation Failure)
[2020-02-28T05:13:22.666+0000][1][gc,task      ] GC(16) Using 1 workers of 1 for evacuation
[2020-02-28T05:13:22.966+0000][1][gc,age       ] GC(16) Desired survivor size 4358144 bytes, new threshold 6 (max threshold 6)
[2020-02-28T05:13:22.966+0000][1][gc,age       ] GC(16) Age table with threshold 6 (max threshold 6)
[2020-02-28T05:13:22.966+0000][1][gc,age       ] GC(16) - age   1:    1709584 bytes,    1709584 total
[2020-02-28T05:13:22.966+0000][1][gc,age       ] GC(16) - age   2:     155448 bytes,    1865032 total
[2020-02-28T05:13:22.966+0000][1][gc,age       ] GC(16) - age   3:     306552 bytes,    2171584 total
[2020-02-28T05:13:22.966+0000][1][gc,age       ] GC(16) - age   4:      98152 bytes,    2269736 total
[2020-02-28T05:13:22.966+0000][1][gc,age       ] GC(16) - age   5:     207328 bytes,    2477064 total
[2020-02-28T05:13:22.966+0000][1][gc,age       ] GC(16) - age   6:     575016 bytes,    3052080 total
[2020-02-28T05:13:22.966+0000][1][gc,heap      ] GC(16) ParNew: 71986K->5563K(76672K)
[2020-02-28T05:13:22.966+0000][1][gc,heap      ] GC(16) CMS: 15947K->16262K(963392K)
[2020-02-28T05:13:22.966+0000][1][gc,metaspace ] GC(16) Metaspace: 26046K->26046K(1073152K)
[2020-02-28T05:13:22.966+0000][1][gc           ] GC(16) Pause Young (Allocation Failure) 85M->21M(1015M) 420.437ms
[2020-02-28T05:13:22.966+0000][1][gc,cpu       ] GC(16) User=0.02s Sys=0.00s Real=0.42s
[2020-02-28T05:13:22.966+0000][1][safepoint    ] Safepoint "GenCollectForAllocation", Time since last: 497959521 ns, Reaching safepoint: 37909 ns, At safepoint: 449467754 ns, Total: 449505663 ns
[2020-02-28T05:13:22.967+0000][1][safepoint    ] Safepoint "RevokeBias", Time since last: 460975 ns, Reaching safepoint: 25588 ns, At safepoint: 98087 ns, Total: 123675 ns
[2020-02-28T05:13:22.967+0000][1][safepoint    ] Safepoint "RevokeBias", Time since last: 35342 ns, Reaching safepoint: 15715 ns, At safepoint: 26354 ns, Total: 42069 ns
[2020-02-28T05:13:22.967+0000][1][safepoint    ] Safepoint "RevokeBias", Time since last: 38299 ns, Reaching safepoint: 11344 ns, At safepoint: 23407 ns, Total: 34751 ns
[2020-02-28T05:13:22.967+0000][1][safepoint    ] Safepoint "RevokeBias", Time since last: 45379 ns, Reaching safepoint: 31685 ns, At safepoint: 59678 ns, Total: 91363 ns
[2020-02-28T05:13:22.999+0000][1][safepoint    ] Safepoint "RevokeBias", Time since last: 31368839 ns, Reaching safepoint: 34453 ns, At safepoint: 37961 ns, Total: 72414 ns
[2020-02-28T05:13:22.999+0000][1][safepoint    ] Safepoint "RevokeBias", Time since last: 55571 ns, Reaching safepoint: 12769 ns, At safepoint: 25934 ns, Total: 38703 ns
[2020-02-28T05:13:22.999+0000][1][safepoint    ] Safepoint "RevokeBias", Time since last: 64186 ns, Reaching safepoint: 12534 ns, At safepoint: 23948 ns, Total: 36482 ns
[2020-02-28T05:13:22.999+0000][1][safepoint    ] Safepoint "RevokeBias", Time since last: 26125 ns, Reaching safepoint: 11338 ns, At safepoint: 22972 ns, Total: 34310 ns
[2020-02-28T05:13:22.999+0000][1][safepoint    ] Safepoint "RevokeBias", Time since last: 49105 ns, Reaching safepoint: 15384 ns, At safepoint: 26970 ns, Total: 42354 ns
[2020-02-28T05:13:22.999+0000][1][safepoint    ] Safepoint "RevokeBias", Time since last: 32640 ns, Reaching safepoint: 11443 ns, At safepoint: 23348 ns, Total: 34791 ns
[2020-02-28T05:13:22.999+0000][1][safepoint    ] Safepoint "RevokeBias", Time since last: 37717 ns, Reaching safepoint: 40809 ns, At safepoint: 57752 ns, Total: 98561 ns
[2020-02-28T05:13:22.999+0000][1][safepoint    ] Safepoint "RevokeBias", Time since last: 44308 ns, Reaching safepoint: 11265 ns, At safepoint: 41236 ns, Total: 52501 ns
[2020-02-28T05:13:22.999+0000][1][safepoint    ] Safepoint "RevokeBias", Time since last: 45601 ns, Reaching safepoint: 11264 ns, At safepoint: 23125 ns, Total: 34389 ns
[2020-02-28T05:13:22.999+0000][1][safepoint    ] Safepoint "RevokeBias", Time since last: 24307 ns, Reaching safepoint: 11044 ns, At safepoint: 23000 ns, Total: 34044 ns
[2020-02-28T05:13:22.999+0000][1][safepoint    ] Safepoint "RevokeBias", Time since last: 26180 ns, Reaching safepoint: 36574 ns, At safepoint: 26269 ns, Total: 62843 ns
[2020-02-28T05:13:23.000+0000][1][safepoint    ] Safepoint "RevokeBias", Time since last: 33404 ns, Reaching safepoint: 11618 ns, At safepoint: 23484 ns, Total: 35102 ns
[2020-02-28T05:13:23.000+0000][1][safepoint    ] Safepoint "RevokeBias", Time since last: 96848 ns, Reaching safepoint: 11448 ns, At safepoint: 22790 ns, Total: 34238 ns
[2020-02-28T05:13:23.000+0000][1][safepoint    ] Safepoint "RevokeBias", Time since last: 24821 ns, Reaching safepoint: 11101 ns, At safepoint: 22757 ns, Total: 33858 ns
[2020-02-28T05:13:23.000+0000][1][safepoint    ] Safepoint "RevokeBias", Time since last: 27166 ns, Reaching safepoint: 11087 ns, At safepoint: 22731 ns, Total: 33818 ns
[2020-02-28T05:13:23.000+0000][1][safepoint    ] Safepoint "RevokeBias", Time since last: 24421 ns, Reaching safepoint: 11128 ns, At safepoint: 22650 ns, Total: 33778 ns
[2020-02-28T05:13:23.000+0000][1][safepoint    ] Safepoint "RevokeBias", Time since last: 55842 ns, Reaching safepoint: 11229 ns, At safepoint: 22627 ns, Total: 33856 ns
[2020-02-28T05:13:23.000+0000][1][safepoint    ] Safepoint "RevokeBias", Time since last: 24454 ns, Reaching safepoint: 11136 ns, At safepoint: 99447 ns, Total: 110583 ns
[2020-02-28T05:13:24.005+0000][1][safepoint    ] Safepoint "Cleanup", Time since last: 1004464510 ns, Reaching safepoint: 175214 ns, At safepoint: 6921 ns, Total: 182135 ns
[2020-02-28T05:13:25.007+0000][1][safepoint    ] Safepoint "Deoptimize", Time since last: 1002041551 ns, Reaching safepoint: 55083 ns, At safepoint: 478276 ns, Total: 533359 ns
[2020-02-28T05:13:25.267+0000][1][safepoint    ] Safepoint "Deoptimize", Time since last: 259536246 ns, Reaching safepoint: 35224 ns, At safepoint: 542992 ns, Total: 578216 ns
[2020-02-28T05:13:25.706+0000][1][safepoint    ] Safepoint "Deoptimize", Time since last: 437859078 ns, Reaching safepoint: 26108 ns, At safepoint: 460499 ns, Total: 486607 ns
[2020-02-28T05:13:26.715+0000][1][safepoint    ] Safepoint "Cleanup", Time since last: 1007865855 ns, Reaching safepoint: 1088556 ns, At safepoint: 25283 ns, Total: 1113839 ns
[2020-02-28T05:13:27.719+0000][1][safepoint    ] Safepoint "Cleanup", Time since last: 1001831308 ns, Reaching safepoint: 2463690 ns, At safepoint: 10698 ns, Total: 2474388 ns
[2020-02-28T05:13:29.854+0000][1][safepoint    ] Safepoint "Cleanup", Time since last: 2025593982 ns, Reaching safepoint: 109011993 ns, At safepoint: 11497 ns, Total: 109023490 ns
[2020-02-28T05:13:30.892+0000][1][safepoint    ] Safepoint "Cleanup", Time since last: 1007356616 ns, Reaching safepoint: 31117853 ns, At safepoint: 30447 ns, Total: 31148300 ns
[2020-02-28T05:13:31.905+0000][1][safepoint    ] Safepoint "Cleanup", Time since last: 1011753453 ns, Reaching safepoint: 1474195 ns, At safepoint: 6704 ns, Total: 1480899 ns
[2020-02-28T05:13:32.934+0000][1][safepoint    ] Safepoint "Cleanup", Time since last: 1010358516 ns, Reaching safepoint: 18682806 ns, At safepoint: 9798 ns, Total: 18692604 ns
[2020-02-28T05:13:34.965+0000][1][safepoint    ] Safepoint "Cleanup", Time since last: 2030387363 ns, Reaching safepoint: 46480 ns, At safepoint: 7153 ns, Total: 53633 ns
[2020-02-28T05:13:36.000+0000][1][safepoint    ] Safepoint "Cleanup", Time since last: 1002885976 ns, Reaching safepoint: 31939059 ns, At safepoint: 11257 ns, Total: 31950316 ns
[2020-02-28T05:13:37.473+0000][1][safepoint    ] Safepoint "Cleanup", Time since last: 1472267806 ns, Reaching safepoint: 1123844 ns, At safepoint: 7771 ns, Total: 1131615 ns
[2020-02-28T05:13:38.489+0000][1][safepoint    ] Safepoint "Cleanup", Time since last: 1002992131 ns, Reaching safepoint: 12785197 ns, At safepoint: 30740 ns, Total: 12815937 ns
[2020-02-28T05:13:39.512+0000][1][safepoint    ] Safepoint "Cleanup", Time since last: 1021235566 ns, Reaching safepoint: 1615946 ns, At safepoint: 7115 ns, Total: 1623061 ns
[2020-02-28T05:13:42.526+0000][1][safepoint    ] Safepoint "Cleanup", Time since last: 3014092606 ns, Reaching safepoint: 56902 ns, At safepoint: 6258 ns, Total: 63160 ns
[2020-02-28T05:13:43.542+0000][1][safepoint    ] Safepoint "Cleanup", Time since last: 1001653741 ns, Reaching safepoint: 13930165 ns, At safepoint: 7629 ns, Total: 13937794 ns
[2020-02-28T05:13:44.137+0000][1][gc,start     ] GC(17) Pause Young (Allocation Failure)
[2020-02-28T05:13:44.194+0000][1][gc,task      ] GC(17) Using 1 workers of 1 for evacuation
[2020-02-28T05:13:51.343+0000][1][gc,age       ] GC(17) Desired survivor size 4358144 bytes, new threshold 1 (max threshold 6)
[2020-02-28T05:13:51.343+0000][1][gc,age       ] GC(17) Age table with threshold 1 (max threshold 6)
[2020-02-28T05:13:51.343+0000][1][gc,age       ] GC(17) - age   1:    7093512 bytes,    7093512 total
[2020-02-28T05:13:51.343+0000][1][gc,age       ] GC(17) - age   2:     881136 bytes,    7974648 total
[2020-02-28T05:13:51.343+0000][1][gc,age       ] GC(17) - age   3:     152264 bytes,    8126912 total
[2020-02-28T05:13:51.343+0000][1][gc,age       ] GC(17) - age   4:     294776 bytes,    8421688 total
[2020-02-28T05:13:51.343+0000][1][gc,age       ] GC(17) - age   5:      91672 bytes,    8513360 total
[2020-02-28T05:13:51.343+0000][1][gc,age       ] GC(17) - age   6:     202768 bytes,    8716128 total
[2020-02-28T05:13:51.343+0000][1][gc,heap      ] GC(17) ParNew: 73723K->8512K(76672K)
[2020-02-28T05:13:51.343+0000][1][gc,heap      ] GC(17) CMS: 16262K->20938K(963392K)
[2020-02-28T05:13:51.343+0000][1][gc,metaspace ] GC(17) Metaspace: 28277K->28277K(1075200K)
[2020-02-28T05:13:51.343+0000][1][gc           ] GC(17) Pause Young (Allocation Failure) 87M->28M(1015M) 7206.584ms
[2020-02-28T05:13:51.343+0000][1][gc,cpu       ] GC(17) User=0.07s Sys=0.04s Real=7.20s
[2020-02-28T05:13:51.343+0000][1][safepoint    ] Safepoint "GenCollectForAllocation", Time since last: 532919764 ns, Reaching safepoint: 62175526 ns, At safepoint: 7206655053 ns, Total: 7268830579 ns
[2020-02-28T05:13:52.354+0000][1][safepoint    ] Safepoint "Cleanup", Time since last: 1008371006 ns, Reaching safepoint: 2772035 ns, At safepoint: 10217 ns, Total: 2782252 ns
[2020-02-28T05:13:53.368+0000][1][safepoint    ] Safepoint "Cleanup", Time since last: 1009935316 ns, Reaching safepoint: 3248142 ns, At safepoint: 10316 ns, Total: 3258458 ns
[2020-02-28T05:13:54.382+0000][1][safepoint    ] Safepoint "Cleanup", Time since last: 1013250579 ns, Reaching safepoint: 997257 ns, At safepoint: 7806 ns, Total: 1005063 ns
[2020-02-28T05:13:56.402+0000][1][safepoint    ] Safepoint "Cleanup", Time since last: 2011884885 ns, Reaching safepoint: 8610995 ns, At safepoint: 11347 ns, Total: 8622342 ns
[2020-02-28T05:13:57.174+0000][1][safepoint    ] Safepoint "RevokeBias", Time since last: 718358276 ns, Reaching safepoint: 31520 ns, At safepoint: 53630461 ns, Total: 53661981 ns
[2020-02-28T05:13:58.193+0000][1][safepoint    ] Safepoint "Cleanup", Time since last: 1009195140 ns, Reaching safepoint: 9010702 ns, At safepoint: 33296 ns, Total: 9043998 ns
[2020-02-28T05:13:59.851+0000][1][gc,start     ] GC(18) Pause Young (Allocation Failure)
[2020-02-28T05:13:59.852+0000][1][gc,task      ] GC(18) Using 1 workers of 1 for evacuation
[2020-02-28T05:14:05.729+0000][1][gc,age       ] GC(18) Desired survivor size 4358144 bytes, new threshold 1 (max threshold 6)
[2020-02-28T05:14:05.729+0000][1][gc,age       ] GC(18) Age table with threshold 1 (max threshold 6)
[2020-02-28T05:14:05.729+0000][1][gc,age       ] GC(18) - age   1:    8716216 bytes,    8716216 total
[2020-02-28T05:14:05.729+0000][1][gc,heap      ] GC(18) ParNew: 76672K->8512K(76672K)
[2020-02-28T05:14:05.729+0000][1][gc,heap      ] GC(18) CMS: 20938K->30172K(963392K)
[2020-02-28T05:14:05.729+0000][1][gc,metaspace ] GC(18) Metaspace: 28345K->28345K(1075200K)
[2020-02-28T05:14:05.729+0000][1][gc           ] GC(18) Pause Young (Allocation Failure) 95M->37M(1015M) 5877.241ms
[2020-02-28T05:14:05.729+0000][1][gc,cpu       ] GC(18) User=0.39s Sys=0.11s Real=5.88s
[2020-02-28T05:14:05.729+0000][1][safepoint    ] Safepoint "GenCollectForAllocation", Time since last: 1658828968 ns, Reaching safepoint: 25487 ns, At safepoint: 5877284922 ns, Total: 5877310409 ns
[2020-02-28T05:14:06.743+0000][1][safepoint    ] Safepoint "Cleanup", Time since last: 1000087861 ns, Reaching safepoint: 13904058 ns, At safepoint: 9878 ns, Total: 13913936 ns
[2020-02-28T05:14:09.772+0000][1][safepoint    ] Safepoint "Cleanup", Time since last: 3024609227 ns, Reaching safepoint: 4526239 ns, At safepoint: 10405 ns, Total: 4536644 ns
[2020-02-28T05:14:10.788+0000][1][safepoint    ] Safepoint "Cleanup", Time since last: 1003970271 ns, Reaching safepoint: 12017139 ns, At safepoint: 10058 ns, Total: 12027197 ns
[2020-02-28T05:14:13.842+0000][1][safepoint    ] Safepoint "Cleanup", Time since last: 3007790784 ns, Reaching safepoint: 45799940 ns, At safepoint: 9032 ns, Total: 45808972 ns
[2020-02-28T05:14:15.491+0000][1][safepoint    ] Safepoint "Cleanup", Time since last: 1006896104 ns, Reaching safepoint: 642662157 ns, At safepoint: 7613 ns, Total: 642669770 ns
[2020-02-28T05:14:17.523+0000][1][safepoint    ] Safepoint "Cleanup", Time since last: 2001515220 ns, Reaching safepoint: 30603568 ns, At safepoint: 8855 ns, Total: 30612423 ns
[2020-02-28T05:14:18.526+0000][1][safepoint    ] Safepoint "Cleanup", Time since last: 1001481777 ns, Reaching safepoint: 1005029 ns, At safepoint: 8112 ns, Total: 1013141 ns
[2020-02-28T05:14:19.527+0000][1][safepoint    ] Safepoint "Cleanup", Time since last: 1000920723 ns, Reaching safepoint: 86197 ns, At safepoint: 8310 ns, Total: 94507 ns
[2020-02-28T05:14:20.189+0000][1][safepoint    ] Safepoint "RevokeBias", Time since last: 662209901 ns, Reaching safepoint: 43971 ns, At safepoint: 105794 ns, Total: 149765 ns
[2020-02-28T05:14:21.191+0000][1][safepoint    ] Safepoint "Cleanup", Time since last: 1001513721 ns, Reaching safepoint: 84136 ns, At safepoint: 6990 ns, Total: 91126 ns
[2020-02-28T05:14:22.194+0000][1][safepoint    ] Safepoint "Cleanup", Time since last: 1002768916 ns, Reaching safepoint: 48029 ns, At safepoint: 6329 ns, Total: 54358 ns
[2020-02-28T05:14:24.201+0000][1][safepoint    ] Safepoint "Cleanup", Time since last: 2007632279 ns, Reaching safepoint: 128588 ns, At safepoint: 6989 ns, Total: 135577 ns
[2020-02-28T05:14:25.203+0000][1][safepoint    ] Safepoint "Cleanup", Time since last: 1002160576 ns, Reaching safepoint: 45345 ns, At safepoint: 5569 ns, Total: 50914 ns
[2020-02-28T05:14:26.204+0000][1][safepoint    ] Safepoint "Cleanup", Time since last: 1000090817 ns, Reaching safepoint: 47665 ns, At safepoint: 6224 ns, Total: 53889 ns
[2020-02-28T05:14:26.754+0000][1][gc,start     ] GC(19) Pause Young (Allocation Failure)
[2020-02-28T05:14:27.361+0000][1][gc,task      ] GC(19) Using 1 workers of 1 for evacuation
[2020-02-28T05:14:34.184+0000][1][gc,age       ] GC(19) Desired survivor size 4358144 bytes, new threshold 1 (max threshold 6)
[2020-02-28T05:14:34.184+0000][1][gc,age       ] GC(19) Age table with threshold 1 (max threshold 6)
[2020-02-28T05:14:34.184+0000][1][gc,age       ] GC(19) - age   1:    7551672 bytes,    7551672 total
[2020-02-28T05:14:34.184+0000][1][gc,heap      ] GC(19) ParNew: 76672K->8093K(76672K)
[2020-02-28T05:14:34.184+0000][1][gc,heap      ] GC(19) CMS: 30172K->38572K(963392K)
[2020-02-28T05:14:34.184+0000][1][gc,metaspace ] GC(19) Metaspace: 30647K->30647K(1077248K)
[2020-02-28T05:14:34.184+0000][1][gc           ] GC(19) Pause Young (Allocation Failure) 104M->45M(1015M) 7429.914ms
[2020-02-28T05:14:34.184+0000][1][gc,cpu       ] GC(19) User=0.04s Sys=0.09s Real=7.43s
[2020-02-28T05:14:34.184+0000][1][safepoint    ] Safepoint "GenCollectForAllocation", Time since last: 550775446 ns, Reaching safepoint: 28442 ns, At safepoint: 7429971059 ns, Total: 7429999501 ns
[2020-02-28T05:14:34.186+0000][1][safepoint    ] Safepoint "RevokeBias", Time since last: 1029027 ns, Reaching safepoint: 30718 ns, At safepoint: 39634 ns, Total: 70352 ns
[2020-02-28T05:14:34.186+0000][1][safepoint    ] Safepoint "RevokeBias", Time since last: 44784 ns, Reaching safepoint: 12743 ns, At safepoint: 26005 ns, Total: 38748 ns
[2020-02-28T05:14:34.186+0000][1][safepoint    ] Safepoint "RevokeBias", Time since last: 120999 ns, Reaching safepoint: 15846 ns, At safepoint: 26474 ns, Total: 42320 ns
[2020-02-28T05:14:34.186+0000][1][safepoint    ] Safepoint "RevokeBias", Time since last: 35142 ns, Reaching safepoint: 11475 ns, At safepoint: 23086 ns, Total: 34561 ns
[2020-02-28T05:14:35.206+0000][1][safepoint    ] Safepoint "Cleanup", Time since last: 1000796137 ns, Reaching safepoint: 19576548 ns, At safepoint: 9251 ns, Total: 19585799 ns
[2020-02-28T05:14:36.209+0000][1][safepoint    ] Safepoint "Cleanup", Time since last: 1000999642 ns, Reaching safepoint: 1825895 ns, At safepoint: 9368 ns, Total: 1835263 ns
[2020-02-28T05:14:36.322+0000][1][safepoint    ] Safepoint "RevokeBias", Time since last: 112764244 ns, Reaching safepoint: 29448 ns, At safepoint: 28838 ns, Total: 58286 ns
[2020-02-28T05:14:37.336+0000][1][safepoint    ] Safepoint "Cleanup", Time since last: 1004761916 ns, Reaching safepoint: 9559351 ns, At safepoint: 46356 ns, Total: 9605707 ns
[2020-02-28T05:14:38.338+0000][1][safepoint    ] Safepoint "Cleanup", Time since last: 1001440103 ns, Reaching safepoint: 64766 ns, At safepoint: 6894 ns, Total: 71660 ns
[2020-02-28T05:14:40.345+0000][1][safepoint    ] Safepoint "Cleanup", Time since last: 2007270828 ns, Reaching safepoint: 106321 ns, At safepoint: 7226 ns, Total: 113547 ns
[2020-02-28T05:14:41.369+0000][1][safepoint    ] Safepoint "Cleanup", Time since last: 1001198889 ns, Reaching safepoint: 22333514 ns, At safepoint: 11329 ns, Total: 22344843 ns
[2020-02-28T05:14:43.434+0000][1][safepoint    ] Safepoint "Cleanup", Time since last: 2001728367 ns, Reaching safepoint: 63619360 ns, At safepoint: 10874 ns, Total: 63630234 ns
[2020-02-28T05:14:44.626+0000][1][safepoint    ] Safepoint "Cleanup", Time since last: 1010404055 ns, Reaching safepoint: 181092687 ns, At safepoint: 9208 ns, Total: 181101895 ns
[2020-02-28T05:14:45.130+0000][1][gc,start     ] GC(20) Pause Young (Allocation Failure)
[2020-02-28T05:14:45.130+0000][1][gc,task      ] GC(20) Using 1 workers of 1 for evacuation
[2020-02-28T05:14:47.817+0000][1][gc,age       ] GC(20) Desired survivor size 4358144 bytes, new threshold 6 (max threshold 6)
[2020-02-28T05:14:47.817+0000][1][gc,age       ] GC(20) Age table with threshold 6 (max threshold 6)
[2020-02-28T05:14:47.817+0000][1][gc,age       ] GC(20) - age   1:    1286712 bytes,    1286712 total
[2020-02-28T05:14:47.817+0000][1][gc,heap      ] GC(20) ParNew: 76253K->7554K(76672K)
[2020-02-28T05:14:47.817+0000][1][gc,heap      ] GC(20) CMS: 38572K->45951K(963392K)
[2020-02-28T05:14:47.817+0000][1][gc,metaspace ] GC(20) Metaspace: 34240K->34240K(1081344K)
[2020-02-28T05:14:47.817+0000][1][gc           ] GC(20) Pause Young (Allocation Failure) 112M->52M(1015M) 2687.124ms
[2020-02-28T05:14:47.817+0000][1][gc,cpu       ] GC(20) User=0.07s Sys=0.02s Real=2.68s
[2020-02-28T05:14:47.817+0000][1][safepoint    ] Safepoint "GenCollectForAllocation", Time since last: 503888637 ns, Reaching safepoint: 81910 ns, At safepoint: 2687264983 ns, Total: 2687346893 ns
[2020-02-28T05:14:47.874+0000][1][safepoint    ] Safepoint "RevokeBias", Time since last: 46663168 ns, Reaching safepoint: 10297988 ns, At safepoint: 49963 ns, Total: 10347951 ns
[2020-02-28T05:14:47.879+0000][1][safepoint    ] Safepoint "RevokeBias", Time since last: 71304 ns, Reaching safepoint: 4925563 ns, At safepoint: 34422 ns, Total: 4959985 ns
[2020-02-28T05:14:48.885+0000][1][safepoint    ] Safepoint "Cleanup", Time since last: 1005980139 ns, Reaching safepoint: 48312 ns, At safepoint: 6198 ns, Total: 54510 ns
[2020-02-28T05:14:50.059+0000][1][safepoint    ] Safepoint "Cleanup", Time since last: 1163712795 ns, Reaching safepoint: 10888110 ns, At safepoint: 11387 ns, Total: 10899497 ns
[2020-02-28T05:14:51.062+0000][1][safepoint    ] Safepoint "Cleanup", Time since last: 1002642425 ns, Reaching safepoint: 59855 ns, At safepoint: 6545 ns, Total: 66400 ns
[2020-02-28T05:14:51.349+0000][1][gc,start     ] GC(21) Pause Young (Allocation Failure)
[2020-02-28T05:14:51.349+0000][1][gc,task      ] GC(21) Using 1 workers of 1 for evacuation
[2020-02-28T05:14:51.404+0000][1][gc,age       ] GC(21) Desired survivor size 4358144 bytes, new threshold 6 (max threshold 6)
[2020-02-28T05:14:51.404+0000][1][gc,age       ] GC(21) Age table with threshold 6 (max threshold 6)
[2020-02-28T05:14:51.404+0000][1][gc,age       ] GC(21) - age   1:    1553840 bytes,    1553840 total
[2020-02-28T05:14:51.404+0000][1][gc,age       ] GC(21) - age   2:    1219424 bytes,    2773264 total
[2020-02-28T05:14:51.404+0000][1][gc,heap      ] GC(21) ParNew: 75714K->4248K(76672K)
[2020-02-28T05:14:51.404+0000][1][gc,heap      ] GC(21) CMS: 45951K->45951K(963392K)
[2020-02-28T05:14:51.404+0000][1][gc,metaspace ] GC(21) Metaspace: 34728K->34728K(1081344K)
[2020-02-28T05:14:51.404+0000][1][gc           ] GC(21) Pause Young (Allocation Failure) 118M->49M(1015M) 55.709ms
[2020-02-28T05:14:51.404+0000][1][gc,cpu       ] GC(21) User=0.02s Sys=0.00s Real=0.05s
[2020-02-28T05:14:51.404+0000][1][safepoint    ] Safepoint "GenCollectForAllocation", Time since last: 286298071 ns, Reaching safepoint: 34887 ns, At safepoint: 55760996 ns, Total: 55795883 ns
[2020-02-28T05:14:51.431+0000][1][safepoint    ] Safepoint "RevokeBias", Time since last: 22747385 ns, Reaching safepoint: 3996168 ns, At safepoint: 120919 ns, Total: 4117087 ns
[2020-02-28T05:14:51.435+0000][1][safepoint    ] Safepoint "RevokeBias", Time since last: 213030 ns, Reaching safepoint: 3651798 ns, At safepoint: 38382 ns, Total: 3690180 ns
[2020-02-28T05:14:51.868+0000][1][safepoint    ] Safepoint "CollectForMetadataAllocation", Time since last: 432809635 ns, Reaching safepoint: 33652 ns, At safepoint: 122320 ns, Total: 155972 ns
[2020-02-28T05:14:52.465+0000][1][safepoint    ] Safepoint "CollectForMetadataAllocation", Time since last: 596747150 ns, Reaching safepoint: 36142 ns, At safepoint: 157861 ns, Total: 194003 ns
[2020-02-28T05:14:52.883+0000][1][safepoint    ] Safepoint "CollectForMetadataAllocation", Time since last: 418260936 ns, Reaching safepoint: 52787 ns, At safepoint: 205200 ns, Total: 257987 ns
[2020-02-28T05:14:53.030+0000][1][safepoint    ] Safepoint "CollectForMetadataAllocation", Time since last: 145943157 ns, Reaching safepoint: 61765 ns, At safepoint: 80694 ns, Total: 142459 ns
[2020-02-28T05:14:53.296+0000][1][safepoint    ] Safepoint "CollectForMetadataAllocation", Time since last: 266495978 ns, Reaching safepoint: 25596 ns, At safepoint: 121463 ns, Total: 147059 ns
[2020-02-28T05:14:53.428+0000][1][gc,start     ] GC(22) Pause Initial Mark
[2020-02-28T05:14:53.506+0000][1][gc           ] GC(22) Pause Initial Mark 55M->55M(1015M) 78.061ms
[2020-02-28T05:14:53.506+0000][1][gc,cpu       ] GC(22) User=0.02s Sys=0.00s Real=0.07s
[2020-02-28T05:14:53.506+0000][1][safepoint    ] Safepoint "CMS_Initial_Mark", Time since last: 131670350 ns, Reaching safepoint: 37070 ns, At safepoint: 78149812 ns, Total: 78186882 ns
[2020-02-28T05:14:53.506+0000][1][gc           ] GC(22) Concurrent Mark
[2020-02-28T05:14:53.839+0000][1][safepoint    ] Safepoint "CollectForMetadataAllocation", Time since last: 320652456 ns, Reaching safepoint: 12023639 ns, At safepoint: 125584 ns, Total: 12149223 ns
[2020-02-28T05:14:53.905+0000][1][safepoint    ] Safepoint "CollectForMetadataAllocation", Time since last: 57079160 ns, Reaching safepoint: 9125589 ns, At safepoint: 140764 ns, Total: 9266353 ns
[2020-02-28T05:14:54.276+0000][1][safepoint    ] Safepoint "CollectForMetadataAllocation", Time since last: 351529498 ns, Reaching safepoint: 19239862 ns, At safepoint: 216352 ns, Total: 19456214 ns
[2020-02-28T05:14:54.696+0000][1][safepoint    ] Safepoint "CollectForMetadataAllocation", Time since last: 407925154 ns, Reaching safepoint: 11701091 ns, At safepoint: 101036 ns, Total: 11802127 ns
[2020-02-28T05:14:54.978+0000][1][safepoint    ] Safepoint "CollectForMetadataAllocation", Time since last: 282164468 ns, Reaching safepoint: 36445 ns, At safepoint: 88475 ns, Total: 124920 ns
[2020-02-28T05:14:55.207+0000][1][gc           ] GC(22) Concurrent Mark 1700.242ms
[2020-02-28T05:14:55.207+0000][1][gc,cpu       ] GC(22) User=0.21s Sys=0.03s Real=1.71s
[2020-02-28T05:14:55.207+0000][1][gc           ] GC(22) Concurrent Preclean
[2020-02-28T05:14:55.243+0000][1][gc           ] GC(22) Concurrent Preclean 36.632ms
[2020-02-28T05:14:55.243+0000][1][gc,cpu       ] GC(22) User=0.01s Sys=0.00s Real=0.03s
[2020-02-28T05:14:55.243+0000][1][gc           ] GC(22) Concurrent Abortable Preclean
[2020-02-28T05:14:55.322+0000][1][safepoint    ] Safepoint "CollectForMetadataAllocation", Time since last: 342634565 ns, Reaching safepoint: 1248766 ns, At safepoint: 107240 ns, Total: 1356006 ns
[2020-02-28T05:14:55.352+0000][1][safepoint    ] Safepoint "CollectForMetadataAllocation", Time since last: 19304686 ns, Reaching safepoint: 10313285 ns, At safepoint: 13353 ns, Total: 10326638 ns
[2020-02-28T05:14:55.404+0000][1][safepoint    ] Safepoint "RevokeBias", Time since last: 51654197 ns, Reaching safepoint: 224922 ns, At safepoint: 53715 ns, Total: 278637 ns
[2020-02-28T05:14:55.422+0000][1][safepoint    ] Safepoint "Deoptimize", Time since last: 17928105 ns, Reaching safepoint: 48897 ns, At safepoint: 537757 ns, Total: 586654 ns
[2020-02-28T05:14:55.512+0000][1][safepoint    ] Safepoint "RevokeBias", Time since last: 90128596 ns, Reaching safepoint: 32687 ns, At safepoint: 46499 ns, Total: 79186 ns
[2020-02-28T05:14:55.867+0000][1][safepoint    ] Safepoint "CollectForMetadataAllocation", Time since last: 354206274 ns, Reaching safepoint: 64597 ns, At safepoint: 212734 ns, Total: 277331 ns
[2020-02-28T05:14:56.058+0000][1][safepoint    ] Safepoint "RevokeBias", Time since last: 191448848 ns, Reaching safepoint: 34835 ns, At safepoint: 46452 ns, Total: 81287 ns
[2020-02-28T05:14:56.438+0000][1][safepoint    ] Safepoint "CollectForMetadataAllocation", Time since last: 378846452 ns, Reaching safepoint: 51086 ns, At safepoint: 134127 ns, Total: 185213 ns
[2020-02-28T05:14:56.738+0000][1][safepoint    ] Safepoint "CollectForMetadataAllocation", Time since last: 300581896 ns, Reaching safepoint: 52639 ns, At safepoint: 113747 ns, Total: 166386 ns
[2020-02-28T05:14:57.003+0000][1][safepoint    ] Safepoint "CollectForMetadataAllocation", Time since last: 257857247 ns, Reaching safepoint: 7220961 ns, At safepoint: 115854 ns, Total: 7336815 ns
[2020-02-28T05:14:57.172+0000][1][safepoint    ] Safepoint "CollectForMetadataAllocation", Time since last: 168499311 ns, Reaching safepoint: 35116 ns, At safepoint: 381773 ns, Total: 416889 ns
[2020-02-28T05:14:57.394+0000][1][safepoint    ] Safepoint "CollectForMetadataAllocation", Time since last: 221562702 ns, Reaching safepoint: 50477 ns, At safepoint: 314821 ns, Total: 365298 ns
[2020-02-28T05:14:57.628+0000][1][safepoint    ] Safepoint "CollectForMetadataAllocation", Time since last: 234028031 ns, Reaching safepoint: 30265 ns, At safepoint: 126325 ns, Total: 156590 ns
[2020-02-28T05:14:57.831+0000][1][safepoint    ] Safepoint "CollectForMetadataAllocation", Time since last: 201971801 ns, Reaching safepoint: 35752 ns, At safepoint: 155253 ns, Total: 191005 ns
[2020-02-28T05:14:58.089+0000][1][safepoint    ] Safepoint "CollectForMetadataAllocation", Time since last: 228724509 ns, Reaching safepoint: 29284335 ns, At safepoint: 129651 ns, Total: 29413986 ns
[2020-02-28T05:14:58.327+0000][1][safepoint    ] Safepoint "CollectForMetadataAllocation", Time since last: 236967173 ns, Reaching safepoint: 520423 ns, At safepoint: 325570 ns, Total: 845993 ns
[2020-02-28T05:14:58.729+0000][1][safepoint    ] Safepoint "CollectForMetadataAllocation", Time since last: 401994125 ns, Reaching safepoint: 43876 ns, At safepoint: 112284 ns, Total: 156160 ns
[2020-02-28T05:14:59.022+0000][1][safepoint    ] Safepoint "CollectForMetadataAllocation", Time since last: 289336361 ns, Reaching safepoint: 3575422 ns, At safepoint: 134918 ns, Total: 3710340 ns
[2020-02-28T05:14:59.356+0000][1][safepoint    ] Safepoint "CollectForMetadataAllocation", Time since last: 334197216 ns, Reaching safepoint: 35794 ns, At safepoint: 133559 ns, Total: 169353 ns
[2020-02-28T05:14:59.675+0000][1][safepoint    ] Safepoint "CollectForMetadataAllocation", Time since last: 302534712 ns, Reaching safepoint: 16042176 ns, At safepoint: 286244 ns, Total: 16328420 ns
[2020-02-28T05:15:00.031+0000][1][safepoint    ] Safepoint "CollectForMetadataAllocation", Time since last: 356121553 ns, Reaching safepoint: 29639 ns, At safepoint: 117855 ns, Total: 147494 ns
[2020-02-28T05:15:00.329+0000][1][gc           ] GC(22) Concurrent Abortable Preclean 5085.909ms
[2020-02-28T05:15:00.329+0000][1][gc,cpu       ] GC(22) User=1.24s Sys=0.05s Real=5.09s
[2020-02-28T05:15:00.343+0000][1][gc,start     ] GC(22) Pause Remark
[2020-02-28T05:15:00.490+0000][1][gc           ] GC(22) Pause Remark 84M->84M(1015M) 147.211ms
[2020-02-28T05:15:00.490+0000][1][gc,cpu       ] GC(22) User=0.03s Sys=0.00s Real=0.15s
[2020-02-28T05:15:00.491+0000][1][safepoint    ] Safepoint "CMS_Final_Remark", Time since last: 298080457 ns, Reaching safepoint: 13685218 ns, At safepoint: 147513291 ns, Total: 161198509 ns
[2020-02-28T05:15:00.526+0000][1][gc           ] GC(22) Concurrent Sweep
[2020-02-28T05:15:00.567+0000][1][safepoint    ] Safepoint "RevokeBias", Time since last: 75228141 ns, Reaching safepoint: 984745 ns, At safepoint: 62479 ns, Total: 1047224 ns
[2020-02-28T05:15:00.567+0000][1][safepoint    ] Safepoint "RevokeBias", Time since last: 117895 ns, Reaching safepoint: 22230 ns, At safepoint: 34632 ns, Total: 56862 ns
[2020-02-28T05:15:00.567+0000][1][safepoint    ] Safepoint "RevokeBias", Time since last: 40133 ns, Reaching safepoint: 14539 ns, At safepoint: 29662 ns, Total: 44201 ns
[2020-02-28T05:15:00.567+0000][1][safepoint    ] Safepoint "RevokeBias", Time since last: 21625 ns, Reaching safepoint: 13556 ns, At safepoint: 28937 ns, Total: 42493 ns
[2020-02-28T05:15:00.749+0000][1][gc           ] GC(22) Concurrent Sweep 223.210ms
[2020-02-28T05:15:00.749+0000][1][gc,cpu       ] GC(22) User=0.05s Sys=0.01s Real=0.23s
[2020-02-28T05:15:00.749+0000][1][gc           ] GC(22) Concurrent Reset
[2020-02-28T05:15:00.784+0000][1][gc           ] GC(22) Concurrent Reset 34.833ms
[2020-02-28T05:15:00.784+0000][1][gc,cpu       ] GC(22) User=0.01s Sys=0.00s Real=0.03s
[2020-02-28T05:15:00.784+0000][1][gc,heap      ] GC(22) Old: 45951K->45734K(963392K)
[2020-02-28T05:15:02.615+0000][1][safepoint    ] Safepoint "Cleanup", Time since last: 2018062251 ns, Reaching safepoint: 29411884 ns, At safepoint: 12660 ns, Total: 29424544 ns
[2020-02-28T05:15:02.616+0000][1][safepoint    ] Safepoint "RevokeBias", Time since last: 1295706 ns, Reaching safepoint: 29432 ns, At safepoint: 39790 ns, Total: 69222 ns
[2020-02-28T05:15:03.661+0000][1][safepoint    ] Safepoint "Cleanup", Time since last: 1008103490 ns, Reaching safepoint: 36481079 ns, At safepoint: 10649 ns, Total: 36491728 ns
[2020-02-28T05:15:05.686+0000][1][safepoint    ] Safepoint "Cleanup", Time since last: 2013940426 ns, Reaching safepoint: 11103920 ns, At safepoint: 9790 ns, Total: 11113710 ns
[2020-02-28T05:15:07.443+0000][1][safepoint    ] Safepoint "RevokeBias", Time since last: 1756425030 ns, Reaching safepoint: 913332 ns, At safepoint: 52830 ns, Total: 966162 ns
[2020-02-28T05:15:07.446+0000][1][safepoint    ] Safepoint "RevokeBias", Time since last: 289073 ns, Reaching safepoint: 3088680 ns, At safepoint: 51263 ns, Total: 3139943 ns
[2020-02-28T05:15:07.450+0000][1][safepoint    ] Safepoint "RevokeBias", Time since last: 121259 ns, Reaching safepoint: 2954976 ns, At safepoint: 46811 ns, Total: 3001787 ns
[2020-02-28T05:15:07.453+0000][1][safepoint    ] Safepoint "RevokeBias", Time since last: 60097 ns, Reaching safepoint: 2911791 ns, At safepoint: 42879 ns, Total: 2954670 ns
[2020-02-28T05:15:07.455+0000][1][safepoint    ] Safepoint "RevokeBias", Time since last: 156997 ns, Reaching safepoint: 2268905 ns, At safepoint: 65518 ns, Total: 2334423 ns
[2020-02-28T05:15:07.461+0000][1][safepoint    ] Safepoint "RevokeBias", Time since last: 59442 ns, Reaching safepoint: 5780126 ns, At safepoint: 50800 ns, Total: 5830926 ns
[2020-02-28T05:15:07.485+0000][1][safepoint    ] Safepoint "RevokeBias", Time since last: 15057890 ns, Reaching safepoint: 8754105 ns, At safepoint: 52608 ns, Total: 8806713 ns
[2020-02-28T05:15:07.595+0000][1][safepoint    ] Safepoint "RevokeBias", Time since last: 86809200 ns, Reaching safepoint: 23052458 ns, At safepoint: 56330 ns, Total: 23108788 ns
[2020-02-28T05:15:07.599+0000][1][safepoint    ] Safepoint "RevokeBias", Time since last: 340244 ns, Reaching safepoint: 3818020 ns, At safepoint: 49913 ns, Total: 3867933 ns
[2020-02-28T05:15:07.603+0000][1][safepoint    ] Safepoint "RevokeBias", Time since last: 492527 ns, Reaching safepoint: 3051629 ns, At safepoint: 63675 ns, Total: 3115304 ns
[2020-02-28T05:15:07.603+0000][1][safepoint    ] Safepoint "RevokeBias", Time since last: 191075 ns, Reaching safepoint: 309581 ns, At safepoint: 62200 ns, Total: 371781 ns
[2020-02-28T05:15:07.604+0000][1][safepoint    ] Safepoint "RevokeBias", Time since last: 65672 ns, Reaching safepoint: 628087 ns, At safepoint: 43103 ns, Total: 671190 ns
[2020-02-28T05:15:08.622+0000][1][safepoint    ] Safepoint "Cleanup", Time since last: 1008716880 ns, Reaching safepoint: 9081136 ns, At safepoint: 9704 ns, Total: 9090840 ns
[2020-02-28T05:15:09.630+0000][1][safepoint    ] Safepoint "Cleanup", Time since last: 1005740887 ns, Reaching safepoint: 2382467 ns, At safepoint: 11901 ns, Total: 2394368 ns
[2020-02-28T05:15:10.635+0000][1][safepoint    ] Safepoint "Cleanup", Time since last: 1002897755 ns, Reaching safepoint: 1819367 ns, At safepoint: 9353 ns, Total: 1828720 ns
[2020-02-28T05:15:10.769+0000][1][safepoint    ] Safepoint "Deoptimize", Time since last: 133683343 ns, Reaching safepoint: 110295 ns, At safepoint: 773280 ns, Total: 883575 ns
[2020-02-28T05:15:10.949+0000][1][gc,start     ] GC(23) Pause Young (Allocation Failure)
[2020-02-28T05:15:10.949+0000][1][gc,task      ] GC(23) Using 1 workers of 1 for evacuation
[2020-02-28T05:15:11.039+0000][1][gc,age       ] GC(23) Desired survivor size 4358144 bytes, new threshold 2 (max threshold 6)
[2020-02-28T05:15:11.039+0000][1][gc,age       ] GC(23) Age table with threshold 2 (max threshold 6)
[2020-02-28T05:15:11.039+0000][1][gc,age       ] GC(23) - age   1:    3057528 bytes,    3057528 total
[2020-02-28T05:15:11.039+0000][1][gc,age       ] GC(23) - age   2:    1546624 bytes,    4604152 total
[2020-02-28T05:15:11.039+0000][1][gc,age       ] GC(23) - age   3:    1216368 bytes,    5820520 total
[2020-02-28T05:15:11.039+0000][1][gc,heap      ] GC(23) ParNew: 72408K->7686K(76672K)
[2020-02-28T05:15:11.039+0000][1][gc,heap      ] GC(23) CMS: 45734K->45734K(963392K)
[2020-02-28T05:15:11.039+0000][1][gc,metaspace ] GC(23) Metaspace: 44704K->44704K(1091584K)
[2020-02-28T05:15:11.039+0000][1][gc           ] GC(23) Pause Young (Allocation Failure) 115M->52M(1015M) 89.843ms
[2020-02-28T05:15:11.039+0000][1][gc,cpu       ] GC(23) User=0.03s Sys=0.00s Real=0.09s
[2020-02-28T05:15:11.039+0000][1][safepoint    ] Safepoint "GenCollectForAllocation", Time since last: 180075965 ns, Reaching safepoint: 31848 ns, At safepoint: 89902401 ns, Total: 89934249 ns
[2020-02-28T05:15:11.096+0000][1][safepoint    ] Safepoint "BulkRevokeBias", Time since last: 56236349 ns, Reaching safepoint: 617716 ns, At safepoint: 77277 ns, Total: 694993 ns
[2020-02-28T05:15:11.116+0000][1][safepoint    ] Safepoint "BulkRevokeBias", Time since last: 18892799 ns, Reaching safepoint: 1241010 ns, At safepoint: 68842 ns, Total: 1309852 ns
[2020-02-28T05:15:11.873+0000][1][safepoint    ] Safepoint "RevokeBias", Time since last: 757109085 ns, Reaching safepoint: 45201 ns, At safepoint: 15399 ns, Total: 60600 ns
[2020-02-28T05:15:11.887+0000][1][safepoint    ] Safepoint "RevokeBias", Time since last: 13195386 ns, Reaching safepoint: 35998 ns, At safepoint: 14995 ns, Total: 50993 ns
[2020-02-28T05:15:12.889+0000][1][safepoint    ] Safepoint "Cleanup", Time since last: 1002151711 ns, Reaching safepoint: 61990 ns, At safepoint: 7478 ns, Total: 69468 ns
[2020-02-28T05:15:13.583+0000][1][safepoint    ] Safepoint "Deoptimize", Time since last: 693556290 ns, Reaching safepoint: 33497 ns, At safepoint: 344132 ns, Total: 377629 ns
[2020-02-28T05:15:14.615+0000][1][safepoint    ] Safepoint "Cleanup", Time since last: 1003928749 ns, Reaching safepoint: 27830455 ns, At safepoint: 10205 ns, Total: 27840660 ns
[2020-02-28T05:15:15.368+0000][1][safepoint    ] Safepoint "RevokeBias", Time since last: 753575482 ns, Reaching safepoint: 48379 ns, At safepoint: 34875 ns, Total: 83254 ns
[2020-02-28T05:15:15.453+0000][1][safepoint    ] Safepoint "RevokeBias", Time since last: 84484631 ns, Reaching safepoint: 30828 ns, At safepoint: 54544 ns, Total: 85372 ns
[2020-02-28T05:15:16.457+0000][1][safepoint    ] Safepoint "Cleanup", Time since last: 1004499409 ns, Reaching safepoint: 81930 ns, At safepoint: 9030 ns, Total: 90960 ns
[2020-02-28T05:15:17.059+0000][1][safepoint    ] Safepoint "RevokeBias", Time since last: 601860287 ns, Reaching safepoint: 40171 ns, At safepoint: 78199 ns, Total: 118370 ns
[2020-02-28T05:15:17.060+0000][1][safepoint    ] Safepoint "BulkRevokeBias", Time since last: 471524 ns, Reaching safepoint: 19315 ns, At safepoint: 54627 ns, Total: 73942 ns
[2020-02-28T05:15:17.880+0000][1][safepoint    ] Safepoint "RevokeBias", Time since last: 819872799 ns, Reaching safepoint: 367549 ns, At safepoint: 44140 ns, Total: 411689 ns
[2020-02-28T05:15:17.929+0000][1][safepoint    ] Safepoint "RevokeBias", Time since last: 28857599 ns, Reaching safepoint: 20207790 ns, At safepoint: 47217 ns, Total: 20255007 ns
[2020-02-28T05:15:17.930+0000][1][safepoint    ] Safepoint "RevokeBias", Time since last: 81629 ns, Reaching safepoint: 574749 ns, At safepoint: 31919 ns, Total: 606668 ns
[2020-02-28T05:15:18.560+0000][1][safepoint    ] Safepoint "RevokeBias", Time since last: 625804175 ns, Reaching safepoint: 4027002 ns, At safepoint: 46084 ns, Total: 4073086 ns
[2020-02-28T05:15:18.563+0000][1][safepoint    ] Safepoint "RevokeBias", Time since last: 97707 ns, Reaching safepoint: 2851865 ns, At safepoint: 39798 ns, Total: 2891663 ns
[2020-02-28T05:15:18.566+0000][1][safepoint    ] Safepoint "RevokeBias", Time since last: 112123 ns, Reaching safepoint: 2502795 ns, At safepoint: 119212 ns, Total: 2622007 ns
[2020-02-28T05:15:18.599+0000][1][safepoint    ] Safepoint "RevokeBias", Time since last: 32659477 ns, Reaching safepoint: 205430 ns, At safepoint: 39763 ns, Total: 245193 ns
[2020-02-28T05:15:18.601+0000][1][safepoint    ] Safepoint "RevokeBias", Time since last: 2724257 ns, Reaching safepoint: 31638 ns, At safepoint: 37741 ns, Total: 69379 ns
[2020-02-28T05:15:18.629+0000][1][safepoint    ] Safepoint "RevokeBias", Time since last: 27546906 ns, Reaching safepoint: 40165 ns, At safepoint: 45274 ns, Total: 85439 ns
[2020-02-28T05:15:18.653+0000][1][safepoint    ] Safepoint "RevokeBias", Time since last: 21335704 ns, Reaching safepoint: 2130446 ns, At safepoint: 46821 ns, Total: 2177267 ns
[2020-02-28T05:15:18.655+0000][1][safepoint    ] Safepoint "RevokeBias", Time since last: 198445 ns, Reaching safepoint: 2311811 ns, At safepoint: 89731 ns, Total: 2401542 ns
[2020-02-28T05:15:18.658+0000][1][safepoint    ] Safepoint "RevokeBias", Time since last: 64262 ns, Reaching safepoint: 2947727 ns, At safepoint: 105946 ns, Total: 3053673 ns
[2020-02-28T05:15:18.663+0000][1][safepoint    ] Safepoint "RevokeBias", Time since last: 134831 ns, Reaching safepoint: 4583075 ns, At safepoint: 34365 ns, Total: 4617440 ns
[2020-02-28T05:15:18.665+0000][1][safepoint    ] Safepoint "RevokeBias", Time since last: 40791 ns, Reaching safepoint: 1690885 ns, At safepoint: 40034 ns, Total: 1730919 ns
[2020-02-28T05:15:18.667+0000][1][safepoint    ] Safepoint "RevokeBias", Time since last: 47011 ns, Reaching safepoint: 1814826 ns, At safepoint: 37670 ns, Total: 1852496 ns
[2020-02-28T05:15:18.670+0000][1][safepoint    ] Safepoint "RevokeBias", Time since last: 45991 ns, Reaching safepoint: 2931235 ns, At safepoint: 44736 ns, Total: 2975971 ns
[2020-02-28T05:15:18.673+0000][1][safepoint    ] Safepoint "RevokeBias", Time since last: 56144 ns, Reaching safepoint: 3040695 ns, At safepoint: 77600 ns, Total: 3118295 ns
[2020-02-28T05:15:18.684+0000][1][safepoint    ] Safepoint "RevokeBias", Time since last: 174872 ns, Reaching safepoint: 10766906 ns, At safepoint: 41299 ns, Total: 10808205 ns
[2020-02-28T05:15:18.687+0000][1][safepoint    ] Safepoint "RevokeBias", Time since last: 58365 ns, Reaching safepoint: 2938496 ns, At safepoint: 29446 ns, Total: 2967942 ns
[2020-02-28T05:15:18.690+0000][1][safepoint    ] Safepoint "RevokeBias", Time since last: 89193 ns, Reaching safepoint: 2956056 ns, At safepoint: 40260 ns, Total: 2996316 ns
[2020-02-28T05:15:18.693+0000][1][safepoint    ] Safepoint "RevokeBias", Time since last: 56600 ns, Reaching safepoint: 2944082 ns, At safepoint: 49405 ns, Total: 2993487 ns
[2020-02-28T05:15:18.767+0000][1][safepoint    ] Safepoint "RevokeBias", Time since last: 74327572 ns, Reaching safepoint: 40781 ns, At safepoint: 42939 ns, Total: 83720 ns
[2020-02-28T05:15:18.785+0000][1][safepoint    ] Safepoint "RevokeBias", Time since last: 13279120 ns, Reaching safepoint: 4317567 ns, At safepoint: 86958 ns, Total: 4404525 ns
[2020-02-28T05:15:18.789+0000][1][safepoint    ] Safepoint "RevokeBias", Time since last: 191944 ns, Reaching safepoint: 3383148 ns, At safepoint: 38813 ns, Total: 3421961 ns
[2020-02-28T05:15:18.792+0000][1][safepoint    ] Safepoint "RevokeBias", Time since last: 68525 ns, Reaching safepoint: 2970119 ns, At safepoint: 35217 ns, Total: 3005336 ns
[2020-02-28T05:15:18.797+0000][1][safepoint    ] Safepoint "RevokeBias", Time since last: 55903 ns, Reaching safepoint: 4870561 ns, At safepoint: 39132 ns, Total: 4909693 ns
[2020-02-28T05:15:18.800+0000][1][safepoint    ] Safepoint "RevokeBias", Time since last: 61729 ns, Reaching safepoint: 2797769 ns, At safepoint: 30459 ns, Total: 2828228 ns
[2020-02-28T05:15:18.811+0000][1][safepoint    ] Safepoint "RevokeBias", Time since last: 47562 ns, Reaching safepoint: 11028864 ns, At safepoint: 24418 ns, Total: 11053282 ns
[2020-02-28T05:15:18.814+0000][1][safepoint    ] Safepoint "RevokeBias", Time since last: 303780 ns, Reaching safepoint: 2801634 ns, At safepoint: 70938 ns, Total: 2872572 ns
[2020-02-28T05:15:18.817+0000][1][safepoint    ] Safepoint "RevokeBias", Time since last: 630807 ns, Reaching safepoint: 2384847 ns, At safepoint: 36812 ns, Total: 2421659 ns
[2020-02-28T05:15:18.821+0000][1][safepoint    ] Safepoint "RevokeBias", Time since last: 65937 ns, Reaching safepoint: 3535335 ns, At safepoint: 39746 ns, Total: 3575081 ns
[2020-02-28T05:15:18.827+0000][1][safepoint    ] Safepoint "BulkRevokeBias", Time since last: 62734 ns, Reaching safepoint: 5872062 ns, At safepoint: 90243 ns, Total: 5962305 ns
[2020-02-28T05:15:18.830+0000][1][safepoint    ] Safepoint "RevokeBias", Time since last: 257556 ns, Reaching safepoint: 2707836 ns, At safepoint: 49726 ns, Total: 2757562 ns
[2020-02-28T05:15:18.833+0000][1][safepoint    ] Safepoint "RevokeBias", Time since last: 61054 ns, Reaching safepoint: 2806859 ns, At safepoint: 32343 ns, Total: 2839202 ns
[2020-02-28T05:15:18.855+0000][1][safepoint    ] Safepoint "RevokeBias", Time since last: 658311 ns, Reaching safepoint: 21272517 ns, At safepoint: 45701 ns, Total: 21318218 ns
[2020-02-28T05:15:18.856+0000][1][safepoint    ] Safepoint "RevokeBias", Time since last: 106834 ns, Reaching safepoint: 1838375 ns, At safepoint: 41477 ns, Total: 1879852 ns
[2020-02-28T05:15:18.859+0000][1][safepoint    ] Safepoint "RevokeBias", Time since last: 55695 ns, Reaching safepoint: 1922338 ns, At safepoint: 76660 ns, Total: 1998998 ns
[2020-02-28T05:15:18.862+0000][1][safepoint    ] Safepoint "RevokeBias", Time since last: 951032 ns, Reaching safepoint: 1990340 ns, At safepoint: 191273 ns, Total: 2181613 ns
[2020-02-28T05:15:18.864+0000][1][safepoint    ] Safepoint "RevokeBias", Time since last: 367210 ns, Reaching safepoint: 1442863 ns, At safepoint: 50585 ns, Total: 1493448 ns
[2020-02-28T05:15:18.865+0000][1][safepoint    ] Safepoint "RevokeBias", Time since last: 299535 ns, Reaching safepoint: 1589052 ns, At safepoint: 30854 ns, Total: 1619906 ns
[2020-02-28T05:15:18.868+0000][1][safepoint    ] Safepoint "RevokeBias", Time since last: 53191 ns, Reaching safepoint: 1980583 ns, At safepoint: 24407 ns, Total: 2004990 ns
[2020-02-28T05:15:18.871+0000][1][safepoint    ] Safepoint "RevokeBias", Time since last: 36539 ns, Reaching safepoint: 2987447 ns, At safepoint: 46962 ns, Total: 3034409 ns
[2020-02-28T05:15:18.873+0000][1][safepoint    ] Safepoint "RevokeBias", Time since last: 42828 ns, Reaching safepoint: 2802721 ns, At safepoint: 39726 ns, Total: 2842447 ns
[2020-02-28T05:15:18.884+0000][1][safepoint    ] Safepoint "RevokeBias", Time since last: 69350 ns, Reaching safepoint: 10880715 ns, At safepoint: 29057 ns, Total: 10909772 ns
[2020-02-28T05:15:18.891+0000][1][safepoint    ] Safepoint "RevokeBias", Time since last: 49775 ns, Reaching safepoint: 5955496 ns, At safepoint: 40612 ns, Total: 5996108 ns
[2020-02-28T05:15:18.892+0000][1][safepoint    ] Safepoint "RevokeBias", Time since last: 59810 ns, Reaching safepoint: 1875284 ns, At safepoint: 31304 ns, Total: 1906588 ns
[2020-02-28T05:15:18.896+0000][1][safepoint    ] Safepoint "RevokeBias", Time since last: 102149 ns, Reaching safepoint: 2881189 ns, At safepoint: 69011 ns, Total: 2950200 ns
[2020-02-28T05:15:18.898+0000][1][safepoint    ] Safepoint "RevokeBias", Time since last: 94752 ns, Reaching safepoint: 2811823 ns, At safepoint: 33702 ns, Total: 2845525 ns
[2020-02-28T05:15:18.899+0000][1][safepoint    ] Safepoint "RevokeBias", Time since last: 117873 ns, Reaching safepoint: 23685 ns, At safepoint: 54584 ns, Total: 78269 ns
[2020-02-28T05:15:18.899+0000][1][safepoint    ] Safepoint "RevokeBias", Time since last: 36946 ns, Reaching safepoint: 21797 ns, At safepoint: 24630 ns, Total: 46427 ns
[2020-02-28T05:15:18.900+0000][1][safepoint    ] Safepoint "RevokeBias", Time since last: 724921 ns, Reaching safepoint: 28330 ns, At safepoint: 25960 ns, Total: 54290 ns
[2020-02-28T05:15:18.900+0000][1][safepoint    ] Safepoint "RevokeBias", Time since last: 42480 ns, Reaching safepoint: 21062 ns, At safepoint: 20553 ns, Total: 41615 ns
[2020-02-28T05:15:18.900+0000][1][safepoint    ] Safepoint "RevokeBias", Time since last: 26432 ns, Reaching safepoint: 20044 ns, At safepoint: 19548 ns, Total: 39592 ns
[2020-02-28T05:15:18.900+0000][1][safepoint    ] Safepoint "RevokeBias", Time since last: 25536 ns, Reaching safepoint: 19967 ns, At safepoint: 19520 ns, Total: 39487 ns
[2020-02-28T05:15:18.900+0000][1][safepoint    ] Safepoint "RevokeBias", Time since last: 24678 ns, Reaching safepoint: 19836 ns, At safepoint: 19349 ns, Total: 39185 ns
[2020-02-28T05:15:18.900+0000][1][safepoint    ] Safepoint "RevokeBias", Time since last: 24729 ns, Reaching safepoint: 19838 ns, At safepoint: 19411 ns, Total: 39249 ns
[2020-02-28T05:15:18.900+0000][1][safepoint    ] Safepoint "RevokeBias", Time since last: 25030 ns, Reaching safepoint: 19687 ns, At safepoint: 19294 ns, Total: 38981 ns
[2020-02-28T05:15:18.900+0000][1][safepoint    ] Safepoint "BulkRevokeBias", Time since last: 30342 ns, Reaching safepoint: 20121 ns, At safepoint: 87277 ns, Total: 107398 ns
[2020-02-28T05:15:18.901+0000][1][safepoint    ] Safepoint "RevokeBias", Time since last: 1164413 ns, Reaching safepoint: 29054 ns, At safepoint: 77979 ns, Total: 107033 ns
[2020-02-28T05:15:18.901+0000][1][safepoint    ] Safepoint "RevokeBias", Time since last: 85534 ns, Reaching safepoint: 24969 ns, At safepoint: 30008 ns, Total: 54977 ns
[2020-02-28T05:15:18.902+0000][1][safepoint    ] Safepoint "RevokeBias", Time since last: 112273 ns, Reaching safepoint: 21515 ns, At safepoint: 27567 ns, Total: 49082 ns
[2020-02-28T05:15:18.902+0000][1][safepoint    ] Safepoint "RevokeBias", Time since last: 37365 ns, Reaching safepoint: 17942 ns, At safepoint: 26249 ns, Total: 44191 ns
[2020-02-28T05:15:18.902+0000][1][safepoint    ] Safepoint "RevokeBias", Time since last: 24998 ns, Reaching safepoint: 17341 ns, At safepoint: 25841 ns, Total: 43182 ns
[2020-02-28T05:15:18.902+0000][1][safepoint    ] Safepoint "RevokeBias", Time since last: 23828 ns, Reaching safepoint: 17361 ns, At safepoint: 26001 ns, Total: 43362 ns
[2020-02-28T05:15:18.902+0000][1][safepoint    ] Safepoint "RevokeBias", Time since last: 209303 ns, Reaching safepoint: 20092 ns, At safepoint: 27277 ns, Total: 47369 ns
[2020-02-28T05:15:18.902+0000][1][safepoint    ] Safepoint "RevokeBias", Time since last: 97353 ns, Reaching safepoint: 19464 ns, At safepoint: 27432 ns, Total: 46896 ns
[2020-02-28T05:15:18.903+0000][1][safepoint    ] Safepoint "RevokeBias", Time since last: 376956 ns, Reaching safepoint: 23620 ns, At safepoint: 29299 ns, Total: 52919 ns
[2020-02-28T05:15:18.903+0000][1][safepoint    ] Safepoint "RevokeBias", Time since last: 345995 ns, Reaching safepoint: 23319 ns, At safepoint: 28639 ns, Total: 51958 ns
[2020-02-28T05:15:18.903+0000][1][safepoint    ] Safepoint "RevokeBias", Time since last: 62920 ns, Reaching safepoint: 19256 ns, At safepoint: 28023 ns, Total: 47279 ns
[2020-02-28T05:15:18.904+0000][1][safepoint    ] Safepoint "RevokeBias", Time since last: 262007 ns, Reaching safepoint: 21929 ns, At safepoint: 28708 ns, Total: 50637 ns
[2020-02-28T05:15:18.909+0000][1][safepoint    ] Safepoint "RevokeBias", Time since last: 5014129 ns, Reaching safepoint: 51650 ns, At safepoint: 41575 ns, Total: 93225 ns
[2020-02-28T05:15:18.909+0000][1][safepoint    ] Safepoint "RevokeBias", Time since last: 55090 ns, Reaching safepoint: 26564 ns, At safepoint: 29494 ns, Total: 56058 ns
[2020-02-28T05:15:18.909+0000][1][safepoint    ] Safepoint "RevokeBias", Time since last: 32417 ns, Reaching safepoint: 23630 ns, At safepoint: 27328 ns, Total: 50958 ns
[2020-02-28T05:15:18.909+0000][1][safepoint    ] Safepoint "RevokeBias", Time since last: 27059 ns, Reaching safepoint: 22971 ns, At safepoint: 26307 ns, Total: 49278 ns
[2020-02-28T05:15:18.909+0000][1][safepoint    ] Safepoint "RevokeBias", Time since last: 257197 ns, Reaching safepoint: 24451 ns, At safepoint: 28425 ns, Total: 52876 ns
[2020-02-28T05:15:19.952+0000][1][safepoint    ] Safepoint "Cleanup", Time since last: 1006397724 ns, Reaching safepoint: 36800181 ns, At safepoint: 13152 ns, Total: 36813333 ns
[2020-02-28T05:15:19.965+0000][1][safepoint    ] Safepoint "RevokeBias", Time since last: 12225423 ns, Reaching safepoint: 54866 ns, At safepoint: 18089 ns, Total: 72955 ns
[2020-02-28T05:15:20.140+0000][1][safepoint    ] Safepoint "RevokeBias", Time since last: 175496603 ns, Reaching safepoint: 64173 ns, At safepoint: 34600 ns, Total: 98773 ns
[2020-02-28T05:15:20.177+0000][1][gc,start     ] GC(24) Pause Young (Allocation Failure)
[2020-02-28T05:15:20.177+0000][1][gc,task      ] GC(24) Using 1 workers of 1 for evacuation
[2020-02-28T05:15:20.535+0000][1][gc,age       ] GC(24) Desired survivor size 4358144 bytes, new threshold 2 (max threshold 6)
[2020-02-28T05:15:20.535+0000][1][gc,age       ] GC(24) Age table with threshold 2 (max threshold 6)
[2020-02-28T05:15:20.535+0000][1][gc,age       ] GC(24) - age   1:    2706008 bytes,    2706008 total
[2020-02-28T05:15:20.535+0000][1][gc,age       ] GC(24) - age   2:    2785912 bytes,    5491920 total
[2020-02-28T05:15:20.535+0000][1][gc,heap      ] GC(24) ParNew: 75846K->8512K(76672K)
[2020-02-28T05:15:20.535+0000][1][gc,heap      ] GC(24) CMS: 45734K->48496K(963392K)
[2020-02-28T05:15:20.535+0000][1][gc,metaspace ] GC(24) Metaspace: 49524K->49524K(1095680K)
[2020-02-28T05:15:20.535+0000][1][gc           ] GC(24) Pause Young (Allocation Failure) 118M->55M(1015M) 358.196ms
[2020-02-28T05:15:20.536+0000][1][gc,cpu       ] GC(24) User=0.05s Sys=0.01s Real=0.35s
[2020-02-28T05:15:20.536+0000][1][safepoint    ] Safepoint "GenCollectForAllocation", Time since last: 36946696 ns, Reaching safepoint: 38879 ns, At safepoint: 358247766 ns, Total: 358286645 ns
[2020-02-28T05:15:20.561+0000][1][safepoint    ] Safepoint "RevokeBias", Time since last: 25598500 ns, Reaching safepoint: 42029 ns, At safepoint: 41344 ns, Total: 83373 ns
[2020-02-28T05:15:20.561+0000][1][safepoint    ] Safepoint "RevokeBias", Time since last: 65430 ns, Reaching safepoint: 19398 ns, At safepoint: 58272 ns, Total: 77670 ns
[2020-02-28T05:15:20.585+0000][1][safepoint    ] Safepoint "RevokeBias", Time since last: 20273719 ns, Reaching safepoint: 3448650 ns, At safepoint: 35342 ns, Total: 3483992 ns
[2020-02-28T05:15:20.588+0000][1][safepoint    ] Safepoint "RevokeBias", Time since last: 67860 ns, Reaching safepoint: 2594209 ns, At safepoint: 37236 ns, Total: 2631445 ns
[2020-02-28T05:15:20.589+0000][1][safepoint    ] Safepoint "RevokeBias", Time since last: 106705 ns, Reaching safepoint: 695014 ns, At safepoint: 28326 ns, Total: 723340 ns
[2020-02-28T05:15:20.594+0000][1][safepoint    ] Safepoint "RevokeBias", Time since last: 42511 ns, Reaching safepoint: 5208944 ns, At safepoint: 31119 ns, Total: 5240063 ns
[2020-02-28T05:15:20.607+0000][1][safepoint    ] Safepoint "RevokeBias", Time since last: 53388 ns, Reaching safepoint: 12856951 ns, At safepoint: 41725 ns, Total: 12898676 ns
[2020-02-28T05:15:20.611+0000][1][safepoint    ] Safepoint "RevokeBias", Time since last: 65955 ns, Reaching safepoint: 3537861 ns, At safepoint: 42308 ns, Total: 3580169 ns
[2020-02-28T05:15:20.991+0000][1][safepoint    ] Safepoint "RevokeBias", Time since last: 379353111 ns, Reaching safepoint: 1000680 ns, At safepoint: 17058 ns, Total: 1017738 ns
[2020-02-28T05:15:21.603+0000][1][safepoint    ] Safepoint "RevokeBias", Time since last: 611695367 ns, Reaching safepoint: 46258 ns, At safepoint: 13488 ns, Total: 59746 ns
[2020-02-28T05:15:21.603+0000][1][safepoint    ] Safepoint "RevokeBias", Time since last: 273670 ns, Reaching safepoint: 32462 ns, At safepoint: 10694 ns, Total: 43156 ns
[2020-02-28T05:15:21.613+0000][1][safepoint    ] Safepoint "RevokeBias", Time since last: 10120063 ns, Reaching safepoint: 44934 ns, At safepoint: 12600 ns, Total: 57534 ns
[2020-02-28T05:15:21.613+0000][1][safepoint    ] Safepoint "RevokeBias", Time since last: 85893 ns, Reaching safepoint: 27938 ns, At safepoint: 8992 ns, Total: 36930 ns
[2020-02-28T05:15:22.066+0000][1][safepoint    ] Safepoint "RevokeBias", Time since last: 452280270 ns, Reaching safepoint: 722433 ns, At safepoint: 21264 ns, Total: 743697 ns
[2020-02-28T05:15:24.085+0000][1][safepoint    ] Safepoint "Cleanup", Time since last: 2018210252 ns, Reaching safepoint: 60736 ns, At safepoint: 6901 ns, Total: 67637 ns
[2020-02-28T05:15:24.947+0000][1][safepoint    ] Safepoint "RevokeBias", Time since last: 862613446 ns, Reaching safepoint: 59481 ns, At safepoint: 13504 ns, Total: 72985 ns
[2020-02-28T05:15:24.947+0000][1][safepoint    ] Safepoint "RevokeBias", Time since last: 78686 ns, Reaching safepoint: 24257 ns, At safepoint: 8060 ns, Total: 32317 ns
[2020-02-28T05:15:25.868+0000][1][safepoint    ] Safepoint "RevokeBias", Time since last: 919802802 ns, Reaching safepoint: 412280 ns, At safepoint: 43125 ns, Total: 455405 ns
[2020-02-28T05:15:25.868+0000][1][safepoint    ] Safepoint "BulkRevokeBias", Time since last: 68419 ns, Reaching safepoint: 24978 ns, At safepoint: 90503 ns, Total: 115481 ns
[2020-02-28T05:15:25.868+0000][1][safepoint    ] Safepoint "RevokeBias", Time since last: 99067 ns, Reaching safepoint: 22036 ns, At safepoint: 26509 ns, Total: 48545 ns
[2020-02-28T05:15:25.868+0000][1][safepoint    ] Safepoint "RevokeBias", Time since last: 106658 ns, Reaching safepoint: 59402 ns, At safepoint: 49163 ns, Total: 108565 ns
[2020-02-28T05:15:25.868+0000][1][safepoint    ] Safepoint "RevokeBias", Time since last: 35047 ns, Reaching safepoint: 21757 ns, At safepoint: 23919 ns, Total: 45676 ns
[2020-02-28T05:15:25.868+0000][1][safepoint    ] Safepoint "RevokeBias", Time since last: 26460 ns, Reaching safepoint: 20283 ns, At safepoint: 23289 ns, Total: 43572 ns
[2020-02-28T05:15:25.869+0000][1][safepoint    ] Safepoint "RevokeBias", Time since last: 129248 ns, Reaching safepoint: 23962 ns, At safepoint: 24717 ns, Total: 48679 ns
[2020-02-28T05:15:26.572+0000][1][gc,start     ] GC(25) Pause Young (Allocation Failure)
[2020-02-28T05:15:26.573+0000][1][gc,task      ] GC(25) Using 1 workers of 1 for evacuation
[2020-02-28T05:15:27.049+0000][1][gc,age       ] GC(25) Desired survivor size 4358144 bytes, new threshold 6 (max threshold 6)
[2020-02-28T05:15:27.049+0000][1][gc,age       ] GC(25) Age table with threshold 6 (max threshold 6)
[2020-02-28T05:15:27.050+0000][1][gc,age       ] GC(25) - age   1:    1228224 bytes,    1228224 total
[2020-02-28T05:15:27.050+0000][1][gc,age       ] GC(25) - age   2:    2662432 bytes,    3890656 total
[2020-02-28T05:15:27.050+0000][1][gc,heap      ] GC(25) ParNew: 76672K->5248K(76672K)
[2020-02-28T05:15:27.050+0000][1][gc,heap      ] GC(25) CMS: 48496K->51300K(963392K)
[2020-02-28T05:15:27.050+0000][1][gc,metaspace ] GC(25) Metaspace: 55508K->55508K(1099776K)
[2020-02-28T05:15:27.050+0000][1][gc           ] GC(25) Pause Young (Allocation Failure) 122M->55M(1015M) 477.330ms
[2020-02-28T05:15:27.050+0000][1][gc,cpu       ] GC(25) User=0.05s Sys=0.02s Real=0.48s
[2020-02-28T05:15:27.050+0000][1][safepoint    ] Safepoint "GenCollectForAllocation", Time since last: 703880872 ns, Reaching safepoint: 43682 ns, At safepoint: 477383407 ns, Total: 477427089 ns
[2020-02-28T05:15:27.120+0000][1][safepoint    ] Safepoint "RevokeBias", Time since last: 63818364 ns, Reaching safepoint: 5980330 ns, At safepoint: 56254 ns, Total: 6036584 ns
[2020-02-28T05:15:27.136+0000][1][safepoint    ] Safepoint "RevokeBias", Time since last: 65359 ns, Reaching safepoint: 16024938 ns, At safepoint: 43480 ns, Total: 16068418 ns
[2020-02-28T05:15:27.144+0000][1][safepoint    ] Safepoint "RevokeBias", Time since last: 7276370 ns, Reaching safepoint: 600598 ns, At safepoint: 20584 ns, Total: 621182 ns
[2020-02-28T05:15:27.171+0000][1][safepoint    ] Safepoint "RevokeBias", Time since last: 58014 ns, Reaching safepoint: 27212883 ns, At safepoint: 30424 ns, Total: 27243307 ns
[2020-02-28T05:15:27.174+0000][1][safepoint    ] Safepoint "RevokeBias", Time since last: 162056 ns, Reaching safepoint: 2853404 ns, At safepoint: 22918 ns, Total: 2876322 ns
[2020-02-28T05:15:27.175+0000][1][safepoint    ] Safepoint "RevokeBias", Time since last: 1195177 ns, Reaching safepoint: 36221 ns, At safepoint: 58588 ns, Total: 94809 ns
[2020-02-28T05:15:27.175+0000][1][safepoint    ] Safepoint "RevokeBias", Time since last: 70671 ns, Reaching safepoint: 20459 ns, At safepoint: 28921 ns, Total: 49380 ns
[2020-02-28T05:15:27.176+0000][1][safepoint    ] Safepoint "RevokeBias", Time since last: 26981 ns, Reaching safepoint: 19685 ns, At safepoint: 25594 ns, Total: 45279 ns
[2020-02-28T05:15:27.217+0000][1][safepoint    ] Safepoint "RevokeBias", Time since last: 41805751 ns, Reaching safepoint: 35766 ns, At safepoint: 14145 ns, Total: 49911 ns
[2020-02-28T05:15:28.247+0000][1][safepoint    ] Safepoint "Cleanup", Time since last: 1010190755 ns, Reaching safepoint: 19196953 ns, At safepoint: 10424 ns, Total: 19207377 ns
[2020-02-28T05:15:28.322+0000][1][safepoint    ] Safepoint "RevokeBias", Time since last: 74409124 ns, Reaching safepoint: 293777 ns, At safepoint: 32026 ns, Total: 325803 ns
[2020-02-28T05:15:29.324+0000][1][safepoint    ] Safepoint "Cleanup", Time since last: 1002287394 ns, Reaching safepoint: 494837 ns, At safepoint: 10038 ns, Total: 504875 ns
[2020-02-28T05:15:30.294+0000][1][safepoint    ] Safepoint "RevokeBias", Time since last: 969879777 ns, Reaching safepoint: 51508 ns, At safepoint: 14002 ns, Total: 65510 ns
[2020-02-28T05:15:30.301+0000][1][safepoint    ] Safepoint "Deoptimize", Time since last: 5726534 ns, Reaching safepoint: 46876 ns, At safepoint: 589386 ns, Total: 636262 ns
[2020-02-28T05:15:31.327+0000][1][safepoint    ] Safepoint "Cleanup", Time since last: 1006820555 ns, Reaching safepoint: 19186535 ns, At safepoint: 10805 ns, Total: 19197340 ns
[2020-02-28T05:15:32.333+0000][1][safepoint    ] Safepoint "Cleanup", Time since last: 1005865408 ns, Reaching safepoint: 516095 ns, At safepoint: 12418 ns, Total: 528513 ns
[2020-02-28T05:15:33.075+0000][1][safepoint    ] Safepoint "RevokeBias", Time since last: 734970948 ns, Reaching safepoint: 6620266 ns, At safepoint: 53203 ns, Total: 6673469 ns
[2020-02-28T05:15:33.077+0000][1][safepoint    ] Safepoint "BulkRevokeBias", Time since last: 2251081 ns, Reaching safepoint: 57561 ns, At safepoint: 169625 ns, Total: 227186 ns
[2020-02-28T05:15:33.340+0000][1][safepoint    ] Safepoint "Deoptimize", Time since last: 261911073 ns, Reaching safepoint: 59429 ns, At safepoint: 577181 ns, Total: 636610 ns
[2020-02-28T05:15:33.668+0000][1][safepoint    ] Safepoint "RevokeBias", Time since last: 328398575 ns, Reaching safepoint: 38681 ns, At safepoint: 23922 ns, Total: 62603 ns
[2020-02-28T05:15:33.682+0000][1][safepoint    ] Safepoint "RevokeBias", Time since last: 13859175 ns, Reaching safepoint: 25371 ns, At safepoint: 27518 ns, Total: 52889 ns
[2020-02-28T05:15:33.682+0000][1][safepoint    ] Safepoint "RevokeBias", Time since last: 130735 ns, Reaching safepoint: 10590 ns, At safepoint: 17414 ns, Total: 28004 ns
[2020-02-28T05:15:33.684+0000][1][safepoint    ] Safepoint "RevokeBias", Time since last: 1971596 ns, Reaching safepoint: 16060 ns, At safepoint: 20972 ns, Total: 37032 ns
[2020-02-28T05:15:34.693+0000][1][safepoint    ] Safepoint "Cleanup", Time since last: 1007668604 ns, Reaching safepoint: 1092205 ns, At safepoint: 7301 ns, Total: 1099506 ns
[2020-02-28T05:15:35.705+0000][1][safepoint    ] Safepoint "Cleanup", Time since last: 1011723069 ns, Reaching safepoint: 148560 ns, At safepoint: 7691 ns, Total: 156251 ns
[2020-02-28T05:15:36.187+0000][1][safepoint    ] Safepoint "Deoptimize", Time since last: 481968612 ns, Reaching safepoint: 29137 ns, At safepoint: 373131 ns, Total: 402268 ns
[2020-02-28T05:15:37.230+0000][1][safepoint    ] Safepoint "Cleanup", Time since last: 1016491780 ns, Reaching safepoint: 26030382 ns, At safepoint: 11927 ns, Total: 26042309 ns
[2020-02-28T05:15:37.526+0000][1][gc,start     ] GC(26) Pause Young (Allocation Failure)
[2020-02-28T05:15:37.526+0000][1][gc,task      ] GC(26) Using 1 workers of 1 for evacuation
[2020-02-28T05:15:37.719+0000][1][gc,age       ] GC(26) Desired survivor size 4358144 bytes, new threshold 2 (max threshold 6)
[2020-02-28T05:15:37.719+0000][1][gc,age       ] GC(26) Age table with threshold 2 (max threshold 6)
[2020-02-28T05:15:37.719+0000][1][gc,age       ] GC(26) - age   1:    3765224 bytes,    3765224 total
[2020-02-28T05:15:37.719+0000][1][gc,age       ] GC(26) - age   2:    1124224 bytes,    4889448 total
[2020-02-28T05:15:37.719+0000][1][gc,age       ] GC(26) - age   3:    2637416 bytes,    7526864 total
[2020-02-28T05:15:37.719+0000][1][gc,heap      ] GC(26) ParNew: 73408K->8323K(76672K)
[2020-02-28T05:15:37.719+0000][1][gc,heap      ] GC(26) CMS: 51300K->51300K(963392K)
[2020-02-28T05:15:37.719+0000][1][gc,metaspace ] GC(26) Metaspace: 63431K->63431K(1107968K)
[2020-02-28T05:15:37.719+0000][1][gc           ] GC(26) Pause Young (Allocation Failure) 121M->58M(1015M) 192.904ms
[2020-02-28T05:15:37.719+0000][1][gc,cpu       ] GC(26) User=0.06s Sys=0.00s Real=0.20s
[2020-02-28T05:15:37.719+0000][1][safepoint    ] Safepoint "GenCollectForAllocation", Time since last: 296336126 ns, Reaching safepoint: 48133 ns, At safepoint: 192951595 ns, Total: 192999728 ns
[2020-02-28T05:15:37.751+0000][1][safepoint    ] Safepoint "RevokeBias", Time since last: 28704157 ns, Reaching safepoint: 2959264 ns, At safepoint: 161507 ns, Total: 3120771 ns
[2020-02-28T05:15:37.755+0000][1][safepoint    ] Safepoint "RevokeBias", Time since last: 190271 ns, Reaching safepoint: 3817033 ns, At safepoint: 58712 ns, Total: 3875745 ns
[2020-02-28T05:15:37.760+0000][1][safepoint    ] Safepoint "RevokeBias", Time since last: 76300 ns, Reaching safepoint: 4469023 ns, At safepoint: 60912 ns, Total: 4529935 ns
[2020-02-28T05:15:37.762+0000][1][safepoint    ] Safepoint "RevokeBias", Time since last: 63170 ns, Reaching safepoint: 2269004 ns, At safepoint: 54503 ns, Total: 2323507 ns
[2020-02-28T05:15:37.765+0000][1][safepoint    ] Safepoint "RevokeBias", Time since last: 57827 ns, Reaching safepoint: 2866766 ns, At safepoint: 56342 ns, Total: 2923108 ns
[2020-02-28T05:15:37.770+0000][1][safepoint    ] Safepoint "RevokeBias", Time since last: 59571 ns, Reaching safepoint: 4631427 ns, At safepoint: 58415 ns, Total: 4689842 ns
[2020-02-28T05:15:38.797+0000][1][safepoint    ] Safepoint "Cleanup", Time since last: 1022851936 ns, Reaching safepoint: 4319658 ns, At safepoint: 8581 ns, Total: 4328239 ns
[2020-02-28T05:15:39.803+0000][1][safepoint    ] Safepoint "Cleanup", Time since last: 1002633055 ns, Reaching safepoint: 3063682 ns, At safepoint: 10958 ns, Total: 3074640 ns
[2020-02-28T05:15:40.303+0000][1][safepoint    ] Safepoint "Deoptimize", Time since last: 498694211 ns, Reaching safepoint: 128738 ns, At safepoint: 1469842 ns, Total: 1598580 ns
[2020-02-28T05:15:40.828+0000][1][safepoint    ] Safepoint "RevokeBias", Time since last: 505481876 ns, Reaching safepoint: 19709669 ns, At safepoint: 61949 ns, Total: 19771618 ns
[2020-02-28T05:15:40.830+0000][1][safepoint    ] Safepoint "RevokeBias", Time since last: 104724 ns, Reaching safepoint: 1343276 ns, At safepoint: 38355 ns, Total: 1381631 ns
[2020-02-28T05:15:40.832+0000][1][safepoint    ] Safepoint "RevokeBias", Time since last: 67533 ns, Reaching safepoint: 1745457 ns, At safepoint: 93582 ns, Total: 1839039 ns
[2020-02-28T05:15:40.834+0000][1][safepoint    ] Safepoint "RevokeBias", Time since last: 165314 ns, Reaching safepoint: 2208791 ns, At safepoint: 63918 ns, Total: 2272709 ns
[2020-02-28T05:15:40.835+0000][1][safepoint    ] Safepoint "RevokeBias", Time since last: 231574 ns, Reaching safepoint: 511094 ns, At safepoint: 55649 ns, Total: 566743 ns
[2020-02-28T05:15:40.838+0000][1][safepoint    ] Safepoint "RevokeBias", Time since last: 150326 ns, Reaching safepoint: 2989821 ns, At safepoint: 44351 ns, Total: 3034172 ns
[2020-02-28T05:15:40.847+0000][1][safepoint    ] Safepoint "RevokeBias", Time since last: 6423926 ns, Reaching safepoint: 2430129 ns, At safepoint: 48791 ns, Total: 2478920 ns
[2020-02-28T05:15:40.850+0000][1][safepoint    ] Safepoint "RevokeBias", Time since last: 95176 ns, Reaching safepoint: 2840724 ns, At safepoint: 56335 ns, Total: 2897059 ns
[2020-02-28T05:15:40.938+0000][1][safepoint    ] Safepoint "RevokeBias", Time since last: 87859613 ns, Reaching safepoint: 41718 ns, At safepoint: 25100 ns, Total: 66818 ns
[2020-02-28T05:15:40.938+0000][1][safepoint    ] Safepoint "RevokeBias", Time since last: 382951 ns, Reaching safepoint: 23864 ns, At safepoint: 22507 ns, Total: 46371 ns
[2020-02-28T05:15:40.981+0000][1][safepoint    ] Safepoint "RevokeBias", Time since last: 42814945 ns, Reaching safepoint: 35351 ns, At safepoint: 42791 ns, Total: 78142 ns
[2020-02-28T05:15:40.982+0000][1][safepoint    ] Safepoint "RevokeBias", Time since last: 482809 ns, Reaching safepoint: 31103 ns, At safepoint: 25427 ns, Total: 56530 ns
[2020-02-28T05:15:40.982+0000][1][safepoint    ] Safepoint "RevokeBias", Time since last: 69739 ns, Reaching safepoint: 27440 ns, At safepoint: 19665 ns, Total: 47105 ns
[2020-02-28T05:15:40.982+0000][1][safepoint    ] Safepoint "RevokeBias", Time since last: 288593 ns, Reaching safepoint: 21573 ns, At safepoint: 19710 ns, Total: 41283 ns
[2020-02-28T05:15:40.982+0000][1][safepoint    ] Safepoint "RevokeBias", Time since last: 131594 ns, Reaching safepoint: 23973 ns, At safepoint: 18840 ns, Total: 42813 ns
[2020-02-28T05:15:40.982+0000][1][safepoint    ] Safepoint "RevokeBias", Time since last: 66725 ns, Reaching safepoint: 25811 ns, At safepoint: 19196 ns, Total: 45007 ns
[2020-02-28T05:15:40.983+0000][1][safepoint    ] Safepoint "RevokeBias", Time since last: 234936 ns, Reaching safepoint: 25034 ns, At safepoint: 18956 ns, Total: 43990 ns
[2020-02-28T05:15:40.983+0000][1][safepoint    ] Safepoint "RevokeBias", Time since last: 172638 ns, Reaching safepoint: 24370 ns, At safepoint: 89119 ns, Total: 113489 ns
[2020-02-28T05:15:40.983+0000][1][safepoint    ] Safepoint "RevokeBias", Time since last: 322475 ns, Reaching safepoint: 21997 ns, At safepoint: 19446 ns, Total: 41443 ns
[2020-02-28T05:15:40.985+0000][1][safepoint    ] Safepoint "RevokeBias", Time since last: 1326869 ns, Reaching safepoint: 55903 ns, At safepoint: 24413 ns, Total: 80316 ns
[2020-02-28T05:15:41.011+0000][1][safepoint    ] Safepoint "RevokeBias", Time since last: 26091363 ns, Reaching safepoint: 37460 ns, At safepoint: 26719 ns, Total: 64179 ns
[2020-02-28T05:15:41.118+0000][1][safepoint    ] Safepoint "Deoptimize", Time since last: 106347619 ns, Reaching safepoint: 54286 ns, At safepoint: 659678 ns, Total: 713964 ns
[2020-02-28T05:15:41.856+0000][1][safepoint    ] Safepoint "RevokeBias", Time since last: 737896491 ns, Reaching safepoint: 62571 ns, At safepoint: 14695 ns, Total: 77266 ns
[2020-02-28T05:15:41.923+0000][1][safepoint    ] Safepoint "RevokeBias", Time since last: 66630399 ns, Reaching safepoint: 36073 ns, At safepoint: 18883 ns, Total: 54956 ns
[2020-02-28T05:15:41.923+0000][1][safepoint    ] Safepoint "RevokeBias", Time since last: 135693 ns, Reaching safepoint: 20273 ns, At safepoint: 12798 ns, Total: 33071 ns
[2020-02-28T05:15:41.926+0000][1][safepoint    ] Safepoint "RevokeBias", Time since last: 2918132 ns, Reaching safepoint: 58573 ns, At safepoint: 53170 ns, Total: 111743 ns
[2020-02-28T05:15:41.926+0000][1][safepoint    ] Safepoint "RevokeBias", Time since last: 174060 ns, Reaching safepoint: 56198 ns, At safepoint: 48928 ns, Total: 105126 ns
[2020-02-28T05:15:41.927+0000][1][safepoint    ] Safepoint "RevokeBias", Time since last: 376771 ns, Reaching safepoint: 32110 ns, At safepoint: 28954 ns, Total: 61064 ns
[2020-02-28T05:15:41.927+0000][1][safepoint    ] Safepoint "RevokeBias", Time since last: 201059 ns, Reaching safepoint: 54695 ns, At safepoint: 18876 ns, Total: 73571 ns
[2020-02-28T05:15:41.927+0000][1][safepoint    ] Safepoint "RevokeBias", Time since last: 69331 ns, Reaching safepoint: 30134 ns, At safepoint: 26180 ns, Total: 56314 ns
[2020-02-28T05:15:41.927+0000][1][safepoint    ] Safepoint "RevokeBias", Time since last: 41009 ns, Reaching safepoint: 10912 ns, At safepoint: 7785 ns, Total: 18697 ns
[2020-02-28T05:15:41.928+0000][1][safepoint    ] Safepoint "RevokeBias", Time since last: 526869 ns, Reaching safepoint: 20574 ns, At safepoint: 36400 ns, Total: 56974 ns
[2020-02-28T05:15:41.928+0000][1][safepoint    ] Safepoint "RevokeBias", Time since last: 291298 ns, Reaching safepoint: 16739 ns, At safepoint: 12775 ns, Total: 29514 ns
[2020-02-28T05:15:41.928+0000][1][safepoint    ] Safepoint "RevokeBias", Time since last: 36885 ns, Reaching safepoint: 11143 ns, At safepoint: 8878 ns, Total: 20021 ns
[2020-02-28T05:15:41.928+0000][1][safepoint    ] Safepoint "RevokeBias", Time since last: 23057 ns, Reaching safepoint: 10362 ns, At safepoint: 7600 ns, Total: 17962 ns
[2020-02-28T05:15:41.929+0000][1][safepoint    ] Safepoint "RevokeBias", Time since last: 528128 ns, Reaching safepoint: 15248 ns, At safepoint: 10227 ns, Total: 25475 ns
[2020-02-28T05:15:41.961+0000][1][safepoint    ] Safepoint "RevokeBias", Time since last: 32629137 ns, Reaching safepoint: 41977 ns, At safepoint: 17896 ns, Total: 59873 ns
[2020-02-28T05:15:41.975+0000][1][safepoint    ] Safepoint "RevokeBias", Time since last: 13483055 ns, Reaching safepoint: 43023 ns, At safepoint: 19560 ns, Total: 62583 ns
[2020-02-28T05:15:42.138+0000][1][safepoint    ] Safepoint "RevokeBias", Time since last: 162807806 ns, Reaching safepoint: 131204 ns, At safepoint: 34553 ns, Total: 165757 ns
[2020-02-28T05:15:42.140+0000][1][safepoint    ] Safepoint "RevokeBias", Time since last: 2642874 ns, Reaching safepoint: 37752 ns, At safepoint: 17695 ns, Total: 55447 ns
[2020-02-28T05:15:42.161+0000][1][safepoint    ] Safepoint "RevokeBias", Time since last: 17114835 ns, Reaching safepoint: 3041225 ns, At safepoint: 31365 ns, Total: 3072590 ns
[2020-02-28T05:15:42.229+0000][1][safepoint    ] Safepoint "RevokeBias", Time since last: 54052416 ns, Reaching safepoint: 13915800 ns, At safepoint: 29994 ns, Total: 13945794 ns
[2020-02-28T05:15:42.233+0000][1][safepoint    ] Safepoint "RevokeBias", Time since last: 818272 ns, Reaching safepoint: 3268030 ns, At safepoint: 25205 ns, Total: 3293235 ns
[2020-02-28T05:15:42.236+0000][1][safepoint    ] Safepoint "RevokeBias", Time since last: 71548 ns, Reaching safepoint: 2848430 ns, At safepoint: 21010 ns, Total: 2869440 ns
[2020-02-28T05:15:42.322+0000][1][safepoint    ] Safepoint "RevokeBias", Time since last: 85995217 ns, Reaching safepoint: 47574 ns, At safepoint: 20973 ns, Total: 68547 ns
[2020-02-28T05:15:42.322+0000][1][safepoint    ] Safepoint "RevokeBias", Time since last: 80716 ns, Reaching safepoint: 22632 ns, At safepoint: 15497 ns, Total: 38129 ns
[2020-02-28T05:15:42.359+0000][1][safepoint    ] Safepoint "RevokeBias", Time since last: 36708054 ns, Reaching safepoint: 44318 ns, At safepoint: 20162 ns, Total: 64480 ns
[2020-02-28T05:15:42.428+0000][1][safepoint    ] Safepoint "RevokeBias", Time since last: 69130932 ns, Reaching safepoint: 41231 ns, At safepoint: 19057 ns, Total: 60288 ns
[2020-02-28T05:15:42.428+0000][1][safepoint    ] Safepoint "RevokeBias", Time since last: 450039 ns, Reaching safepoint: 29069 ns, At safepoint: 15150 ns, Total: 44219 ns
[2020-02-28T05:15:42.442+0000][1][safepoint    ] Safepoint "RevokeBias", Time since last: 13584492 ns, Reaching safepoint: 45737 ns, At safepoint: 22209 ns, Total: 67946 ns
[2020-02-28T05:15:42.465+0000][1][safepoint    ] Safepoint "RevokeBias", Time since last: 23353955 ns, Reaching safepoint: 43793 ns, At safepoint: 17007 ns, Total: 60800 ns
[2020-02-28T05:15:42.465+0000][1][safepoint    ] Safepoint "RevokeBias", Time since last: 57225 ns, Reaching safepoint: 25939 ns, At safepoint: 11937 ns, Total: 37876 ns
[2020-02-28T05:15:42.482+0000][1][safepoint    ] Safepoint "RevokeBias", Time since last: 16815471 ns, Reaching safepoint: 32144 ns, At safepoint: 15523 ns, Total: 47667 ns
[2020-02-28T05:15:42.540+0000][1][safepoint    ] Safepoint "RevokeBias", Time since last: 58023555 ns, Reaching safepoint: 42431 ns, At safepoint: 18342 ns, Total: 60773 ns
[2020-02-28T05:15:42.541+0000][1][safepoint    ] Safepoint "RevokeBias", Time since last: 90139 ns, Reaching safepoint: 34492 ns, At safepoint: 13942 ns, Total: 48434 ns
[2020-02-28T05:15:42.541+0000][1][safepoint    ] Safepoint "RevokeBias", Time since last: 34973 ns, Reaching safepoint: 25198 ns, At safepoint: 12014 ns, Total: 37212 ns
[2020-02-28T05:15:42.572+0000][1][safepoint    ] Safepoint "RevokeBias", Time since last: 31628678 ns, Reaching safepoint: 41811 ns, At safepoint: 17566 ns, Total: 59377 ns
[2020-02-28T05:15:42.662+0000][1][safepoint    ] Safepoint "RevokeBias", Time since last: 89347598 ns, Reaching safepoint: 38403 ns, At safepoint: 33972 ns, Total: 72375 ns
[2020-02-28T05:15:42.662+0000][1][safepoint    ] Safepoint "RevokeBias", Time since last: 146874 ns, Reaching safepoint: 17046 ns, At safepoint: 11274 ns, Total: 28320 ns
[2020-02-28T05:15:42.662+0000][1][safepoint    ] Safepoint "RevokeBias", Time since last: 49323 ns, Reaching safepoint: 10162 ns, At safepoint: 8089 ns, Total: 18251 ns
[2020-02-28T05:15:42.664+0000][1][safepoint    ] Safepoint "RevokeBias", Time since last: 2267103 ns, Reaching safepoint: 30306 ns, At safepoint: 12655 ns, Total: 42961 ns
[2020-02-28T05:15:42.934+0000][1][safepoint    ] Safepoint "BulkRevokeBias", Time since last: 265033062 ns, Reaching safepoint: 4656308 ns, At safepoint: 157871 ns, Total: 4814179 ns
[2020-02-28T05:15:43.095+0000][1][safepoint    ] Safepoint "RevokeBias", Time since last: 160419166 ns, Reaching safepoint: 149677 ns, At safepoint: 40605 ns, Total: 190282 ns
[2020-02-28T05:15:43.096+0000][1][safepoint    ] Safepoint "RevokeBias", Time since last: 979896 ns, Reaching safepoint: 38078 ns, At safepoint: 17211 ns, Total: 55289 ns
[2020-02-28T05:15:43.096+0000][1][safepoint    ] Safepoint "RevokeBias", Time since last: 226145 ns, Reaching safepoint: 81200 ns, At safepoint: 16816 ns, Total: 98016 ns
[2020-02-28T05:15:43.475+0000][1][safepoint    ] Safepoint "RevokeBias", Time since last: 379077255 ns, Reaching safepoint: 59138 ns, At safepoint: 19606 ns, Total: 78744 ns
[2020-02-28T05:15:43.475+0000][1][safepoint    ] Safepoint "RevokeBias", Time since last: 60141 ns, Reaching safepoint: 28464 ns, At safepoint: 12384 ns, Total: 40848 ns
[2020-02-28T05:15:43.475+0000][1][safepoint    ] Safepoint "RevokeBias", Time since last: 29470 ns, Reaching safepoint: 26912 ns, At safepoint: 11033 ns, Total: 37945 ns
[2020-02-28T05:15:43.476+0000][1][safepoint    ] Safepoint "RevokeBias", Time since last: 824588 ns, Reaching safepoint: 34143 ns, At safepoint: 14989 ns, Total: 49132 ns
[2020-02-28T05:15:43.476+0000][1][safepoint    ] Safepoint "RevokeBias", Time since last: 105330 ns, Reaching safepoint: 28072 ns, At safepoint: 11944 ns, Total: 40016 ns
[2020-02-28T05:15:43.478+0000][1][safepoint    ] Safepoint "RevokeBias", Time since last: 1196398 ns, Reaching safepoint: 34136 ns, At safepoint: 14388 ns, Total: 48524 ns
[2020-02-28T05:15:43.478+0000][1][safepoint    ] Safepoint "RevokeBias", Time since last: 41196 ns, Reaching safepoint: 24914 ns, At safepoint: 12032 ns, Total: 36946 ns
[2020-02-28T05:15:43.478+0000][1][safepoint    ] Safepoint "RevokeBias", Time since last: 56922 ns, Reaching safepoint: 26659 ns, At safepoint: 11787 ns, Total: 38446 ns
[2020-02-28T05:15:43.683+0000][1][safepoint    ] Safepoint "RevokeBias", Time since last: 146053499 ns, Reaching safepoint: 59148804 ns, At safepoint: 87047 ns, Total: 59235851 ns
[2020-02-28T05:15:43.706+0000][1][safepoint    ] Safepoint "RevokeBias", Time since last: 17510744 ns, Reaching safepoint: 5220801 ns, At safepoint: 38593 ns, Total: 5259394 ns
[2020-02-28T05:15:43.731+0000][1][safepoint    ] Safepoint "RevokeBias", Time since last: 24854785 ns, Reaching safepoint: 216606 ns, At safepoint: 19796 ns, Total: 236402 ns
[2020-02-28T05:15:43.752+0000][1][safepoint    ] Safepoint "RevokeBias", Time since last: 511424 ns, Reaching safepoint: 20207714 ns, At safepoint: 262437 ns, Total: 20470151 ns
[2020-02-28T05:15:43.759+0000][1][safepoint    ] Safepoint "RevokeBias", Time since last: 6372404 ns, Reaching safepoint: 180036 ns, At safepoint: 58808 ns, Total: 238844 ns
[2020-02-28T05:15:43.817+0000][1][safepoint    ] Safepoint "RevokeBias", Time since last: 28302032 ns, Reaching safepoint: 29852646 ns, At safepoint: 214722 ns, Total: 30067368 ns
[2020-02-28T05:15:43.844+0000][1][safepoint    ] Safepoint "RevokeBias", Time since last: 19109777 ns, Reaching safepoint: 7790695 ns, At safepoint: 85930 ns, Total: 7876625 ns
[2020-02-28T05:15:43.850+0000][1][safepoint    ] Safepoint "RevokeBias", Time since last: 5936501 ns, Reaching safepoint: 390133 ns, At safepoint: 101721 ns, Total: 491854 ns
[2020-02-28T05:15:43.931+0000][1][safepoint    ] Safepoint "RevokeBias", Time since last: 74502470 ns, Reaching safepoint: 6023838 ns, At safepoint: 84822 ns, Total: 6108660 ns
[2020-02-28T05:15:43.937+0000][1][safepoint    ] Safepoint "RevokeBias", Time since last: 234873 ns, Reaching safepoint: 5610331 ns, At safepoint: 80723 ns, Total: 5691054 ns
[2020-02-28T05:15:44.229+0000][1][safepoint    ] Safepoint "RevokeBias", Time since last: 291662683 ns, Reaching safepoint: 55035 ns, At safepoint: 20832 ns, Total: 75867 ns
[2020-02-28T05:15:44.229+0000][1][safepoint    ] Safepoint "RevokeBias", Time since last: 278751 ns, Reaching safepoint: 39088 ns, At safepoint: 41739 ns, Total: 80827 ns
[2020-02-28T05:15:44.362+0000][1][safepoint    ] Safepoint "RevokeBias", Time since last: 102461243 ns, Reaching safepoint: 30353070 ns, At safepoint: 41712 ns, Total: 30394782 ns
[2020-02-28T05:15:44.507+0000][1][safepoint    ] Safepoint "RevokeBias", Time since last: 141381839 ns, Reaching safepoint: 3660364 ns, At safepoint: 35669 ns, Total: 3696033 ns
[2020-02-28T05:15:44.508+0000][1][safepoint    ] Safepoint "RevokeBias", Time since last: 190306 ns, Reaching safepoint: 391163 ns, At safepoint: 27169 ns, Total: 418332 ns
[2020-02-28T05:15:44.516+0000][1][safepoint    ] Safepoint "RevokeBias", Time since last: 116233 ns, Reaching safepoint: 8202433 ns, At safepoint: 15314 ns, Total: 8217747 ns
[2020-02-28T05:15:44.553+0000][1][safepoint    ] Safepoint "RevokeBias", Time since last: 36221271 ns, Reaching safepoint: 392648 ns, At safepoint: 9267 ns, Total: 401915 ns
[2020-02-28T05:15:44.813+0000][1][gc,start     ] GC(27) Pause Young (Allocation Failure)
[2020-02-28T05:15:44.813+0000][1][gc,task      ] GC(27) Using 1 workers of 1 for evacuation
[2020-02-28T05:15:45.439+0000][1][gc,age       ] GC(27) Desired survivor size 4358144 bytes, new threshold 2 (max threshold 6)
[2020-02-28T05:15:45.439+0000][1][gc,age       ] GC(27) Age table with threshold 2 (max threshold 6)
[2020-02-28T05:15:45.439+0000][1][gc,age       ] GC(27) - age   1:    2608592 bytes,    2608592 total
[2020-02-28T05:15:45.439+0000][1][gc,age       ] GC(27) - age   2:    3313792 bytes,    5922384 total
[2020-02-28T05:15:45.439+0000][1][gc,heap      ] GC(27) ParNew: 76483K->6553K(76672K)
[2020-02-28T05:15:45.439+0000][1][gc,heap      ] GC(27) CMS: 51300K->55008K(963392K)
[2020-02-28T05:15:45.439+0000][1][gc,metaspace ] GC(27) Metaspace: 69953K->69953K(1114112K)
[2020-02-28T05:15:45.439+0000][1][gc           ] GC(27) Pause Young (Allocation Failure) 124M->60M(1015M) 625.878ms
[2020-02-28T05:15:45.439+0000][1][gc,cpu       ] GC(27) User=0.09s Sys=0.03s Real=0.63s
[2020-02-28T05:15:45.439+0000][1][safepoint    ] Safepoint "GenCollectForAllocation", Time since last: 260739323 ns, Reaching safepoint: 78973 ns, At safepoint: 626019786 ns, Total: 626098759 ns
[2020-02-28T05:15:45.528+0000][1][safepoint    ] Safepoint "RevokeBias", Time since last: 88174486 ns, Reaching safepoint: 80227 ns, At safepoint: 8797 ns, Total: 89024 ns
[2020-02-28T05:15:45.528+0000][1][safepoint    ] Safepoint "RevokeBias", Time since last: 57641 ns, Reaching safepoint: 48990 ns, At safepoint: 4493 ns, Total: 53483 ns
[2020-02-28T05:15:45.528+0000][1][safepoint    ] Safepoint "RevokeBias", Time since last: 35112 ns, Reaching safepoint: 36999 ns, At safepoint: 4403 ns, Total: 41402 ns
[2020-02-28T05:15:45.528+0000][1][safepoint    ] Safepoint "RevokeBias", Time since last: 24149 ns, Reaching safepoint: 36447 ns, At safepoint: 4272 ns, Total: 40719 ns
[2020-02-28T05:15:45.528+0000][1][safepoint    ] Safepoint "RevokeBias", Time since last: 137243 ns, Reaching safepoint: 43957 ns, At safepoint: 4840 ns, Total: 48797 ns
[2020-02-28T05:15:45.528+0000][1][safepoint    ] Safepoint "RevokeBias", Time since last: 28267 ns, Reaching safepoint: 36247 ns, At safepoint: 4133 ns, Total: 40380 ns
[2020-02-28T05:15:45.528+0000][1][safepoint    ] Safepoint "RevokeBias", Time since last: 125362 ns, Reaching safepoint: 36574 ns, At safepoint: 4360 ns, Total: 40934 ns
[2020-02-28T05:15:45.528+0000][1][safepoint    ] Safepoint "RevokeBias", Time since last: 24188 ns, Reaching safepoint: 36202 ns, At safepoint: 4104 ns, Total: 40306 ns
[2020-02-28T05:15:45.528+0000][1][safepoint    ] Safepoint "RevokeBias", Time since last: 36770 ns, Reaching safepoint: 36163 ns, At safepoint: 4183 ns, Total: 40346 ns
[2020-02-28T05:15:45.529+0000][1][safepoint    ] Safepoint "RevokeBias", Time since last: 23466 ns, Reaching safepoint: 35937 ns, At safepoint: 4141 ns, Total: 40078 ns
[2020-02-28T05:15:45.770+0000][1][safepoint    ] Safepoint "RevokeBias", Time since last: 241710456 ns, Reaching safepoint: 64241 ns, At safepoint: 7656 ns, Total: 71897 ns
[2020-02-28T05:15:45.878+0000][1][safepoint    ] Safepoint "RevokeBias", Time since last: 86575623 ns, Reaching safepoint: 21054068 ns, At safepoint: 35042 ns, Total: 21089110 ns
[2020-02-28T05:15:45.898+0000][1][safepoint    ] Safepoint "RevokeBias", Time since last: 837956 ns, Reaching safepoint: 19015383 ns, At safepoint: 21584 ns, Total: 19036967 ns
[2020-02-28T05:15:45.927+0000][1][safepoint    ] Safepoint "RevokeBias", Time since last: 5116574 ns, Reaching safepoint: 23812258 ns, At safepoint: 16417 ns, Total: 23828675 ns
[2020-02-28T05:15:45.929+0000][1][safepoint    ] Safepoint "RevokeBias", Time since last: 1882452 ns, Reaching safepoint: 62681 ns, At safepoint: 7352 ns, Total: 70033 ns
[2020-02-28T05:15:45.929+0000][1][safepoint    ] Safepoint "RevokeBias", Time since last: 48518 ns, Reaching safepoint: 39486 ns, At safepoint: 4335 ns, Total: 43821 ns
[2020-02-28T05:15:45.929+0000][1][safepoint    ] Safepoint "RevokeBias", Time since last: 130141 ns, Reaching safepoint: 56508 ns, At safepoint: 7961 ns, Total: 64469 ns
[2020-02-28T05:15:46.044+0000][1][safepoint    ] Safepoint "RevokeBias", Time since last: 99789709 ns, Reaching safepoint: 14829640 ns, At safepoint: 31112 ns, Total: 14860752 ns
[2020-02-28T05:15:46.045+0000][1][safepoint    ] Safepoint "RevokeBias", Time since last: 1629526 ns, Reaching safepoint: 122287 ns, At safepoint: 30952 ns, Total: 153239 ns
[2020-02-28T05:15:46.046+0000][1][safepoint    ] Safepoint "RevokeBias", Time since last: 557336 ns, Reaching safepoint: 44818 ns, At safepoint: 5127 ns, Total: 49945 ns
[2020-02-28T05:15:46.046+0000][1][safepoint    ] Safepoint "RevokeBias", Time since last: 34606 ns, Reaching safepoint: 36888 ns, At safepoint: 4263 ns, Total: 41151 ns
[2020-02-28T05:15:46.046+0000][1][safepoint    ] Safepoint "RevokeBias", Time since last: 27146 ns, Reaching safepoint: 35543 ns, At safepoint: 4028 ns, Total: 39571 ns
[2020-02-28T05:15:46.073+0000][1][safepoint    ] Safepoint "RevokeBias", Time since last: 26767759 ns, Reaching safepoint: 76539 ns, At safepoint: 10101 ns, Total: 86640 ns
[2020-02-28T05:15:46.074+0000][1][safepoint    ] Safepoint "RevokeBias", Time since last: 743671 ns, Reaching safepoint: 49559 ns, At safepoint: 6644 ns, Total: 56203 ns
[2020-02-28T05:15:46.190+0000][1][safepoint    ] Safepoint "RevokeBias", Time since last: 116084456 ns, Reaching safepoint: 142004 ns, At safepoint: 9964 ns, Total: 151968 ns
[2020-02-28T05:15:46.190+0000][1][safepoint    ] Safepoint "RevokeBias", Time since last: 157324 ns, Reaching safepoint: 103125 ns, At safepoint: 4694 ns, Total: 107819 ns
[2020-02-28T05:15:46.191+0000][1][safepoint    ] Safepoint "RevokeBias", Time since last: 85669 ns, Reaching safepoint: 190774 ns, At safepoint: 8038 ns, Total: 198812 ns
[2020-02-28T05:15:46.191+0000][1][safepoint    ] Safepoint "RevokeBias", Time since last: 74561 ns, Reaching safepoint: 101811 ns, At safepoint: 4547 ns, Total: 106358 ns
[2020-02-28T05:15:46.227+0000][1][safepoint    ] Safepoint "RevokeBias", Time since last: 35681254 ns, Reaching safepoint: 70064 ns, At safepoint: 6851 ns, Total: 76915 ns
[2020-02-28T05:15:46.227+0000][1][safepoint    ] Safepoint "RevokeBias", Time since last: 162470 ns, Reaching safepoint: 55174 ns, At safepoint: 5331 ns, Total: 60505 ns
[2020-02-28T05:15:46.241+0000][1][safepoint    ] Safepoint "RevokeBias", Time since last: 14158312 ns, Reaching safepoint: 130728 ns, At safepoint: 9666 ns, Total: 140394 ns
[2020-02-28T05:15:46.241+0000][1][safepoint    ] Safepoint "RevokeBias", Time since last: 296080 ns, Reaching safepoint: 57966 ns, At safepoint: 5410 ns, Total: 63376 ns
[2020-02-28T05:15:46.242+0000][1][safepoint    ] Safepoint "BulkRevokeBias", Time since last: 38328 ns, Reaching safepoint: 115566 ns, At safepoint: 467555 ns, Total: 583121 ns
[2020-02-28T05:15:46.262+0000][1][safepoint    ] Safepoint "RevokeBias", Time since last: 13715277 ns, Reaching safepoint: 6619068 ns, At safepoint: 15936 ns, Total: 6635004 ns
[2020-02-28T05:15:46.513+0000][1][safepoint    ] Safepoint "RevokeBias", Time since last: 250872574 ns, Reaching safepoint: 61008 ns, At safepoint: 6997 ns, Total: 68005 ns
[2020-02-28T05:15:46.555+0000][1][safepoint    ] Safepoint "RevokeBias", Time since last: 19773213 ns, Reaching safepoint: 21584230 ns, At safepoint: 15871 ns, Total: 21600101 ns
[2020-02-28T05:15:46.560+0000][1][safepoint    ] Safepoint "CollectForMetadataAllocation", Time since last: 507742 ns, Reaching safepoint: 4327317 ns, At safepoint: 121661 ns, Total: 4448978 ns
[2020-02-28T05:15:46.608+0000][1][safepoint    ] Safepoint "CollectForMetadataAllocation", Time since last: 26482395 ns, Reaching safepoint: 21509502 ns, At safepoint: 140583 ns, Total: 21650085 ns
[2020-02-28T05:15:46.757+0000][1][safepoint    ] Safepoint "CollectForMetadataAllocation", Time since last: 136464944 ns, Reaching safepoint: 12474549 ns, At safepoint: 117135 ns, Total: 12591684 ns
[2020-02-28T05:15:46.855+0000][1][safepoint    ] Safepoint "CollectForMetadataAllocation", Time since last: 97670018 ns, Reaching safepoint: 64551 ns, At safepoint: 135460 ns, Total: 200011 ns
[2020-02-28T05:15:46.946+0000][1][safepoint    ] Safepoint "Deoptimize", Time since last: 67846373 ns, Reaching safepoint: 22294280 ns, At safepoint: 653175 ns, Total: 22947455 ns
[2020-02-28T05:15:47.009+0000][1][safepoint    ] Safepoint "CollectForMetadataAllocation", Time since last: 46113648 ns, Reaching safepoint: 17220389 ns, At safepoint: 147684 ns, Total: 17368073 ns
[2020-02-28T05:15:47.100+0000][1][safepoint    ] Safepoint "Deoptimize", Time since last: 61407775 ns, Reaching safepoint: 29097124 ns, At safepoint: 869746 ns, Total: 29966870 ns
[2020-02-28T05:15:47.127+0000][1][safepoint    ] Safepoint "RevokeBias", Time since last: 21658534 ns, Reaching safepoint: 4658678 ns, At safepoint: 62161 ns, Total: 4720839 ns
[2020-02-28T05:15:47.182+0000][1][safepoint    ] Safepoint "CollectForMetadataAllocation", Time since last: 54929128 ns, Reaching safepoint: 69403 ns, At safepoint: 79591 ns, Total: 148994 ns
[2020-02-28T05:15:47.314+0000][1][safepoint    ] Safepoint "RevokeBias", Time since last: 108799659 ns, Reaching safepoint: 23182571 ns, At safepoint: 21682 ns, Total: 23204253 ns
[2020-02-28T05:15:47.335+0000][1][safepoint    ] Safepoint "RevokeBias", Time since last: 10219221 ns, Reaching safepoint: 10478883 ns, At safepoint: 27609 ns, Total: 10506492 ns
[2020-02-28T05:15:47.442+0000][1][safepoint    ] Safepoint "CollectForMetadataAllocation", Time since last: 93194618 ns, Reaching safepoint: 14010969 ns, At safepoint: 457931 ns, Total: 14468900 ns
[2020-02-28T05:15:47.505+0000][1][gc,start     ] GC(28) Pause Initial Mark
[2020-02-28T05:15:47.577+0000][1][gc           ] GC(28) Pause Initial Mark 81M->81M(1015M) 72.208ms
[2020-02-28T05:15:47.577+0000][1][gc,cpu       ] GC(28) User=0.03s Sys=0.00s Real=0.08s
[2020-02-28T05:15:47.577+0000][1][safepoint    ] Safepoint "CMS_Initial_Mark", Time since last: 44384391 ns, Reaching safepoint: 18342244 ns, At safepoint: 72297820 ns, Total: 90640064 ns
[2020-02-28T05:15:47.602+0000][1][gc           ] GC(28) Concurrent Mark
[2020-02-28T05:15:47.680+0000][1][safepoint    ] Safepoint "RevokeBias", Time since last: 74512186 ns, Reaching safepoint: 27862629 ns, At safepoint: 16895 ns, Total: 27879524 ns
[2020-02-28T05:15:47.829+0000][1][safepoint    ] Safepoint "BulkRevokeBias", Time since last: 147090184 ns, Reaching safepoint: 2068147 ns, At safepoint: 344074 ns, Total: 2412221 ns
[2020-02-28T05:15:47.829+0000][1][safepoint    ] Safepoint "RevokeBias", Time since last: 57579 ns, Reaching safepoint: 104955 ns, At safepoint: 5275 ns, Total: 110230 ns
[2020-02-28T05:15:47.954+0000][1][safepoint    ] Safepoint "RevokeBias", Time since last: 124610643 ns, Reaching safepoint: 57243 ns, At safepoint: 5772 ns, Total: 63015 ns
[2020-02-28T05:15:47.990+0000][1][safepoint    ] Safepoint "CollectForMetadataAllocation", Time since last: 15259433 ns, Reaching safepoint: 20091692 ns, At safepoint: 395249 ns, Total: 20486941 ns
[2020-02-28T05:15:48.114+0000][1][safepoint    ] Safepoint "BulkRevokeBias", Time since last: 123726213 ns, Reaching safepoint: 642581 ns, At safepoint: 223544 ns, Total: 866125 ns
[2020-02-28T05:15:48.388+0000][1][safepoint    ] Safepoint "RevokeBias", Time since last: 189198088 ns, Reaching safepoint: 84080991 ns, At safepoint: 44558 ns, Total: 84125549 ns
[2020-02-28T05:15:48.402+0000][1][safepoint    ] Safepoint "RevokeBias", Time since last: 14545677 ns, Reaching safepoint: 70061 ns, At safepoint: 6675 ns, Total: 76736 ns
[2020-02-28T05:15:48.403+0000][1][safepoint    ] Safepoint "RevokeBias", Time since last: 296810 ns, Reaching safepoint: 42052 ns, At safepoint: 3208 ns, Total: 45260 ns
[2020-02-28T05:15:48.545+0000][1][safepoint    ] Safepoint "RevokeBias", Time since last: 117798404 ns, Reaching safepoint: 24136498 ns, At safepoint: 9227 ns, Total: 24145725 ns
[2020-02-28T05:15:48.545+0000][1][safepoint    ] Safepoint "RevokeBias", Time since last: 245914 ns, Reaching safepoint: 45725 ns, At safepoint: 3662 ns, Total: 49387 ns
[2020-02-28T05:15:48.722+0000][1][safepoint    ] Safepoint "RevokeBias", Time since last: 132869427 ns, Reaching safepoint: 43906747 ns, At safepoint: 17569 ns, Total: 43924316 ns
[2020-02-28T05:15:48.822+0000][1][safepoint    ] Safepoint "RevokeBias", Time since last: 100206242 ns, Reaching safepoint: 69174 ns, At safepoint: 5937 ns, Total: 75111 ns
[2020-02-28T05:15:48.848+0000][1][safepoint    ] Safepoint "RevokeBias", Time since last: 8612013 ns, Reaching safepoint: 17201068 ns, At safepoint: 9087 ns, Total: 17210155 ns
[2020-02-28T05:15:48.848+0000][1][safepoint    ] Safepoint "RevokeBias", Time since last: 65102 ns, Reaching safepoint: 35951 ns, At safepoint: 2898 ns, Total: 38849 ns
[2020-02-28T05:15:48.848+0000][1][safepoint    ] Safepoint "RevokeBias", Time since last: 26738 ns, Reaching safepoint: 33039 ns, At safepoint: 2814 ns, Total: 35853 ns
[2020-02-28T05:15:48.848+0000][1][safepoint    ] Safepoint "RevokeBias", Time since last: 21268 ns, Reaching safepoint: 32710 ns, At safepoint: 2698 ns, Total: 35408 ns
[2020-02-28T05:15:48.848+0000][1][safepoint    ] Safepoint "RevokeBias", Time since last: 22427 ns, Reaching safepoint: 32457 ns, At safepoint: 2598 ns, Total: 35055 ns
[2020-02-28T05:15:48.848+0000][1][safepoint    ] Safepoint "RevokeBias", Time since last: 21518 ns, Reaching safepoint: 32518 ns, At safepoint: 2615 ns, Total: 35133 ns
[2020-02-28T05:15:48.848+0000][1][safepoint    ] Safepoint "RevokeBias", Time since last: 20865 ns, Reaching safepoint: 84646 ns, At safepoint: 10384 ns, Total: 95030 ns
[2020-02-28T05:15:49.091+0000][1][gc           ] GC(28) Concurrent Mark 1488.982ms
[2020-02-28T05:15:49.091+0000][1][gc,cpu       ] GC(28) User=0.35s Sys=0.03s Real=1.49s
[2020-02-28T05:15:49.091+0000][1][gc           ] GC(28) Concurrent Preclean
[2020-02-28T05:15:49.122+0000][1][gc           ] GC(28) Concurrent Preclean 30.545ms
[2020-02-28T05:15:49.122+0000][1][gc,cpu       ] GC(28) User=0.01s Sys=0.00s Real=0.03s
[2020-02-28T05:15:49.122+0000][1][gc           ] GC(28) Concurrent Abortable Preclean
[2020-02-28T05:15:49.869+0000][1][safepoint    ] Safepoint "Cleanup", Time since last: 1007587828 ns, Reaching safepoint: 13027135 ns, At safepoint: 14190 ns, Total: 13041325 ns
[2020-02-28T05:15:49.976+0000][1][safepoint    ] Safepoint "RevokeBias", Time since last: 106769331 ns, Reaching safepoint: 61994 ns, At safepoint: 23611 ns, Total: 85605 ns
[2020-02-28T05:15:49.976+0000][1][safepoint    ] Safepoint "RevokeBias", Time since last: 431504 ns, Reaching safepoint: 24768 ns, At safepoint: 3048 ns, Total: 27816 ns
[2020-02-28T05:15:50.163+0000][1][safepoint    ] Safepoint "RevokeBias", Time since last: 187181859 ns, Reaching safepoint: 74379 ns, At safepoint: 6021 ns, Total: 80400 ns
[2020-02-28T05:15:50.221+0000][1][safepoint    ] Safepoint "RevokeBias", Time since last: 41271977 ns, Reaching safepoint: 15848348 ns, At safepoint: 8475 ns, Total: 15856823 ns
[2020-02-28T05:15:50.259+0000][1][safepoint    ] Safepoint "RevokeBias", Time since last: 3063253 ns, Reaching safepoint: 34879180 ns, At safepoint: 39154 ns, Total: 34918334 ns
[2020-02-28T05:15:50.316+0000][1][safepoint    ] Safepoint "CollectForMetadataAllocation", Time since last: 47385932 ns, Reaching safepoint: 9960282 ns, At safepoint: 151662 ns, Total: 10111944 ns
[2020-02-28T05:15:50.356+0000][1][safepoint    ] Safepoint "RevokeBias", Time since last: 40048977 ns, Reaching safepoint: 67547 ns, At safepoint: 6661 ns, Total: 74208 ns
[2020-02-28T05:15:50.523+0000][1][safepoint    ] Safepoint "RevokeBias", Time since last: 144458870 ns, Reaching safepoint: 21973673 ns, At safepoint: 8128 ns, Total: 21981801 ns
[2020-02-28T05:15:50.523+0000][1][safepoint    ] Safepoint "RevokeBias", Time since last: 733046 ns, Reaching safepoint: 47146 ns, At safepoint: 3293 ns, Total: 50439 ns
[2020-02-28T05:15:50.934+0000][1][safepoint    ] Safepoint "CollectForMetadataAllocation", Time since last: 409563072 ns, Reaching safepoint: 742824 ns, At safepoint: 242505 ns, Total: 985329 ns
[2020-02-28T05:15:51.364+0000][1][safepoint    ] Safepoint "RevokeBias", Time since last: 416030911 ns, Reaching safepoint: 13803381 ns, At safepoint: 18622 ns, Total: 13822003 ns
[2020-02-28T05:15:51.512+0000][1][safepoint    ] Safepoint "CollectForMetadataAllocation", Time since last: 146217377 ns, Reaching safepoint: 1940239 ns, At safepoint: 131988 ns, Total: 2072227 ns
[2020-02-28T05:15:51.515+0000][1][safepoint    ] Safepoint "RevokeBias", Time since last: 2494146 ns, Reaching safepoint: 47754 ns, At safepoint: 3976 ns, Total: 51730 ns
[2020-02-28T05:15:51.558+0000][1][safepoint    ] Safepoint "RevokeBias", Time since last: 43369862 ns, Reaching safepoint: 65698 ns, At safepoint: 5597 ns, Total: 71295 ns
[2020-02-28T05:15:51.618+0000][1][safepoint    ] Safepoint "RevokeBias", Time since last: 58196928 ns, Reaching safepoint: 1742903 ns, At safepoint: 7696 ns, Total: 1750599 ns
[2020-02-28T05:15:51.785+0000][1][safepoint    ] Safepoint "RevokeBias", Time since last: 166841912 ns, Reaching safepoint: 95673 ns, At safepoint: 6826 ns, Total: 102499 ns
[2020-02-28T05:15:52.151+0000][1][safepoint    ] Safepoint "RevokeBias", Time since last: 365966070 ns, Reaching safepoint: 128439 ns, At safepoint: 6942 ns, Total: 135381 ns
[2020-02-28T05:15:52.256+0000][1][safepoint    ] Safepoint "CollectForMetadataAllocation", Time since last: 104828932 ns, Reaching safepoint: 60128 ns, At safepoint: 149946 ns, Total: 210074 ns
[2020-02-28T05:15:52.308+0000][1][safepoint    ] Safepoint "RevokeBias", Time since last: 50218490 ns, Reaching safepoint: 1668434 ns, At safepoint: 30564 ns, Total: 1698998 ns
[2020-02-28T05:15:52.452+0000][1][safepoint    ] Safepoint "RevokeBias", Time since last: 141368661 ns, Reaching safepoint: 2424780 ns, At safepoint: 38742 ns, Total: 2463522 ns
[2020-02-28T05:15:53.098+0000][1][safepoint    ] Safepoint "CollectForMetadataAllocation", Time since last: 643815034 ns, Reaching safepoint: 1560790 ns, At safepoint: 507022 ns, Total: 2067812 ns
[2020-02-28T05:15:53.356+0000][1][safepoint    ] Safepoint "CollectForMetadataAllocation", Time since last: 257908403 ns, Reaching safepoint: 113031 ns, At safepoint: 143155 ns, Total: 256186 ns
[2020-02-28T05:15:53.370+0000][1][safepoint    ] Safepoint "CollectForMetadataAllocation", Time since last: 13959699 ns, Reaching safepoint: 171069 ns, At safepoint: 53684 ns, Total: 224753 ns
[2020-02-28T05:15:53.424+0000][1][safepoint    ] Safepoint "RevokeBias", Time since last: 54212036 ns, Reaching safepoint: 133732 ns, At safepoint: 7747 ns, Total: 141479 ns
[2020-02-28T05:15:53.521+0000][1][safepoint    ] Safepoint "RevokeBias", Time since last: 51127219 ns, Reaching safepoint: 45042186 ns, At safepoint: 59400 ns, Total: 45101586 ns
[2020-02-28T05:15:53.757+0000][1][safepoint    ] Safepoint "RevokeBias", Time since last: 235897252 ns, Reaching safepoint: 70411 ns, At safepoint: 13576 ns, Total: 83987 ns
[2020-02-28T05:15:53.912+0000][1][safepoint    ] Safepoint "CollectForMetadataAllocation", Time since last: 154983819 ns, Reaching safepoint: 166936 ns, At safepoint: 173538 ns, Total: 340474 ns
[2020-02-28T05:15:54.078+0000][1][safepoint    ] Safepoint "RevokeBias", Time since last: 166261224 ns, Reaching safepoint: 69885 ns, At safepoint: 14526 ns, Total: 84411 ns
[2020-02-28T05:15:54.078+0000][1][safepoint    ] Safepoint "RevokeBias", Time since last: 55003 ns, Reaching safepoint: 35955 ns, At safepoint: 25459 ns, Total: 61414 ns
[2020-02-28T05:15:54.214+0000][1][safepoint    ] Safepoint "RevokeBias", Time since last: 107265095 ns, Reaching safepoint: 27894929 ns, At safepoint: 52018 ns, Total: 27946947 ns
[2020-02-28T05:15:54.223+0000][1][safepoint    ] Safepoint "RevokeBias", Time since last: 72643 ns, Reaching safepoint: 8877157 ns, At safepoint: 111381 ns, Total: 8988538 ns
[2020-02-28T05:15:54.287+0000][1][gc           ] GC(28) Concurrent Abortable Preclean 5164.870ms
[2020-02-28T05:15:54.287+0000][1][gc,cpu       ] GC(28) User=1.27s Sys=0.07s Real=5.17s
[2020-02-28T05:15:54.287+0000][1][gc,start     ] GC(28) Pause Remark
[2020-02-28T05:15:54.447+0000][1][gc           ] GC(28) Pause Remark 109M->109M(1015M) 160.440ms
[2020-02-28T05:15:54.447+0000][1][gc,cpu       ] GC(28) User=0.04s Sys=0.00s Real=0.16s
[2020-02-28T05:15:54.447+0000][1][safepoint    ] Safepoint "CMS_Final_Remark", Time since last: 63887602 ns, Reaching safepoint: 60601 ns, At safepoint: 160541834 ns, Total: 160602435 ns
[2020-02-28T05:15:54.479+0000][1][gc           ] GC(28) Concurrent Sweep
[2020-02-28T05:15:54.871+0000][1][safepoint    ] Safepoint "CollectForMetadataAllocation", Time since last: 395258939 ns, Reaching safepoint: 28926347 ns, At safepoint: 19531 ns, Total: 28945878 ns
[2020-02-28T05:15:54.887+0000][1][safepoint    ] Safepoint "CollectForMetadataAllocation", Time since last: 3368130 ns, Reaching safepoint: 11938798 ns, At safepoint: 132421 ns, Total: 12071219 ns
[2020-02-28T05:15:54.906+0000][1][gc           ] GC(28) Concurrent Sweep 427.192ms
[2020-02-28T05:15:54.906+0000][1][gc,cpu       ] GC(28) User=0.11s Sys=0.01s Real=0.42s
[2020-02-28T05:15:54.906+0000][1][gc           ] GC(28) Concurrent Reset
[2020-02-28T05:15:54.931+0000][1][gc           ] GC(28) Concurrent Reset 24.936ms
[2020-02-28T05:15:54.931+0000][1][gc,cpu       ] GC(28) User=0.00s Sys=0.00s Real=0.03s
[2020-02-28T05:15:54.931+0000][1][gc,heap      ] GC(28) Old: 55008K->54511K(963392K)
[2020-02-28T05:15:55.896+0000][1][safepoint    ] Safepoint "Cleanup", Time since last: 1008554535 ns, Reaching safepoint: 172363 ns, At safepoint: 8049 ns, Total: 180412 ns
[2020-02-28T05:15:56.007+0000][1][safepoint    ] Safepoint "RevokeBias", Time since last: 103364434 ns, Reaching safepoint: 8071674 ns, At safepoint: 28043 ns, Total: 8099717 ns
[2020-02-28T05:15:57.009+0000][1][safepoint    ] Safepoint "Cleanup", Time since last: 1001698401 ns, Reaching safepoint: 80498 ns, At safepoint: 6473 ns, Total: 86971 ns
[2020-02-28T05:15:57.574+0000][1][safepoint    ] Safepoint "RevokeBias", Time since last: 564646353 ns, Reaching safepoint: 41606 ns, At safepoint: 6376 ns, Total: 47982 ns
[2020-02-28T05:15:57.612+0000][1][safepoint    ] Safepoint "RevokeBias", Time since last: 38494254 ns, Reaching safepoint: 53770 ns, At safepoint: 13651 ns, Total: 67421 ns
[2020-02-28T05:15:57.673+0000][1][safepoint    ] Safepoint "RevokeBias", Time since last: 60473952 ns, Reaching safepoint: 65646 ns, At safepoint: 14552 ns, Total: 80198 ns
[2020-02-28T05:15:57.759+0000][1][safepoint    ] Safepoint "RevokeBias", Time since last: 86372002 ns, Reaching safepoint: 40832 ns, At safepoint: 15777 ns, Total: 56609 ns
[2020-02-28T05:15:58.095+0000][1][safepoint    ] Safepoint "RevokeBias", Time since last: 335767717 ns, Reaching safepoint: 131820 ns, At safepoint: 15798 ns, Total: 147618 ns
[2020-02-28T05:15:58.095+0000][1][safepoint    ] Safepoint "RevokeBias", Time since last: 77189 ns, Reaching safepoint: 31780 ns, At safepoint: 9472 ns, Total: 41252 ns
[2020-02-28T05:15:58.516+0000][1][gc,start     ] GC(29) Pause Young (Allocation Failure)
[2020-02-28T05:15:58.516+0000][1][gc,task      ] GC(29) Using 1 workers of 1 for evacuation
[2020-02-28T05:16:00.399+0000][1][gc,age       ] GC(29) Desired survivor size 4358144 bytes, new threshold 6 (max threshold 6)
[2020-02-28T05:16:00.399+0000][1][gc,age       ] GC(29) Age table with threshold 6 (max threshold 6)
[2020-02-28T05:16:00.399+0000][1][gc,age       ] GC(29) - age   1:    1834472 bytes,    1834472 total
[2020-02-28T05:16:00.399+0000][1][gc,age       ] GC(29) - age   2:    2360448 bytes,    4194920 total
[2020-02-28T05:16:00.399+0000][1][gc,heap      ] GC(29) ParNew: 74713K->5975K(76672K)
[2020-02-28T05:16:00.399+0000][1][gc,heap      ] GC(29) CMS: 54511K->57854K(963392K)
[2020-02-28T05:16:00.399+0000][1][gc,metaspace ] GC(29) Metaspace: 76729K->76729K(1120256K)
[2020-02-28T05:16:00.399+0000][1][gc           ] GC(29) Pause Young (Allocation Failure) 126M->62M(1015M) 1883.741ms
[2020-02-28T05:16:00.399+0000][1][gc,cpu       ] GC(29) User=0.05s Sys=0.02s Real=1.89s
[2020-02-28T05:16:00.399+0000][1][safepoint    ] Safepoint "GenCollectForAllocation", Time since last: 420308970 ns, Reaching safepoint: 64322 ns, At safepoint: 1883802172 ns, Total: 1883866494 ns
[2020-02-28T05:16:00.437+0000][1][safepoint    ] Safepoint "RevokeBias", Time since last: 29292068 ns, Reaching safepoint: 8375787 ns, At safepoint: 27343 ns, Total: 8403130 ns
[2020-02-28T05:16:00.440+0000][1][safepoint    ] Safepoint "RevokeBias", Time since last: 471530 ns, Reaching safepoint: 2371142 ns, At safepoint: 20706 ns, Total: 2391848 ns
[2020-02-28T05:16:00.441+0000][1][safepoint    ] Safepoint "RevokeBias", Time since last: 480638 ns, Reaching safepoint: 157477 ns, At safepoint: 17353 ns, Total: 174830 ns
[2020-02-28T05:16:00.445+0000][1][safepoint    ] Safepoint "RevokeBias", Time since last: 197548 ns, Reaching safepoint: 3957733 ns, At safepoint: 12835 ns, Total: 3970568 ns
[2020-02-28T05:16:00.447+0000][1][safepoint    ] Safepoint "RevokeBias", Time since last: 37212 ns, Reaching safepoint: 2400279 ns, At safepoint: 17383 ns, Total: 2417662 ns
[2020-02-28T05:16:00.665+0000][1][safepoint    ] Safepoint "Deoptimize", Time since last: 217004025 ns, Reaching safepoint: 44406 ns, At safepoint: 471978 ns, Total: 516384 ns
[2020-02-28T05:16:00.691+0000][1][safepoint    ] Safepoint "Deoptimize", Time since last: 25279640 ns, Reaching safepoint: 40497 ns, At safepoint: 1223878 ns, Total: 1264375 ns
[2020-02-28T05:16:01.693+0000][1][safepoint    ] Safepoint "Cleanup", Time since last: 1001772550 ns, Reaching safepoint: 89274 ns, At safepoint: 6779 ns, Total: 96053 ns
[2020-02-28T05:16:02.703+0000][1][safepoint    ] Safepoint "Cleanup", Time since last: 1009743295 ns, Reaching safepoint: 75783 ns, At safepoint: 7157 ns, Total: 82940 ns
[2020-02-28T05:16:02.761+0000][1][safepoint    ] Safepoint "RevokeBias", Time since last: 58552026 ns, Reaching safepoint: 37760 ns, At safepoint: 6807 ns, Total: 44567 ns
[2020-02-28T05:16:02.974+0000][1][safepoint    ] Safepoint "RevokeBias", Time since last: 212238027 ns, Reaching safepoint: 51077 ns, At safepoint: 16464 ns, Total: 67541 ns
[2020-02-28T05:16:03.977+0000][1][safepoint    ] Safepoint "Cleanup", Time since last: 1002851476 ns, Reaching safepoint: 74118 ns, At safepoint: 7278 ns, Total: 81396 ns
[2020-02-28T05:16:04.982+0000][1][safepoint    ] Safepoint "Cleanup", Time since last: 1004910499 ns, Reaching safepoint: 67661 ns, At safepoint: 7706 ns, Total: 75367 ns
[2020-02-28T05:16:05.511+0000][1][safepoint    ] Safepoint "RevokeBias", Time since last: 523277033 ns, Reaching safepoint: 5965329 ns, At safepoint: 27168 ns, Total: 5992497 ns
[2020-02-28T05:16:06.512+0000][1][safepoint    ] Safepoint "Cleanup", Time since last: 1000579311 ns, Reaching safepoint: 77952 ns, At safepoint: 7826 ns, Total: 85778 ns
[2020-02-28T05:16:07.518+0000][1][safepoint    ] Safepoint "Cleanup", Time since last: 1006148677 ns, Reaching safepoint: 116807 ns, At safepoint: 7831 ns, Total: 124638 ns
[2020-02-28T05:16:08.027+0000][1][safepoint    ] Safepoint "RevokeBias", Time since last: 508734944 ns, Reaching safepoint: 436115 ns, At safepoint: 18462 ns, Total: 454577 ns
[2020-02-28T05:16:09.038+0000][1][safepoint    ] Safepoint "Cleanup", Time since last: 1010689567 ns, Reaching safepoint: 68689 ns, At safepoint: 7298 ns, Total: 75987 ns
[2020-02-28T05:16:10.046+0000][1][safepoint    ] Safepoint "Cleanup", Time since last: 1008019111 ns, Reaching safepoint: 69696 ns, At safepoint: 6624 ns, Total: 76320 ns
[2020-02-28T05:16:10.554+0000][1][safepoint    ] Safepoint "RevokeBias", Time since last: 508135410 ns, Reaching safepoint: 47052 ns, At safepoint: 16309 ns, Total: 63361 ns
[2020-02-28T05:16:11.556+0000][1][safepoint    ] Safepoint "Cleanup", Time since last: 1001425357 ns, Reaching safepoint: 71441 ns, At safepoint: 7203 ns, Total: 78644 ns
[2020-02-28T05:16:12.564+0000][1][safepoint    ] Safepoint "Cleanup", Time since last: 1007751011 ns, Reaching safepoint: 68478 ns, At safepoint: 7721 ns, Total: 76199 ns
[2020-02-28T05:16:13.069+0000][1][safepoint    ] Safepoint "RevokeBias", Time since last: 505117522 ns, Reaching safepoint: 42660 ns, At safepoint: 15663 ns, Total: 58323 ns
[2020-02-28T05:16:14.069+0000][1][safepoint    ] Safepoint "Cleanup", Time since last: 1000188919 ns, Reaching safepoint: 76202 ns, At safepoint: 8087 ns, Total: 84289 ns
[2020-02-28T05:16:15.069+0000][1][safepoint    ] Safepoint "Cleanup", Time since last: 1000303927 ns, Reaching safepoint: 74778 ns, At safepoint: 6802 ns, Total: 81580 ns
[2020-02-28T05:16:15.589+0000][1][safepoint    ] Safepoint "RevokeBias", Time since last: 519696338 ns, Reaching safepoint: 62208 ns, At safepoint: 16366 ns, Total: 78574 ns
[2020-02-28T05:16:16.590+0000][1][safepoint    ] Safepoint "Cleanup", Time since last: 1000467028 ns, Reaching safepoint: 70939 ns, At safepoint: 7744 ns, Total: 78683 ns
[2020-02-28T05:16:17.592+0000][1][safepoint    ] Safepoint "Cleanup", Time since last: 1001897623 ns, Reaching safepoint: 153014 ns, At safepoint: 7207 ns, Total: 160221 ns
[2020-02-28T05:16:18.126+0000][1][safepoint    ] Safepoint "RevokeBias", Time since last: 534600012 ns, Reaching safepoint: 65396 ns, At safepoint: 16694 ns, Total: 82090 ns
[2020-02-28T05:16:19.127+0000][1][safepoint    ] Safepoint "Cleanup", Time since last: 1000422287 ns, Reaching safepoint: 69731 ns, At safepoint: 7877 ns, Total: 77608 ns
[2020-02-28T05:16:20.134+0000][1][safepoint    ] Safepoint "Cleanup", Time since last: 1007433498 ns, Reaching safepoint: 46799 ns, At safepoint: 6211 ns, Total: 53010 ns
[2020-02-28T05:16:20.641+0000][1][safepoint    ] Safepoint "RevokeBias", Time since last: 506257127 ns, Reaching safepoint: 60364 ns, At safepoint: 16925 ns, Total: 77289 ns
[2020-02-28T05:16:21.644+0000][1][safepoint    ] Safepoint "Cleanup", Time since last: 1003124090 ns, Reaching safepoint: 68909 ns, At safepoint: 7150 ns, Total: 76059 ns
[2020-02-28T05:16:22.645+0000][1][safepoint    ] Safepoint "Cleanup", Time since last: 1000711320 ns, Reaching safepoint: 69288 ns, At safepoint: 6948 ns, Total: 76236 ns
[2020-02-28T05:16:23.049+0000][1][safepoint    ] Safepoint "RevokeBias", Time since last: 404406417 ns, Reaching safepoint: 163562 ns, At safepoint: 53359 ns, Total: 216921 ns
[2020-02-28T05:16:23.070+0000][1][safepoint    ] Safepoint "RevokeBias", Time since last: 21031916 ns, Reaching safepoint: 90316 ns, At safepoint: 17319 ns, Total: 107635 ns
[2020-02-28T05:16:23.071+0000][1][safepoint    ] Safepoint "RevokeBias", Time since last: 690799 ns, Reaching safepoint: 73460 ns, At safepoint: 12058 ns, Total: 85518 ns
[2020-02-28T05:16:23.072+0000][1][safepoint    ] Safepoint "RevokeBias", Time since last: 353977 ns, Reaching safepoint: 44187 ns, At safepoint: 42436 ns, Total: 86623 ns
[2020-02-28T05:16:23.160+0000][1][safepoint    ] Safepoint "RevokeBias", Time since last: 87924974 ns, Reaching safepoint: 152012 ns, At safepoint: 118569 ns, Total: 270581 ns
[2020-02-28T05:16:24.163+0000][1][safepoint    ] Safepoint "Cleanup", Time since last: 1003378676 ns, Reaching safepoint: 168511 ns, At safepoint: 24370 ns, Total: 192881 ns
[2020-02-28T05:16:25.164+0000][1][safepoint    ] Safepoint "Cleanup", Time since last: 1000633884 ns, Reaching safepoint: 72518 ns, At safepoint: 6961 ns, Total: 79479 ns
[2020-02-28T05:16:25.833+0000][1][safepoint    ] Safepoint "RevokeBias", Time since last: 668686836 ns, Reaching safepoint: 114436 ns, At safepoint: 20250 ns, Total: 134686 ns
[2020-02-28T05:16:26.834+0000][1][safepoint    ] Safepoint "Cleanup", Time since last: 1000556446 ns, Reaching safepoint: 79395 ns, At safepoint: 8346 ns, Total: 87741 ns
[2020-02-28T05:16:27.840+0000][1][safepoint    ] Safepoint "Cleanup", Time since last: 1006149965 ns, Reaching safepoint: 76252 ns, At safepoint: 7175 ns, Total: 83427 ns
[2020-02-28T05:16:28.376+0000][1][safepoint    ] Safepoint "BulkRevokeBias", Time since last: 535482439 ns, Reaching safepoint: 64131 ns, At safepoint: 169553 ns, Total: 233684 ns
[2020-02-28T05:16:29.376+0000][1][safepoint    ] Safepoint "Cleanup", Time since last: 1000764683 ns, Reaching safepoint: 88775 ns, At safepoint: 7940 ns, Total: 96715 ns
[2020-02-28T05:16:30.385+0000][1][safepoint    ] Safepoint "Cleanup", Time since last: 1007902638 ns, Reaching safepoint: 130536 ns, At safepoint: 26138 ns, Total: 156674 ns
[2020-02-28T05:16:30.889+0000][1][safepoint    ] Safepoint "RevokeBias", Time since last: 504503662 ns, Reaching safepoint: 62902 ns, At safepoint: 17095 ns, Total: 79997 ns
[2020-02-28T05:16:31.893+0000][1][safepoint    ] Safepoint "Cleanup", Time since last: 1003839892 ns, Reaching safepoint: 260507 ns, At safepoint: 29395 ns, Total: 289902 ns
[2020-02-28T05:16:32.894+0000][1][safepoint    ] Safepoint "Cleanup", Time since last: 1000762817 ns, Reaching safepoint: 91120 ns, At safepoint: 7143 ns, Total: 98263 ns
[2020-02-28T05:16:33.533+0000][1][safepoint    ] Safepoint "RevokeBias", Time since last: 509007814 ns, Reaching safepoint: 129530663 ns, At safepoint: 122078 ns, Total: 129652741 ns
[2020-02-28T05:16:34.538+0000][1][safepoint    ] Safepoint "Cleanup", Time since last: 1005650083 ns, Reaching safepoint: 55757 ns, At safepoint: 7149 ns, Total: 62906 ns
[2020-02-28T05:16:35.539+0000][1][safepoint    ] Safepoint "Cleanup", Time since last: 1000867714 ns, Reaching safepoint: 83318 ns, At safepoint: 8720 ns, Total: 92038 ns
[2020-02-28T05:16:35.925+0000][1][safepoint    ] Safepoint "RevokeBias", Time since last: 384959362 ns, Reaching safepoint: 157488 ns, At safepoint: 46644 ns, Total: 204132 ns
[2020-02-28T05:16:36.931+0000][1][safepoint    ] Safepoint "Cleanup", Time since last: 1005818693 ns, Reaching safepoint: 140924 ns, At safepoint: 8299 ns, Total: 149223 ns
[2020-02-28T05:16:37.935+0000][1][safepoint    ] Safepoint "Cleanup", Time since last: 1004330077 ns, Reaching safepoint: 155405 ns, At safepoint: 7497 ns, Total: 162902 ns
[2020-02-28T05:16:38.464+0000][1][safepoint    ] Safepoint "RevokeBias", Time since last: 529111942 ns, Reaching safepoint: 62546 ns, At safepoint: 17277 ns, Total: 79823 ns
[2020-02-28T05:16:39.430+0000][1][safepoint    ] Safepoint "RevokeBias", Time since last: 966082864 ns, Reaching safepoint: 80873 ns, At safepoint: 14880 ns, Total: 95753 ns
[2020-02-28T05:16:39.431+0000][1][safepoint    ] Safepoint "RevokeBias", Time since last: 240639 ns, Reaching safepoint: 37728 ns, At safepoint: 10729 ns, Total: 48457 ns
[2020-02-28T05:16:40.440+0000][1][safepoint    ] Safepoint "Cleanup", Time since last: 1009149235 ns, Reaching safepoint: 77363 ns, At safepoint: 7518 ns, Total: 84881 ns
[2020-02-28T05:16:40.985+0000][1][safepoint    ] Safepoint "RevokeBias", Time since last: 544900777 ns, Reaching safepoint: 69129 ns, At safepoint: 19996 ns, Total: 89125 ns
[2020-02-28T05:16:41.989+0000][1][safepoint    ] Safepoint "Cleanup", Time since last: 1003996934 ns, Reaching safepoint: 115243 ns, At safepoint: 33749 ns, Total: 148992 ns
[2020-02-28T05:16:42.992+0000][1][safepoint    ] Safepoint "Cleanup", Time since last: 1002777876 ns, Reaching safepoint: 75333 ns, At safepoint: 7800 ns, Total: 83133 ns
[2020-02-28T05:16:43.498+0000][1][safepoint    ] Safepoint "RevokeBias", Time since last: 506368933 ns, Reaching safepoint: 61984 ns, At safepoint: 18162 ns, Total: 80146 ns
[2020-02-28T05:16:43.888+0000][1][safepoint    ] Safepoint "RevokeBias", Time since last: 389808451 ns, Reaching safepoint: 60976 ns, At safepoint: 18686 ns, Total: 79662 ns
[2020-02-28T05:16:43.888+0000][1][safepoint    ] Safepoint "RevokeBias", Time since last: 116812 ns, Reaching safepoint: 40572 ns, At safepoint: 13890 ns, Total: 54462 ns
[2020-02-28T05:16:44.934+0000][1][safepoint    ] Safepoint "Cleanup", Time since last: 1045363958 ns, Reaching safepoint: 94978 ns, At safepoint: 8201 ns, Total: 103179 ns
[2020-02-28T05:16:45.935+0000][1][safepoint    ] Safepoint "Cleanup", Time since last: 1000887643 ns, Reaching safepoint: 76107 ns, At safepoint: 6491 ns, Total: 82598 ns
[2020-02-28T05:16:46.021+0000][1][safepoint    ] Safepoint "RevokeBias", Time since last: 85554552 ns, Reaching safepoint: 65093 ns, At safepoint: 19459 ns, Total: 84552 ns
[2020-02-28T05:16:47.021+0000][1][safepoint    ] Safepoint "Cleanup", Time since last: 1000301840 ns, Reaching safepoint: 84552 ns, At safepoint: 8815 ns, Total: 93367 ns
[2020-02-28T05:16:48.023+0000][1][safepoint    ] Safepoint "Cleanup", Time since last: 1002175662 ns, Reaching safepoint: 74249 ns, At safepoint: 6743 ns, Total: 80992 ns
[2020-02-28T05:16:48.531+0000][1][safepoint    ] Safepoint "RevokeBias", Time since last: 508064597 ns, Reaching safepoint: 75048 ns, At safepoint: 20662 ns, Total: 95710 ns
[2020-02-28T05:16:49.533+0000][1][safepoint    ] Safepoint "Cleanup", Time since last: 1001364743 ns, Reaching safepoint: 115855 ns, At safepoint: 24596 ns, Total: 140451 ns
[2020-02-28T05:16:50.540+0000][1][safepoint    ] Safepoint "Cleanup", Time since last: 1007255968 ns, Reaching safepoint: 74195 ns, At safepoint: 6021 ns, Total: 80216 ns
[2020-02-28T05:16:51.055+0000][1][safepoint    ] Safepoint "RevokeBias", Time since last: 514441064 ns, Reaching safepoint: 69381 ns, At safepoint: 17892 ns, Total: 87273 ns
[2020-02-28T05:16:51.352+0000][1][safepoint    ] Safepoint "RevokeBias", Time since last: 296913422 ns, Reaching safepoint: 77762 ns, At safepoint: 13338 ns, Total: 91100 ns
[2020-02-28T05:16:51.352+0000][1][safepoint    ] Safepoint "RevokeBias", Time since last: 588997 ns, Reaching safepoint: 86402 ns, At safepoint: 12420 ns, Total: 98822 ns
[2020-02-28T05:16:52.361+0000][1][safepoint    ] Safepoint "Cleanup", Time since last: 1008236165 ns, Reaching safepoint: 108064 ns, At safepoint: 8183 ns, Total: 116247 ns
[2020-02-28T05:16:53.362+0000][1][safepoint    ] Safepoint "Cleanup", Time since last: 1000811392 ns, Reaching safepoint: 86160 ns, At safepoint: 8610 ns, Total: 94770 ns
[2020-02-28T05:16:53.568+0000][1][safepoint    ] Safepoint "RevokeBias", Time since last: 205915707 ns, Reaching safepoint: 64691 ns, At safepoint: 18011 ns, Total: 82702 ns
[2020-02-28T05:16:54.571+0000][1][safepoint    ] Safepoint "Cleanup", Time since last: 1003284151 ns, Reaching safepoint: 139253 ns, At safepoint: 7260 ns, Total: 146513 ns
[2020-02-28T05:16:55.571+0000][1][safepoint    ] Safepoint "Cleanup", Time since last: 1000235788 ns, Reaching safepoint: 83072 ns, At safepoint: 7233 ns, Total: 90305 ns
[2020-02-28T05:16:56.128+0000][1][safepoint    ] Safepoint "RevokeBias", Time since last: 555993576 ns, Reaching safepoint: 175687 ns, At safepoint: 59794 ns, Total: 235481 ns
[2020-02-28T05:16:57.136+0000][1][safepoint    ] Safepoint "Cleanup", Time since last: 1007976886 ns, Reaching safepoint: 56341 ns, At safepoint: 6600 ns, Total: 62941 ns
[2020-02-28T05:16:58.195+0000][1][safepoint    ] Safepoint "Cleanup", Time since last: 1059162488 ns, Reaching safepoint: 96828 ns, At safepoint: 8117 ns, Total: 104945 ns
[2020-02-28T05:16:58.691+0000][1][safepoint    ] Safepoint "RevokeBias", Time since last: 496319378 ns, Reaching safepoint: 80720 ns, At safepoint: 25515 ns, Total: 106235 ns
[2020-02-28T05:16:59.695+0000][1][safepoint    ] Safepoint "Cleanup", Time since last: 1003069487 ns, Reaching safepoint: 66388 ns, At safepoint: 5215 ns, Total: 71603 ns
[2020-02-28T05:17:00.696+0000][1][safepoint    ] Safepoint "Cleanup", Time since last: 1001038083 ns, Reaching safepoint: 77044 ns, At safepoint: 6805 ns, Total: 83849 ns
[2020-02-28T05:17:01.577+0000][1][safepoint    ] Safepoint "RevokeBias", Time since last: 881137195 ns, Reaching safepoint: 66855 ns, At safepoint: 20125 ns, Total: 86980 ns
[2020-02-28T05:17:02.579+0000][1][safepoint    ] Safepoint "Cleanup", Time since last: 1001726931 ns, Reaching safepoint: 76430 ns, At safepoint: 6814 ns, Total: 83244 ns
[2020-02-28T05:17:03.582+0000][1][safepoint    ] Safepoint "Cleanup", Time since last: 1002715621 ns, Reaching safepoint: 117754 ns, At safepoint: 27984 ns, Total: 145738 ns
[2020-02-28T05:17:04.107+0000][1][safepoint    ] Safepoint "RevokeBias", Time since last: 525473017 ns, Reaching safepoint: 94897 ns, At safepoint: 18836 ns, Total: 113733 ns
[2020-02-28T05:17:05.115+0000][1][safepoint    ] Safepoint "Cleanup", Time since last: 1007323636 ns, Reaching safepoint: 78360 ns, At safepoint: 6742 ns, Total: 85102 ns
[2020-02-28T05:17:06.123+0000][1][safepoint    ] Safepoint "Cleanup", Time since last: 1000230619 ns, Reaching safepoint: 8719935 ns, At safepoint: 9774 ns, Total: 8729709 ns
[2020-02-28T05:17:06.713+0000][1][safepoint    ] Safepoint "RevokeBias", Time since last: 557613517 ns, Reaching safepoint: 31670400 ns, At safepoint: 251910 ns, Total: 31922310 ns
[2020-02-28T05:17:07.713+0000][1][safepoint    ] Safepoint "Cleanup", Time since last: 1000338561 ns, Reaching safepoint: 89087 ns, At safepoint: 8804 ns, Total: 97891 ns
[2020-02-28T05:17:08.722+0000][1][safepoint    ] Safepoint "Cleanup", Time since last: 1008444016 ns, Reaching safepoint: 96488 ns, At safepoint: 7114 ns, Total: 103602 ns
[2020-02-28T05:17:09.194+0000][1][safepoint    ] Safepoint "RevokeBias", Time since last: 471803100 ns, Reaching safepoint: 67213 ns, At safepoint: 37586 ns, Total: 104799 ns
[2020-02-28T05:17:10.197+0000][1][safepoint    ] Safepoint "Cleanup", Time since last: 1003046988 ns, Reaching safepoint: 76466 ns, At safepoint: 8199 ns, Total: 84665 ns
[2020-02-28T05:17:11.198+0000][1][safepoint    ] Safepoint "Cleanup", Time since last: 1000756134 ns, Reaching safepoint: 80423 ns, At safepoint: 7338 ns, Total: 87761 ns
[2020-02-28T05:17:11.821+0000][1][safepoint    ] Safepoint "RevokeBias", Time since last: 623432238 ns, Reaching safepoint: 67736 ns, At safepoint: 19617 ns, Total: 87353 ns
[2020-02-28T05:17:12.996+0000][1][safepoint    ] Safepoint "Cleanup", Time since last: 1004457955 ns, Reaching safepoint: 169741547 ns, At safepoint: 11297 ns, Total: 169752844 ns
[2020-02-28T05:17:14.014+0000][1][safepoint    ] Safepoint "Cleanup", Time since last: 1000599809 ns, Reaching safepoint: 17736009 ns, At safepoint: 14260 ns, Total: 17750269 ns
[2020-02-28T05:17:14.557+0000][1][safepoint    ] Safepoint "RevokeBias", Time since last: 542446586 ns, Reaching safepoint: 71071 ns, At safepoint: 21225 ns, Total: 92296 ns
[2020-02-28T05:17:15.558+0000][1][safepoint    ] Safepoint "Cleanup", Time since last: 1001221425 ns, Reaching safepoint: 83304 ns, At safepoint: 7550 ns, Total: 90854 ns
[2020-02-28T05:17:16.558+0000][1][safepoint    ] Safepoint "Cleanup", Time since last: 1000339329 ns, Reaching safepoint: 93112 ns, At safepoint: 9324 ns, Total: 102436 ns
[2020-02-28T05:17:17.616+0000][1][safepoint    ] Safepoint "RevokeBias", Time since last: 516207722 ns, Reaching safepoint: 541256321 ns, At safepoint: 30483 ns, Total: 541286804 ns
[2020-02-28T05:17:18.616+0000][1][safepoint    ] Safepoint "Cleanup", Time since last: 1000461752 ns, Reaching safepoint: 113554 ns, At safepoint: 8030 ns, Total: 121584 ns
[2020-02-28T05:17:19.593+0000][1][safepoint    ] Safepoint "RevokeBias", Time since last: 976261864 ns, Reaching safepoint: 151686 ns, At safepoint: 21716 ns, Total: 173402 ns
[2020-02-28T05:17:20.596+0000][1][safepoint    ] Safepoint "Cleanup", Time since last: 1003397340 ns, Reaching safepoint: 242605 ns, At safepoint: 29882 ns, Total: 272487 ns
[2020-02-28T05:17:21.597+0000][1][safepoint    ] Safepoint "Cleanup", Time since last: 1000908971 ns, Reaching safepoint: 115301 ns, At safepoint: 7227 ns, Total: 122528 ns
[2020-02-28T05:17:22.106+0000][1][safepoint    ] Safepoint "RevokeBias", Time since last: 508270132 ns, Reaching safepoint: 47407 ns, At safepoint: 16650 ns, Total: 64057 ns
[2020-02-28T05:17:23.107+0000][1][safepoint    ] Safepoint "Cleanup", Time since last: 1001134552 ns, Reaching safepoint: 97091 ns, At safepoint: 6744 ns, Total: 103835 ns
[2020-02-28T05:17:24.109+0000][1][safepoint    ] Safepoint "Cleanup", Time since last: 1001887388 ns, Reaching safepoint: 82848 ns, At safepoint: 7908 ns, Total: 90756 ns
[2020-02-28T05:17:24.710+0000][1][safepoint    ] Safepoint "RevokeBias", Time since last: 600810779 ns, Reaching safepoint: 51443 ns, At safepoint: 19980 ns, Total: 71423 ns
[2020-02-28T05:17:25.715+0000][1][safepoint    ] Safepoint "Cleanup", Time since last: 1005101077 ns, Reaching safepoint: 80235 ns, At safepoint: 7848 ns, Total: 88083 ns
[2020-02-28T05:17:26.719+0000][1][safepoint    ] Safepoint "Cleanup", Time since last: 1003405081 ns, Reaching safepoint: 79738 ns, At safepoint: 7231 ns, Total: 86969 ns
[2020-02-28T05:17:27.225+0000][1][safepoint    ] Safepoint "RevokeBias", Time since last: 506716799 ns, Reaching safepoint: 130410 ns, At safepoint: 20975 ns, Total: 151385 ns
[2020-02-28T05:17:28.227+0000][1][safepoint    ] Safepoint "Cleanup", Time since last: 1001366434 ns, Reaching safepoint: 78060 ns, At safepoint: 6675 ns, Total: 84735 ns
[2020-02-28T05:17:29.230+0000][1][safepoint    ] Safepoint "Cleanup", Time since last: 1002982975 ns, Reaching safepoint: 78926 ns, At safepoint: 6834 ns, Total: 85760 ns
[2020-02-28T05:17:29.741+0000][1][safepoint    ] Safepoint "RevokeBias", Time since last: 510705927 ns, Reaching safepoint: 96892 ns, At safepoint: 20117 ns, Total: 117009 ns
[2020-02-28T05:17:30.742+0000][1][safepoint    ] Safepoint "Cleanup", Time since last: 1001034288 ns, Reaching safepoint: 64741 ns, At safepoint: 6937 ns, Total: 71678 ns
[2020-02-28T05:17:31.744+0000][1][safepoint    ] Safepoint "Cleanup", Time since last: 1001699812 ns, Reaching safepoint: 103726 ns, At safepoint: 6879 ns, Total: 110605 ns
[2020-02-28T05:17:32.436+0000][1][safepoint    ] Safepoint "RevokeBias", Time since last: 606323049 ns, Reaching safepoint: 85750615 ns, At safepoint: 28374 ns, Total: 85778989 ns
[2020-02-28T05:17:33.701+0000][1][safepoint    ] Safepoint "Cleanup", Time since last: 1264902867 ns, Reaching safepoint: 122699 ns, At safepoint: 7699 ns, Total: 130398 ns
[2020-02-28T05:17:34.702+0000][1][safepoint    ] Safepoint "Cleanup", Time since last: 1001095875 ns, Reaching safepoint: 80118 ns, At safepoint: 6507 ns, Total: 86625 ns
[2020-02-28T05:17:35.017+0000][1][safepoint    ] Safepoint "RevokeBias", Time since last: 314536149 ns, Reaching safepoint: 65273 ns, At safepoint: 18725 ns, Total: 83998 ns
[2020-02-28T05:17:36.021+0000][1][safepoint    ] Safepoint "Cleanup", Time since last: 1004369973 ns, Reaching safepoint: 123484 ns, At safepoint: 7370 ns, Total: 130854 ns
[2020-02-28T05:17:37.022+0000][1][safepoint    ] Safepoint "Cleanup", Time since last: 1000300549 ns, Reaching safepoint: 78363 ns, At safepoint: 6835 ns, Total: 85198 ns
[2020-02-28T05:17:37.614+0000][1][safepoint    ] Safepoint "RevokeBias", Time since last: 592216360 ns, Reaching safepoint: 68715 ns, At safepoint: 18164 ns, Total: 86879 ns
[2020-02-28T05:17:38.615+0000][1][safepoint    ] Safepoint "Cleanup", Time since last: 1000769735 ns, Reaching safepoint: 83346 ns, At safepoint: 6940 ns, Total: 90286 ns
[2020-02-28T05:17:39.616+0000][1][safepoint    ] Safepoint "Cleanup", Time since last: 1001040235 ns, Reaching safepoint: 98363 ns, At safepoint: 6627 ns, Total: 104990 ns
[2020-02-28T05:17:40.331+0000][1][safepoint    ] Safepoint "RevokeBias", Time since last: 711117605 ns, Reaching safepoint: 3803024 ns, At safepoint: 26834 ns, Total: 3829858 ns
[2020-02-28T05:17:41.333+0000][1][safepoint    ] Safepoint "Cleanup", Time since last: 1002243512 ns, Reaching safepoint: 78179 ns, At safepoint: 7253 ns, Total: 85432 ns
[2020-02-28T05:17:42.335+0000][1][safepoint    ] Safepoint "Cleanup", Time since last: 1001714035 ns, Reaching safepoint: 84107 ns, At safepoint: 7710 ns, Total: 91817 ns
[2020-02-28T05:17:42.901+0000][1][safepoint    ] Safepoint "BulkRevokeBias", Time since last: 565424651 ns, Reaching safepoint: 67997 ns, At safepoint: 325743 ns, Total: 393740 ns
[2020-02-28T05:17:43.901+0000][1][safepoint    ] Safepoint "Cleanup", Time since last: 1000630809 ns, Reaching safepoint: 95153 ns, At safepoint: 7480 ns, Total: 102633 ns
[2020-02-28T05:17:44.905+0000][1][safepoint    ] Safepoint "Cleanup", Time since last: 1003556858 ns, Reaching safepoint: 77416 ns, At safepoint: 7098 ns, Total: 84514 ns
[2020-02-28T05:17:45.420+0000][1][safepoint    ] Safepoint "RevokeBias", Time since last: 514806799 ns, Reaching safepoint: 66131 ns, At safepoint: 19274 ns, Total: 85405 ns
[2020-02-28T05:17:46.421+0000][1][safepoint    ] Safepoint "Cleanup", Time since last: 1000492663 ns, Reaching safepoint: 97364 ns, At safepoint: 7626 ns, Total: 104990 ns
[2020-02-28T05:17:47.425+0000][1][safepoint    ] Safepoint "Cleanup", Time since last: 1003865630 ns, Reaching safepoint: 78775 ns, At safepoint: 6514 ns, Total: 85289 ns
[2020-02-28T05:17:48.287+0000][1][safepoint    ] Safepoint "RevokeBias", Time since last: 861893647 ns, Reaching safepoint: 58528 ns, At safepoint: 46284 ns, Total: 104812 ns
[2020-02-28T05:17:49.403+0000][1][safepoint    ] Safepoint "Cleanup", Time since last: 1000826742 ns, Reaching safepoint: 115153366 ns, At safepoint: 12066 ns, Total: 115165432 ns
[2020-02-28T05:17:50.407+0000][1][safepoint    ] Safepoint "Cleanup", Time since last: 1004470546 ns, Reaching safepoint: 84856 ns, At safepoint: 6751 ns, Total: 91607 ns
[2020-02-28T05:17:50.806+0000][1][safepoint    ] Safepoint "RevokeBias", Time since last: 398493784 ns, Reaching safepoint: 67030 ns, At safepoint: 18580 ns, Total: 85610 ns
[2020-02-28T05:17:51.807+0000][1][safepoint    ] Safepoint "Cleanup", Time since last: 1000842677 ns, Reaching safepoint: 117320 ns, At safepoint: 7755 ns, Total: 125075 ns
[2020-02-28T05:17:52.810+0000][1][safepoint    ] Safepoint "Cleanup", Time since last: 1002899583 ns, Reaching safepoint: 65423 ns, At safepoint: 6521 ns, Total: 71944 ns
[2020-02-28T05:17:53.344+0000][1][safepoint    ] Safepoint "RevokeBias", Time since last: 511280323 ns, Reaching safepoint: 22947162 ns, At safepoint: 30165 ns, Total: 22977327 ns
[2020-02-28T05:17:54.346+0000][1][safepoint    ] Safepoint "Cleanup", Time since last: 1001559222 ns, Reaching safepoint: 224117 ns, At safepoint: 9991 ns, Total: 234108 ns
[2020-02-28T05:17:55.350+0000][1][safepoint    ] Safepoint "Cleanup", Time since last: 1004045987 ns, Reaching safepoint: 75569 ns, At safepoint: 5764 ns, Total: 81333 ns
[2020-02-28T05:17:56.321+0000][1][safepoint    ] Safepoint "RevokeBias", Time since last: 971525563 ns, Reaching safepoint: 66899 ns, At safepoint: 45484 ns, Total: 112383 ns
[2020-02-28T05:17:57.326+0000][1][safepoint    ] Safepoint "Cleanup", Time since last: 1004116905 ns, Reaching safepoint: 83741 ns, At safepoint: 7621 ns, Total: 91362 ns
[2020-02-28T05:17:58.327+0000][1][safepoint    ] Safepoint "Cleanup", Time since last: 1001261441 ns, Reaching safepoint: 164871 ns, At safepoint: 10816 ns, Total: 175687 ns
[2020-02-28T05:17:58.842+0000][1][safepoint    ] Safepoint "RevokeBias", Time since last: 514410600 ns, Reaching safepoint: 50279 ns, At safepoint: 20953 ns, Total: 71232 ns
[2020-02-28T05:17:59.843+0000][1][safepoint    ] Safepoint "Cleanup", Time since last: 1001013902 ns, Reaching safepoint: 80342 ns, At safepoint: 6638 ns, Total: 86980 ns
[2020-02-28T05:18:00.843+0000][1][safepoint    ] Safepoint "Cleanup", Time since last: 1000529455 ns, Reaching safepoint: 80860 ns, At safepoint: 7167 ns, Total: 88027 ns
[2020-02-28T05:18:01.513+0000][1][safepoint    ] Safepoint "RevokeBias", Time since last: 669165070 ns, Reaching safepoint: 87168 ns, At safepoint: 87220 ns, Total: 174388 ns
[2020-02-28T05:18:02.705+0000][1][safepoint    ] Safepoint "Cleanup", Time since last: 1000953620 ns, Reaching safepoint: 191228887 ns, At safepoint: 12867 ns, Total: 191241754 ns
[2020-02-28T05:18:03.706+0000][1][safepoint    ] Safepoint "Cleanup", Time since last: 1000562832 ns, Reaching safepoint: 163901 ns, At safepoint: 25975 ns, Total: 189876 ns
[2020-02-28T05:18:04.173+0000][1][gc,start     ] GC(30) Pause Young (Allocation Failure)
[2020-02-28T05:18:04.245+0000][1][gc,task      ] GC(30) Using 1 workers of 1 for evacuation
[2020-02-28T05:18:04.595+0000][1][gc,age       ] GC(30) Desired survivor size 4358144 bytes, new threshold 3 (max threshold 6)
[2020-02-28T05:18:04.595+0000][1][gc,age       ] GC(30) Age table with threshold 3 (max threshold 6)
[2020-02-28T05:18:04.595+0000][1][gc,age       ] GC(30) - age   1:     339880 bytes,     339880 total
[2020-02-28T05:18:04.595+0000][1][gc,age       ] GC(30) - age   2:    1737224 bytes,    2077104 total
[2020-02-28T05:18:04.595+0000][1][gc,age       ] GC(30) - age   3:    2359736 bytes,    4436840 total
[2020-02-28T05:18:04.595+0000][1][gc,heap      ] GC(30) ParNew: 74135K->4566K(76672K)
[2020-02-28T05:18:04.595+0000][1][gc,heap      ] GC(30) CMS: 57854K->57854K(963392K)
[2020-02-28T05:18:04.595+0000][1][gc,metaspace ] GC(30) Metaspace: 77919K->77919K(1120256K)
[2020-02-28T05:18:04.595+0000][1][gc           ] GC(30) Pause Young (Allocation Failure) 128M->60M(1015M) 487.327ms
[2020-02-28T05:18:04.595+0000][1][gc,cpu       ] GC(30) User=0.03s Sys=0.01s Real=0.48s
[2020-02-28T05:18:04.595+0000][1][safepoint    ] Safepoint "GenCollectForAllocation", Time since last: 372202555 ns, Reaching safepoint: 71159 ns, At safepoint: 517525590 ns, Total: 517596749 ns
[2020-02-28T05:18:04.620+0000][1][safepoint    ] Safepoint "RevokeBias", Time since last: 24042234 ns, Reaching safepoint: 95998 ns, At safepoint: 24828 ns, Total: 120826 ns
[2020-02-28T05:18:05.621+0000][1][safepoint    ] Safepoint "Cleanup", Time since last: 1001819846 ns, Reaching safepoint: 95149 ns, At safepoint: 5541 ns, Total: 100690 ns
[2020-02-28T05:18:06.623+0000][1][safepoint    ] Safepoint "Cleanup", Time since last: 1001541668 ns, Reaching safepoint: 82591 ns, At safepoint: 7408 ns, Total: 89999 ns
[2020-02-28T05:18:07.129+0000][1][safepoint    ] Safepoint "RevokeBias", Time since last: 491814401 ns, Reaching safepoint: 13842154 ns, At safepoint: 24065 ns, Total: 13866219 ns
[2020-02-28T05:18:08.131+0000][1][safepoint    ] Safepoint "Cleanup", Time since last: 1001784111 ns, Reaching safepoint: 64018 ns, At safepoint: 6194 ns, Total: 70212 ns
[2020-02-28T05:18:09.133+0000][1][safepoint    ] Safepoint "Cleanup", Time since last: 1001898273 ns, Reaching safepoint: 56344 ns, At safepoint: 5911 ns, Total: 62255 ns
[2020-02-28T05:18:09.656+0000][1][safepoint    ] Safepoint "RevokeBias", Time since last: 499996554 ns, Reaching safepoint: 23550677 ns, At safepoint: 29195 ns, Total: 23579872 ns
[2020-02-28T05:18:10.657+0000][1][safepoint    ] Safepoint "Cleanup", Time since last: 1000596675 ns, Reaching safepoint: 77208 ns, At safepoint: 6640 ns, Total: 83848 ns
[2020-02-28T05:18:11.660+0000][1][safepoint    ] Safepoint "Cleanup", Time since last: 1002747089 ns, Reaching safepoint: 82524 ns, At safepoint: 7482 ns, Total: 90006 ns
[2020-02-28T05:18:12.168+0000][1][safepoint    ] Safepoint "RevokeBias", Time since last: 507668288 ns, Reaching safepoint: 192723 ns, At safepoint: 21659 ns, Total: 214382 ns
[2020-02-28T05:18:13.172+0000][1][safepoint    ] Safepoint "Cleanup", Time since last: 1004181065 ns, Reaching safepoint: 119242 ns, At safepoint: 9278 ns, Total: 128520 ns
[2020-02-28T05:18:14.187+0000][1][safepoint    ] Safepoint "Cleanup", Time since last: 1002791332 ns, Reaching safepoint: 12189427 ns, At safepoint: 11076 ns, Total: 12200503 ns
[2020-02-28T05:18:14.686+0000][1][safepoint    ] Safepoint "RevokeBias", Time since last: 498880612 ns, Reaching safepoint: 60406 ns, At safepoint: 19734 ns, Total: 80140 ns
[2020-02-28T05:18:15.689+0000][1][safepoint    ] Safepoint "Cleanup", Time since last: 1003077900 ns, Reaching safepoint: 184559 ns, At safepoint: 60295 ns, Total: 244854 ns
[2020-02-28T05:18:16.690+0000][1][safepoint    ] Safepoint "Cleanup", Time since last: 1000348438 ns, Reaching safepoint: 191172 ns, At safepoint: 27909 ns, Total: 219081 ns
[2020-02-28T05:18:17.201+0000][1][safepoint    ] Safepoint "RevokeBias", Time since last: 511207743 ns, Reaching safepoint: 48657 ns, At safepoint: 17293 ns, Total: 65950 ns
[2020-02-28T05:18:18.210+0000][1][safepoint    ] Safepoint "Cleanup", Time since last: 1009338197 ns, Reaching safepoint: 103257 ns, At safepoint: 6718 ns, Total: 109975 ns
[2020-02-28T05:18:19.211+0000][1][safepoint    ] Safepoint "Cleanup", Time since last: 1000507838 ns, Reaching safepoint: 123239 ns, At safepoint: 6781 ns, Total: 130020 ns
[2020-02-28T05:18:19.829+0000][1][safepoint    ] Safepoint "RevokeBias", Time since last: 617309585 ns, Reaching safepoint: 94546 ns, At safepoint: 19917 ns, Total: 114463 ns
[2020-02-28T05:18:20.830+0000][1][safepoint    ] Safepoint "Cleanup", Time since last: 1001252904 ns, Reaching safepoint: 93964 ns, At safepoint: 9626 ns, Total: 103590 ns
[2020-02-28T05:18:21.834+0000][1][safepoint    ] Safepoint "Cleanup", Time since last: 1004191429 ns, Reaching safepoint: 80480 ns, At safepoint: 6931 ns, Total: 87411 ns
[2020-02-28T05:18:22.376+0000][1][safepoint    ] Safepoint "RevokeBias", Time since last: 541541697 ns, Reaching safepoint: 85229 ns, At safepoint: 19594 ns, Total: 104823 ns
[2020-02-28T05:18:23.376+0000][1][safepoint    ] Safepoint "Cleanup", Time since last: 1000227710 ns, Reaching safepoint: 176843 ns, At safepoint: 7570 ns, Total: 184413 ns
[2020-02-28T05:18:24.378+0000][1][safepoint    ] Safepoint "Cleanup", Time since last: 1001300775 ns, Reaching safepoint: 218389 ns, At safepoint: 25207 ns, Total: 243596 ns
[2020-02-28T05:18:24.991+0000][1][safepoint    ] Safepoint "RevokeBias", Time since last: 612856055 ns, Reaching safepoint: 49759 ns, At safepoint: 16915 ns, Total: 66674 ns
[2020-02-28T05:18:26.128+0000][1][safepoint    ] Safepoint "Cleanup", Time since last: 1000914186 ns, Reaching safepoint: 136460114 ns, At safepoint: 10933 ns, Total: 136471047 ns
[2020-02-28T05:18:27.131+0000][1][safepoint    ] Safepoint "Cleanup", Time since last: 1003004936 ns, Reaching safepoint: 153834 ns, At safepoint: 9152 ns, Total: 162986 ns
[2020-02-28T05:18:27.504+0000][1][safepoint    ] Safepoint "RevokeBias", Time since last: 372592556 ns, Reaching safepoint: 69109 ns, At safepoint: 18756 ns, Total: 87865 ns
[2020-02-28T05:18:28.507+0000][1][safepoint    ] Safepoint "Cleanup", Time since last: 1003087746 ns, Reaching safepoint: 122899 ns, At safepoint: 50004 ns, Total: 172903 ns
[2020-02-28T05:18:29.511+0000][1][safepoint    ] Safepoint "Cleanup", Time since last: 1003320352 ns, Reaching safepoint: 79946 ns, At safepoint: 7195 ns, Total: 87141 ns
[2020-02-28T05:18:30.033+0000][1][safepoint    ] Safepoint "RevokeBias", Time since last: 521867255 ns, Reaching safepoint: 69022 ns, At safepoint: 18636 ns, Total: 87658 ns
[2020-02-28T05:18:31.037+0000][1][safepoint    ] Safepoint "Cleanup", Time since last: 1004370360 ns, Reaching safepoint: 144259 ns, At safepoint: 7991 ns, Total: 152250 ns
[2020-02-28T05:18:32.041+0000][1][safepoint    ] Safepoint "Cleanup", Time since last: 1003750547 ns, Reaching safepoint: 94781 ns, At safepoint: 6370 ns, Total: 101151 ns
[2020-02-28T05:18:32.556+0000][1][safepoint    ] Safepoint "RevokeBias", Time since last: 514683433 ns, Reaching safepoint: 78732 ns, At safepoint: 35379 ns, Total: 114111 ns
[2020-02-28T05:18:33.557+0000][1][safepoint    ] Safepoint "Cleanup", Time since last: 1000803765 ns, Reaching safepoint: 85951 ns, At safepoint: 6856 ns, Total: 92807 ns
[2020-02-28T05:18:34.557+0000][1][safepoint    ] Safepoint "Cleanup", Time since last: 1000637048 ns, Reaching safepoint: 131006 ns, At safepoint: 7717 ns, Total: 138723 ns
[2020-02-28T05:18:35.074+0000][1][safepoint    ] Safepoint "RevokeBias", Time since last: 516111117 ns, Reaching safepoint: 160288 ns, At safepoint: 24928 ns, Total: 185216 ns
[2020-02-28T05:18:36.077+0000][1][safepoint    ] Safepoint "Cleanup", Time since last: 1002220325 ns, Reaching safepoint: 1058598 ns, At safepoint: 24497 ns, Total: 1083095 ns
[2020-02-28T05:18:37.078+0000][1][safepoint    ] Safepoint "Cleanup", Time since last: 1001055811 ns, Reaching safepoint: 62920 ns, At safepoint: 6476 ns, Total: 69396 ns
[2020-02-28T05:18:37.588+0000][1][safepoint    ] Safepoint "RevokeBias", Time since last: 509657862 ns, Reaching safepoint: 48672 ns, At safepoint: 17079 ns, Total: 65751 ns
[2020-02-28T05:18:38.591+0000][1][safepoint    ] Safepoint "Cleanup", Time since last: 1002775298 ns, Reaching safepoint: 80967 ns, At safepoint: 7642 ns, Total: 88609 ns
[2020-02-28T05:18:39.592+0000][1][safepoint    ] Safepoint "Cleanup", Time since last: 1000925927 ns, Reaching safepoint: 66754 ns, At safepoint: 6737 ns, Total: 73491 ns
[2020-02-28T05:18:40.098+0000][1][safepoint    ] Safepoint "RevokeBias", Time since last: 505598417 ns, Reaching safepoint: 204709 ns, At safepoint: 21412 ns, Total: 226121 ns
[2020-02-28T05:18:41.099+0000][1][safepoint    ] Safepoint "Cleanup", Time since last: 1001369452 ns, Reaching safepoint: 81579 ns, At safepoint: 6889 ns, Total: 88468 ns
[2020-02-28T05:18:42.100+0000][1][safepoint    ] Safepoint "Cleanup", Time since last: 1000842236 ns, Reaching safepoint: 79315 ns, At safepoint: 6821 ns, Total: 86136 ns
[2020-02-28T05:18:42.616+0000][1][safepoint    ] Safepoint "RevokeBias", Time since last: 515544551 ns, Reaching safepoint: 189232 ns, At safepoint: 39454 ns, Total: 228686 ns
[2020-02-28T05:18:43.617+0000][1][safepoint    ] Safepoint "Cleanup", Time since last: 1001071109 ns, Reaching safepoint: 61341 ns, At safepoint: 6509 ns, Total: 67850 ns
[2020-02-28T05:18:44.618+0000][1][safepoint    ] Safepoint "Cleanup", Time since last: 1000694019 ns, Reaching safepoint: 84143 ns, At safepoint: 6652 ns, Total: 90795 ns
[2020-02-28T05:18:45.129+0000][1][safepoint    ] Safepoint "RevokeBias", Time since last: 511653445 ns, Reaching safepoint: 90783 ns, At safepoint: 53836 ns, Total: 144619 ns
[2020-02-28T05:18:46.131+0000][1][safepoint    ] Safepoint "Cleanup", Time since last: 1001452121 ns, Reaching safepoint: 60682 ns, At safepoint: 6328 ns, Total: 67010 ns
[2020-02-28T05:18:47.131+0000][1][safepoint    ] Safepoint "Cleanup", Time since last: 1000368531 ns, Reaching safepoint: 181432 ns, At safepoint: 7564 ns, Total: 188996 ns
[2020-02-28T05:18:47.647+0000][1][safepoint    ] Safepoint "RevokeBias", Time since last: 515353357 ns, Reaching safepoint: 77020 ns, At safepoint: 21481 ns, Total: 98501 ns
[2020-02-28T05:18:48.650+0000][1][safepoint    ] Safepoint "Cleanup", Time since last: 1002397245 ns, Reaching safepoint: 123305 ns, At safepoint: 8441 ns, Total: 131746 ns
[2020-02-28T05:18:49.650+0000][1][safepoint    ] Safepoint "Cleanup", Time since last: 1000440069 ns, Reaching safepoint: 79148 ns, At safepoint: 6385 ns, Total: 85533 ns
[2020-02-28T05:18:50.166+0000][1][safepoint    ] Safepoint "RevokeBias", Time since last: 515867810 ns, Reaching safepoint: 49065 ns, At safepoint: 16624 ns, Total: 65689 ns
[2020-02-28T05:18:51.171+0000][1][safepoint    ] Safepoint "Cleanup", Time since last: 1004801511 ns, Reaching safepoint: 78551 ns, At safepoint: 7229 ns, Total: 85780 ns
[2020-02-28T05:18:52.172+0000][1][safepoint    ] Safepoint "Cleanup", Time since last: 1000745049 ns, Reaching safepoint: 82392 ns, At safepoint: 6806 ns, Total: 89198 ns
[2020-02-28T05:18:52.694+0000][1][safepoint    ] Safepoint "RevokeBias", Time since last: 521863508 ns, Reaching safepoint: 154879 ns, At safepoint: 39402 ns, Total: 194281 ns
[2020-02-28T05:18:53.694+0000][1][safepoint    ] Safepoint "Cleanup", Time since last: 1000674030 ns, Reaching safepoint: 85725 ns, At safepoint: 7490 ns, Total: 93215 ns
[2020-02-28T05:18:54.697+0000][1][safepoint    ] Safepoint "Cleanup", Time since last: 1002325524 ns, Reaching safepoint: 76325 ns, At safepoint: 5855 ns, Total: 82180 ns
[2020-02-28T05:18:55.244+0000][1][safepoint    ] Safepoint "RevokeBias", Time since last: 547386090 ns, Reaching safepoint: 50885 ns, At safepoint: 17919 ns, Total: 68804 ns
[2020-02-28T05:18:56.250+0000][1][safepoint    ] Safepoint "Cleanup", Time since last: 1005635708 ns, Reaching safepoint: 116201 ns, At safepoint: 9581 ns, Total: 125782 ns
[2020-02-28T05:18:57.253+0000][1][safepoint    ] Safepoint "Cleanup", Time since last: 1002639891 ns, Reaching safepoint: 162797 ns, At safepoint: 6636 ns, Total: 169433 ns
[2020-02-28T05:18:57.771+0000][1][safepoint    ] Safepoint "BulkRevokeBias", Time since last: 517541110 ns, Reaching safepoint: 72792 ns, At safepoint: 199598 ns, Total: 272390 ns
[2020-02-28T05:18:58.774+0000][1][safepoint    ] Safepoint "Cleanup", Time since last: 1003006721 ns, Reaching safepoint: 79356 ns, At safepoint: 7051 ns, Total: 86407 ns
[2020-02-28T05:18:59.778+0000][1][safepoint    ] Safepoint "Cleanup", Time since last: 1003827736 ns, Reaching safepoint: 55648 ns, At safepoint: 5263 ns, Total: 60911 ns
[2020-02-28T05:19:00.613+0000][1][safepoint    ] Safepoint "RevokeBias", Time since last: 517133027 ns, Reaching safepoint: 317834192 ns, At safepoint: 29653 ns, Total: 317863845 ns
[2020-02-28T05:19:01.614+0000][1][safepoint    ] Safepoint "Cleanup", Time since last: 1001485267 ns, Reaching safepoint: 66613 ns, At safepoint: 52962 ns, Total: 119575 ns
[2020-02-28T05:19:02.617+0000][1][safepoint    ] Safepoint "Cleanup", Time since last: 1002513938 ns, Reaching safepoint: 93451 ns, At safepoint: 6874 ns, Total: 100325 ns
[2020-02-28T05:19:02.818+0000][1][safepoint    ] Safepoint "RevokeBias", Time since last: 201294197 ns, Reaching safepoint: 76916 ns, At safepoint: 20591 ns, Total: 97507 ns
[2020-02-28T05:19:03.820+0000][1][safepoint    ] Safepoint "Cleanup", Time since last: 1001954283 ns, Reaching safepoint: 80877 ns, At safepoint: 7387 ns, Total: 88264 ns
[2020-02-28T05:19:04.822+0000][1][safepoint    ] Safepoint "Cleanup", Time since last: 1001276833 ns, Reaching safepoint: 109284 ns, At safepoint: 7036 ns, Total: 116320 ns
[2020-02-28T05:19:05.332+0000][1][safepoint    ] Safepoint "RevokeBias", Time since last: 510270369 ns, Reaching safepoint: 162549 ns, At safepoint: 24923 ns, Total: 187472 ns
[2020-02-28T05:19:06.342+0000][1][safepoint    ] Safepoint "Cleanup", Time since last: 1006208683 ns, Reaching safepoint: 3618761 ns, At safepoint: 10948 ns, Total: 3629709 ns
[2020-02-28T05:19:07.345+0000][1][safepoint    ] Safepoint "Cleanup", Time since last: 1002801084 ns, Reaching safepoint: 81233 ns, At safepoint: 6982 ns, Total: 88215 ns
[2020-02-28T05:19:07.853+0000][1][safepoint    ] Safepoint "RevokeBias", Time since last: 507521179 ns, Reaching safepoint: 86782 ns, At safepoint: 18901 ns, Total: 105683 ns
[2020-02-28T05:19:08.853+0000][1][safepoint    ] Safepoint "Cleanup", Time since last: 1000717589 ns, Reaching safepoint: 78547 ns, At safepoint: 6592 ns, Total: 85139 ns
[2020-02-28T05:19:09.855+0000][1][safepoint    ] Safepoint "Cleanup", Time since last: 1001433227 ns, Reaching safepoint: 78246 ns, At safepoint: 6680 ns, Total: 84926 ns
[2020-02-28T05:19:10.376+0000][1][safepoint    ] Safepoint "RevokeBias", Time since last: 520680170 ns, Reaching safepoint: 68514 ns, At safepoint: 80363 ns, Total: 148877 ns
[2020-02-28T05:19:11.377+0000][1][safepoint    ] Safepoint "Cleanup", Time since last: 1001094700 ns, Reaching safepoint: 81274 ns, At safepoint: 7393 ns, Total: 88667 ns
[2020-02-28T05:19:12.382+0000][1][safepoint    ] Safepoint "Cleanup", Time since last: 1005413363 ns, Reaching safepoint: 118373 ns, At safepoint: 17873 ns, Total: 136246 ns
[2020-02-28T05:19:12.899+0000][1][safepoint    ] Safepoint "RevokeBias", Time since last: 516817940 ns, Reaching safepoint: 93473 ns, At safepoint: 22668 ns, Total: 116141 ns
[2020-02-28T05:19:13.906+0000][1][safepoint    ] Safepoint "Cleanup", Time since last: 1006116429 ns, Reaching safepoint: 80598 ns, At safepoint: 6865 ns, Total: 87463 ns
[2020-02-28T05:19:14.911+0000][1][safepoint    ] Safepoint "Cleanup", Time since last: 1005264565 ns, Reaching safepoint: 87587 ns, At safepoint: 7370 ns, Total: 94957 ns
[2020-02-28T05:19:15.427+0000][1][safepoint    ] Safepoint "RevokeBias", Time since last: 516431243 ns, Reaching safepoint: 70239 ns, At safepoint: 17362 ns, Total: 87601 ns
[2020-02-28T05:19:16.429+0000][1][safepoint    ] Safepoint "Cleanup", Time since last: 1001870313 ns, Reaching safepoint: 61996 ns, At safepoint: 7091 ns, Total: 69087 ns
[2020-02-28T05:19:17.432+0000][1][safepoint    ] Safepoint "Cleanup", Time since last: 1002236755 ns, Reaching safepoint: 78142 ns, At safepoint: 6854 ns, Total: 84996 ns
[2020-02-28T05:19:17.945+0000][1][safepoint    ] Safepoint "RevokeBias", Time since last: 513083074 ns, Reaching safepoint: 70908 ns, At safepoint: 19263 ns, Total: 90171 ns
[2020-02-28T05:19:18.948+0000][1][safepoint    ] Safepoint "Cleanup", Time since last: 1002799701 ns, Reaching safepoint: 78164 ns, At safepoint: 6843 ns, Total: 85007 ns
[2020-02-28T05:19:19.949+0000][1][safepoint    ] Safepoint "Cleanup", Time since last: 1001204549 ns, Reaching safepoint: 121089 ns, At safepoint: 7089 ns, Total: 128178 ns
[2020-02-28T05:19:20.474+0000][1][safepoint    ] Safepoint "RevokeBias", Time since last: 524901030 ns, Reaching safepoint: 98181 ns, At safepoint: 89272 ns, Total: 187453 ns
[2020-02-28T05:19:21.480+0000][1][safepoint    ] Safepoint "Cleanup", Time since last: 1005577634 ns, Reaching safepoint: 80361 ns, At safepoint: 6801 ns, Total: 87162 ns
[2020-02-28T05:19:22.483+0000][1][safepoint    ] Safepoint "Cleanup", Time since last: 1002646958 ns, Reaching safepoint: 96855 ns, At safepoint: 7249 ns, Total: 104104 ns
[2020-02-28T05:19:22.999+0000][1][safepoint    ] Safepoint "RevokeBias", Time since last: 516566996 ns, Reaching safepoint: 73997 ns, At safepoint: 18759 ns, Total: 92756 ns
[2020-02-28T05:19:24.000+0000][1][safepoint    ] Safepoint "Cleanup", Time since last: 1000466985 ns, Reaching safepoint: 77344 ns, At safepoint: 6736 ns, Total: 84080 ns
[2020-02-28T05:19:25.000+0000][1][safepoint    ] Safepoint "Cleanup", Time since last: 1000477484 ns, Reaching safepoint: 78714 ns, At safepoint: 7170 ns, Total: 85884 ns
[2020-02-28T05:19:25.519+0000][1][safepoint    ] Safepoint "RevokeBias", Time since last: 518271274 ns, Reaching safepoint: 170233 ns, At safepoint: 23680 ns, Total: 193913 ns
[2020-02-28T05:19:26.520+0000][1][safepoint    ] Safepoint "Cleanup", Time since last: 1001169384 ns, Reaching safepoint: 98566 ns, At safepoint: 27797 ns, Total: 126363 ns
[2020-02-28T05:19:27.521+0000][1][safepoint    ] Safepoint "Cleanup", Time since last: 1000342920 ns, Reaching safepoint: 61125 ns, At safepoint: 6091 ns, Total: 67216 ns
[2020-02-28T05:19:28.337+0000][1][safepoint    ] Safepoint "RevokeBias", Time since last: 816168506 ns, Reaching safepoint: 85296 ns, At safepoint: 58361 ns, Total: 143657 ns
[2020-02-28T05:19:29.338+0000][1][safepoint    ] Safepoint "Cleanup", Time since last: 1000680372 ns, Reaching safepoint: 103811 ns, At safepoint: 8304 ns, Total: 112115 ns
[2020-02-28T05:19:30.338+0000][1][safepoint    ] Safepoint "Cleanup", Time since last: 1000230406 ns, Reaching safepoint: 139556 ns, At safepoint: 9975 ns, Total: 149531 ns
[2020-02-28T05:19:30.852+0000][1][safepoint    ] Safepoint "RevokeBias", Time since last: 514185201 ns, Reaching safepoint: 87413 ns, At safepoint: 25476 ns, Total: 112889 ns
[2020-02-28T05:19:31.853+0000][1][safepoint    ] Safepoint "Cleanup", Time since last: 1000372699 ns, Reaching safepoint: 97991 ns, At safepoint: 7416 ns, Total: 105407 ns
[2020-02-28T05:19:32.861+0000][1][safepoint    ] Safepoint "Cleanup", Time since last: 1007926803 ns, Reaching safepoint: 75789 ns, At safepoint: 6368 ns, Total: 82157 ns
[2020-02-28T05:19:33.374+0000][1][safepoint    ] Safepoint "RevokeBias", Time since last: 513487002 ns, Reaching safepoint: 86475 ns, At safepoint: 18008 ns, Total: 104483 ns
[2020-02-28T05:19:34.383+0000][1][safepoint    ] Safepoint "Cleanup", Time since last: 1008132755 ns, Reaching safepoint: 89432 ns, At safepoint: 7249 ns, Total: 96681 ns
[2020-02-28T05:19:35.383+0000][1][safepoint    ] Safepoint "Cleanup", Time since last: 1000366792 ns, Reaching safepoint: 108282 ns, At safepoint: 6929 ns, Total: 115211 ns
[2020-02-28T05:19:36.022+0000][1][safepoint    ] Safepoint "RevokeBias", Time since last: 639068452 ns, Reaching safepoint: 170284 ns, At safepoint: 45519 ns, Total: 215803 ns
[2020-02-28T05:19:37.023+0000][1][safepoint    ] Safepoint "Cleanup", Time since last: 1000193532 ns, Reaching safepoint: 74554 ns, At safepoint: 6870 ns, Total: 81424 ns
[2020-02-28T05:19:38.024+0000][1][safepoint    ] Safepoint "Cleanup", Time since last: 1000953006 ns, Reaching safepoint: 75088 ns, At safepoint: 6440 ns, Total: 81528 ns
[2020-02-28T05:19:38.531+0000][1][safepoint    ] Safepoint "RevokeBias", Time since last: 506720951 ns, Reaching safepoint: 103439 ns, At safepoint: 29452 ns, Total: 132891 ns
[2020-02-28T05:19:39.531+0000][1][safepoint    ] Safepoint "Cleanup", Time since last: [2020-02-28T05:36:06.350+0000][1][safepoint    ] Safepoint "Cleanup", Time since last: 1160324076 ns, Reaching safepoint: 113941 ns, At safepoint: 8533 ns, Total: 122474 ns
[2020-02-28T05:36:07.350+0000][1][safepoint    ] Safepoint "Cleanup", Time since last: 1000605890 ns, Reaching safepoint: 79652 ns, At safepoint: 7542 ns, Total: 87194 ns
[2020-02-28T05:36:07.698+0000][1][safepoint    ] Safepoint "RevokeBias", Time since last: 347611572 ns, Reaching safepoint: 86144 ns, At safepoint: 21660 ns, Total: 107804 ns
[2020-02-28T05:36:08.704+0000][1][safepoint    ] Safepoint "Cleanup", Time since last: 1005380332 ns, Reaching safepoint: 135538 ns, At safepoint: 7151 ns, Total: 142689 ns
[2020-02-28T05:36:09.704+0000][1][safepoint    ] Safepoint "Cleanup", Time since last: 1000598764 ns, Reaching safepoint: 91162 ns, At safepoint: 9004 ns, Total: 100166 ns
[2020-02-28T05:36:10.203+0000][1][safepoint    ] Safepoint "RevokeBias", Time since last: 498620212 ns, Reaching safepoint: 87045 ns, At safepoint: 21252 ns, Total: 108297 ns
[2020-02-28T05:36:11.204+0000][1][safepoint    ] Safepoint "Cleanup", Time since last: 1000806220 ns, Reaching safepoint: 102681 ns, At safepoint: 9511 ns, Total: 112192 ns
[2020-02-28T05:36:12.204+0000][1][safepoint    ] Safepoint "Cleanup", Time since last: 1000244814 ns, Reaching safepoint: 90409 ns, At safepoint: 8828 ns, Total: 99237 ns
[2020-02-28T05:36:12.707+0000][1][safepoint    ] Safepoint "RevokeBias", Time since last: 502552829 ns, Reaching safepoint: 87453 ns, At safepoint: 21704 ns, Total: 109157 ns
[2020-02-28T05:36:13.713+0000][1][safepoint    ] Safepoint "Cleanup", Time since last: 1006084160 ns, Reaching safepoint: 160234 ns, At safepoint: 7390 ns, Total: 167624 ns
[2020-02-28T05:36:14.714+0000][1][safepoint    ] Safepoint "Cleanup", Time since last: 1000751394 ns, Reaching safepoint: 83062 ns, At safepoint: 7556 ns, Total: 90618 ns
[2020-02-28T05:36:15.212+0000][1][safepoint    ] Safepoint "RevokeBias", Time since last: 497646052 ns, Reaching safepoint: 76975 ns, At safepoint: 18558 ns, Total: 95533 ns
[2020-02-28T05:36:16.216+0000][1][safepoint    ] Safepoint "Cleanup", Time since last: 1004095911 ns, Reaching safepoint: 77229 ns, At safepoint: 7052 ns, Total: 84281 ns
[2020-02-28T05:36:17.217+0000][1][safepoint    ] Safepoint "Cleanup", Time since last: 1000842690 ns, Reaching safepoint: 81009 ns, At safepoint: 7161 ns, Total: 88170 ns
[2020-02-28T05:36:17.730+0000][1][safepoint    ] Safepoint "RevokeBias", Time since last: 513173173 ns, Reaching safepoint: 74489 ns, At safepoint: 18150 ns, Total: 92639 ns
[2020-02-28T05:36:18.731+0000][1][safepoint    ] Safepoint "Cleanup", Time since last: 1000448636 ns, Reaching safepoint: 88842 ns, At safepoint: 8864 ns, Total: 97706 ns
[2020-02-28T05:36:19.731+0000][1][safepoint    ] Safepoint "Cleanup", Time since last: 1000620612 ns, Reaching safepoint: 88483 ns, At safepoint: 8818 ns, Total: 97301 ns
[2020-02-28T05:36:20.255+0000][1][safepoint    ] Safepoint "RevokeBias", Time since last: 524018523 ns, Reaching safepoint: 74614 ns, At safepoint: 18243 ns, Total: 92857 ns
[2020-02-28T05:36:21.256+0000][1][safepoint    ] Safepoint "Cleanup", Time since last: 1000714576 ns, Reaching safepoint: 95347 ns, At safepoint: 24318 ns, Total: 119665 ns
[2020-02-28T05:36:22.257+0000][1][safepoint    ] Safepoint "Cleanup", Time since last: 1000213461 ns, Reaching safepoint: 80177 ns, At safepoint: 7131 ns, Total: 87308 ns
[2020-02-28T05:36:22.780+0000][1][safepoint    ] Safepoint "RevokeBias", Time since last: 523589528 ns, Reaching safepoint: 131005 ns, At safepoint: 21897 ns, Total: 152902 ns
[2020-02-28T05:36:23.781+0000][1][safepoint    ] Safepoint "Cleanup", Time since last: 1000277003 ns, Reaching safepoint: 90423 ns, At safepoint: 8516 ns, Total: 98939 ns
[2020-02-28T05:36:24.787+0000][1][safepoint    ] Safepoint "Cleanup", Time since last: 1006282650 ns, Reaching safepoint: 71634 ns, At safepoint: 5546 ns, Total: 77180 ns
[2020-02-28T05:36:25.300+0000][1][safepoint    ] Safepoint "RevokeBias", Time since last: 512972896 ns, Reaching safepoint: 232059 ns, At safepoint: 99626 ns, Total: 331685 ns
[2020-02-28T05:36:26.301+0000][1][safepoint    ] Safepoint "Cleanup", Time since last: 1000424316 ns, Reaching safepoint: 85534 ns, At safepoint: 8519 ns, Total: 94053 ns
[2020-02-28T05:36:27.305+0000][1][safepoint    ] Safepoint "Cleanup", Time since last: 1003470389 ns, Reaching safepoint: 179228 ns, At safepoint: 42029 ns, Total: 221257 ns
[2020-02-28T05:36:27.810+0000][1][gc,start     ] GC(38) Pause Young (Allocation Failure)
[2020-02-28T05:36:27.810+0000][1][gc,task      ] GC(38) Using 1 workers of 1 for evacuation
[2020-02-28T05:36:27.930+0000][1][gc,age       ] GC(38) Desired survivor size 4358144 bytes, new threshold 6 (max threshold 6)
[2020-02-28T05:36:27.930+0000][1][gc,age       ] GC(38) Age table with threshold 6 (max threshold 6)
[2020-02-28T05:36:27.930+0000][1][gc,age       ] GC(38) - age   1:      15976 bytes,      15976 total
[2020-02-28T05:36:27.930+0000][1][gc,age       ] GC(38) - age   2:      19024 bytes,      35000 total
[2020-02-28T05:36:27.930+0000][1][gc,age       ] GC(38) - age   3:       1464 bytes,      36464 total
[2020-02-28T05:36:27.930+0000][1][gc,age       ] GC(38) - age   4:       1520 bytes,      37984 total
[2020-02-28T05:36:27.930+0000][1][gc,age       ] GC(38) - age   5:       2096 bytes,      40080 total
[2020-02-28T05:36:27.930+0000][1][gc,age       ] GC(38) - age   6:       2664 bytes,      42744 total
[2020-02-28T05:36:27.930+0000][1][gc,heap      ] GC(38) ParNew: 68276K->90K(76672K)
[2020-02-28T05:36:27.930+0000][1][gc,heap      ] GC(38) CMS: 62284K->62329K(963392K)
[2020-02-28T05:36:27.930+0000][1][gc,metaspace ] GC(38) Metaspace: 79160K->79160K(1122304K)
[2020-02-28T05:36:27.930+0000][1][gc           ] GC(38) Pause Young (Allocation Failure) 127M->60M(1015M) 119.554ms
[2020-02-28T05:36:27.930+0000][1][gc,cpu       ] GC(38) User=0.02s Sys=0.00s Real=0.12s
[2020-02-28T05:36:27.930+0000][1][safepoint    ] Safepoint "GenCollectForAllocation", Time since last: 505656840 ns, Reaching safepoint: 86451 ns, At safepoint: 119653400 ns, Total: 119739851 ns
[2020-02-28T05:36:27.939+0000][1][safepoint    ] Safepoint "RevokeBias", Time since last: 8745431 ns, Reaching safepoint: 97201 ns, At safepoint: 23303 ns, Total: 120504 ns
[2020-02-28T05:36:28.944+0000][1][safepoint    ] Safepoint "Cleanup", Time since last: 1005423457 ns, Reaching safepoint: 95719 ns, At safepoint: 8870 ns, Total: 104589 ns
[2020-02-28T05:36:29.945+0000][1][safepoint    ] Safepoint "Cleanup", Time since last: 1000422680 ns, Reaching safepoint: 74278 ns, At safepoint: 5808 ns, Total: 80086 ns
[2020-02-28T05:36:30.703+0000][1][safepoint    ] Safepoint "RevokeBias", Time since last: 757513976 ns, Reaching safepoint: 92040 ns, At safepoint: 51203 ns, Total: 143243 ns
[2020-02-28T05:36:31.704+0000][1][safepoint    ] Safepoint "Cleanup", Time since last: 1000928301 ns, Reaching safepoint: 77406 ns, At safepoint: 6330 ns, Total: 83736 ns
[2020-02-28T05:36:32.704+0000][1][safepoint    ] Safepoint "Cleanup", Time since last: 1000629680 ns, Reaching safepoint: 78880 ns, At safepoint: 7376 ns, Total: 86256 ns
[2020-02-28T05:36:33.208+0000][1][safepoint    ] Safepoint "RevokeBias", Time since last: 503499178 ns, Reaching safepoint: 88648 ns, At safepoint: 21194 ns, Total: 109842 ns
[2020-02-28T05:36:34.218+0000][1][safepoint    ] Safepoint "Cleanup", Time since last: 1010124544 ns, Reaching safepoint: 60522 ns, At safepoint: 6812 ns, Total: 67334 ns
[2020-02-28T05:36:35.219+0000][1][safepoint    ] Safepoint "Cleanup", Time since last: 1000785463 ns, Reaching safepoint: 125444 ns, At safepoint: 7710 ns, Total: 133154 ns
[2020-02-28T05:36:35.712+0000][1][safepoint    ] Safepoint "RevokeBias", Time since last: 492990421 ns, Reaching safepoint: 86318 ns, At safepoint: 21320 ns, Total: 107638 ns
[2020-02-28T05:36:36.713+0000][1][safepoint    ] Safepoint "Cleanup", Time since last: 1000376509 ns, Reaching safepoint: 78468 ns, At safepoint: 6699 ns, Total: 85167 ns
[2020-02-28T05:36:37.713+0000][1][safepoint    ] Safepoint "Cleanup", Time since last: 1000195271 ns, Reaching safepoint: 85575 ns, At safepoint: 10255 ns, Total: 95830 ns
[2020-02-28T05:36:38.224+0000][1][safepoint    ] Safepoint "RevokeBias", Time since last: 511208105 ns, Reaching safepoint: 72660 ns, At safepoint: 16392 ns, Total: 89052 ns
[2020-02-28T05:36:39.225+0000][1][safepoint    ] Safepoint "Cleanup", Time since last: 1000427966 ns, Reaching safepoint: 78020 ns, At safepoint: 6898 ns, Total: 84918 ns
[2020-02-28T05:36:40.225+0000][1][safepoint    ] Safepoint "Cleanup", Time since last: 1000670812 ns, Reaching safepoint: 82893 ns, At safepoint: 9219 ns, Total: 92112 ns
[2020-02-28T05:36:40.742+0000][1][safepoint    ] Safepoint "RevokeBias", Time since last: 516788002 ns, Reaching safepoint: 70966 ns, At safepoint: 19818 ns, Total: 90784 ns
[2020-02-28T05:36:41.743+0000][1][safepoint    ] Safepoint "Cleanup", Time since last: 1000668655 ns, Reaching safepoint: 90060 ns, At safepoint: 8874 ns, Total: 98934 ns
[2020-02-28T05:36:42.748+0000][1][safepoint    ] Safepoint "Cleanup", Time since last: 1004884841 ns, Reaching safepoint: 53808 ns, At safepoint: 6448 ns, Total: 60256 ns
[2020-02-28T05:36:43.266+0000][1][safepoint    ] Safepoint "RevokeBias", Time since last: 518201404 ns, Reaching safepoint: 74483 ns, At safepoint: 18624 ns, Total: 93107 ns
[2020-02-28T05:36:44.267+0000][1][safepoint    ] Safepoint "Cleanup", Time since last: 1000406599 ns, Reaching safepoint: 83521 ns, At safepoint: 8369 ns, Total: 91890 ns
[2020-02-28T05:36:45.274+0000][1][safepoint    ] Safepoint "Cleanup", Time since last: 1006674605 ns, Reaching safepoint: 275266 ns, At safepoint: 8355 ns, Total: 283621 ns
[2020-02-28T05:36:45.776+0000][1][safepoint    ] Safepoint "RevokeBias", Time since last: 501861236 ns, Reaching safepoint: 104130 ns, At safepoint: 20031 ns, Total: 124161 ns
[2020-02-28T05:36:46.777+0000][1][safepoint    ] Safepoint "Cleanup", Time since last: 1000715944 ns, Reaching safepoint: 90592 ns, At safepoint: 8043 ns, Total: 98635 ns
[2020-02-28T05:36:47.777+0000][1][safepoint    ] Safepoint "Cleanup", Time since last: 1000505432 ns, Reaching safepoint: 57093 ns, At safepoint: 6024 ns, Total: 63117 ns
[2020-02-28T05:36:48.280+0000][1][safepoint    ] Safepoint "RevokeBias", Time since last: 502715395 ns, Reaching safepoint: 75550 ns, At safepoint: 19401 ns, Total: 94951 ns
[2020-02-28T05:36:49.281+0000][1][safepoint    ] Safepoint "Cleanup", Time since last: 1000837013 ns, Reaching safepoint: 84193 ns, At safepoint: 7843 ns, Total: 92036 ns
[2020-02-28T05:36:50.281+0000][1][safepoint    ] Safepoint "Cleanup", Time since last: 1000116499 ns, Reaching safepoint: 78178 ns, At safepoint: 7115 ns, Total: 85293 ns
[2020-02-28T05:36:50.786+0000][1][safepoint    ] Safepoint "RevokeBias", Time since last: 504355546 ns, Reaching safepoint: 74122 ns, At safepoint: 17536 ns, Total: 91658 ns
[2020-02-28T05:36:51.788+0000][1][safepoint    ] Safepoint "Cleanup", Time since last: 1002890524 ns, Reaching safepoint: 60049 ns, At safepoint: 6463 ns, Total: 66512 ns
[2020-02-28T05:36:52.789+0000][1][safepoint    ] Safepoint "Cleanup", Time since last: 1000553385 ns, Reaching safepoint: 174092 ns, At safepoint: 9335 ns, Total: 183427 ns
[2020-02-28T05:36:53.293+0000][1][safepoint    ] Safepoint "RevokeBias", Time since last: 503879676 ns, Reaching safepoint: 99149 ns, At safepoint: 26904 ns, Total: 126053 ns
[2020-02-28T05:36:54.583+0000][1][safepoint    ] Safepoint "Cleanup", Time since last: 1289559475 ns, Reaching safepoint: 84464 ns, At safepoint: 7045 ns, Total: 91509 ns
[2020-02-28T05:36:55.584+0000][1][safepoint    ] Safepoint "Cleanup", Time since last: 1000507436 ns, Reaching safepoint: 102310 ns, At safepoint: 9451 ns, Total: 111761 ns
[2020-02-28T05:36:55.798+0000][1][safepoint    ] Safepoint "RevokeBias", Time since last: 214542108 ns, Reaching safepoint: 76666 ns, At safepoint: 18370 ns, Total: 95036 ns
[2020-02-28T05:36:56.805+0000][1][safepoint    ] Safepoint "Cleanup", Time since last: 1006568100 ns, Reaching safepoint: 92296 ns, At safepoint: 6601 ns, Total: 98897 ns
[2020-02-28T05:36:57.805+0000][1][safepoint    ] Safepoint "Cleanup", Time since last: 1000287809 ns, Reaching safepoint: 76055 ns, At safepoint: 6680 ns, Total: 82735 ns
[2020-02-28T05:36:58.305+0000][1][safepoint    ] Safepoint "RevokeBias", Time since last: 500038558 ns, Reaching safepoint: 77042 ns, At safepoint: 18977 ns, Total: 96019 ns
[2020-02-28T05:36:59.307+0000][1][safepoint    ] Safepoint "Cleanup", Time since last: 1001364862 ns, Reaching safepoint: 61037 ns, At safepoint: 6465 ns, Total: 67502 ns
[2020-02-28T05:37:00.310+0000][1][safepoint    ] Safepoint "Cleanup", Time since last: 1003343794 ns, Reaching safepoint: 117521 ns, At safepoint: 7708 ns, Total: 125229 ns
[2020-02-28T05:37:00.818+0000][1][safepoint    ] Safepoint "RevokeBias", Time since last: 507868139 ns, Reaching safepoint: 57708 ns, At safepoint: 16280 ns, Total: 73988 ns
[2020-02-28T05:37:01.819+0000][1][safepoint    ] Safepoint "Cleanup", Time since last: 1000565387 ns, Reaching safepoint: 130714 ns, At safepoint: 7613 ns, Total: 138327 ns
[2020-02-28T05:37:02.820+0000][1][safepoint    ] Safepoint "Cleanup", Time since last: 1000582376 ns, Reaching safepoint: 126500 ns, At safepoint: 7286 ns, Total: 133786 ns
[2020-02-28T05:37:03.343+0000][1][safepoint    ] Safepoint "RevokeBias", Time since last: 523847664 ns, Reaching safepoint: 54962 ns, At safepoint: 16584 ns, Total: 71546 ns
[2020-02-28T05:37:04.344+0000][1][safepoint    ] Safepoint "Cleanup", Time since last: 1000806650 ns, Reaching safepoint: 84175 ns, At safepoint: 8109 ns, Total: 92284 ns
[2020-02-28T05:37:05.350+0000][1][safepoint    ] Safepoint "Cleanup", Time since last: 1005742863 ns, Reaching safepoint: 95583 ns, At safepoint: 28370 ns, Total: 123953 ns
[2020-02-28T05:37:05.858+0000][1][safepoint    ] Safepoint "RevokeBias", Time since last: 507360801 ns, Reaching safepoint: 94358 ns, At safepoint: 21908 ns, Total: 116266 ns
[2020-02-28T05:37:06.858+0000][1][safepoint    ] Safepoint "Cleanup", Time since last: 1000365477 ns, Reaching safepoint: 87999 ns, At safepoint: 8584 ns, Total: 96583 ns
[2020-02-28T05:37:07.865+0000][1][safepoint    ] Safepoint "Cleanup", Time since last: 1006580183 ns, Reaching safepoint: 73814 ns, At safepoint: 6642 ns, Total: 80456 ns
[2020-02-28T05:37:08.390+0000][1][safepoint    ] Safepoint "RevokeBias", Time since last: 524920468 ns, Reaching safepoint: 75070 ns, At safepoint: 18098 ns, Total: 93168 ns
[2020-02-28T05:37:09.391+0000][1][safepoint    ] Safepoint "Cleanup", Time since last: 1000554293 ns, Reaching safepoint: 89145 ns, At safepoint: 8315 ns, Total: 97460 ns
[2020-02-28T05:37:10.394+0000][1][safepoint    ] Safepoint "Cleanup", Time since last: 1003579490 ns, Reaching safepoint: 198766 ns, At safepoint: 6122 ns, Total: 204888 ns
[2020-02-28T05:37:10.900+0000][1][safepoint    ] Safepoint "RevokeBias", Time since last: 505493612 ns, Reaching safepoint: 86026 ns, At safepoint: 19741 ns, Total: 105767 ns
[2020-02-28T05:37:11.901+0000][1][safepoint    ] Safepoint "Cleanup", Time since last: 1000704656 ns, Reaching safepoint: 88502 ns, At safepoint: 8260 ns, Total: 96762 ns
[2020-02-28T05:37:12.902+0000][1][safepoint    ] Safepoint "Cleanup", Time since last: 1001360861 ns, Reaching safepoint: 77564 ns, At safepoint: 6691 ns, Total: 84255 ns
[2020-02-28T05:37:13.406+0000][1][safepoint    ] Safepoint "BulkRevokeBias", Time since last: 503394686 ns, Reaching safepoint: 80345 ns, At safepoint: 204189 ns, Total: 284534 ns
[2020-02-28T05:37:14.413+0000][1][safepoint    ] Safepoint "Cleanup", Time since last: 1006689646 ns, Reaching safepoint: 205572 ns, At safepoint: 7509 ns, Total: 213081 ns
[2020-02-28T05:37:15.414+0000][1][safepoint    ] Safepoint "Cleanup", Time since last: 1000789107 ns, Reaching safepoint: 83818 ns, At safepoint: 8368 ns, Total: 92186 ns
[2020-02-28T05:37:15.913+0000][1][safepoint    ] Safepoint "RevokeBias", Time since last: 499482027 ns, Reaching safepoint: 74053 ns, At safepoint: 18109 ns, Total: 92162 ns
[2020-02-28T05:37:16.914+0000][1][safepoint    ] Safepoint "Cleanup", Time since last: 1000456990 ns, Reaching safepoint: 76627 ns, At safepoint: 6820 ns, Total: 83447 ns
[2020-02-28T05:37:17.914+0000][1][safepoint    ] Safepoint "Cleanup", Time since last: 1000600613 ns, Reaching safepoint: 70085 ns, At safepoint: 5661 ns, Total: 75746 ns
[2020-02-28T05:37:18.429+0000][1][safepoint    ] Safepoint "RevokeBias", Time since last: 514494878 ns, Reaching safepoint: 86974 ns, At safepoint: 21335 ns, Total: 108309 ns
[2020-02-28T05:37:19.431+0000][1][safepoint    ] Safepoint "Cleanup", Time since last: 1001650398 ns, Reaching safepoint: 79087 ns, At safepoint: 6338 ns, Total: 85425 ns
[2020-02-28T05:37:20.431+0000][1][safepoint    ] Safepoint "Cleanup", Time since last: 1000594021 ns, Reaching safepoint: 75534 ns, At safepoint: 7328 ns, Total: 82862 ns
[2020-02-28T05:37:20.935+0000][1][safepoint    ] Safepoint "RevokeBias", Time since last: 503723660 ns, Reaching safepoint: 87459 ns, At safepoint: 22019 ns, Total: 109478 ns
[2020-02-28T05:37:21.936+0000][1][safepoint    ] Safepoint "Cleanup", Time since last: 1000780143 ns, Reaching safepoint: 84950 ns, At safepoint: 9032 ns, Total: 93982 ns
[2020-02-28T05:37:22.936+0000][1][safepoint    ] Safepoint "Cleanup", Time since last: 1000223232 ns, Reaching safepoint: 90577 ns, At safepoint: 9100 ns, Total: 99677 ns
[2020-02-28T05:37:23.493+0000][1][safepoint    ] Safepoint "RevokeBias", Time since last: 556022079 ns, Reaching safepoint: 277674 ns, At safepoint: 22701 ns, Total: 300375 ns
[2020-02-28T05:37:24.494+0000][1][safepoint    ] Safepoint "Cleanup", Time since last: 1000761103 ns, Reaching safepoint: 89151 ns, At safepoint: 8756 ns, Total: 97907 ns
[2020-02-28T05:37:25.496+0000][1][safepoint    ] Safepoint "Cleanup", Time since last: 1002303015 ns, Reaching safepoint: 59228 ns, At safepoint: 5761 ns, Total: 64989 ns
[2020-02-28T05:37:25.992+0000][1][safepoint    ] Safepoint "RevokeBias", Time since last: 495687237 ns, Reaching safepoint: 75266 ns, At safepoint: 17927 ns, Total: 93193 ns
[2020-02-28T05:37:26.992+0000][1][safepoint    ] Safepoint "Cleanup", Time since last: 1000596179 ns, Reaching safepoint: 77510 ns, At safepoint: 6804 ns, Total: 84314 ns
[2020-02-28T05:37:27.995+0000][1][safepoint    ] Safepoint "Cleanup", Time since last: 1002361306 ns, Reaching safepoint: 74332 ns, At safepoint: 6811 ns, Total: 81143 ns
[2020-02-28T05:37:28.520+0000][1][safepoint    ] Safepoint "RevokeBias", Time since last: 525215401 ns, Reaching safepoint: 115883 ns, At safepoint: 20090 ns, Total: 135973 ns
[2020-02-28T05:37:29.521+0000][1][safepoint    ] Safepoint "Cleanup", Time since last: 1000731329 ns, Reaching safepoint: 86066 ns, At safepoint: 8357 ns, Total: 94423 ns
[2020-02-28T05:37:30.524+0000][1][safepoint    ] Safepoint "Cleanup", Time since last: 1002889632 ns, Reaching safepoint: 63498 ns, At safepoint: 7452 ns, Total: 70950 ns
[2020-02-28T05:37:31.032+0000][1][safepoint    ] Safepoint "RevokeBias", Time since last: 507651407 ns, Reaching safepoint: 74995 ns, At safepoint: 17501 ns, Total: 92496 ns
[2020-02-28T05:37:32.032+0000][1][safepoint    ] Safepoint "Cleanup", Time since last: 1000341016 ns, Reaching safepoint: 84112 ns, At safepoint: 10128 ns, Total: 94240 ns
[2020-02-28T05:37:33.041+0000][1][safepoint    ] Safepoint "Cleanup", Time since last: 1008575515 ns, Reaching safepoint: 80416 ns, At safepoint: 7932 ns, Total: 88348 ns
[2020-02-28T05:37:33.539+0000][1][safepoint    ] Safepoint "RevokeBias", Time since last: 497754096 ns, Reaching safepoint: 129016 ns, At safepoint: 24678 ns, Total: 153694 ns
[2020-02-28T05:37:34.539+0000][1][safepoint    ] Safepoint "Cleanup", Time since last: 1000207416 ns, Reaching safepoint: 77561 ns, At safepoint: 7089 ns, Total: 84650 ns
[2020-02-28T05:37:35.540+0000][1][safepoint    ] Safepoint "Cleanup", Time since last: 1000509387 ns, Reaching safepoint: 92749 ns, At safepoint: 9333 ns, Total: 102082 ns
[2020-02-28T05:37:36.043+0000][1][safepoint    ] Safepoint "RevokeBias", Time since last: 503283467 ns, Reaching safepoint: 107201 ns, At safepoint: 62014 ns, Total: 169215 ns
[2020-02-28T05:37:37.051+0000][1][safepoint    ] Safepoint "Cleanup", Time since last: 1007995823 ns, Reaching safepoint: 84021 ns, At safepoint: 8121 ns, Total: 92142 ns
[2020-02-28T05:37:38.052+0000][1][safepoint    ] Safepoint "Cleanup", Time since last: 1000312296 ns, Reaching safepoint: 242647 ns, At safepoint: 24017 ns, Total: 266664 ns
[2020-02-28T05:37:38.554+0000][1][safepoint    ] Safepoint "RevokeBias", Time since last: 502215162 ns, Reaching safepoint: 89009 ns, At safepoint: 21196 ns, Total: 110205 ns
[2020-02-28T05:37:39.560+0000][1][safepoint    ] Safepoint "Cleanup", Time since last: 1005515267 ns, Reaching safepoint: 60040 ns, At safepoint: 6936 ns, Total: 66976 ns
[2020-02-28T05:37:40.560+0000][1][safepoint    ] Safepoint "Cleanup", Time since last: 1000243850 ns, Reaching safepoint: 81589 ns, At safepoint: 7577 ns, Total: 89166 ns
[2020-02-28T05:37:41.060+0000][1][safepoint    ] Safepoint "RevokeBias", Time since last: 500239913 ns, Reaching safepoint: 72419 ns, At safepoint: 17199 ns, Total: 89618 ns
[2020-02-28T05:37:42.062+0000][1][safepoint    ] Safepoint "Cleanup", Time since last: 1001254950 ns, Reaching safepoint: 77777 ns, At safepoint: 6491 ns, Total: 84268 ns
[2020-02-28T05:37:43.062+0000][1][safepoint    ] Safepoint "Cleanup", Time since last: 1000226449 ns, Reaching safepoint: 159641 ns, At safepoint: 7544 ns, Total: 167185 ns
[2020-02-28T05:37:43.568+0000][1][safepoint    ] Safepoint "RevokeBias", Time since last: 505392913 ns, Reaching safepoint: 75303 ns, At safepoint: 17923 ns, Total: 93226 ns
[2020-02-28T05:37:44.568+0000][1][safepoint    ] Safepoint "Cleanup", Time since last: 1000297852 ns, Reaching safepoint: 90439 ns, At safepoint: 8338 ns, Total: 98777 ns
[2020-02-28T05:37:45.568+0000][1][safepoint    ] Safepoint "Cleanup", Time since last: 1000281027 ns, Reaching safepoint: 88815 ns, At safepoint: 8536 ns, Total: 97351 ns
[2020-02-28T05:37:46.085+0000][1][safepoint    ] Safepoint "RevokeBias", Time since last: 516687195 ns, Reaching safepoint: 73960 ns, At safepoint: 18741 ns, Total: 92701 ns
[2020-02-28T05:37:47.086+0000][1][safepoint    ] Safepoint "Cleanup", Time since last: 1000527900 ns, Reaching safepoint: 77272 ns, At safepoint: 7335 ns, Total: 84607 ns
[2020-02-28T05:37:48.087+0000][1][safepoint    ] Safepoint "Cleanup", Time since last: 1000923379 ns, Reaching safepoint: 71916 ns, At safepoint: 5813 ns, Total: 77729 ns
[2020-02-28T05:37:48.609+0000][1][safepoint    ] Safepoint "RevokeBias", Time since last: 522319284 ns, Reaching safepoint: 54645 ns, At safepoint: 17313 ns, Total: 71958 ns
[2020-02-28T05:37:49.610+0000][1][safepoint    ] Safepoint "Cleanup", Time since last: 1000500469 ns, Reaching safepoint: 91664 ns, At safepoint: 9127 ns, Total: 100791 ns
[2020-02-28T05:37:50.610+0000][1][safepoint    ] Safepoint "Cleanup", Time since last: 1000492410 ns, Reaching safepoint: 60032 ns, At safepoint: 6192 ns, Total: 66224 ns
[2020-02-28T05:37:51.128+0000][1][safepoint    ] Safepoint "RevokeBias", Time since last: 517881723 ns, Reaching safepoint: 75714 ns, At safepoint: 18003 ns, Total: 93717 ns
[2020-02-28T05:37:52.129+0000][1][safepoint    ] Safepoint "Cleanup", Time since last: 1000483462 ns, Reaching safepoint: 86493 ns, At safepoint: 8854 ns, Total: 95347 ns
[2020-02-28T05:37:53.132+0000][1][safepoint    ] Safepoint "Cleanup", Time since last: 1003079379 ns, Reaching safepoint: 94119 ns, At safepoint: 6962 ns, Total: 101081 ns
[2020-02-28T05:37:53.643+0000][1][safepoint    ] Safepoint "RevokeBias", Time since last: 511233503 ns, Reaching safepoint: 90289 ns, At safepoint: 21873 ns, Total: 112162 ns
[2020-02-28T05:37:54.644+0000][1][safepoint    ] Safepoint "Cleanup", Time since last: 1000277494 ns, Reaching safepoint: 84880 ns, At safepoint: 8644 ns, Total: 93524 ns
[2020-02-28T05:37:55.649+0000][1][safepoint    ] Safepoint "Cleanup", Time since last: 1004694994 ns, Reaching safepoint: 79095 ns, At safepoint: 7732 ns, Total: 86827 ns
[2020-02-28T05:37:56.148+0000][1][safepoint    ] Safepoint "RevokeBias", Time since last: 499063944 ns, Reaching safepoint: 89712 ns, At safepoint: 22120 ns, Total: 111832 ns
[2020-02-28T05:37:57.151+0000][1][safepoint    ] Safepoint "Cleanup", Time since last: 1003272035 ns, Reaching safepoint: 76496 ns, At safepoint: 7560 ns, Total: 84056 ns
[2020-02-28T05:37:58.152+0000][1][safepoint    ] Safepoint "Cleanup", Time since last: 1000482121 ns, Reaching safepoint: 108699 ns, At safepoint: 8531 ns, Total: 117230 ns
[2020-02-28T05:37:58.653+0000][1][safepoint    ] Safepoint "RevokeBias", Time since last: 501707374 ns, Reaching safepoint: 74757 ns, At safepoint: 18446 ns, Total: 93203 ns
[2020-02-28T05:37:59.662+0000][1][safepoint    ] Safepoint "Cleanup", Time since last: 1007900958 ns, Reaching safepoint: 132195 ns, At safepoint: 6738 ns, Total: 138933 ns
[2020-02-28T05:38:00.662+0000][1][safepoint    ] Safepoint "Cleanup", Time since last: 1000133576 ns, Reaching safepoint: 91675 ns, At safepoint: 9210 ns, Total: 100885 ns
[2020-02-28T05:38:01.161+0000][1][safepoint    ] Safepoint "RevokeBias", Time since last: 498731333 ns, Reaching safepoint: 79477 ns, At safepoint: 19225 ns, Total: 98702 ns
[2020-02-28T05:38:02.162+0000][1][safepoint    ] Safepoint "Cleanup", Time since last: 1001124079 ns, Reaching safepoint: 95072 ns, At safepoint: 7344 ns, Total: 102416 ns
[2020-02-28T05:38:03.165+0000][1][safepoint    ] Safepoint "Cleanup", Time since last: 1002718180 ns, Reaching safepoint: 110180 ns, At safepoint: 8150 ns, Total: 118330 ns
[2020-02-28T05:38:03.666+0000][1][safepoint    ] Safepoint "RevokeBias", Time since last: 501253330 ns, Reaching safepoint: 89439 ns, At safepoint: 21548 ns, Total: 110987 ns
[2020-02-28T05:38:04.671+0000][1][safepoint    ] Safepoint "Cleanup", Time since last: 1005090724 ns, Reaching safepoint: 79816 ns, At safepoint: 8444 ns, Total: 88260 ns
[2020-02-28T05:38:06.000+0000][1][safepoint    ] Safepoint "Cleanup", Time since last: 1328542866 ns, Reaching safepoint: 97143 ns, At safepoint: 8121 ns, Total: 105264 ns
[2020-02-28T05:38:06.248+0000][1][safepoint    ] Safepoint "RevokeBias", Time since last: 248500972 ns, Reaching safepoint: 62414 ns, At safepoint: 17789 ns, Total: 80203 ns
[2020-02-28T05:38:07.249+0000][1][safepoint    ] Safepoint "Cleanup", Time since last: 1000613904 ns, Reaching safepoint: 89824 ns, At safepoint: 8780 ns, Total: 98604 ns
[2020-02-28T05:38:08.250+0000][1][safepoint    ] Safepoint "Cleanup", Time since last: 1000589792 ns, Reaching safepoint: 72262 ns, At safepoint: 5757 ns, Total: 78019 ns
[2020-02-28T05:38:08.766+0000][1][safepoint    ] Safepoint "RevokeBias", Time since last: 516264083 ns, Reaching safepoint: 54908 ns, At safepoint: 16446 ns, Total: 71354 ns
[2020-02-28T05:38:09.767+0000][1][safepoint    ] Safepoint "Cleanup", Time since last: 1000334800 ns, Reaching safepoint: 88911 ns, At safepoint: 7794 ns, Total: 96705 ns
[2020-02-28T05:38:10.772+0000][1][safepoint    ] Safepoint "Cleanup", Time since last: 1005204993 ns, Reaching safepoint: 80296 ns, At safepoint: 7418 ns, Total: 87714 ns
[2020-02-28T05:38:11.289+0000][1][safepoint    ] Safepoint "RevokeBias", Time since last: 516916532 ns, Reaching safepoint: 100389 ns, At safepoint: 38793 ns, Total: 139182 ns
[2020-02-28T05:38:12.289+0000][1][safepoint    ] Safepoint "Cleanup", Time since last: 1000161432 ns, Reaching safepoint: 100512 ns, At safepoint: 8403 ns, Total: 108915 ns
[2020-02-28T05:38:13.290+0000][1][safepoint    ] Safepoint "Cleanup", Time since last: 1000739191 ns, Reaching safepoint: 60647 ns, At safepoint: 6597 ns, Total: 67244 ns
[2020-02-28T05:38:13.810+0000][1][safepoint    ] Safepoint "RevokeBias", Time since last: 519547020 ns, Reaching safepoint: 76729 ns, At safepoint: 18784 ns, Total: 95513 ns
[2020-02-28T05:38:14.810+0000][1][safepoint    ] Safepoint "Cleanup", Time since last: 1000526338 ns, Reaching safepoint: 90279 ns, At safepoint: 8642 ns, Total: 98921 ns
[2020-02-28T05:38:15.813+0000][1][safepoint    ] Safepoint "Cleanup", Time since last: 1002644677 ns, Reaching safepoint: 124707 ns, At safepoint: 22854 ns, Total: 147561 ns
[2020-02-28T05:38:16.320+0000][1][safepoint    ] Safepoint "RevokeBias", Time since last: 506991871 ns, Reaching safepoint: 87104 ns, At safepoint: 21205 ns, Total: 108309 ns
[2020-02-28T05:38:17.321+0000][1][safepoint    ] Safepoint "Cleanup", Time since last: 1000592361 ns, Reaching safepoint: 84368 ns, At safepoint: 8065 ns, Total: 92433 ns
[2020-02-28T05:38:18.330+0000][1][safepoint    ] Safepoint "Cleanup", Time since last: 1008817923 ns, Reaching safepoint: 77887 ns, At safepoint: 6446 ns, Total: 84333 ns
[2020-02-28T05:38:18.830+0000][1][safepoint    ] Safepoint "RevokeBias", Time since last: 500150924 ns, Reaching safepoint: 89858 ns, At safepoint: 21230 ns, Total: 111088 ns
[2020-02-28T05:38:19.833+0000][1][safepoint    ] Safepoint "Cleanup", Time since last: 1002813468 ns, Reaching safepoint: 166773 ns, At safepoint: 32495 ns, Total: 199268 ns
[2020-02-28T05:38:20.834+0000][1][safepoint    ] Safepoint "Cleanup", Time since last: 1001078940 ns, Reaching safepoint: 80248 ns, At safepoint: 8204 ns, Total: 88452 ns
[2020-02-28T05:38:21.333+0000][1][safepoint    ] Safepoint "RevokeBias", Time since last: 498983816 ns, Reaching safepoint: 73817 ns, At safepoint: 17703 ns, Total: 91520 ns
[2020-02-28T05:38:22.338+0000][1][safepoint    ] Safepoint "Cleanup", Time since last: 1004318923 ns, Reaching safepoint: 84308 ns, At safepoint: 7306 ns, Total: 91614 ns
[2020-02-28T05:38:23.339+0000][1][safepoint    ] Safepoint "Cleanup", Time since last: 1000726039 ns, Reaching safepoint: 85682 ns, At safepoint: 7269 ns, Total: 92951 ns
[2020-02-28T05:38:23.840+0000][1][safepoint    ] Safepoint "RevokeBias", Time since last: 500857712 ns, Reaching safepoint: 166321 ns, At safepoint: 21637 ns, Total: 187958 ns
[2020-02-28T05:38:24.841+0000][1][safepoint    ] Safepoint "Cleanup", Time since last: 1001368797 ns, Reaching safepoint: 60208 ns, At safepoint: 6507 ns, Total: 66715 ns
[2020-02-28T05:38:25.842+0000][1][safepoint    ] Safepoint "Cleanup", Time since last: 1000698634 ns, Reaching safepoint: 85773 ns, At safepoint: 7541 ns, Total: 93314 ns
[2020-02-28T05:38:26.344+0000][1][safepoint    ] Safepoint "BulkRevokeBias", Time since last: 501925899 ns, Reaching safepoint: 76108 ns, At safepoint: 199670 ns, Total: 275778 ns
[2020-02-28T05:38:27.345+0000][1][safepoint    ] Safepoint "Cleanup", Time since last: 1001237445 ns, Reaching safepoint: 219407 ns, At safepoint: 7589 ns, Total: 226996 ns
[2020-02-28T05:38:28.346+0000][1][safepoint    ] Safepoint "Cleanup", Time since last: 1000209802 ns, Reaching safepoint: 114276 ns, At safepoint: 7801 ns, Total: 122077 ns
[2020-02-28T05:38:28.856+0000][1][safepoint    ] Safepoint "RevokeBias", Time since last: 510134655 ns, Reaching safepoint: 121234 ns, At safepoint: 19346 ns, Total: 140580 ns
[2020-02-28T05:38:29.929+0000][1][safepoint    ] Safepoint "Cleanup", Time since last: 1072943931 ns, Reaching safepoint: 78557 ns, At safepoint: 6793 ns, Total: 85350 ns
[2020-02-28T05:38:30.930+0000][1][safepoint    ] Safepoint "Cleanup", Time since last: 1000566129 ns, Reaching safepoint: 78891 ns, At safepoint: 7315 ns, Total: 86206 ns
[2020-02-28T05:38:31.468+0000][1][safepoint    ] Safepoint "RevokeBias", Time since last: 538396120 ns, Reaching safepoint: 79578 ns, At safepoint: 18685 ns, Total: 98263 ns
[2020-02-28T05:38:32.470+0000][1][safepoint    ] Safepoint "Cleanup", Time since last: 1002077746 ns, Reaching safepoint: 79581 ns, At safepoint: 7784 ns, Total: 87365 ns
[2020-02-28T05:38:33.471+0000][1][safepoint    ] Safepoint "Cleanup", Time since last: 1000437539 ns, Reaching safepoint: 106717 ns, At safepoint: 8628 ns, Total: 115345 ns
[2020-02-28T05:38:33.981+0000][1][safepoint    ] Safepoint "RevokeBias", Time since last: 510065111 ns, Reaching safepoint: 153858 ns, At safepoint: 44251 ns, Total: 198109 ns
[2020-02-28T05:38:34.982+0000][1][safepoint    ] Safepoint "Cleanup", Time since last: 1000574107 ns, Reaching safepoint: 100181 ns, At safepoint: 12083 ns, Total: 112264 ns
[2020-02-28T05:38:35.983+0000][1][safepoint    ] Safepoint "Cleanup", Time since last: 1000527660 ns, Reaching safepoint: 88893 ns, At safepoint: 9069 ns, Total: 97962 ns
[2020-02-28T05:38:36.500+0000][1][safepoint    ] Safepoint "RevokeBias", Time since last: 517047584 ns, Reaching safepoint: 59007 ns, At safepoint: 17142 ns, Total: 76149 ns
[2020-02-28T05:38:37.500+0000][1][safepoint    ] Safepoint "Cleanup", Time since last: 1000532547 ns, Reaching safepoint: 83285 ns, At safepoint: 9054 ns, Total: 92339 ns
[2020-02-28T05:38:38.506+0000][1][safepoint    ] Safepoint "Cleanup", Time since last: 1005734424 ns, Reaching safepoint: 96810 ns, At safepoint: 7143 ns, Total: 103953 ns
[2020-02-28T05:38:39.031+0000][1][safepoint    ] Safepoint "RevokeBias", Time since last: 524670396 ns, Reaching safepoint: 74766 ns, At safepoint: 18668 ns, Total: 93434 ns
[2020-02-28T05:38:40.031+0000][1][safepoint    ] Safepoint "Cleanup", Time since last: 1000168490 ns, Reaching safepoint: 88227 ns, At safepoint: 8336 ns, Total: 96563 ns
[2020-02-28T05:38:41.036+0000][1][safepoint    ] Safepoint "Cleanup", Time since last: 1005056061 ns, Reaching safepoint: 80981 ns, At safepoint: 6869 ns, Total: 87850 ns
[2020-02-28T05:38:41.549+0000][1][safepoint    ] Safepoint "RevokeBias", Time since last: 512470702 ns, Reaching safepoint: 54234 ns, At safepoint: 33627 ns, Total: 87861 ns
[2020-02-28T05:38:42.549+0000][1][safepoint    ] Safepoint "Cleanup", Time since last: 1000163775 ns, Reaching safepoint: 104947 ns, At safepoint: 7848 ns, Total: 112795 ns
[2020-02-28T05:38:43.558+0000][1][safepoint    ] Safepoint "Cleanup", Time since last: 1008925373 ns, Reaching safepoint: 96907 ns, At safepoint: 7156 ns, Total: 104063 ns
[2020-02-28T05:38:44.060+0000][1][safepoint    ] Safepoint "RevokeBias", Time since last: 501593667 ns, Reaching safepoint: 74036 ns, At safepoint: 18027 ns, Total: 92063 ns
[2020-02-28T05:38:45.060+0000][1][safepoint    ] Safepoint "Cleanup", Time since last: 1000365571 ns, Reaching safepoint: 136152 ns, At safepoint: 7308 ns, Total: 143460 ns
[2020-02-28T05:38:46.062+0000][1][safepoint    ] Safepoint "Cleanup", Time since last: 1001643376 ns, Reaching safepoint: 115675 ns, At safepoint: 6899 ns, Total: 122574 ns
[2020-02-28T05:38:46.563+0000][1][safepoint    ] Safepoint "RevokeBias", Time since last: 501265687 ns, Reaching safepoint: 89630 ns, At safepoint: 21013 ns, Total: 110643 ns
[2020-02-28T05:38:47.568+0000][1][safepoint    ] Safepoint "Cleanup", Time since last: 1004359046 ns, Reaching safepoint: 99724 ns, At safepoint: 8363 ns, Total: 108087 ns
[2020-02-28T05:38:47.842+0000][1][gc,start     ] GC(39) Pause Young (Allocation Failure)
[2020-02-28T05:38:47.842+0000][1][gc,task      ] GC(39) Using 1 workers of 1 for evacuation
[2020-02-28T05:38:47.867+0000][1][gc,age       ] GC(39) Desired survivor size 4358144 bytes, new threshold 6 (max threshold 6)
[2020-02-28T05:38:47.867+0000][1][gc,age       ] GC(39) Age table with threshold 6 (max threshold 6)
[2020-02-28T05:38:47.867+0000][1][gc,age       ] GC(39) - age   1:      12424 bytes,      12424 total
[2020-02-28T05:38:47.867+0000][1][gc,age       ] GC(39) - age   2:       5344 bytes,      17768 total
[2020-02-28T05:38:47.867+0000][1][gc,age       ] GC(39) - age   3:      19024 bytes,      36792 total
[2020-02-28T05:38:47.867+0000][1][gc,age       ] GC(39) - age   4:       1464 bytes,      38256 total
[2020-02-28T05:38:47.867+0000][1][gc,age       ] GC(39) - age   5:       1520 bytes,      39776 total
[2020-02-28T05:38:47.867+0000][1][gc,age       ] GC(39) - age   6:       2096 bytes,      41872 total
[2020-02-28T05:38:47.867+0000][1][gc,heap      ] GC(39) ParNew: 68250K->76K(76672K)
[2020-02-28T05:38:47.867+0000][1][gc,heap      ] GC(39) CMS: 62329K->62332K(963392K)
[2020-02-28T05:38:47.867+0000][1][gc,metaspace ] GC(39) Metaspace: 79222K->79222K(1122304K)
[2020-02-28T05:38:47.867+0000][1][gc           ] GC(39) Pause Young (Allocation Failure) 127M->60M(1015M) 25.319ms
[2020-02-28T05:38:47.867+0000][1][gc,cpu       ] GC(39) User=0.01s Sys=0.00s Real=0.03s
[2020-02-28T05:38:47.867+0000][1][safepoint    ] Safepoint "GenCollectForAllocation", Time since last: 273610333 ns, Reaching safepoint: 74281 ns, At safepoint: 25380406 ns, Total: 25454687 ns
[2020-02-28T05:38:48.868+0000][1][safepoint    ] Safepoint "Cleanup", Time since last: 1000625077 ns, Reaching safepoint: 99344 ns, At safepoint: 8468 ns, Total: 107812 ns
[2020-02-28T05:38:49.068+0000][1][safepoint    ] Safepoint "RevokeBias", Time since last: 199871322 ns, Reaching safepoint: 82812 ns, At safepoint: 19088 ns, Total: 101900 ns
[2020-02-28T05:38:50.072+0000][1][safepoint    ] Safepoint "Cleanup", Time since last: 1003806473 ns, Reaching safepoint: 78561 ns, At safepoint: 7808 ns, Total: 86369 ns
[2020-02-28T05:38:51.072+0000][1][safepoint    ] Safepoint "Cleanup", Time since last: 1000769936 ns, Reaching safepoint: 85107 ns, At safepoint: 7302 ns, Total: 92409 ns
[2020-02-28T05:38:51.580+0000][1][safepoint    ] Safepoint "RevokeBias", Time since last: 507517693 ns, Reaching safepoint: 88188 ns, At safepoint: 21736 ns, Total: 109924 ns
[2020-02-28T05:38:52.586+0000][1][safepoint    ] Safepoint "Cleanup", Time since last: 1005628623 ns, Reaching safepoint: 59782 ns, At safepoint: 6918 ns, Total: 66700 ns
[2020-02-28T05:38:53.586+0000][1][safepoint    ] Safepoint "Cleanup", Time since last: 1000190858 ns, Reaching safepoint: 78700 ns, At safepoint: 8226 ns, Total: 86926 ns
[2020-02-28T05:38:54.084+0000][1][safepoint    ] Safepoint "RevokeBias", Time since last: 497658343 ns, Reaching safepoint: 87514 ns, At safepoint: 71380 ns, Total: 158894 ns
[2020-02-28T05:38:55.087+0000][1][safepoint    ] Safepoint "Cleanup", Time since last: 1003175664 ns, Reaching safepoint: 66577 ns, At safepoint: 6930 ns, Total: 73507 ns
[2020-02-28T05:38:56.088+0000][1][safepoint    ] Safepoint "Cleanup", Time since last: 1000385148 ns, Reaching safepoint: 80798 ns, At safepoint: 7510 ns, Total: 88308 ns
[2020-02-28T05:38:56.593+0000][1][safepoint    ] Safepoint "RevokeBias", Time since last: 505439031 ns, Reaching safepoint: 56051 ns, At safepoint: 16936 ns, Total: 72987 ns
[2020-02-28T05:38:57.594+0000][1][safepoint    ] Safepoint "Cleanup", Time since last: 1000800333 ns, Reaching safepoint: 77484 ns, At safepoint: 7141 ns, Total: 84625 ns
[2020-02-28T05:38:58.595+0000][1][safepoint    ] Safepoint "Cleanup", Time since last: 1000889551 ns, Reaching safepoint: 85149 ns, At safepoint: 7843 ns, Total: 92992 ns
[2020-02-28T05:38:59.117+0000][1][safepoint    ] Safepoint "RevokeBias", Time since last: 521465815 ns, Reaching safepoint: 74444 ns, At safepoint: 18981 ns, Total: 93425 ns
[2020-02-28T05:39:00.117+0000][1][safepoint    ] Safepoint "Cleanup", Time since last: 1000790359 ns, Reaching safepoint: 78307 ns, At safepoint: 7350 ns, Total: 85657 ns
[2020-02-28T05:39:01.123+0000][1][safepoint    ] Safepoint "Cleanup", Time since last: 1005629745 ns, Reaching safepoint: 60365 ns, At safepoint: 6851 ns, Total: 67216 ns
[2020-02-28T05:39:01.635+0000][1][safepoint    ] Safepoint "RevokeBias", Time since last: 511826114 ns, Reaching safepoint: 73072 ns, At safepoint: 16631 ns, Total: 89703 ns
[2020-02-28T05:39:02.635+0000][1][safepoint    ] Safepoint "Cleanup", Time since last: 1000311711 ns, Reaching safepoint: 79260 ns, At safepoint: 8229 ns, Total: 87489 ns
[2020-02-28T05:39:03.636+0000][1][safepoint    ] Safepoint "Cleanup", Time since last: 1000921900 ns, Reaching safepoint: 62736 ns, At safepoint: 6602 ns, Total: 69338 ns
[2020-02-28T05:39:04.154+0000][1][safepoint    ] Safepoint "RevokeBias", Time since last: 517077689 ns, Reaching safepoint: 107572 ns, At safepoint: 21941 ns, Total: 129513 ns
[2020-02-28T05:39:05.154+0000][1][safepoint    ] Safepoint "Cleanup", Time since last: 1000235704 ns, Reaching safepoint: 137562 ns, At safepoint: 7753 ns, Total: 145315 ns
[2020-02-28T05:39:06.168+0000][1][safepoint    ] Safepoint "Cleanup", Time since last: 1002605715 ns, Reaching safepoint: 11081464 ns, At safepoint: 13737 ns, Total: 11095201 ns
[2020-02-28T05:39:06.679+0000][1][safepoint    ] Safepoint "RevokeBias", Time since last: 511675438 ns, Reaching safepoint: 60452 ns, At safepoint: 18307 ns, Total: 78759 ns
[2020-02-28T05:39:07.680+0000][1][safepoint    ] Safepoint "Cleanup", Time since last: 1000685210 ns, Reaching safepoint: 83437 ns, At safepoint: 9119 ns, Total: 92556 ns
[2020-02-28T05:39:08.684+0000][1][safepoint    ] Safepoint "Cleanup", Time since last: 1003614825 ns, Reaching safepoint: 138415 ns, At safepoint: 16094 ns, Total: 154509 ns
[2020-02-28T05:39:09.195+0000][1][safepoint    ] Safepoint "RevokeBias", Time since last: 510568710 ns, Reaching safepoint: 110288 ns, At safepoint: 24252 ns, Total: 134540 ns
[2020-02-28T05:39:10.195+0000][1][safepoint    ] Safepoint "Cleanup", Time since last: 1000350823 ns, Reaching safepoint: 80153 ns, At safepoint: 8397 ns, Total: 88550 ns
[2020-02-28T05:39:11.200+0000][1][safepoint    ] Safepoint "Cleanup", Time since last: 1004674392 ns, Reaching safepoint: 76587 ns, At safepoint: 7337 ns, Total: 83924 ns
[2020-02-28T05:39:11.698+0000][1][safepoint    ] Safepoint "RevokeBias", Time since last: 498150641 ns, Reaching safepoint: 89935 ns, At safepoint: 21560 ns, Total: 111495 ns
[2020-02-28T05:39:12.701+0000][1][safepoint    ] Safepoint "Cleanup", Time since last: 1002838174 ns, Reaching safepoint: 59118 ns, At safepoint: 6350 ns, Total: 65468 ns
[2020-02-28T05:39:13.701+0000][1][safepoint    ] Safepoint "Cleanup", Time since last: 1000242264 ns, Reaching safepoint: 79668 ns, At safepoint: 7675 ns, Total: 87343 ns
[2020-02-28T05:39:14.201+0000][1][safepoint    ] Safepoint "RevokeBias", Time since last: 499362074 ns, Reaching safepoint: 77454 ns, At safepoint: 45898 ns, Total: 123352 ns
[2020-02-28T05:39:15.207+0000][1][safepoint    ] Safepoint "Cleanup", Time since last: 1005751958 ns, Reaching safepoint: 194671 ns, At safepoint: 9765 ns, Total: 204436 ns
[2020-02-28T05:39:16.208+0000][1][safepoint    ] Safepoint "Cleanup", Time since last: 1000852360 ns, Reaching safepoint: 249759 ns, At safepoint: 28652 ns, Total: 278411 ns
[2020-02-28T05:39:16.704+0000][1][safepoint    ] Safepoint "RevokeBias", Time since last: 495995314 ns, Reaching safepoint: 73823 ns, At safepoint: 17606 ns, Total: 91429 ns
[2020-02-28T05:39:17.708+0000][1][safepoint    ] Safepoint "Cleanup", Time since last: 1003736963 ns, Reaching safepoint: 177373 ns, At safepoint: 6029 ns, Total: 183402 ns
[2020-02-28T05:39:18.709+0000][1][safepoint    ] Safepoint "Cleanup", Time since last: 1000643854 ns, Reaching safepoint: 76587 ns, At safepoint: 6406 ns, Total: 82993 ns
[2020-02-28T05:39:19.209+0000][1][safepoint    ] Safepoint "RevokeBias", Time since last: 500578063 ns, Reaching safepoint: 78114 ns, At safepoint: 19452 ns, Total: 97566 ns
[2020-02-28T05:39:20.215+0000][1][safepoint    ] Safepoint "Cleanup", Time since last: 1005278366 ns, Reaching safepoint: 77240 ns, At safepoint: 7102 ns, Total: 84342 ns
[2020-02-28T05:39:21.215+0000][1][safepoint    ] Safepoint "Cleanup", Time since last: 1000179988 ns, Reaching safepoint: 83480 ns, At safepoint: 7563 ns, Total: 91043 ns
[2020-02-28T05:39:21.724+0000][1][safepoint    ] Safepoint "RevokeBias", Time since last: 509278326 ns, Reaching safepoint: 57003 ns, At safepoint: 16545 ns, Total: 73548 ns
[2020-02-28T05:39:22.725+0000][1][safepoint    ] Safepoint "Cleanup", Time since last: 1000583919 ns, Reaching safepoint: 141254 ns, At safepoint: 8957 ns, Total: 150211 ns
[2020-02-28T05:39:23.726+0000][1][safepoint    ] Safepoint "Cleanup", Time since last: 1000640166 ns, Reaching safepoint: 90422 ns, At safepoint: 8838 ns, Total: 99260 ns
[2020-02-28T05:39:24.242+0000][1][safepoint    ] Safepoint "RevokeBias", Time since last: 516379538 ns, Reaching safepoint: 73579 ns, At safepoint: 17578 ns, Total: 91157 ns
[2020-02-28T05:39:25.243+0000][1][safepoint    ] Safepoint "Cleanup", Time since last: 1000841683 ns, Reaching safepoint: 89210 ns, At safepoint: 8823 ns, Total: 98033 ns
[2020-02-28T05:39:26.244+0000][1][safepoint    ] Safepoint "Cleanup", Time since last: 1000677382 ns, Reaching safepoint: 62383 ns, At safepoint: 7322 ns, Total: 69705 ns
[2020-02-28T05:39:26.756+0000][1][safepoint    ] Safepoint "RevokeBias", Time since last: 512165809 ns, Reaching safepoint: 78853 ns, At safepoint: 17937 ns, Total: 96790 ns
[2020-02-28T05:39:27.757+0000][1][safepoint    ] Safepoint "Cleanup", Time since last: 1000851819 ns, Reaching safepoint: 87782 ns, At safepoint: 8516 ns, Total: 96298 ns
[2020-02-28T05:39:28.759+0000][1][safepoint    ] Safepoint "Cleanup", Time since last: 1001196724 ns, Reaching safepoint: 79735 ns, At safepoint: 7384 ns, Total: 87119 ns
[2020-02-28T05:39:29.285+0000][1][safepoint    ] Safepoint "RevokeBias", Time since last: 526697751 ns, Reaching safepoint: 76876 ns, At safepoint: 94200 ns, Total: 171076 ns
[2020-02-28T05:39:30.286+0000][1][safepoint    ] Safepoint "Cleanup", Time since last: 1000683784 ns, Reaching safepoint: 165490 ns, At safepoint: 8551 ns, Total: 174041 ns
[2020-02-28T05:39:31.292+0000][1][safepoint    ] Safepoint "Cleanup", Time since last: 1005758395 ns, Reaching safepoint: 80011 ns, At safepoint: 6509 ns, Total: 86520 ns
[2020-02-28T05:39:31.804+0000][1][safepoint    ] Safepoint "RevokeBias", Time since last: 511935303 ns, Reaching safepoint: 120458 ns, At safepoint: 33005 ns, Total: 153463 ns
[2020-02-28T05:39:32.805+0000][1][safepoint    ] Safepoint "Cleanup", Time since last: 1000707955 ns, Reaching safepoint: 139856 ns, At safepoint: 24848 ns, Total: 164704 ns
[2020-02-28T05:39:33.814+0000][1][safepoint    ] Safepoint "Cleanup", Time since last: 1008353521 ns, Reaching safepoint: 123072 ns, At safepoint: 28652 ns, Total: 151724 ns
[2020-02-28T05:39:34.318+0000][1][safepoint    ] Safepoint "RevokeBias", Time since last: 504545763 ns, Reaching safepoint: 78613 ns, At safepoint: 17210 ns, Total: 95823 ns
[2020-02-28T05:39:35.319+0000][1][safepoint    ] Safepoint "Cleanup", Time since last: 1000756743 ns, Reaching safepoint: 122902 ns, At safepoint: 10017 ns, Total: 132919 ns
[2020-02-28T05:39:36.324+0000][1][safepoint    ] Safepoint "Cleanup", Time since last: 1004830127 ns, Reaching safepoint: 95909 ns, At safepoint: 24719 ns, Total: 120628 ns
[2020-02-28T05:39:36.825+0000][1][safepoint    ] Safepoint "RevokeBias", Time since last: 500625098 ns, Reaching safepoint: 138374 ns, At safepoint: 30448 ns, Total: 168822 ns
[2020-02-28T05:39:37.825+0000][1][safepoint    ] Safepoint "Cleanup", Time since last: 1000214603 ns, Reaching safepoint: 94887 ns, At safepoint: 7055 ns, Total: 101942 ns
[2020-02-28T05:39:38.833+0000][1][safepoint    ] Safepoint "Cleanup", Time since last: 1007772207 ns, Reaching safepoint: 83119 ns, At safepoint: 13456 ns, Total: 96575 ns
[2020-02-28T05:39:39.330+0000][1][safepoint    ] Safepoint "BulkRevokeBias", Time since last: 496426192 ns, Reaching safepoint: 82008 ns, At safepoint: 352273 ns, Total: 434281 ns
[2020-02-28T05:39:40.336+0000][1][safepoint    ] Safepoint "Cleanup", Time since last: 1005727022 ns, Reaching safepoint: 144923 ns, At safepoint: 29049 ns, Total: 173972 ns
[2020-02-28T05:39:41.337+0000][1][safepoint    ] Safepoint "Cleanup", Time since last: 1001068186 ns, Reaching safepoint: 98238 ns, At safepoint: 7574 ns, Total: 105812 ns
[2020-02-28T05:39:41.835+0000][1][safepoint    ] Safepoint "RevokeBias", Time since last: 498105513 ns, Reaching safepoint: 85057 ns, At safepoint: 62002 ns, Total: 147059 ns
[2020-02-28T05:39:42.839+0000][1][safepoint    ] Safepoint "Cleanup", Time since last: 1003320332 ns, Reaching safepoint: 80120 ns, At safepoint: 7373 ns, Total: 87493 ns
[2020-02-28T05:39:43.840+0000][1][safepoint    ] Safepoint "Cleanup", Time since last: 1000829900 ns, Reaching safepoint: 77198 ns, At safepoint: 7248 ns, Total: 84446 ns
[2020-02-28T05:39:44.339+0000][1][safepoint    ] Safepoint "RevokeBias", Time since last: 499531927 ns, Reaching safepoint: 74641 ns, At safepoint: 18176 ns, Total: 92817 ns
[2020-02-28T05:39:45.347+0000][1][safepoint    ] Safepoint "Cleanup", Time since last: 1007711680 ns, Reaching safepoint: 75081 ns, At safepoint: 7466 ns, Total: 82547 ns
[2020-02-28T05:39:46.348+0000][1][safepoint    ] Safepoint "Cleanup", Time since last: 1000584304 ns, Reaching safepoint: 205185 ns, At safepoint: 7546 ns, Total: 212731 ns
[2020-02-28T05:39:46.845+0000][1][safepoint    ] Safepoint "RevokeBias", Time since last: 497426005 ns, Reaching safepoint: 117158 ns, At safepoint: 25495 ns, Total: 142653 ns
[2020-02-28T05:39:47.853+0000][1][safepoint    ] Safepoint "Cleanup", Time since last: 1007588945 ns, Reaching safepoint: 63541 ns, At safepoint: 7702 ns, Total: 71243 ns
[2020-02-28T05:39:48.854+0000][1][safepoint    ] Safepoint "Cleanup", Time since last: 1000566495 ns, Reaching safepoint: 73395 ns, At safepoint: 6301 ns, Total: 79696 ns
[2020-02-28T05:39:49.352+0000][1][safepoint    ] Safepoint "RevokeBias", Time since last: 498113037 ns, Reaching safepoint: 106854 ns, At safepoint: 20687 ns, Total: 127541 ns
[2020-02-28T05:39:50.353+0000][1][safepoint    ] Safepoint "Cleanup", Time since last: 1001131422 ns, Reaching safepoint: 97814 ns, At safepoint: 7298 ns, Total: 105112 ns
[2020-02-28T05:39:51.354+0000][1][safepoint    ] Safepoint "Cleanup", Time since last: 1000452613 ns, Reaching safepoint: 78251 ns, At safepoint: 7380 ns, Total: 85631 ns
[2020-02-28T05:39:51.866+0000][1][safepoint    ] Safepoint "RevokeBias", Time since last: 512556671 ns, Reaching safepoint: 157437 ns, At safepoint: 35185 ns, Total: 192622 ns
[2020-02-28T05:39:52.867+0000][1][safepoint    ] Safepoint "Cleanup", Time since last: 1000671449 ns, Reaching safepoint: 90268 ns, At safepoint: 8708 ns, Total: 98976 ns
[2020-02-28T05:39:53.868+0000][1][safepoint    ] Safepoint "Cleanup", Time since last: 1000633441 ns, Reaching safepoint: 98086 ns, At safepoint: 9571 ns, Total: 107657 ns
[2020-02-28T05:39:54.396+0000][1][safepoint    ] Safepoint "RevokeBias", Time since last: 528355337 ns, Reaching safepoint: 105854 ns, At safepoint: 37399 ns, Total: 143253 ns
[2020-02-28T05:39:55.397+0000][1][safepoint    ] Safepoint "Cleanup", Time since last: 1000523561 ns, Reaching safepoint: 77642 ns, At safepoint: 7844 ns, Total: 85486 ns
[2020-02-28T05:39:56.400+0000][1][safepoint    ] Safepoint "Cleanup", Time since last: 1002759730 ns, Reaching safepoint: 122113 ns, At safepoint: 26159 ns, Total: 148272 ns
[2020-02-28T05:39:56.930+0000][1][safepoint    ] Safepoint "RevokeBias", Time since last: 529772601 ns, Reaching safepoint: 62158 ns, At safepoint: 18064 ns, Total: 80222 ns
[2020-02-28T05:39:57.930+0000][1][safepoint    ] Safepoint "Cleanup", Time since last: 1000319006 ns, Reaching safepoint: 83235 ns, At safepoint: 8523 ns, Total: 91758 ns
[2020-02-28T05:39:58.933+0000][1][safepoint    ] Safepoint "Cleanup", Time since last: 1002789730 ns, Reaching safepoint: 77319 ns, At safepoint: 6964 ns, Total: 84283 ns
[2020-02-28T05:39:59.444+0000][1][safepoint    ] Safepoint "RevokeBias", Time since last: 510857546 ns, Reaching safepoint: 92857 ns, At safepoint: 18432 ns, Total: 111289 ns
[2020-02-28T05:40:00.445+0000][1][safepoint    ] Safepoint "Cleanup", Time since last: 1000788036 ns, Reaching safepoint: 75469 ns, At safepoint: 8691 ns, Total: 84160 ns
[2020-02-28T05:40:01.447+0000][1][safepoint    ] Safepoint "Cleanup", Time since last: 1001811350 ns, Reaching safepoint: 62146 ns, At safepoint: 6064 ns, Total: 68210 ns
[2020-02-28T05:40:01.955+0000][1][safepoint    ] Safepoint "RevokeBias", Time since last: 507956767 ns, Reaching safepoint: 75398 ns, At safepoint: 19076 ns, Total: 94474 ns
[2020-02-28T05:40:02.955+0000][1][safepoint    ] Safepoint "Cleanup", Time since last: 1000571541 ns, Reaching safepoint: 83387 ns, At safepoint: 7945 ns, Total: 91332 ns
[2020-02-28T05:40:03.965+0000][1][safepoint    ] Safepoint "Cleanup", Time since last: 1009233294 ns, Reaching safepoint: 81575 ns, At safepoint: 7305 ns, Total: 88880 ns
[2020-02-28T05:40:04.460+0000][1][safepoint    ] Safepoint "RevokeBias", Time since last: 495345862 ns, Reaching safepoint: 90484 ns, At safepoint: 21466 ns, Total: 111950 ns
[2020-02-28T05:40:05.461+0000][1][safepoint    ] Safepoint "Cleanup", Time since last: 1000448931 ns, Reaching safepoint: 79474 ns, At safepoint: 7254 ns, Total: 86728 ns
[2020-02-28T05:40:06.472+0000][1][safepoint    ] Safepoint "Cleanup", Time since last: 1010601827 ns, Reaching safepoint: 115025 ns, At safepoint: 11730 ns, Total: 126755 ns
[2020-02-28T05:40:07.070+0000][1][safepoint    ] Safepoint "RevokeBias", Time since last: 598257422 ns, Reaching safepoint: 76651 ns, At safepoint: 19073 ns, Total: 95724 ns
[2020-02-28T05:40:08.076+0000][1][safepoint    ] Safepoint "Cleanup", Time since last: 1005587755 ns, Reaching safepoint: 112143 ns, At safepoint: 13301 ns, Total: 125444 ns
[2020-02-28T05:40:09.076+0000][1][safepoint    ] Safepoint "Cleanup", Time since last: 1000602368 ns, Reaching safepoint: 89931 ns, At safepoint: 8391 ns, Total: 98322 ns
[2020-02-28T05:40:09.576+0000][1][safepoint    ] Safepoint "RevokeBias", Time since last: 499967845 ns, Reaching safepoint: 121808 ns, At safepoint: 26300 ns, Total: 148108 ns
[2020-02-28T05:40:10.579+0000][1][safepoint    ] Safepoint "Cleanup", Time since last: 1002627415 ns, Reaching safepoint: 249764 ns, At safepoint: 11262 ns, Total: 261026 ns
[2020-02-28T05:40:11.580+0000][1][safepoint    ] Safepoint "Cleanup", Time since last: 1000312043 ns, Reaching safepoint: 124396 ns, At safepoint: 9091 ns, Total: 133487 ns
[2020-02-28T05:40:12.083+0000][1][safepoint    ] Safepoint "RevokeBias", Time since last: 502662317 ns, Reaching safepoint: 80820 ns, At safepoint: 36947 ns, Total: 117767 ns
[2020-02-28T05:40:13.085+0000][1][safepoint    ] Safepoint "Cleanup", Time since last: 1002480288 ns, Reaching safepoint: 100845 ns, At safepoint: 8062 ns, Total: 108907 ns
[2020-02-28T05:40:14.085+0000][1][safepoint    ] Safepoint "Cleanup", Time since last: 1000188095 ns, Reaching safepoint: 95841 ns, At safepoint: 7529 ns, Total: 103370 ns
[2020-02-28T05:40:14.589+0000][1][safepoint    ] Safepoint "RevokeBias", Time since last: 503300429 ns, Reaching safepoint: 76085 ns, At safepoint: 18795 ns, Total: 94880 ns
[2020-02-28T05:40:15.595+0000][1][safepoint    ] Safepoint "Cleanup", Time since last: 1006210211 ns, Reaching safepoint: 77379 ns, At safepoint: 7863 ns, Total: 85242 ns
[2020-02-28T05:40:16.595+0000][1][safepoint    ] Safepoint "Cleanup", Time since last: 1000170669 ns, Reaching safepoint: 86977 ns, At safepoint: 8797 ns, Total: 95774 ns
[2020-02-28T05:40:17.103+0000][1][safepoint    ] Safepoint "RevokeBias", Time since last: 507343345 ns, Reaching safepoint: 76013 ns, At safepoint: 18592 ns, Total: 94605 ns
[2020-02-28T05:40:18.103+0000][1][safepoint    ] Safepoint "Cleanup", Time since last: 1000409029 ns, Reaching safepoint: 78717 ns, At safepoint: 7331 ns, Total: 86048 ns
[2020-02-28T05:40:19.104+0000][1][safepoint    ] Safepoint "Cleanup", Time since last: 1000385021 ns, Reaching safepoint: 92643 ns, At safepoint: 8662 ns, Total: 101305 ns
[2020-02-28T05:40:19.625+0000][1][safepoint    ] Safepoint "RevokeBias", Time since last: 512505406 ns, Reaching safepoint: 8888847 ns, At safepoint: 27531 ns, Total: 8916378 ns
[2020-02-28T05:40:20.626+0000][1][safepoint    ] Safepoint "Cleanup", Time since last: 1000376403 ns, Reaching safepoint: 75719 ns, At safepoint: 7055 ns, Total: 82774 ns
[2020-02-28T05:40:21.633+0000][1][safepoint    ] Safepoint "Cleanup", Time since last: 1007399040 ns, Reaching safepoint: 73824 ns, At safepoint: 5855 ns, Total: 79679 ns
[2020-02-28T05:40:22.142+0000][1][safepoint    ] Safepoint "RevokeBias", Time since last: 508511159 ns, Reaching safepoint: 74238 ns, At safepoint: 35196 ns, Total: 109434 ns
[2020-02-28T05:40:23.142+0000][1][safepoint    ] Safepoint "Cleanup", Time since last: 1000355076 ns, Reaching safepoint: 79526 ns, At safepoint: 7828 ns, Total: 87354 ns
[2020-02-28T05:40:24.145+0000][1][safepoint    ] Safepoint "Cleanup", Time since last: 1002815441 ns, Reaching safepoint: 69729 ns, At safepoint: 8116 ns, Total: 77845 ns
[2020-02-28T05:40:24.667+0000][1][safepoint    ] Safepoint "RevokeBias", Time since last: 522151627 ns, Reaching safepoint: 55826 ns, At safepoint: 17150 ns, Total: 72976 ns
[2020-02-28T05:40:25.668+0000][1][safepoint    ] Safepoint "Cleanup", Time since last: 1000190701 ns, Reaching safepoint: 81553 ns, At safepoint: 8002 ns, Total: 89555 ns
[2020-02-28T05:40:26.673+0000][1][safepoint    ] Safepoint "Cleanup", Time since last: 1005123191 ns, Reaching safepoint: 207761 ns, At safepoint: 26020 ns, Total: 233781 ns
[2020-02-28T05:40:27.178+0000][1][safepoint    ] Safepoint "RevokeBias", Time since last: 504631364 ns, Reaching safepoint: 218090 ns, At safepoint: 24651 ns, Total: 242741 ns
[2020-02-28T05:40:28.179+0000][1][safepoint    ] Safepoint "Cleanup", Time since last: 1000935514 ns, Reaching safepoint: 79440 ns, At safepoint: 7973 ns, Total: 87413 ns
[2020-02-28T05:40:29.180+0000][1][safepoint    ] Safepoint "Cleanup", Time since last: 1001066603 ns, Reaching safepoint: 81427 ns, At safepoint: 7759 ns, Total: 89186 ns
[2020-02-28T05:40:29.682+0000][1][safepoint    ] Safepoint "RevokeBias", Time since last: 501893223 ns, Reaching safepoint: 78027 ns, At safepoint: 18467 ns, Total: 96494 ns
[2020-02-28T05:40:30.690+0000][1][safepoint    ] Safepoint "Cleanup", Time since last: 1007500868 ns, Reaching safepoint: 79818 ns, At safepoint: 7295 ns, Total: 87113 ns
[2020-02-28T05:40:31.690+0000][1][safepoint    ] Safepoint "Cleanup", Time since last: 1000599323 ns, Reaching safepoint: 84172 ns, At safepoint: 7311 ns, Total: 91483 ns
[2020-02-28T05:40:32.188+0000][1][safepoint    ] Safepoint "RevokeBias", Time since last: 498084923 ns, Reaching safepoint: 86776 ns, At safepoint: 21043 ns, Total: 107819 ns
[2020-02-28T05:40:33.191+0000][1][safepoint    ] Safepoint "Cleanup", Time since last: 1002612853 ns, Reaching safepoint: 157186 ns, At safepoint: 5845 ns, Total: 163031 ns
[2020-02-28T05:40:34.192+0000][1][safepoint    ] Safepoint "Cleanup", Time since last: 1000703445 ns, Reaching safepoint: 90263 ns, At safepoint: 9377 ns, Total: 99640 ns
[2020-02-28T05:40:34.702+0000][1][safepoint    ] Safepoint "RevokeBias", Time since last: 508943159 ns, Reaching safepoint: 1356803 ns, At safepoint: 45845 ns, Total: 1402648 ns
[2020-02-28T05:40:35.703+0000][1][safepoint    ] Safepoint "Cleanup", Time since last: 1000483119 ns, Reaching safepoint: 75005 ns, At safepoint: 6538 ns, Total: 81543 ns
[2020-02-28T05:40:36.703+0000][1][safepoint    ] Safepoint "Cleanup", Time since last: 1000228261 ns, Reaching safepoint: 80708 ns, At safepoint: 7843 ns, Total: 88551 ns
[2020-02-28T05:40:37.205+0000][1][safepoint    ] Safepoint "RevokeBias", Time since last: 501253744 ns, Reaching safepoint: 92309 ns, At safepoint: 21435 ns, Total: 113744 ns
[2020-02-28T05:40:38.205+0000][1][safepoint    ] Safepoint "Cleanup", Time since last: 1000549292 ns, Reaching safepoint: 58784 ns, At safepoint: 5874 ns, Total: 64658 ns
[2020-02-28T05:40:39.206+0000][1][safepoint    ] Safepoint "Cleanup", Time since last: 1000829360 ns, Reaching safepoint: 230498 ns, At safepoint: 27958 ns, Total: 258456 ns
[2020-02-28T05:40:39.710+0000][1][safepoint    ] Safepoint "RevokeBias", Time since last: 503421121 ns, Reaching safepoint: 74634 ns, At safepoint: 18491 ns, Total: 93125 ns
[2020-02-28T05:40:40.711+0000][1][safepoint    ] Safepoint "Cleanup", Time since last: 1000701659 ns, Reaching safepoint: 56242 ns, At safepoint: 5361 ns, Total: 61603 ns
[2020-02-28T05:40:41.711+0000][1][safepoint    ] Safepoint "Cleanup", Time since last: 1000400733 ns, Reaching safepoint: 91265 ns, At safepoint: 9096 ns, Total: 100361 ns
[2020-02-28T05:40:42.219+0000][1][safepoint    ] Safepoint "RevokeBias", Time since last: 507734855 ns, Reaching safepoint: 58677 ns, At safepoint: 17382 ns, Total: 76059 ns
[2020-02-28T05:40:43.220+0000][1][safepoint    ] Safepoint "Cleanup", Time since last: 1000644593 ns, Reaching safepoint: 91849 ns, At safepoint: 8438 ns, Total: 100287 ns
[2020-02-28T05:40:44.220+0000][1][safepoint    ] Safepoint "Cleanup", Time since last: 1000507511 ns, Reaching safepoint: 252383 ns, At safepoint: 50206 ns, Total: 302589 ns
[2020-02-28T05:40:44.754+0000][1][safepoint    ] Safepoint "RevokeBias", Time since last: 527753734 ns, Reaching safepoint: 5782665 ns, At safepoint: 27273 ns, Total: 5809938 ns
[2020-02-28T05:40:45.754+0000][1][safepoint    ] Safepoint "Cleanup", Time since last: 1000176080 ns, Reaching safepoint: 89927 ns, At safepoint: 8545 ns, Total: 98472 ns
[2020-02-28T05:40:46.756+0000][1][safepoint    ] Safepoint "Cleanup", Time since last: 1001616948 ns, Reaching safepoint: 107070 ns, At safepoint: 8375 ns, Total: 115445 ns
[2020-02-28T05:40:47.266+0000][1][safepoint    ] Safepoint "RevokeBias", Time since last: 509516590 ns, Reaching safepoint: 104622 ns, At safepoint: 21015 ns, Total: 125637 ns
[2020-02-28T05:40:48.266+0000][1][safepoint    ] Safepoint "Cleanup", Time since last: 1000664126 ns, Reaching safepoint: 87821 ns, At safepoint: 9252 ns, Total: 97073 ns
[2020-02-28T05:40:49.267+0000][1][safepoint    ] Safepoint "Cleanup", Time since last: 1000899894 ns, Reaching safepoint: 79105 ns, At safepoint: 7176 ns, Total: 86281 ns
[2020-02-28T05:40:49.780+0000][1][safepoint    ] Safepoint "RevokeBias", Time since last: 512740904 ns, Reaching safepoint: 57314 ns, At safepoint: 16933 ns, Total: 74247 ns
[2020-02-28T05:40:50.781+0000][1][safepoint    ] Safepoint "Cleanup", Time since last: 1000781734 ns, Reaching safepoint: 80730 ns, At safepoint: 8241 ns, Total: 88971 ns
[2020-02-28T05:40:51.782+0000][1][safepoint    ] Safepoint "Cleanup", Time since last: 1000918764 ns, Reaching safepoint: 117906 ns, At safepoint: 7817 ns, Total: 125723 ns
[2020-02-28T05:40:52.295+0000][1][safepoint    ] Safepoint "BulkRevokeBias", Time since last: 512918608 ns, Reaching safepoint: 80415 ns, At safepoint: 238512 ns, Total: 318927 ns
[2020-02-28T05:40:53.296+0000][1][safepoint    ] Safepoint "Cleanup", Time since last: 1000255729 ns, Reaching safepoint: 84158 ns, At safepoint: 8738 ns, Total: 92896 ns
[2020-02-28T05:40:54.305+0000][1][safepoint    ] Safepoint "Cleanup", Time since last: 1009472432 ns, Reaching safepoint: 63026 ns, At safepoint: 8807 ns, Total: 71833 ns
[2020-02-28T05:40:54.802+0000][1][safepoint    ] Safepoint "RevokeBias", Time since last: 496610561 ns, Reaching safepoint: 136439 ns, At safepoint: 43890 ns, Total: 180329 ns
[2020-02-28T05:40:55.803+0000][1][safepoint    ] Safepoint "Cleanup", Time since last: 1000621116 ns, Reaching safepoint: 86764 ns, At safepoint: 7234 ns, Total: 93998 ns
[2020-02-28T05:40:56.804+0000][1][safepoint    ] Safepoint "Cleanup", Time since last: 1000647631 ns, Reaching safepoint: 110148 ns, At safepoint: 9557 ns, Total: 119705 ns
[2020-02-28T05:40:57.308+0000][1][safepoint    ] Safepoint "RevokeBias", Time since last: 503872367 ns, Reaching safepoint: 94577 ns, At safepoint: 40329 ns, Total: 134906 ns
[2020-02-28T05:40:58.313+0000][1][safepoint    ] Safepoint "Cleanup", Time since last: 1005095005 ns, Reaching safepoint: 110128 ns, At safepoint: 7038 ns, Total: 117166 ns
[2020-02-28T05:40:59.314+0000][1][safepoint    ] Safepoint "Cleanup", Time since last: 1000948358 ns, Reaching safepoint: 92193 ns, At safepoint: 9936 ns, Total: 102129 ns
[2020-02-28T05:40:59.812+0000][1][safepoint    ] Safepoint "RevokeBias", Time since last: 498482557 ns, Reaching safepoint: 81335 ns, At safepoint: 19939 ns, Total: 101274 ns
[2020-02-28T05:41:00.817+0000][1][safepoint    ] Safepoint "Cleanup", Time since last: 1004754457 ns, Reaching safepoint: 216887 ns, At safepoint: 7541 ns, Total: 224428 ns
[2020-02-28T05:41:01.818+0000][1][safepoint    ] Safepoint "Cleanup", Time since last: 1000326026 ns, Reaching safepoint: 79843 ns, At safepoint: 7044 ns, Total: 86887 ns
[2020-02-28T05:41:02.321+0000][1][safepoint    ] Safepoint "RevokeBias", Time since last: 502913467 ns, Reaching safepoint: 159863 ns, At safepoint: 23894 ns, Total: 183757 ns
[2020-02-28T05:41:03.325+0000][1][safepoint    ] Safepoint "Cleanup", Time since last: 1003696408 ns, Reaching safepoint: 75838 ns, At safepoint: 7370 ns, Total: 83208 ns
[2020-02-28T05:41:04.337+0000][1][safepoint    ] Safepoint "Cleanup", Time since last: 1012271067 ns, Reaching safepoint: 76308 ns, At safepoint: 7010 ns, Total: 83318 ns
[2020-02-28T05:41:04.826+0000][1][safepoint    ] Safepoint "RevokeBias", Time since last: 488825046 ns, Reaching safepoint: 87478 ns, At safepoint: 21270 ns, Total: 108748 ns
[2020-02-28T05:41:06.118+0000][1][gc,start     ] GC(40) Pause Young (Allocation Failure)
[2020-02-28T05:41:06.118+0000][1][gc,task      ] GC(40) Using 1 workers of 1 for evacuation
[2020-02-28T05:41:06.129+0000][1][gc,age       ] GC(40) Desired survivor size 4358144 bytes, new threshold 6 (max threshold 6)
[2020-02-28T05:41:06.129+0000][1][gc,age       ] GC(40) Age table with threshold 6 (max threshold 6)
[2020-02-28T05:41:06.129+0000][1][gc,age       ] GC(40) - age   1:      16144 bytes,      16144 total
[2020-02-28T05:41:06.129+0000][1][gc,age       ] GC(40) - age   2:       1512 bytes,      17656 total
[2020-02-28T05:41:06.129+0000][1][gc,age       ] GC(40) - age   3:       5224 bytes,      22880 total
[2020-02-28T05:41:06.129+0000][1][gc,age       ] GC(40) - age   4:      19024 bytes,      41904 total
[2020-02-28T05:41:06.129+0000][1][gc,age       ] GC(40) - age   5:       1464 bytes,      43368 total
[2020-02-28T05:41:06.129+0000][1][gc,age       ] GC(40) - age   6:       1520 bytes,      44888 total
[2020-02-28T05:41:06.129+0000][1][gc,heap      ] GC(40) ParNew: 68236K->65K(76672K)
[2020-02-28T05:41:06.129+0000][1][gc,heap      ] GC(40) CMS: 62332K->62334K(963392K)
[2020-02-28T05:41:06.129+0000][1][gc,metaspace ] GC(40) Metaspace: 79268K->79268K(1122304K)
[2020-02-28T05:41:06.129+0000][1][gc           ] GC(40) Pause Young (Allocation Failure) 127M->60M(1015M) 11.028ms
[2020-02-28T05:41:06.129+0000][1][gc,cpu       ] GC(40) User=0.01s Sys=0.00s Real=0.01s
[2020-02-28T05:41:06.129+0000][1][safepoint    ] Safepoint "GenCollectForAllocation", Time since last: 1291858343 ns, Reaching safepoint: 95401 ns, At safepoint: 11082277 ns, Total: 11177678 ns
[2020-02-28T05:41:07.130+0000][1][safepoint    ] Safepoint "Cleanup", Time since last: 1001385026 ns, Reaching safepoint: 76426 ns, At safepoint: 6646 ns, Total: 83072 ns
[2020-02-28T05:41:07.331+0000][1][safepoint    ] Safepoint "RevokeBias", Time since last: 200515097 ns, Reaching safepoint: 99919 ns, At safepoint: 51395 ns, Total: 151314 ns
[2020-02-28T05:41:08.331+0000][1][safepoint    ] Safepoint "Cleanup", Time since last: 1000155515 ns, Reaching safepoint: 92765 ns, At safepoint: 8813 ns, Total: 101578 ns
[2020-02-28T05:41:09.341+0000][1][safepoint    ] Safepoint "Cleanup", Time since last: 1009443154 ns, Reaching safepoint: 98925 ns, At safepoint: 6862 ns, Total: 105787 ns
[2020-02-28T05:41:09.837+0000][1][safepoint    ] Safepoint "RevokeBias", Time since last: 495991062 ns, Reaching safepoint: 99836 ns, At safepoint: 24515 ns, Total: 124351 ns
[2020-02-28T05:41:10.838+0000][1][safepoint    ] Safepoint "Cleanup", Time since last: 1000472297 ns, Reaching safepoint: 77466 ns, At safepoint: 7089 ns, Total: 84555 ns
[2020-02-28T05:41:11.838+0000][1][safepoint    ] Safepoint "Cleanup", Time since last: 1000542398 ns, Reaching safepoint: 81745 ns, At safepoint: 7883 ns, Total: 89628 ns
[2020-02-28T05:41:12.341+0000][1][safepoint    ] Safepoint "RevokeBias", Time since last: 502240632 ns, Reaching safepoint: 77102 ns, At safepoint: 17977 ns, Total: 95079 ns
[2020-02-28T05:41:13.345+0000][1][safepoint    ] Safepoint "Cleanup", Time since last: 1004485853 ns, Reaching safepoint: 119523 ns, At safepoint: 7824 ns, Total: 127347 ns
[2020-02-28T05:41:14.346+0000][1][safepoint    ] Safepoint "Cleanup", Time since last: 1000362453 ns, Reaching safepoint: 86100 ns, At safepoint: 8508 ns, Total: 94608 ns
[2020-02-28T05:41:14.850+0000][1][safepoint    ] Safepoint "RevokeBias", Time since last: 504355155 ns, Reaching safepoint: 84008 ns, At safepoint: 53940 ns, Total: 137948 ns
[2020-02-28T05:41:15.850+0000][1][safepoint    ] Safepoint "Cleanup", Time since last: 1000200071 ns, Reaching safepoint: 78701 ns, At safepoint: 7710 ns, Total: 86411 ns
[2020-02-28T05:41:16.851+0000][1][safepoint    ] Safepoint "Cleanup", Time since last: 1000426060 ns, Reaching safepoint: 77640 ns, At safepoint: 7406 ns, Total: 85046 ns
[2020-02-28T05:41:17.363+0000][1][safepoint    ] Safepoint "RevokeBias", Time since last: 511940967 ns, Reaching safepoint: 82328 ns, At safepoint: 18440 ns, Total: 100768 ns
[2020-02-28T05:41:18.363+0000][1][safepoint    ] Safepoint "Cleanup", Time since last: 1000332679 ns, Reaching safepoint: 88988 ns, At safepoint: 8961 ns, Total: 97949 ns
[2020-02-28T05:41:19.364+0000][1][safepoint    ] Safepoint "Cleanup", Time since last: 1000399430 ns, Reaching safepoint: 89422 ns, At safepoint: 9140 ns, Total: 98562 ns
[2020-02-28T05:41:19.982+0000][1][safepoint    ] Safepoint "RevokeBias", Time since last: 617911528 ns, Reaching safepoint: 86864 ns, At safepoint: 20614 ns, Total: 107478 ns
[2020-02-28T05:41:20.985+0000][1][safepoint    ] Safepoint "Cleanup", Time since last: 1002975695 ns, Reaching safepoint: 74231 ns, At safepoint: 6265 ns, Total: 80496 ns
[2020-02-28T05:41:21.985+0000][1][safepoint    ] Safepoint "Cleanup", Time since last: 1000230547 ns, Reaching safepoint: 78218 ns, At safepoint: 6541 ns, Total: 84759 ns
[2020-02-28T05:41:22.490+0000][1][safepoint    ] Safepoint "RevokeBias", Time since last: 504410740 ns, Reaching safepoint: 86722 ns, At safepoint: 20842 ns, Total: 107564 ns
[2020-02-28T05:41:23.491+0000][1][safepoint    ] Safepoint "Cleanup", Time since last: 1000678473 ns, Reaching safepoint: 97539 ns, At safepoint: 8634 ns, Total: 106173 ns
[2020-02-28T05:41:24.492+0000][1][safepoint    ] Safepoint "Cleanup", Time since last: 1000958926 ns, Reaching safepoint: 139074 ns, At safepoint: 9135 ns, Total: 148209 ns
[2020-02-28T05:41:24.995+0000][1][safepoint    ] Safepoint "RevokeBias", Time since last: 503413697 ns, Reaching safepoint: 77389 ns, At safepoint: 19012 ns, Total: 96401 ns
[2020-02-28T05:41:26.001+0000][1][safepoint    ] Safepoint "Cleanup", Time since last: 1005985665 ns, Reaching safepoint: 94900 ns, At safepoint: 6138 ns, Total: 101038 ns
[2020-02-28T05:41:27.002+0000][1][safepoint    ] Safepoint "Cleanup", Time since last: 1000883215 ns, Reaching safepoint: 88425 ns, At safepoint: 8169 ns, Total: 96594 ns
[2020-02-28T05:41:27.498+0000][1][safepoint    ] Safepoint "RevokeBias", Time since last: 495789121 ns, Reaching safepoint: 88900 ns, At safepoint: 21025 ns, Total: 109925 ns
[2020-02-28T05:41:28.499+0000][1][safepoint    ] Safepoint "Cleanup", Time since last: 1000586495 ns, Reaching safepoint: 89668 ns, At safepoint: 8992 ns, Total: 98660 ns
[2020-02-28T05:41:29.499+0000][1][safepoint    ] Safepoint "Cleanup", Time since last: 1000159867 ns, Reaching safepoint: 76262 ns, At safepoint: 7092 ns, Total: 83354 ns
[2020-02-28T05:41:30.011+0000][1][safepoint    ] Safepoint "RevokeBias", Time since last: 511562807 ns, Reaching safepoint: 75758 ns, At safepoint: 17457 ns, Total: 93215 ns
[2020-02-28T05:41:31.011+0000][1][safepoint    ] Safepoint "Cleanup", Time since last: 1000438474 ns, Reaching safepoint: 88347 ns, At safepoint: 8875 ns, Total: 97222 ns
[2020-02-28T05:41:32.012+0000][1][safepoint    ] Safepoint "Cleanup", Time since last: 1000802592 ns, Reaching safepoint: 89445 ns, At safepoint: 8236 ns, Total: 97681 ns
[2020-02-28T05:41:32.527+0000][1][safepoint    ] Safepoint "RevokeBias", Time since last: 514858571 ns, Reaching safepoint: 88921 ns, At safepoint: 21387 ns, Total: 110308 ns
[2020-02-28T05:41:33.527+0000][1][safepoint    ] Safepoint "Cleanup", Time since last: 1000178208 ns, Reaching safepoint: 94554 ns, At safepoint: 9019 ns, Total: 103573 ns
[2020-02-28T05:41:34.534+0000][1][safepoint    ] Safepoint "Cleanup", Time since last: 1006444519 ns, Reaching safepoint: 116624 ns, At safepoint: 24321 ns, Total: 140945 ns
[2020-02-28T05:41:35.033+0000][1][safepoint    ] Safepoint "RevokeBias", Time since last: 499252424 ns, Reaching safepoint: 76901 ns, At safepoint: 18408 ns, Total: 95309 ns
[2020-02-28T05:41:36.034+0000][1][safepoint    ] Safepoint "Cleanup", Time since last: 1000749073 ns, Reaching safepoint: 242195 ns, At safepoint: 23728 ns, Total: 265923 ns
[2020-02-28T05:41:37.035+0000][1][safepoint    ] Safepoint "Cleanup", Time since last: 1000608183 ns, Reaching safepoint: 88968 ns, At safepoint: 9120 ns, Total: 98088 ns
[2020-02-28T05:41:37.548+0000][1][safepoint    ] Safepoint "RevokeBias", Time since last: 513117196 ns, Reaching safepoint: 89527 ns, At safepoint: 20206 ns, Total: 109733 ns
[2020-02-28T05:41:38.550+0000][1][safepoint    ] Safepoint "Cleanup", Time since last: 1001497462 ns, Reaching safepoint: 571152 ns, At safepoint: 10942 ns, Total: 582094 ns
[2020-02-28T05:41:39.551+0000][1][safepoint    ] Safepoint "Cleanup", Time since last: 1000325613 ns, Reaching safepoint: 76630 ns, At safepoint: 7233 ns, Total: 83863 ns
[2020-02-28T05:41:40.060+0000][1][safepoint    ] Safepoint "RevokeBias", Time since last: 509344196 ns, Reaching safepoint: 87836 ns, At safepoint: 21572 ns, Total: 109408 ns
[2020-02-28T05:41:41.061+0000][1][safepoint    ] Safepoint "Cleanup", Time since last: 1000183530 ns, Reaching safepoint: 89107 ns, At safepoint: 8971 ns, Total: 98078 ns
[2020-02-28T05:41:42.061+0000][1][safepoint    ] Safepoint "Cleanup", Time since last: 1000276309 ns, Reaching safepoint: 75459 ns, At safepoint: 7050 ns, Total: 82509 ns
[2020-02-28T05:41:42.564+0000][1][safepoint    ] Safepoint "RevokeBias", Time since last: 503065252 ns, Reaching safepoint: 77030 ns, At safepoint: 19266 ns, Total: 96296 ns
[2020-02-28T05:41:43.566+0000][1][safepoint    ] Safepoint "Cleanup", Time since last: 1001816329 ns, Reaching safepoint: 62611 ns, At safepoint: 7212 ns, Total: 69823 ns
[2020-02-28T05:41:44.566+0000][1][safepoint    ] Safepoint "Cleanup", Time since last: 1000127495 ns, Reaching safepoint: 188637 ns, At safepoint: 17651 ns, Total: 206288 ns
[2020-02-28T05:41:45.067+0000][1][safepoint    ] Safepoint "RevokeBias", Time since last: 500856602 ns, Reaching safepoint: 76895 ns, At safepoint: 18997 ns, Total: 95892 ns
[2020-02-28T05:41:46.068+0000][1][safepoint    ] Safepoint "Cleanup", Time since last: 1000747508 ns, Reaching safepoint: 93191 ns, At safepoint: 7353 ns, Total: 100544 ns
[2020-02-28T05:41:47.079+0000][1][safepoint    ] Safepoint "Cleanup", Time since last: 1010650637 ns, Reaching safepoint: 97553 ns, At safepoint: 7561 ns, Total: 105114 ns
[2020-02-28T05:41:47.579+0000][1][safepoint    ] Safepoint "RevokeBias", Time since last: 499613778 ns, Reaching safepoint: 101964 ns, At safepoint: 38426 ns, Total: 140390 ns
[2020-02-28T05:41:48.579+0000][1][safepoint    ] Safepoint "Cleanup", Time since last: 1000329443 ns, Reaching safepoint: 90691 ns, At safepoint: 6974 ns, Total: 97665 ns
[2020-02-28T05:41:49.580+0000][1][safepoint    ] Safepoint "Cleanup", Time since last: 1000739677 ns, Reaching safepoint: 78801 ns, At safepoint: 7723 ns, Total: 86524 ns
[2020-02-28T05:41:50.089+0000][1][safepoint    ] Safepoint "RevokeBias", Time since last: 509045105 ns, Reaching safepoint: 77355 ns, At safepoint: 36706 ns, Total: 114061 ns
[2020-02-28T05:41:51.089+0000][1][safepoint    ] Safepoint "Cleanup", Time since last: 1000254140 ns, Reaching safepoint: 88809 ns, At safepoint: 7281 ns, Total: 96090 ns
[2020-02-28T05:41:52.096+0000][1][safepoint    ] Safepoint "Cleanup", Time since last: 1005936162 ns, Reaching safepoint: 156854 ns, At safepoint: 24420 ns, Total: 181274 ns
[2020-02-28T05:41:52.597+0000][1][safepoint    ] Safepoint "RevokeBias", Time since last: 501301113 ns, Reaching safepoint: 62770 ns, At safepoint: 45866 ns, Total: 108636 ns
[2020-02-28T05:41:53.604+0000][1][safepoint    ] Safepoint "Cleanup", Time since last: 1006811139 ns, Reaching safepoint: 141814 ns, At safepoint: 10689 ns, Total: 152503 ns
[2020-02-28T05:41:54.604+0000][1][safepoint    ] Safepoint "Cleanup", Time since last: 1000327305 ns, Reaching safepoint: 173028 ns, At safepoint: 7509 ns, Total: 180537 ns
[2020-02-28T05:41:55.102+0000][1][safepoint    ] Safepoint "RevokeBias", Time since last: 497171986 ns, Reaching safepoint: 96060 ns, At safepoint: 23006 ns, Total: 119066 ns
[2020-02-28T05:41:56.103+0000][1][safepoint    ] Safepoint "Cleanup", Time since last: 1001696031 ns, Reaching safepoint: 89463 ns, At safepoint: 7453 ns, Total: 96916 ns
[2020-02-28T05:41:57.115+0000][1][safepoint    ] Safepoint "Cleanup", Time since last: 1011664374 ns, Reaching safepoint: 93122 ns, At safepoint: 9331 ns, Total: 102453 ns
[2020-02-28T05:41:57.612+0000][1][safepoint    ] Safepoint "RevokeBias", Time since last: 496334238 ns, Reaching safepoint: 93750 ns, At safepoint: 19094 ns, Total: 112844 ns
[2020-02-28T05:41:58.706+0000][1][safepoint    ] Safepoint "Cleanup", Time since last: 1094449797 ns, Reaching safepoint: 139555 ns, At safepoint: 10352 ns, Total: 149907 ns
[2020-02-28T05:41:59.709+0000][1][safepoint    ] Safepoint "Cleanup", Time since last: 1002484048 ns, Reaching safepoint: 160984 ns, At safepoint: 13765 ns, Total: 174749 ns
[2020-02-28T05:42:00.132+0000][1][safepoint    ] Safepoint "RevokeBias", Time since last: 423027623 ns, Reaching safepoint: 166931 ns, At safepoint: 79199 ns, Total: 246130 ns
[2020-02-28T05:42:01.134+0000][1][safepoint    ] Safepoint "Cleanup", Time since last: 1001222253 ns, Reaching safepoint: 798949 ns, At safepoint: 13754 ns, Total: 812703 ns
[2020-02-28T05:42:02.135+0000][1][safepoint    ] Safepoint "Cleanup", Time since last: 1000221079 ns, Reaching safepoint: 78554 ns, At safepoint: 23452 ns, Total: 102006 ns
[2020-02-28T05:42:02.846+0000][1][safepoint    ] Safepoint "RevokeBias", Time since last: 711430784 ns, Reaching safepoint: 110055 ns, At safepoint: 22401 ns, Total: 132456 ns
[2020-02-28T05:42:03.846+0000][1][safepoint    ] Safepoint "Cleanup", Time since last: 1000146974 ns, Reaching safepoint: 76830 ns, At safepoint: 7194 ns, Total: 84024 ns
[2020-02-28T05:42:04.847+0000][1][safepoint    ] Safepoint "Cleanup", Time since last: 1000435037 ns, Reaching safepoint: 186803 ns, At safepoint: 7183 ns, Total: 193986 ns
[2020-02-28T05:42:05.370+0000][1][safepoint    ] Safepoint "BulkRevokeBias", Time since last: 523066034 ns, Reaching safepoint: 110834 ns, At safepoint: 231306 ns, Total: 342140 ns
[2020-02-28T05:42:06.396+0000][1][safepoint    ] Safepoint "Cleanup", Time since last: 1015793022 ns, Reaching safepoint: 9362304 ns, At safepoint: 33340 ns, Total: 9395644 ns
[2020-02-28T05:42:07.396+0000][1][safepoint    ] Safepoint "Cleanup", Time since last: 1000602196 ns, Reaching safepoint: 79769 ns, At safepoint: 7105 ns, Total: 86874 ns
[2020-02-28T05:42:07.923+0000][1][safepoint    ] Safepoint "RevokeBias", Time since last: 526908619 ns, Reaching safepoint: 183944 ns, At safepoint: 27901 ns, Total: 211845 ns
[2020-02-28T05:42:08.925+0000][1][safepoint    ] Safepoint "Cleanup", Time since last: 1001209191 ns, Reaching safepoint: 246393 ns, At safepoint: 7230 ns, Total: 253623 ns
[2020-02-28T05:42:09.929+0000][1][safepoint    ] Safepoint "Cleanup", Time since last: 1004090358 ns, Reaching safepoint: 76259 ns, At safepoint: 6207 ns, Total: 82466 ns
[2020-02-28T05:42:10.464+0000][1][safepoint    ] Safepoint "RevokeBias", Time since last: 534420829 ns, Reaching safepoint: 110924 ns, At safepoint: 25103 ns, Total: 136027 ns
[2020-02-28T05:42:11.477+0000][1][safepoint    ] Safepoint "Cleanup", Time since last: 1013649537 ns, Reaching safepoint: 61967 ns, At safepoint: 7386 ns, Total: 69353 ns
[2020-02-28T05:42:12.489+0000][1][safepoint    ] Safepoint "Cleanup", Time since last: 1011538162 ns, Reaching safepoint: 77313 ns, At safepoint: 7453 ns, Total: 84766 ns
[2020-02-28T05:42:12.998+0000][1][safepoint    ] Safepoint "RevokeBias", Time since last: 509192217 ns, Reaching safepoint: 106432 ns, At safepoint: 27136 ns, Total: 133568 ns
[2020-02-28T05:42:13.999+0000][1][safepoint    ] Safepoint "Cleanup", Time since last: 1000547828 ns, Reaching safepoint: 75688 ns, At safepoint: 7204 ns, Total: 82892 ns
[2020-02-28T05:42:15.001+0000][1][safepoint    ] Safepoint "Cleanup", Time since last: 1001931429 ns, Reaching safepoint: 148122 ns, At safepoint: 8561 ns, Total: 156683 ns
[2020-02-28T05:42:15.522+0000][1][safepoint    ] Safepoint "RevokeBias", Time since last: 520419483 ns, Reaching safepoint: 78254 ns, At safepoint: 19638 ns, Total: 97892 ns
[2020-02-28T05:42:16.522+0000][1][safepoint    ] Safepoint "Cleanup", Time since last: 1000330300 ns, Reaching safepoint: 76686 ns, At safepoint: 7029 ns, Total: 83715 ns
[2020-02-28T05:42:17.523+0000][1][safepoint    ] Safepoint "Cleanup", Time since last: 1000744201 ns, Reaching safepoint: 103132 ns, At safepoint: 8112 ns, Total: 111244 ns
[2020-02-28T05:42:18.045+0000][1][safepoint    ] Safepoint "RevokeBias", Time since last: 522035394 ns, Reaching safepoint: 57567 ns, At safepoint: 15990 ns, Total: 73557 ns
[2020-02-28T05:42:19.045+0000][1][safepoint    ] Safepoint "Cleanup", Time since last: 1000340103 ns, Reaching safepoint: 79133 ns, At safepoint: 7243 ns, Total: 86376 ns
[2020-02-28T05:42:20.051+0000][1][safepoint    ] Safepoint "Cleanup", Time since last: 1005184243 ns, Reaching safepoint: 77696 ns, At safepoint: 6879 ns, Total: 84575 ns
[2020-02-28T05:42:20.572+0000][1][safepoint    ] Safepoint "RevokeBias", Time since last: 521329968 ns, Reaching safepoint: 213528 ns, At safepoint: 37080 ns, Total: 250608 ns
[2020-02-28T05:42:21.573+0000][1][safepoint    ] Safepoint "Cleanup", Time since last: 1000354665 ns, Reaching safepoint: 84726 ns, At safepoint: 8500 ns, Total: 93226 ns
[2020-02-28T05:42:22.576+0000][1][safepoint    ] Safepoint "Cleanup", Time since last: 1003209397 ns, Reaching safepoint: 61186 ns, At safepoint: 6646 ns, Total: 67832 ns
[2020-02-28T05:42:23.085+0000][1][safepoint    ] Safepoint "RevokeBias", Time since last: 509102984 ns, Reaching safepoint: 57377 ns, At safepoint: 15749 ns, Total: 73126 ns
[2020-02-28T05:42:24.086+0000][1][safepoint    ] Safepoint "Cleanup", Time since last: 1000855506 ns, Reaching safepoint: 83810 ns, At safepoint: 7192 ns, Total: 91002 ns
[2020-02-28T05:42:25.087+0000][1][safepoint    ] Safepoint "Cleanup", Time since last: 1001043659 ns, Reaching safepoint: 63341 ns, At safepoint: 7726 ns, Total: 71067 ns
[2020-02-28T05:42:25.590+0000][1][safepoint    ] Safepoint "RevokeBias", Time since last: 502993274 ns, Reaching safepoint: 86011 ns, At safepoint: 20415 ns, Total: 106426 ns
[2020-02-28T05:42:26.591+0000][1][safepoint    ] Safepoint "Cleanup", Time since last: 1001026344 ns, Reaching safepoint: 78472 ns, At safepoint: 7535 ns, Total: 86007 ns
[2020-02-28T05:42:27.592+0000][1][safepoint    ] Safepoint "Cleanup", Time since last: 1000841334 ns, Reaching safepoint: 79069 ns, At safepoint: 7534 ns, Total: 86603 ns
[2020-02-28T05:42:28.099+0000][1][safepoint    ] Safepoint "RevokeBias", Time since last: 506185932 ns, Reaching safepoint: 78764 ns, At safepoint: 17691 ns, Total: 96455 ns
[2020-02-28T05:42:29.107+0000][1][safepoint    ] Safepoint "Cleanup", Time since last: 1008364334 ns, Reaching safepoint: 81586 ns, At safepoint: 7125 ns, Total: 88711 ns
[2020-02-28T05:42:30.108+0000][1][safepoint    ] Safepoint "Cleanup", Time since last: 1000641684 ns, Reaching safepoint: 87564 ns, At safepoint: 8680 ns, Total: 96244 ns
[2020-02-28T05:42:30.604+0000][1][safepoint    ] Safepoint "RevokeBias", Time since last: 496117536 ns, Reaching safepoint: 96696 ns, At safepoint: 21214 ns, Total: 117910 ns
[2020-02-28T05:42:31.608+0000][1][safepoint    ] Safepoint "Cleanup", Time since last: 1003440183 ns, Reaching safepoint: 129125 ns, At safepoint: 6259 ns, Total: 135384 ns
[2020-02-28T05:42:32.608+0000][1][safepoint    ] Safepoint "Cleanup", Time since last: 1000257620 ns, Reaching safepoint: 87023 ns, At safepoint: 8204 ns, Total: 95227 ns
[2020-02-28T05:42:33.110+0000][1][safepoint    ] Safepoint "RevokeBias", Time since last: 502057428 ns, Reaching safepoint: 73715 ns, At safepoint: 17763 ns, Total: 91478 ns
[2020-02-28T05:42:34.121+0000][1][safepoint    ] Safepoint "Cleanup", Time since last: 1010340920 ns, Reaching safepoint: 99610 ns, At safepoint: 7153 ns, Total: 106763 ns
[2020-02-28T05:42:35.121+0000][1][safepoint    ] Safepoint "Cleanup", Time since last: 1000523073 ns, Reaching safepoint: 94325 ns, At safepoint: 9013 ns, Total: 103338 ns
[2020-02-28T05:42:35.614+0000][1][safepoint    ] Safepoint "RevokeBias", Time since last: 493237717 ns, Reaching safepoint: 87380 ns, At safepoint: 21786 ns, Total: 109166 ns
[2020-02-28T05:42:36.618+0000][1][safepoint    ] Safepoint "Cleanup", Time since last: 1002911355 ns, Reaching safepoint: 166334 ns, At safepoint: 11606 ns, Total: 177940 ns
[2020-02-28T05:42:37.618+0000][1][safepoint    ] Safepoint "Cleanup", Time since last: 1000747793 ns, Reaching safepoint: 77560 ns, At safepoint: 7226 ns, Total: 84786 ns
[2020-02-28T05:42:38.119+0000][1][safepoint    ] Safepoint "RevokeBias", Time since last: 500831798 ns, Reaching safepoint: 79475 ns, At safepoint: 17011 ns, Total: 96486 ns
[2020-02-28T05:42:39.120+0000][1][safepoint    ] Safepoint "Cleanup", Time since last: 1000503736 ns, Reaching safepoint: 79024 ns, At safepoint: 6258 ns, Total: 85282 ns
[2020-02-28T05:42:40.121+0000][1][safepoint    ] Safepoint "Cleanup", Time since last: 1000686650 ns, Reaching safepoint: 92043 ns, At safepoint: 9188 ns, Total: 101231 ns
[2020-02-28T05:42:40.625+0000][1][safepoint    ] Safepoint "RevokeBias", Time since last: 504158713 ns, Reaching safepoint: 82697 ns, At safepoint: 19929 ns, Total: 102626 ns
[2020-02-28T05:42:41.625+0000][1][safepoint    ] Safepoint "Cleanup", Time since last: 1000261719 ns, Reaching safepoint: 78356 ns, At safepoint: 7548 ns, Total: 85904 ns
[2020-02-28T05:42:42.626+0000][1][safepoint    ] Safepoint "Cleanup", Time since last: 1000861048 ns, Reaching safepoint: 87022 ns, At safepoint: 7022 ns, Total: 94044 ns
[2020-02-28T05:42:43.138+0000][1][safepoint    ] Safepoint "RevokeBias", Time since last: 511963499 ns, Reaching safepoint: 55832 ns, At safepoint: 16731 ns, Total: 72563 ns
[2020-02-28T05:42:44.139+0000][1][safepoint    ] Safepoint "Cleanup", Time since last: 1000585084 ns, Reaching safepoint: 91347 ns, At safepoint: 8956 ns, Total: 100303 ns
[2020-02-28T05:42:45.139+0000][1][safepoint    ] Safepoint "Cleanup", Time since last: 1000245080 ns, Reaching safepoint: 91148 ns, At safepoint: 9482 ns, Total: 100630 ns
[2020-02-28T05:42:45.650+0000][1][safepoint    ] Safepoint "RevokeBias", Time since last: 510076581 ns, Reaching safepoint: 77048 ns, At safepoint: 19067 ns, Total: 96115 ns
[2020-02-28T05:42:46.650+0000][1][safepoint    ] Safepoint "Cleanup", Time since last: 1000459760 ns, Reaching safepoint: 88833 ns, At safepoint: 8396 ns, Total: 97229 ns
[2020-02-28T05:42:47.651+0000][1][safepoint    ] Safepoint "Cleanup", Time since last: 1000459678 ns, Reaching safepoint: 107728 ns, At safepoint: 9003 ns, Total: 116731 ns
[2020-02-28T05:42:48.170+0000][1][safepoint    ] Safepoint "RevokeBias", Time since last: 519044536 ns, Reaching safepoint: 56512 ns, At safepoint: 34333 ns, Total: 90845 ns
[2020-02-28T05:42:49.171+0000][1][safepoint    ] Safepoint "Cleanup", Time since last: 1000740816 ns, Reaching safepoint: 86316 ns, At safepoint: 8588 ns, Total: 94904 ns
[2020-02-28T05:42:50.175+0000][1][safepoint    ] Safepoint "Cleanup", Time since last: 1004392214 ns, Reaching safepoint: 102813 ns, At safepoint: 8285 ns, Total: 111098 ns
[2020-02-28T05:42:50.694+0000][1][safepoint    ] Safepoint "RevokeBias", Time since last: 518507023 ns, Reaching safepoint: 56073 ns, At safepoint: 16946 ns, Total: 73019 ns
[2020-02-28T05:42:51.695+0000][1][safepoint    ] Safepoint "Cleanup", Time since last: 1000936493 ns, Reaching safepoint: 92008 ns, At safepoint: 9265 ns, Total: 101273 ns
[2020-02-28T05:42:52.704+0000][1][safepoint    ] Safepoint "Cleanup", Time since last: 1009291817 ns, Reaching safepoint: 78183 ns, At safepoint: 7501 ns, Total: 85684 ns
[2020-02-28T05:42:53.206+0000][1][safepoint    ] Safepoint "RevokeBias", Time since last: 502146393 ns, Reaching safepoint: 171361 ns, At safepoint: 29380 ns, Total: 200741 ns
[2020-02-28T05:42:54.208+0000][1][safepoint    ] Safepoint "Cleanup", Time since last: 1001017979 ns, Reaching safepoint: 93156 ns, At safepoint: 8277 ns, Total: 101433 ns
[2020-02-28T05:42:55.215+0000][1][safepoint    ] Safepoint "Cleanup", Time since last: 1007304778 ns, Reaching safepoint: 60852 ns, At safepoint: 6812 ns, Total: 67664 ns
[2020-02-28T05:42:55.712+0000][1][safepoint    ] Safepoint "RevokeBias", Time since last: 496604903 ns, Reaching safepoint: 80257 ns, At safepoint: 19018 ns, Total: 99275 ns
[2020-02-28T05:42:56.712+0000][1][safepoint    ] Safepoint "Cleanup", Time since last: 1000737921 ns, Reaching safepoint: 81852 ns, At safepoint: 7100 ns, Total: 88952 ns
[2020-02-28T05:42:57.717+0000][1][safepoint    ] Safepoint "Cleanup", Time since last: 1004286941 ns, Reaching safepoint: 60689 ns, At safepoint: 6422 ns, Total: 67111 ns
[2020-02-28T05:42:58.214+0000][1][safepoint    ] Safepoint "RevokeBias", Time since last: 497141666 ns, Reaching safepoint: 93587 ns, At safepoint: 17155 ns, Total: 110742 ns
[2020-02-28T05:42:59.217+0000][1][safepoint    ] Safepoint "Cleanup", Time since last: 1002794151 ns, Reaching safepoint: 62120 ns, At safepoint: 7091 ns, Total: 69211 ns
[2020-02-28T05:43:00.218+0000][1][safepoint    ] Safepoint "Cleanup", Time since last: 1000902730 ns, Reaching safepoint: 76840 ns, At safepoint: 6789 ns, Total: 83629 ns
[2020-02-28T05:43:00.721+0000][1][safepoint    ] Safepoint "RevokeBias", Time since last: 503350794 ns, Reaching safepoint: 78591 ns, At safepoint: 16895 ns, Total: 95486 ns
[2020-02-28T05:43:01.723+0000][1][safepoint    ] Safepoint "Cleanup", Time since last: 1001473856 ns, Reaching safepoint: 83723 ns, At safepoint: 6906 ns, Total: 90629 ns
[2020-02-28T05:43:02.724+0000][1][safepoint    ] Safepoint "Cleanup", Time since last: 1000801432 ns, Reaching safepoint: 71252 ns, At safepoint: 6380 ns, Total: 77632 ns
[2020-02-28T05:43:03.229+0000][1][safepoint    ] Safepoint "RevokeBias", Time since last: 505446845 ns, Reaching safepoint: 87006 ns, At safepoint: 21138 ns, Total: 108144 ns
[2020-02-28T05:43:04.232+0000][1][safepoint    ] Safepoint "Cleanup", Time since last: 1002455783 ns, Reaching safepoint: 76219 ns, At safepoint: 28137 ns, Total: 104356 ns
[2020-02-28T05:43:05.232+0000][1][safepoint    ] Safepoint "Cleanup", Time since last: 1000442204 ns, Reaching safepoint: 76438 ns, At safepoint: 7026 ns, Total: 83464 ns
[2020-02-28T05:43:05.735+0000][1][safepoint    ] Safepoint "RevokeBias", Time since last: 502267816 ns, Reaching safepoint: 78627 ns, At safepoint: 18504 ns, Total: 97131 ns
[2020-02-28T05:43:06.735+0000][1][safepoint    ] Safepoint "Cleanup", Time since last: 1000570083 ns, Reaching safepoint: 75167 ns, At safepoint: 7034 ns, Total: 82201 ns
[2020-02-28T05:43:07.738+0000][1][safepoint    ] Safepoint "Cleanup", Time since last: 1002256924 ns, Reaching safepoint: 80676 ns, At safepoint: 8218 ns, Total: 88894 ns
[2020-02-28T05:43:08.244+0000][1][safepoint    ] Safepoint "RevokeBias", Time since last: 505637729 ns, Reaching safepoint: 73378 ns, At safepoint: 18337 ns, Total: 91715 ns
[2020-02-28T05:43:09.245+0000][1][safepoint    ] Safepoint "Cleanup", Time since last: 1001306361 ns, Reaching safepoint: 92156 ns, At safepoint: 7269 ns, Total: 99425 ns
[2020-02-28T05:43:10.249+0000][1][safepoint    ] Safepoint "Cleanup", Time since last: 1003969999 ns, Reaching safepoint: 76035 ns, At safepoint: 7445 ns, Total: 83480 ns
[2020-02-28T05:43:10.759+0000][1][safepoint    ] Safepoint "RevokeBias", Time since last: 509422299 ns, Reaching safepoint: 73923 ns, At safepoint: 18157 ns, Total: 92080 ns
[2020-02-28T05:43:11.761+0000][1][safepoint    ] Safepoint "Cleanup", Time since last: 1002327721 ns, Reaching safepoint: 75730 ns, At safepoint: 7142 ns, Total: 82872 ns
[2020-02-28T05:43:12.774+0000][1][safepoint    ] Safepoint "Cleanup", Time since last: 1012914760 ns, Reaching safepoint: 76000 ns, At safepoint: 7463 ns, Total: 83463 ns
[2020-02-28T05:43:13.278+0000][1][safepoint    ] Safepoint "RevokeBias", Time since last: 498711981 ns, Reaching safepoint: 5465341 ns, At safepoint: 28426 ns, Total: 5493767 ns
[2020-02-28T05:43:14.279+0000][1][safepoint    ] Safepoint "Cleanup", Time since last: 1000737428 ns, Reaching safepoint: 77143 ns, At safepoint: 7701 ns, Total: 84844 ns
[2020-02-28T05:43:15.280+0000][1][safepoint    ] Safepoint "Cleanup", Time since last: 1000980394 ns, Reaching safepoint: 80918 ns, At safepoint: 7586 ns, Total: 88504 ns
[2020-02-28T05:43:15.788+0000][1][safepoint    ] Safepoint "RevokeBias", Time since last: 508054516 ns, Reaching safepoint: 60881 ns, At safepoint: 15320 ns, Total: 76201 ns
[2020-02-28T05:43:16.799+0000][1][safepoint    ] Safepoint "Cleanup", Time since last: 1010586868 ns, Reaching safepoint: 133408 ns, At safepoint: 7389 ns, Total: 140797 ns
[2020-02-28T05:43:17.800+0000][1][safepoint    ] Safepoint "Cleanup", Time since last: 1000976819 ns, Reaching safepoint: 75742 ns, At safepoint: 6814 ns, Total: 82556 ns
[2020-02-28T05:43:18.299+0000][1][safepoint    ] Safepoint "BulkRevokeBias", Time since last: 498245722 ns, Reaching safepoint: 72682 ns, At safepoint: 279427 ns, Total: 352109 ns
[2020-02-28T05:43:19.299+0000][1][safepoint    ] Safepoint "Cleanup", Time since last: 1000254027 ns, Reaching safepoint: 74499 ns, At safepoint: 7229 ns, Total: 81728 ns
[2020-02-28T05:43:20.302+0000][1][safepoint    ] Safepoint "Cleanup", Time since last: 1002769581 ns, Reaching safepoint: 162498 ns, At safepoint: 9375 ns, Total: 171873 ns
[2020-02-28T05:43:21.045+0000][1][safepoint    ] Safepoint "RevokeBias", Time since last: 742726206 ns, Reaching safepoint: 102506 ns, At safepoint: 21629 ns, Total: 124135 ns
[2020-02-28T05:43:22.046+0000][1][safepoint    ] Safepoint "Cleanup", Time since last: 1001058393 ns, Reaching safepoint: 61373 ns, At safepoint: 7415 ns, Total: 68788 ns
[2020-02-28T05:43:23.050+0000][1][safepoint    ] Safepoint "Cleanup", Time since last: 1003971690 ns, Reaching safepoint: 187199 ns, At safepoint: 28373 ns, Total: 215572 ns
[2020-02-28T05:43:23.529+0000][1][gc,start     ] GC(41) Pause Young (Allocation Failure)
[2020-02-28T05:43:23.588+0000][1][gc,task      ] GC(41) Using 1 workers of 1 for evacuation
[2020-02-28T05:43:23.673+0000][1][gc,age       ] GC(41) Desired survivor size 4358144 bytes, new threshold 6 (max threshold 6)
[2020-02-28T05:43:23.673+0000][1][gc,age       ] GC(41) Age table with threshold 6 (max threshold 6)
[2020-02-28T05:43:23.673+0000][1][gc,age       ] GC(41) - age   1:      13592 bytes,      13592 total
[2020-02-28T05:43:23.673+0000][1][gc,age       ] GC(41) - age   2:       1552 bytes,      15144 total
[2020-02-28T05:43:23.673+0000][1][gc,age       ] GC(41) - age   3:       1512 bytes,      16656 total
[2020-02-28T05:43:23.673+0000][1][gc,age       ] GC(41) - age   4:       5104 bytes,      21760 total
[2020-02-28T05:43:23.673+0000][1][gc,age       ] GC(41) - age   5:      19024 bytes,      40784 total
[2020-02-28T05:43:23.673+0000][1][gc,age       ] GC(41) - age   6:       1464 bytes,      42248 total
[2020-02-28T05:43:23.673+0000][1][gc,heap      ] GC(41) ParNew: 68225K->49K(76672K)
[2020-02-28T05:43:23.673+0000][1][gc,heap      ] GC(41) CMS: 62334K->62335K(963392K)
[2020-02-28T05:43:23.673+0000][1][gc,metaspace ] GC(41) Metaspace: 79286K->79286K(1122304K)
[2020-02-28T05:43:23.673+0000][1][gc           ] GC(41) Pause Young (Allocation Failure) 127M->60M(1015M) 144.095ms
[2020-02-28T05:43:23.673+0000][1][gc,cpu       ] GC(41) User=0.01s Sys=0.00s Real=0.14s
[2020-02-28T05:43:23.673+0000][1][safepoint    ] Safepoint "GenCollectForAllocation", Time since last: 249438856 ns, Reaching safepoint: 74085 ns, At safepoint: 373523077 ns, Total: 373597162 ns
[2020-02-28T05:43:23.720+0000][1][safepoint    ] Safepoint "RevokeBias", Time since last: 3302217 ns, Reaching safepoint: 43395931 ns, At safepoint: 66690 ns, Total: 43462621 ns
[2020-02-28T05:43:24.723+0000][1][safepoint    ] Safepoint "Cleanup", Time since last: 1003600477 ns, Reaching safepoint: 80013 ns, At safepoint: 6899 ns, Total: 86912 ns
[2020-02-28T05:43:25.727+0000][1][safepoint    ] Safepoint "Cleanup", Time since last: 1003010141 ns, Reaching safepoint: 63134 ns, At safepoint: 6913 ns, Total: 70047 ns
[2020-02-28T05:43:26.184+0000][1][safepoint    ] Safepoint "RevokeBias", Time since last: 457547052 ns, Reaching safepoint: 77096 ns, At safepoint: 64021 ns, Total: 141117 ns
[2020-02-28T05:43:27.190+0000][1][safepoint    ] Safepoint "Cleanup", Time since last: 1005311797 ns, Reaching safepoint: 233573 ns, At safepoint: 7433 ns, Total: 241006 ns
[2020-02-28T05:43:28.192+0000][1][safepoint    ] Safepoint "Cleanup", Time since last: 1002116649 ns, Reaching safepoint: 71508 ns, At safepoint: 8388 ns, Total: 79896 ns
[2020-02-28T05:43:28.700+0000][1][safepoint    ] Safepoint "RevokeBias", Time since last: 507928438 ns, Reaching safepoint: 75095 ns, At safepoint: 18638 ns, Total: 93733 ns
[2020-02-28T05:43:29.701+0000][1][safepoint    ] Safepoint "Cleanup", Time since last: 1000589439 ns, Reaching safepoint: 73175 ns, At safepoint: 6119 ns, Total: 79294 ns
[2020-02-28T05:43:30.702+0000][1][safepoint    ] Safepoint "Cleanup", Time since last: 1001148860 ns, Reaching safepoint: 76078 ns, At safepoint: 6456 ns, Total: 82534 ns
[2020-02-28T05:43:31.212+0000][1][safepoint    ] Safepoint "RevokeBias", Time since last: 510260437 ns, Reaching safepoint: 55889 ns, At safepoint: 19303 ns, Total: 75192 ns
[2020-02-28T05:43:32.213+0000][1][safepoint    ] Safepoint "Cleanup", Time since last: 1000717268 ns, Reaching safepoint: 59621 ns, At safepoint: 6855 ns, Total: 66476 ns
[2020-02-28T05:43:33.216+0000][1][safepoint    ] Safepoint "Cleanup", Time since last: 1002786475 ns, Reaching safepoint: 71918 ns, At safepoint: 6390 ns, Total: 78308 ns
[2020-02-28T05:43:33.724+0000][1][safepoint    ] Safepoint "RevokeBias", Time since last: 508076017 ns, Reaching safepoint: 144666 ns, At safepoint: 23354 ns, Total: 168020 ns
[2020-02-28T05:43:34.728+0000][1][safepoint    ] Safepoint "Cleanup", Time since last: 1003666094 ns, Reaching safepoint: 76718 ns, At safepoint: 7321 ns, Total: 84039 ns
[2020-02-28T05:43:35.730+0000][1][safepoint    ] Safepoint "Cleanup", Time since last: 1001562913 ns, Reaching safepoint: 77004 ns, At safepoint: 8035 ns, Total: 85039 ns
[2020-02-28T05:43:36.240+0000][1][safepoint    ] Safepoint "RevokeBias", Time since last: 506813465 ns, Reaching safepoint: 3414404 ns, At safepoint: 45376 ns, Total: 3459780 ns
[2020-02-28T05:43:37.243+0000][1][safepoint    ] Safepoint "Cleanup", Time since last: 1002810149 ns, Reaching safepoint: 78597 ns, At safepoint: 7818 ns, Total: 86415 ns
[2020-02-28T05:43:38.249+0000][1][safepoint    ] Safepoint "Cleanup", Time since last: 1006155776 ns, Reaching safepoint: 58530 ns, At safepoint: 6404 ns, Total: 64934 ns
[2020-02-28T05:43:38.745+0000][1][safepoint    ] Safepoint "RevokeBias", Time since last: 495530800 ns, Reaching safepoint: 74624 ns, At safepoint: 20373 ns, Total: 94997 ns
[2020-02-28T05:43:39.745+0000][1][safepoint    ] Safepoint "Cleanup", Time since last: 1000317387 ns, Reaching safepoint: 91605 ns, At safepoint: 7889 ns, Total: 99494 ns
[2020-02-28T05:43:40.748+0000][1][safepoint    ] Safepoint "Cleanup", Time since last: 1002792866 ns, Reaching safepoint: 74864 ns, At safepoint: 7658 ns, Total: 82522 ns
[2020-02-28T05:43:41.305+0000][1][safepoint    ] Safepoint "RevokeBias", Time since last: 556588864 ns, Reaching safepoint: 139162 ns, At safepoint: 26879 ns, Total: 166041 ns
[2020-02-28T05:43:42.315+0000][1][safepoint    ] Safepoint "Cleanup", Time since last: 1010211413 ns, Reaching safepoint: 82863 ns, At safepoint: 9656 ns, Total: 92519 ns
[2020-02-28T05:43:43.319+0000][1][safepoint    ] Safepoint "Cleanup", Time since last: 1003929501 ns, Reaching safepoint: 79149 ns, At safepoint: 8128 ns, Total: 87277 ns
[2020-02-28T05:43:43.815+0000][1][safepoint    ] Safepoint "RevokeBias", Time since last: 495414038 ns, Reaching safepoint: 148615 ns, At safepoint: 18373 ns, Total: 166988 ns
[2020-02-28T05:43:44.818+0000][1][safepoint    ] Safepoint "Cleanup", Time since last: 1003175417 ns, Reaching safepoint: 90090 ns, At safepoint: 10322 ns, Total: 100412 ns
[2020-02-28T05:43:45.820+0000][1][safepoint    ] Safepoint "Cleanup", Time since last: 1001787320 ns, Reaching safepoint: 61979 ns, At safepoint: 7828 ns, Total: 69807 ns
[2020-02-28T05:43:46.326+0000][1][safepoint    ] Safepoint "RevokeBias", Time since last: 506731679 ns, Reaching safepoint: 73668 ns, At safepoint: 18380 ns, Total: 92048 ns
[2020-02-28T05:43:47.329+0000][1][safepoint    ] Safepoint "Cleanup", Time since last: 1002142949 ns, Reaching safepoint: 112268 ns, At safepoint: 7992 ns, Total: 120260 ns
[2020-02-28T05:43:48.330+0000][1][safepoint    ] Safepoint "Cleanup", Time since last: 1000685027 ns, Reaching safepoint: 68829 ns, At safepoint: 7257 ns, Total: 76086 ns
[2020-02-28T05:43:48.846+0000][1][safepoint    ] Safepoint "RevokeBias", Time since last: 516388009 ns, Reaching safepoint: 248092 ns, At safepoint: 85820 ns, Total: 333912 ns
[2020-02-28T05:43:49.847+0000][1][safepoint    ] Safepoint "Cleanup", Time since last: 1000588194 ns, Reaching safepoint: 88962 ns, At safepoint: 9493 ns, Total: 98455 ns
[2020-02-28T05:43:50.852+0000][1][safepoint    ] Safepoint "Cleanup", Time since last: 1004702672 ns, Reaching safepoint: 70700 ns, At safepoint: 6497 ns, Total: 77197 ns
[2020-02-28T05:43:51.364+0000][1][safepoint    ] Safepoint "RevokeBias", Time since last: 512314913 ns, Reaching safepoint: 57896 ns, At safepoint: 17284 ns, Total: 75180 ns
[2020-02-28T05:43:52.365+0000][1][safepoint    ] Safepoint "Cleanup", Time since last: 1000521857 ns, Reaching safepoint: 224278 ns, At safepoint: 25724 ns, Total: 250002 ns
[2020-02-28T05:43:53.376+0000][1][safepoint    ] Safepoint "Cleanup", Time since last: 1010662494 ns, Reaching safepoint: 58027 ns, At safepoint: 6498 ns, Total: 64525 ns
[2020-02-28T05:43:53.882+0000][1][safepoint    ] Safepoint "RevokeBias", Time since last: 505896831 ns, Reaching safepoint: 111371 ns, At safepoint: 62515 ns, Total: 173886 ns
[2020-02-28T05:43:54.882+0000][1][safepoint    ] Safepoint "Cleanup", Time since last: 1000259842 ns, Reaching safepoint: 89252 ns, At safepoint: 9401 ns, Total: 98653 ns
[2020-02-28T05:43:55.891+0000][1][safepoint    ] Safepoint "Cleanup", Time since last: 1008687260 ns, Reaching safepoint: 123470 ns, At safepoint: 7774 ns, Total: 131244 ns
[2020-02-28T05:43:56.392+0000][1][safepoint    ] Safepoint "RevokeBias", Time since last: 500889720 ns, Reaching safepoint: 75978 ns, At safepoint: 19020 ns, Total: 94998 ns
[2020-02-28T05:43:57.392+0000][1][safepoint    ] Safepoint "Cleanup", Time since last: 1000476868 ns, Reaching safepoint: 134019 ns, At safepoint: 30073 ns, Total: 164092 ns
[2020-02-28T05:43:58.401+0000][1][safepoint    ] Safepoint "Cleanup", Time since last: 1008907621 ns, Reaching safepoint: 75709 ns, At safepoint: 7740 ns, Total: 83449 ns
[2020-02-28T05:43:58.896+0000][1][safepoint    ] Safepoint "RevokeBias", Time since last: 493952501 ns, Reaching safepoint: 99797 ns, At safepoint: 21510 ns, Total: 121307 ns
[2020-02-28T05:43:59.896+0000][1][safepoint    ] Safepoint "Cleanup", Time since last: 1000196084 ns, Reaching safepoint: 78202 ns, At safepoint: 8342 ns, Total: 86544 ns
[2020-02-28T05:44:00.902+0000][1][safepoint    ] Safepoint "Cleanup", Time since last: 1005881610 ns, Reaching safepoint: 80089 ns, At safepoint: 8608 ns, Total: 88697 ns
[2020-02-28T05:44:01.402+0000][1][safepoint    ] Safepoint "RevokeBias", Time since last: 499757561 ns, Reaching safepoint: 78476 ns, At safepoint: 19186 ns, Total: 97662 ns
[2020-02-28T05:44:02.402+0000][1][safepoint    ] Safepoint "Cleanup", Time since last: 1000554874 ns, Reaching safepoint: 76798 ns, At safepoint: 7655 ns, Total: 84453 ns
[2020-02-28T05:44:03.404+0000][1][safepoint    ] Safepoint "Cleanup", Time since last: 1001866807 ns, Reaching safepoint: 95700 ns, At safepoint: 7539 ns, Total: 103239 ns
[2020-02-28T05:44:03.907+0000][1][safepoint    ] Safepoint "RevokeBias", Time since last: 503128009 ns, Reaching safepoint: 74938 ns, At safepoint: 18891 ns, Total: 93829 ns
[2020-02-28T05:44:04.910+0000][1][safepoint    ] Safepoint "Cleanup", Time since last: 1002193520 ns, Reaching safepoint: 101732 ns, At safepoint: 11377 ns, Total: 113109 ns
[2020-02-28T05:44:05.912+0000][1][safepoint    ] Safepoint "Cleanup", Time since last: 1002231087 ns, Reaching safepoint: 92386 ns, At safepoint: 8128 ns, Total: 100514 ns
[2020-02-28T05:44:06.413+0000][1][safepoint    ] Safepoint "RevokeBias", Time since last: 500978911 ns, Reaching safepoint: 75858 ns, At safepoint: 30658 ns, Total: 106516 ns
[2020-02-28T05:44:07.417+0000][1][safepoint    ] Safepoint "Cleanup", Time since last: 1003446375 ns, Reaching safepoint: 96900 ns, At safepoint: 8522 ns, Total: 105422 ns
[2020-02-28T05:44:08.418+0000][1][safepoint    ] Safepoint "Cleanup", Time since last: 1001328516 ns, Reaching safepoint: 79211 ns, At safepoint: 8456 ns, Total: 87667 ns
[2020-02-28T05:44:08.934+0000][1][safepoint    ] Safepoint "RevokeBias", Time since last: 516250942 ns, Reaching safepoint: 73468 ns, At safepoint: 16879 ns, Total: 90347 ns
[2020-02-28T05:44:09.939+0000][1][safepoint    ] Safepoint "Cleanup", Time since last: 1004040811 ns, Reaching safepoint: 149438 ns, At safepoint: 9063 ns, Total: 158501 ns
[2020-02-28T05:44:10.939+0000][1][safepoint    ] Safepoint "Cleanup", Time since last: 1000685890 ns, Reaching safepoint: 105909 ns, At safepoint: 11244 ns, Total: 117153 ns
[2020-02-28T05:44:11.444+0000][1][safepoint    ] Safepoint "RevokeBias", Time since last: 504095029 ns, Reaching safepoint: 77760 ns, At safepoint: 18237 ns, Total: 95997 ns
[2020-02-28T05:44:12.444+0000][1][safepoint    ] Safepoint "Cleanup", Time since last: 1000372578 ns, Reaching safepoint: 62287 ns, At safepoint: 7015 ns, Total: 69302 ns
[2020-02-28T05:44:13.445+0000][1][safepoint    ] Safepoint "Cleanup", Time since last: 1000647117 ns, Reaching safepoint: 75556 ns, At safepoint: 7147 ns, Total: 82703 ns
[2020-02-28T05:44:14.047+0000][1][safepoint    ] Safepoint "RevokeBias", Time since last: 601713583 ns, Reaching safepoint: 76701 ns, At safepoint: 78212 ns, Total: 154913 ns
[2020-02-28T05:44:15.076+0000][1][safepoint    ] Safepoint "Cleanup", Time since last: 1002708397 ns, Reaching safepoint: 26081564 ns, At safepoint: 9610 ns, Total: 26091174 ns
[2020-02-28T05:44:16.076+0000][1][safepoint    ] Safepoint "Cleanup", Time since last: 1000273076 ns, Reaching safepoint: 90883 ns, At safepoint: 7321 ns, Total: 98204 ns
[2020-02-28T05:44:16.560+0000][1][safepoint    ] Safepoint "RevokeBias", Time since last: 484045357 ns, Reaching safepoint: 75685 ns, At safepoint: 22341 ns, Total: 98026 ns
[2020-02-28T05:44:17.561+0000][1][safepoint    ] Safepoint "Cleanup", Time since last: 1000453940 ns, Reaching safepoint: 95419 ns, At safepoint: 7187 ns, Total: 102606 ns
[2020-02-28T05:44:18.561+0000][1][safepoint    ] Safepoint "Cleanup", Time since last: 1000313919 ns, Reaching safepoint: 86596 ns, At safepoint: 8201 ns, Total: 94797 ns
[2020-02-28T05:44:19.067+0000][1][safepoint    ] Safepoint "RevokeBias", Time since last: 505386174 ns, Reaching safepoint: 150225 ns, At safepoint: 37555 ns, Total: 187780 ns
[2020-02-28T05:44:20.072+0000][1][safepoint    ] Safepoint "Cleanup", Time since last: 1004938505 ns, Reaching safepoint: 59336 ns, At safepoint: 7125 ns, Total: 66461 ns
[2020-02-28T05:44:21.072+0000][1][safepoint    ] Safepoint "Cleanup", Time since last: 1000367508 ns, Reaching safepoint: 88984 ns, At safepoint: 9256 ns, Total: 98240 ns
[2020-02-28T05:44:21.572+0000][1][safepoint    ] Safepoint "RevokeBias", Time since last: 499328597 ns, Reaching safepoint: 148581 ns, At safepoint: 22136 ns, Total: 170717 ns
[2020-02-28T05:44:22.573+0000][1][safepoint    ] Safepoint "Cleanup", Time since last: 1001297497 ns, Reaching safepoint: 102772 ns, At safepoint: 7415 ns, Total: 110187 ns
[2020-02-28T05:44:23.574+0000][1][safepoint    ] Safepoint "Cleanup", Time since last: 1000584840 ns, Reaching safepoint: 86284 ns, At safepoint: 8441 ns, Total: 94725 ns
[2020-02-28T05:44:24.077+0000][1][safepoint    ] Safepoint "RevokeBias", Time since last: 503262292 ns, Reaching safepoint: 112385 ns, At safepoint: 27166 ns, Total: 139551 ns
[2020-02-28T05:44:25.077+0000][1][safepoint    ] Safepoint "Cleanup", Time since last: 1000177272 ns, Reaching safepoint: 78336 ns, At safepoint: 7446 ns, Total: 85782 ns
[2020-02-28T05:44:26.078+0000][1][safepoint    ] Safepoint "Cleanup", Time since last: 1000667428 ns, Reaching safepoint: 78419 ns, At safepoint: 8050 ns, Total: 86469 ns
[2020-02-28T05:44:26.734+0000][1][safepoint    ] Safepoint "RevokeBias", Time since last: 655454504 ns, Reaching safepoint: 108277 ns, At safepoint: 22118 ns, Total: 130395 ns
[2020-02-28T05:44:27.734+0000][1][safepoint    ] Safepoint "Cleanup", Time since last: 1000249199 ns, Reaching safepoint: 132608 ns, At safepoint: 8611 ns, Total: 141219 ns
[2020-02-28T05:44:28.735+0000][1][safepoint    ] Safepoint "Cleanup", Time since last: 1000576655 ns, Reaching safepoint: 78042 ns, At safepoint: 8035 ns, Total: 86077 ns
[2020-02-28T05:44:29.254+0000][1][safepoint    ] Safepoint "RevokeBias", Time since last: 519321017 ns, Reaching safepoint: 75012 ns, At safepoint: 19039 ns, Total: 94051 ns
[2020-02-28T05:44:30.255+0000][1][safepoint    ] Safepoint "Cleanup", Time since last: 1000305362 ns, Reaching safepoint: 97865 ns, At safepoint: 9552 ns, Total: 107417 ns
[2020-02-28T05:44:31.257+0000][1][safepoint    ] Safepoint "Cleanup", Time since last: 1001933925 ns, Reaching safepoint: 111195 ns, At safepoint: 8375 ns, Total: 119570 ns
[2020-02-28T05:44:31.772+0000][1][safepoint    ] Safepoint "BulkRevokeBias", Time since last: 515213305 ns, Reaching safepoint: 82127 ns, At safepoint: 249808 ns, Total: 331935 ns
[2020-02-28T05:44:32.773+0000][1][safepoint    ] Safepoint "Cleanup", Time since last: 1000752036 ns, Reaching safepoint: 85514 ns, At safepoint: 8511 ns, Total: 94025 ns
[2020-02-28T05:44:33.777+0000][1][safepoint    ] Safepoint "Cleanup", Time since last: 1003496945 ns, Reaching safepoint: 59220 ns, At safepoint: 7460 ns, Total: 66680 ns
[2020-02-28T05:44:34.284+0000][1][safepoint    ] Safepoint "RevokeBias", Time since last: 507230051 ns, Reaching safepoint: 78479 ns, At safepoint: 17071 ns, Total: 95550 ns
[2020-02-28T05:44:35.285+0000][1][safepoint    ] Safepoint "Cleanup", Time since last: 1000824322 ns, Reaching safepoint: 89343 ns, At safepoint: 9073 ns, Total: 98416 ns
[2020-02-28T05:44:36.294+0000][1][safepoint    ] Safepoint "Cleanup", Time since last: 1009027889 ns, Reaching safepoint: 126553 ns, At safepoint: 10577 ns, Total: 137130 ns
[2020-02-28T05:44:36.790+0000][1][safepoint    ] Safepoint "RevokeBias", Time since last: 496121055 ns, Reaching safepoint: 171692 ns, At safepoint: 56778 ns, Total: 228470 ns
[2020-02-28T05:44:37.791+0000][1][safepoint    ] Safepoint "Cleanup", Time since last: 1000446118 ns, Reaching safepoint: 83160 ns, At safepoint: 8446 ns, Total: 91606 ns
[2020-02-28T05:44:38.801+0000][1][safepoint    ] Safepoint "Cleanup", Time since last: 1009782158 ns, Reaching safepoint: 139999 ns, At safepoint: 8251 ns, Total: 148250 ns
[2020-02-28T05:44:39.299+0000][1][safepoint    ] Safepoint "RevokeBias", Time since last: 498623861 ns, Reaching safepoint: 75575 ns, At safepoint: 19314 ns, Total: 94889 ns
[2020-02-28T05:44:40.300+0000][1][safepoint    ] Safepoint "Cleanup", Time since last: 1000440754 ns, Reaching safepoint: 105702 ns, At safepoint: 9710 ns, Total: 115412 ns
[2020-02-28T05:44:41.305+0000][1][safepoint    ] Safepoint "Cleanup", Time since last: 1004815839 ns, Reaching safepoint: 60454 ns, At safepoint: 7344 ns, Total: 67798 ns
[2020-02-28T05:44:41.813+0000][1][safepoint    ] Safepoint "RevokeBias", Time since last: 508273106 ns, Reaching safepoint: 79785 ns, At safepoint: 19377 ns, Total: 99162 ns
[2020-02-28T05:44:42.814+0000][1][safepoint    ] Safepoint "Cleanup", Time since last: 1000549168 ns, Reaching safepoint: 85391 ns, At safepoint: 8735 ns, Total: 94126 ns
[2020-02-28T05:44:43.817+0000][1][safepoint    ] Safepoint "Cleanup", Time since last: 1002998709 ns, Reaching safepoint: 59536 ns, At safepoint: 6889 ns, Total: 66425 ns
[2020-02-28T05:44:44.318+0000][1][safepoint    ] Safepoint "RevokeBias", Time since last: 500651894 ns, Reaching safepoint: 82199 ns, At safepoint: 21128 ns, Total: 103327 ns
[2020-02-28T05:44:45.320+0000][1][safepoint    ] Safepoint "Cleanup", Time since last: 1001823477 ns, Reaching safepoint: 84467 ns, At safepoint: 16713 ns, Total: 101180 ns
[2020-02-28T05:44:46.320+0000][1][safepoint    ] Safepoint "Cleanup", Time since last: 1000685941 ns, Reaching safepoint: 90777 ns, At safepoint: 9453 ns, Total: 100230 ns
[2020-02-28T05:44:46.824+0000][1][safepoint    ] Safepoint "RevokeBias", Time since last: 503612317 ns, Reaching safepoint: 125888 ns, At safepoint: 25159 ns, Total: 151047 ns
[2020-02-28T05:44:47.826+0000][1][safepoint    ] Safepoint "Cleanup", Time since last: 1002171696 ns, Reaching safepoint: 77508 ns, At safepoint: 6861 ns, Total: 84369 ns
[2020-02-28T05:44:48.827+0000][1][safepoint    ] Safepoint "Cleanup", Time since last: 1000745685 ns, Reaching safepoint: 150297 ns, At safepoint: 8020 ns, Total: 158317 ns
[2020-02-28T05:44:49.329+0000][1][safepoint    ] Safepoint "RevokeBias", Time since last: 501281522 ns, Reaching safepoint: 87729 ns, At safepoint: 40628 ns, Total: 128357 ns
[2020-02-28T05:44:50.333+0000][1][safepoint    ] Safepoint "Cleanup", Time since last: 1003974732 ns, Reaching safepoint: 129509 ns, At safepoint: 7422 ns, Total: 136931 ns
[2020-02-28T05:44:51.334+0000][1][safepoint    ] Safepoint "Cleanup", Time since last: 1000506667 ns, Reaching safepoint: 82094 ns, At safepoint: 8175 ns, Total: 90269 ns
[2020-02-28T05:44:51.834+0000][1][safepoint    ] Safepoint "RevokeBias", Time since last: 500634357 ns, Reaching safepoint: 145048 ns, At safepoint: 60368 ns, Total: 205416 ns
[2020-02-28T05:44:52.840+0000][1][safepoint    ] Safepoint "Cleanup", Time since last: 1005483831 ns, Reaching safepoint: 225207 ns, At safepoint: 31222 ns, Total: 256429 ns
[2020-02-28T05:44:53.841+0000][1][safepoint    ] Safepoint "Cleanup", Time since last: 1000369241 ns, Reaching safepoint: 100133 ns, At safepoint: 8570 ns, Total: 108703 ns
[2020-02-28T05:44:54.341+0000][1][safepoint    ] Safepoint "RevokeBias", Time since last: 500648785 ns, Reaching safepoint: 109738 ns, At safepoint: 26223 ns, Total: 135961 ns
[2020-02-28T05:44:55.347+0000][1][safepoint    ] Safepoint "Cleanup", Time since last: 1005835592 ns, Reaching safepoint: 89278 ns, At safepoint: 13420 ns, Total: 102698 ns
[2020-02-28T05:44:56.348+0000][1][safepoint    ] Safepoint "Cleanup", Time since last: 1001077783 ns, Reaching safepoint: 81207 ns, At safepoint: 33822 ns, Total: 115029 ns
[2020-02-28T05:44:56.848+0000][1][safepoint    ] Safepoint "RevokeBias", Time since last: 499282386 ns, Reaching safepoint: 71944 ns, At safepoint: 19027 ns, Total: 90971 ns
[2020-02-28T05:44:57.858+0000][1][safepoint    ] Safepoint "Cleanup", Time since last: 1009698412 ns, Reaching safepoint: 75427 ns, At safepoint: 7848 ns, Total: 83275 ns
[2020-02-28T05:44:58.858+0000][1][safepoint    ] Safepoint "Cleanup", Time since last: 1000457446 ns, Reaching safepoint: 89310 ns, At safepoint: 9601 ns, Total: 98911 ns
[2020-02-28T05:44:59.352+0000][1][safepoint    ] Safepoint "RevokeBias", Time since last: 493331273 ns, Reaching safepoint: 75261 ns, At safepoint: 18217 ns, Total: 93478 ns
[2020-02-28T05:45:00.352+0000][1][safepoint    ] Safepoint "Cleanup", Time since last: 1000381165 ns, Reaching safepoint: 76395 ns, At safepoint: 7132 ns, Total: 83527 ns
[2020-02-28T05:45:01.352+0000][1][safepoint    ] Safepoint "Cleanup", Time since last: 1000267260 ns, Reaching safepoint: 118613 ns, At safepoint: 7498 ns, Total: 126111 ns
[2020-02-28T05:45:01.865+0000][1][safepoint    ] Safepoint "RevokeBias", Time since last: 511980311 ns, Reaching safepoint: 75315 ns, At safepoint: 18858 ns, Total: 94173 ns
[2020-02-28T05:45:02.865+0000][1][safepoint    ] Safepoint "Cleanup", Time since last: 1000304502 ns, Reaching safepoint: 96712 ns, At safepoint: 7378 ns, Total: 104090 ns
[2020-02-28T05:45:03.865+0000][1][safepoint    ] Safepoint "Cleanup", Time since last: 1000294616 ns, Reaching safepoint: 92226 ns, At safepoint: 8051 ns, Total: 100277 ns
[2020-02-28T05:45:04.381+0000][1][safepoint    ] Safepoint "RevokeBias", Time since last: 515948029 ns, Reaching safepoint: 80144 ns, At safepoint: 20754 ns, Total: 100898 ns
[2020-02-28T05:45:05.382+0000][1][safepoint    ] Safepoint "Cleanup", Time since last: 1000546370 ns, Reaching safepoint: 93496 ns, At safepoint: 13931 ns, Total: 107427 ns
[2020-02-28T05:45:06.388+0000][1][safepoint    ] Safepoint "Cleanup", Time since last: 1005723633 ns, Reaching safepoint: 118049 ns, At safepoint: 8336 ns, Total: 126385 ns
[2020-02-28T05:45:06.902+0000][1][safepoint    ] Safepoint "RevokeBias", Time since last: 513541052 ns, Reaching safepoint: 74402 ns, At safepoint: 18205 ns, Total: 92607 ns
[2020-02-28T05:45:07.902+0000][1][safepoint    ] Safepoint "Cleanup", Time since last: 1000454083 ns, Reaching safepoint: 77423 ns, At safepoint: 7968 ns, Total: 85391 ns
[2020-02-28T05:45:08.905+0000][1][safepoint    ] Safepoint "Cleanup", Time since last: 1002976100 ns, Reaching safepoint: 207396 ns, At safepoint: 16499 ns, Total: 223895 ns
[2020-02-28T05:45:09.424+0000][1][safepoint    ] Safepoint "RevokeBias", Time since last: 518258375 ns, Reaching safepoint: 60582 ns, At safepoint: 18656 ns, Total: 79238 ns
[2020-02-28T05:45:10.424+0000][1][safepoint    ] Safepoint "Cleanup", Time since last: 1000428917 ns, Reaching safepoint: 85289 ns, At safepoint: 9604 ns, Total: 94893 ns
[2020-02-28T05:45:11.427+0000][1][safepoint    ] Safepoint "Cleanup", Time since last: 1002451994 ns, Reaching safepoint: 81776 ns, At safepoint: 9361 ns, Total: 91137 ns
[2020-02-28T05:45:11.944+0000][1][safepoint    ] Safepoint "RevokeBias", Time since last: 517088552 ns, Reaching safepoint: 72571 ns, At safepoint: 18009 ns, Total: 90580 ns
[2020-02-28T05:45:12.944+0000][1][safepoint    ] Safepoint "Cleanup", Time since last: 1000292827 ns, Reaching safepoint: 75817 ns, At safepoint: 7448 ns, Total: 83265 ns
[2020-02-28T05:45:13.947+0000][1][safepoint    ] Safepoint "Cleanup", Time since last: 1002823203 ns, Reaching safepoint: 78017 ns, At safepoint: 7567 ns, Total: 85584 ns
[2020-02-28T05:45:14.463+0000][1][safepoint    ] Safepoint "RevokeBias", Time since last: 515404183 ns, Reaching safepoint: 74116 ns, At safepoint: 16737 ns, Total: 90853 ns
[2020-02-28T05:45:15.463+0000][1][safepoint    ] Safepoint "Cleanup", Time since last: 1000333604 ns, Reaching safepoint: 78851 ns, At safepoint: 6943 ns, Total: 85794 ns
[2020-02-28T05:45:16.472+0000][1][safepoint    ] Safepoint "Cleanup", Time since last: 1008599464 ns, Reaching safepoint: 180454 ns, At safepoint: 25375 ns, Total: 205829 ns
[2020-02-28T05:45:16.973+0000][1][safepoint    ] Safepoint "RevokeBias", Time since last: 500439139 ns, Reaching safepoint: 161258 ns, At safepoint: 49280 ns, Total: 210538 ns
[2020-02-28T05:45:17.975+0000][1][safepoint    ] Safepoint "Cleanup", Time since last: 1002853651 ns, Reaching safepoint: 96602 ns, At safepoint: 7760 ns, Total: 104362 ns
[2020-02-28T05:45:18.978+0000][1][safepoint    ] Safepoint "Cleanup", Time since last: 1002144703 ns, Reaching safepoint: 79919 ns, At safepoint: 7627 ns, Total: 87546 ns
[2020-02-28T05:45:19.476+0000][1][safepoint    ] Safepoint "RevokeBias", Time since last: 498152468 ns, Reaching safepoint: 77355 ns, At safepoint: 37312 ns, Total: 114667 ns
[2020-02-28T05:45:20.477+0000][1][safepoint    ] Safepoint "Cleanup", Time since last: 1000726611 ns, Reaching safepoint: 79164 ns, At safepoint: 7105 ns, Total: 86269 ns
[2020-02-28T05:45:21.478+0000][1][safepoint    ] Safepoint "Cleanup", Time since last: 1000777806 ns, Reaching safepoint: 75359 ns, At safepoint: 7221 ns, Total: 82580 ns
[2020-02-28T05:45:21.983+0000][1][safepoint    ] Safepoint "RevokeBias", Time since last: 505040412 ns, Reaching safepoint: 88856 ns, At safepoint: 21668 ns, Total: 110524 ns
[2020-02-28T05:45:22.986+0000][1][safepoint    ] Safepoint "Cleanup", Time since last: 1003195519 ns, Reaching safepoint: 60984 ns, At safepoint: 6881 ns, Total: 67865 ns
[2020-02-28T05:45:23.986+0000][1][safepoint    ] Safepoint "Cleanup", Time since last: 1000148014 ns, Reaching safepoint: 82887 ns, At safepoint: 7930 ns, Total: 90817 ns
[2020-02-28T05:45:24.487+0000][1][safepoint    ] Safepoint "RevokeBias", Time since last: 501055322 ns, Reaching safepoint: 77188 ns, At safepoint: 18951 ns, Total: 96139 ns
[2020-02-28T05:45:25.496+0000][1][safepoint    ] Safepoint "Cleanup", Time since last: 1008082330 ns, Reaching safepoint: 75250 ns, At safepoint: 8113 ns, Total: 83363 ns
[2020-02-28T05:45:26.496+0000][1][safepoint    ] Safepoint "Cleanup", Time since last: 1000220930 ns, Reaching safepoint: 85974 ns, At safepoint: 9000 ns, Total: 94974 ns
[2020-02-28T05:45:26.994+0000][1][safepoint    ] Safepoint "RevokeBias", Time since last: 497604972 ns, Reaching safepoint: 77520 ns, At safepoint: 19435 ns, Total: 96955 ns
[2020-02-28T05:45:28.002+0000][1][safepoint    ] Safepoint "Cleanup", Time since last: 1008233335 ns, Reaching safepoint: 136263 ns, At safepoint: 7921 ns, Total: 144184 ns
[2020-02-28T05:45:29.003+0000][1][safepoint    ] Safepoint "Cleanup", Time since last: 1000535936 ns, Reaching safepoint: 173228 ns, At safepoint: 10294 ns, Total: 183522 ns
[2020-02-28T05:45:29.497+0000][1][safepoint    ] Safepoint "RevokeBias", Time since last: 494477862 ns, Reaching safepoint: 78913 ns, At safepoint: 19601 ns, Total: 98514 ns
[2020-02-28T05:45:30.508+0000][1][safepoint    ] Safepoint "Cleanup", Time since last: 1010251646 ns, Reaching safepoint: 58516 ns, At safepoint: 5562 ns, Total: 64078 ns
[2020-02-28T05:45:31.508+0000][1][safepoint    ] Safepoint "Cleanup", Time since last: 1000423371 ns, Reaching safepoint: 87855 ns, At safepoint: 8528 ns, Total: 96383 ns
[2020-02-28T05:45:32.003+0000][1][safepoint    ] Safepoint "RevokeBias", Time since last: 494761355 ns, Reaching safepoint: 85719 ns, At safepoint: 21717 ns, Total: 107436 ns
[2020-02-28T05:45:33.011+0000][1][safepoint    ] Safepoint "Cleanup", Time since last: 1008276654 ns, Reaching safepoint: 75290 ns, At safepoint: 7124 ns, Total: 82414 ns
[2020-02-28T05:45:34.012+0000][1][safepoint    ] Safepoint "Cleanup", Time since last: 1000764976 ns, Reaching safepoint: 80462 ns, At safepoint: 8067 ns, Total: 88529 ns
[2020-02-28T05:45:34.507+0000][1][safepoint    ] Safepoint "RevokeBias", Time since last: 494888799 ns, Reaching safepoint: 78233 ns, At safepoint: 19723 ns, Total: 97956 ns
[2020-02-28T05:45:35.513+0000][1][safepoint    ] Safepoint "Cleanup", Time since last: 1006043006 ns, Reaching safepoint: 62813 ns, At safepoint: 7395 ns, Total: 70208 ns
[2020-02-28T05:45:36.514+0000][1][safepoint    ] Safepoint "Cleanup", Time since last: 1000339680 ns, Reaching safepoint: 86865 ns, At safepoint: 8640 ns, Total: 95505 ns
[2020-02-28T05:45:37.014+0000][1][safepoint    ] Safepoint "RevokeBias", Time since last: 499685808 ns, Reaching safepoint: 74807 ns, At safepoint: 18956 ns, Total: 93763 ns
[2020-02-28T05:45:38.014+0000][1][safepoint    ] Safepoint "Cleanup", Time since last: 1000196277 ns, Reaching safepoint: 125595 ns, At safepoint: 7611 ns, Total: 133206 ns
[2020-02-28T05:45:39.014+0000][1][safepoint    ] Safepoint "Cleanup", Time since last: 1000290646 ns, Reaching safepoint: 84816 ns, At safepoint: 9863 ns, Total: 94679 ns
[2020-02-28T05:45:39.527+0000][1][safepoint    ] Safepoint "RevokeBias", Time since last: 512746118 ns, Reaching safepoint: 57042 ns, At safepoint: 17957 ns, Total: 74999 ns
[2020-02-28T05:45:40.528+0000][1][safepoint    ] Safepoint "Cleanup", Time since last: 1000693169 ns, Reaching safepoint: 81045 ns, At safepoint: 7762 ns, Total: 88807 ns
[2020-02-28T05:45:41.528+0000][1][safepoint    ] Safepoint "Cleanup", Time since last: 1000397540 ns, Reaching safepoint: 85521 ns, At safepoint: 8667 ns, Total: 94188 ns
[2020-02-28T05:45:42.050+0000][1][safepoint    ] Safepoint "RevokeBias", Time since last: 521882467 ns, Reaching safepoint: 59185 ns, At safepoint: 47807 ns, Total: 106992 ns
[2020-02-28T05:45:43.051+0000][1][safepoint    ] Safepoint "Cleanup", Time since last: 1000377489 ns, Reaching safepoint: 81336 ns, At safepoint: 7724 ns, Total: 89060 ns
[2020-02-28T05:45:43.288+0000][1][gc,start     ] GC(42) Pause Young (Allocation Failure)
[2020-02-28T05:45:43.289+0000][1][gc,task      ] GC(42) Using 1 workers of 1 for evacuation
[2020-02-28T05:45:43.302+0000][1][gc,age       ] GC(42) Desired survivor size 4358144 bytes, new threshold 6 (max threshold 6)
[2020-02-28T05:45:43.302+0000][1][gc,age       ] GC(42) Age table with threshold 6 (max threshold 6)
[2020-02-28T05:45:43.302+0000][1][gc,age       ] GC(42) - age   1:      14224 bytes,      14224 total
[2020-02-28T05:45:43.302+0000][1][gc,age       ] GC(42) - age   2:       2888 bytes,      17112 total
[2020-02-28T05:45:43.302+0000][1][gc,age       ] GC(42) - age   3:       1456 bytes,      18568 total
[2020-02-28T05:45:43.302+0000][1][gc,age       ] GC(42) - age   4:       1512 bytes,      20080 total
[2020-02-28T05:45:43.302+0000][1][gc,age       ] GC(42) - age   5:       5104 bytes,      25184 total
[2020-02-28T05:45:43.302+0000][1][gc,age       ] GC(42) - age   6:      19024 bytes,      44208 total
[2020-02-28T05:45:43.302+0000][1][gc,heap      ] GC(42) ParNew: 68209K->62K(76672K)
[2020-02-28T05:45:43.302+0000][1][gc,heap      ] GC(42) CMS: 62335K->62337K(963392K)
[2020-02-28T05:45:43.302+0000][1][gc,metaspace ] GC(42) Metaspace: 79303K->79303K(1122304K)
[2020-02-28T05:45:43.302+0000][1][gc           ] GC(42) Pause Young (Allocation Failure) 127M->60M(1015M) 14.079ms
[2020-02-28T05:45:43.302+0000][1][gc,cpu       ] GC(42) User=0.01s Sys=0.00s Real=0.01s
[2020-02-28T05:45:43.302+0000][1][safepoint    ] Safepoint "GenCollectForAllocation", Time since last: 237117477 ns, Reaching safepoint: 361963 ns, At safepoint: 14181933 ns, Total: 14543896 ns
[2020-02-28T05:45:44.304+0000][1][safepoint    ] Safepoint "Cleanup", Time since last: 1001275406 ns, Reaching safepoint: 61815 ns, At safepoint: 7159 ns, Total: 68974 ns
[2020-02-28T05:45:44.569+0000][1][safepoint    ] Safepoint "BulkRevokeBias", Time since last: 264698971 ns, Reaching safepoint: 86507 ns, At safepoint: 272580 ns, Total: 359087 ns
[2020-02-28T05:45:45.620+0000][1][safepoint    ] Safepoint "Cleanup", Time since last: 1050625760 ns, Reaching safepoint: 92618 ns, At safepoint: 7717 ns, Total: 100335 ns
[2020-02-28T05:45:46.622+0000][1][safepoint    ] Safepoint "Cleanup", Time since last: 1001947003 ns, Reaching safepoint: 65174 ns, At safepoint: 7960 ns, Total: 73134 ns
[2020-02-28T05:45:47.082+0000][1][safepoint    ] Safepoint "RevokeBias", Time since last: 460312972 ns, Reaching safepoint: 183298 ns, At safepoint: 54079 ns, Total: 237377 ns
[2020-02-28T05:45:48.083+0000][1][safepoint    ] Safepoint "Cleanup", Time since last: 1000262381 ns, Reaching safepoint: 121586 ns, At safepoint: 9391 ns, Total: 130977 ns
[2020-02-28T05:45:49.087+0000][1][safepoint    ] Safepoint "Cleanup", Time since last: 1004829309 ns, Reaching safepoint: 62336 ns, At safepoint: 6502 ns, Total: 68838 ns
[2020-02-28T05:45:49.607+0000][1][safepoint    ] Safepoint "RevokeBias", Time since last: 519828060 ns, Reaching safepoint: 77532 ns, At safepoint: 35431 ns, Total: 112963 ns
[2020-02-28T05:45:50.608+0000][1][safepoint    ] Safepoint "Cleanup", Time since last: 1000068579 ns, Reaching safepoint: 85676 ns, At safepoint: 8117 ns, Total: 93793 ns
[2020-02-28T05:45:51.613+0000][1][safepoint    ] Safepoint "Cleanup", Time since last: 1005574799 ns, Reaching safepoint: 66268 ns, At safepoint: 7935 ns, Total: 74203 ns
[2020-02-28T05:45:52.125+0000][1][safepoint    ] Safepoint "RevokeBias", Time since last: 511909955 ns, Reaching safepoint: 80962 ns, At safepoint: 19240 ns, Total: 100202 ns
[2020-02-28T05:45:53.126+0000][1][safepoint    ] Safepoint "Cleanup", Time since last: 1000266075 ns, Reaching safepoint: 85037 ns, At safepoint: 7571 ns, Total: 92608 ns
[2020-02-28T05:45:54.129+0000][1][safepoint    ] Safepoint "Cleanup", Time since last: 1003444462 ns, Reaching safepoint: 61619 ns, At safepoint: 7077 ns, Total: 68696 ns
[2020-02-28T05:45:54.641+0000][1][safepoint    ] Safepoint "RevokeBias", Time since last: 512077627 ns, Reaching safepoint: 81218 ns, At safepoint: 21393 ns, Total: 102611 ns
[2020-02-28T05:45:55.642+0000][1][safepoint    ] Safepoint "Cleanup", Time since last: 1000660124 ns, Reaching safepoint: 204078 ns, At safepoint: 29081 ns, Total: 233159 ns
[2020-02-28T05:45:56.644+0000][1][safepoint    ] Safepoint "Cleanup", Time since last: 1001613004 ns, Reaching safepoint: 123710 ns, At safepoint: 7523 ns, Total: 131233 ns
[2020-02-28T05:45:57.346+0000][1][safepoint    ] Safepoint "RevokeBias", Time since last: 702257026 ns, Reaching safepoint: 164624 ns, At safepoint: 29536 ns, Total: 194160 ns
[2020-02-28T05:45:58.355+0000][1][safepoint    ] Safepoint "Cleanup", Time since last: 1008709652 ns, Reaching safepoint: 68795 ns, At safepoint: 25557 ns, Total: 94352 ns
[2020-02-28T05:45:59.356+0000][1][safepoint    ] Safepoint "Cleanup", Time since last: 1000478868 ns, Reaching safepoint: 88564 ns, At safepoint: 8054 ns, Total: 96618 ns
[2020-02-28T05:45:59.863+0000][1][safepoint    ] Safepoint "RevokeBias", Time since last: 507289902 ns, Reaching safepoint: 70403 ns, At safepoint: 20535 ns, Total: 90938 ns
[2020-02-28T05:46:00.871+0000][1][safepoint    ] Safepoint "Cleanup", Time since last: 1008275754 ns, Reaching safepoint: 68718 ns, At safepoint: 7640 ns, Total: 76358 ns
[2020-02-28T05:46:01.872+0000][1][safepoint    ] Safepoint "Cleanup", Time since last: 1000564690 ns, Reaching safepoint: 100309 ns, At safepoint: 8666 ns, Total: 108975 ns
[2020-02-28T05:46:02.369+0000][1][safepoint    ] Safepoint "RevokeBias", Time since last: 497009489 ns, Reaching safepoint: 84687 ns, At safepoint: 20314 ns, Total: 105001 ns
[2020-02-28T05:46:03.379+0000][1][safepoint    ] Safepoint "Cleanup", Time since last: 1009460126 ns, Reaching safepoint: 67148 ns, At safepoint: 7803 ns, Total: 74951 ns
[2020-02-28T05:46:04.380+0000][1][safepoint    ] Safepoint "Cleanup", Time since last: 1001035301 ns, Reaching safepoint: 86187 ns, At safepoint: 7747 ns, Total: 93934 ns
[2020-02-28T05:46:04.873+0000][1][safepoint    ] Safepoint "RevokeBias", Time since last: 493160853 ns, Reaching safepoint: 100765 ns, At safepoint: 49635 ns, Total: 150400 ns
[2020-02-28T05:46:05.875+0000][1][safepoint    ] Safepoint "Cleanup", Time since last: 1001283682 ns, Reaching safepoint: 85619 ns, At safepoint: 8554 ns, Total: 94173 ns
[2020-02-28T05:46:06.875+0000][1][safepoint    ] Safepoint "Cleanup", Time since last: 1000351562 ns, Reaching safepoint: 153673 ns, At safepoint: 39422 ns, Total: 193095 ns
[2020-02-28T05:46:07.380+0000][1][safepoint    ] Safepoint "RevokeBias", Time since last: 504694406 ns, Reaching safepoint: 81967 ns, At safepoint: 19616 ns, Total: 101583 ns
[2020-02-28T05:46:08.386+0000][1][safepoint    ] Safepoint "Cleanup", Time since last: 1005923037 ns, Reaching safepoint: 96728 ns, At safepoint: 7327 ns, Total: 104055 ns
[2020-02-28T05:46:09.389+0000][1][safepoint    ] Safepoint "Cleanup", Time since last: 1002947296 ns, Reaching safepoint: 82375 ns, At safepoint: 7410 ns, Total: 89785 ns
[2020-02-28T05:46:09.884+0000][1][safepoint    ] Safepoint "RevokeBias", Time since last: 494864539 ns, Reaching safepoint: 81274 ns, At safepoint: 19410 ns, Total: 100684 ns
[2020-02-28T05:46:10.895+0000][1][safepoint    ] Safepoint "Cleanup", Time since last: 1011011844 ns, Reaching safepoint: 85550 ns, At safepoint: 9305 ns, Total: 94855 ns
[2020-02-28T05:46:11.896+0000][1][safepoint    ] Safepoint "Cleanup", Time since last: 1000581915 ns, Reaching safepoint: 83872 ns, At safepoint: 9429 ns, Total: 93301 ns
[2020-02-28T05:46:12.391+0000][1][safepoint    ] Safepoint "RevokeBias", Time since last: 494802216 ns, Reaching safepoint: 86456 ns, At safepoint: 20510 ns, Total: 106966 ns
[2020-02-28T05:46:13.396+0000][1][safepoint    ] Safepoint "Cleanup", Time since last: 1004976600 ns, Reaching safepoint: 81235 ns, At safepoint: 8072 ns, Total: 89307 ns
[2020-02-28T05:46:14.397+0000][1][safepoint    ] Safepoint "Cleanup", Time since last: 1000925117 ns, Reaching safepoint: 86311 ns, At safepoint: 8276 ns, Total: 94587 ns
[2020-02-28T05:46:14.903+0000][1][safepoint    ] Safepoint "RevokeBias", Time since last: 506637365 ns, Reaching safepoint: 81896 ns, At safepoint: 19668 ns, Total: 101564 ns
[2020-02-28T05:46:15.904+0000][1][safepoint    ] Safepoint "Cleanup", Time since last: 1000316308 ns, Reaching safepoint: 83520 ns, At safepoint: 8300 ns, Total: 91820 ns
[2020-02-28T05:46:16.904+0000][1][safepoint    ] Safepoint "Cleanup", Time since last: 1000456042 ns, Reaching safepoint: 99980 ns, At safepoint: 7114 ns, Total: 107094 ns
[2020-02-28T05:46:17.427+0000][1][safepoint    ] Safepoint "RevokeBias", Time since last: 522542663 ns, Reaching safepoint: 78882 ns, At safepoint: 19118 ns, Total: 98000 ns
[2020-02-28T05:46:18.428+0000][1][safepoint    ] Safepoint "Cleanup", Time since last: 1000536016 ns, Reaching safepoint: 102510 ns, At safepoint: 7440 ns, Total: 109950 ns
[2020-02-28T05:46:19.429+0000][1][safepoint    ] Safepoint "Cleanup", Time since last: 1000717766 ns, Reaching safepoint: 90581 ns, At safepoint: 8703 ns, Total: 99284 ns
[2020-02-28T05:46:19.945+0000][1][safepoint    ] Safepoint "RevokeBias", Time since last: 516190259 ns, Reaching safepoint: 59534 ns, At safepoint: 35879 ns, Total: 95413 ns
[2020-02-28T05:46:20.945+0000][1][safepoint    ] Safepoint "Cleanup", Time since last: 1000429930 ns, Reaching safepoint: 94641 ns, At safepoint: 9225 ns, Total: 103866 ns
[2020-02-28T05:46:21.948+0000][1][safepoint    ] Safepoint "Cleanup", Time since last: 1002614253 ns, Reaching safepoint: 63943 ns, At safepoint: 7398 ns, Total: 71341 ns
[2020-02-28T05:46:22.470+0000][1][safepoint    ] Safepoint "RevokeBias", Time since last: 522090353 ns, Reaching safepoint: 78924 ns, At safepoint: 18811 ns, Total: 97735 ns
[2020-02-28T05:46:23.471+0000][1][safepoint    ] Safepoint "Cleanup", Time since last: 1000574513 ns, Reaching safepoint: 241319 ns, At safepoint: 28602 ns, Total: 269921 ns
[2020-02-28T05:46:24.480+0000][1][safepoint    ] Safepoint "Cleanup", Time since last: 1008678294 ns, Reaching safepoint: 74944 ns, At safepoint: 9215 ns, Total: 84159 ns
[2020-02-28T05:46:24.980+0000][1][safepoint    ] Safepoint "RevokeBias", Time since last: 499891713 ns, Reaching safepoint: 93569 ns, At safepoint: 22141 ns, Total: 115710 ns
[2020-02-28T05:46:25.981+0000][1][safepoint    ] Safepoint "Cleanup", Time since last: 1000844646 ns, Reaching safepoint: 96806 ns, At safepoint: 8585 ns, Total: 105391 ns
[2020-02-28T05:46:26.985+0000][1][safepoint    ] Safepoint "Cleanup", Time since last: 1003939318 ns, Reaching safepoint: 132753 ns, At safepoint: 13997 ns, Total: 146750 ns
[2020-02-28T05:46:27.484+0000][1][safepoint    ] Safepoint "RevokeBias", Time since last: 499273549 ns, Reaching safepoint: 83191 ns, At safepoint: 19444 ns, Total: 102635 ns
[2020-02-28T05:46:28.485+0000][1][safepoint    ] Safepoint "Cleanup", Time since last: 1000117254 ns, Reaching safepoint: 93727 ns, At safepoint: 8807 ns, Total: 102534 ns
[2020-02-28T05:46:29.485+0000][1][safepoint    ] Safepoint "Cleanup", Time since last: 1000395158 ns, Reaching safepoint: 97175 ns, At safepoint: 9378 ns, Total: 106553 ns
[2020-02-28T05:46:29.988+0000][1][safepoint    ] Safepoint "RevokeBias", Time since last: 502362055 ns, Reaching safepoint: 144582 ns, At safepoint: 35269 ns, Total: 179851 ns
[2020-02-28T05:46:30.998+0000][1][safepoint    ] Safepoint "Cleanup", Time since last: 1010197209 ns, Reaching safepoint: 65094 ns, At safepoint: 7446 ns, Total: 72540 ns
[2020-02-28T05:46:31.998+0000][1][safepoint    ] Safepoint "Cleanup", Time since last: 1000269968 ns, Reaching safepoint: 88091 ns, At safepoint: 8259 ns, Total: 96350 ns
[2020-02-28T05:46:32.493+0000][1][safepoint    ] Safepoint "RevokeBias", Time since last: 494626875 ns, Reaching safepoint: 84176 ns, At safepoint: 19823 ns, Total: 103999 ns
[2020-02-28T05:46:33.494+0000][1][safepoint    ] Safepoint "Cleanup", Time since last: 1001347765 ns, Reaching safepoint: 81847 ns, At safepoint: 7395 ns, Total: 89242 ns
[2020-02-28T05:46:34.495+0000][1][safepoint    ] Safepoint "Cleanup", Time since last: 1000142094 ns, Reaching safepoint: 97578 ns, At safepoint: 9077 ns, Total: 106655 ns
[2020-02-28T05:46:34.998+0000][1][safepoint    ] Safepoint "RevokeBias", Time since last: 502924468 ns, Reaching safepoint: 133716 ns, At safepoint: 42057 ns, Total: 175773 ns
[2020-02-28T05:46:36.005+0000][1][safepoint    ] Safepoint "Cleanup", Time since last: 1007368748 ns, Reaching safepoint: 63722 ns, At safepoint: 7350 ns, Total: 71072 ns
[2020-02-28T05:46:37.006+0000][1][safepoint    ] Safepoint "Cleanup", Time since last: 1000585286 ns, Reaching safepoint: 97022 ns, At safepoint: 7326 ns, Total: 104348 ns
[2020-02-28T05:46:37.504+0000][1][safepoint    ] Safepoint "RevokeBias", Time since last: 498410265 ns, Reaching safepoint: 86252 ns, At safepoint: 22369 ns, Total: 108621 ns
[2020-02-28T05:46:38.515+0000][1][safepoint    ] Safepoint "Cleanup", Time since last: 1010128106 ns, Reaching safepoint: 66259 ns, At safepoint: 7925 ns, Total: 74184 ns
[2020-02-28T05:46:39.515+0000][1][safepoint    ] Safepoint "Cleanup", Time since last: 1000189056 ns, Reaching safepoint: 84756 ns, At safepoint: 7638 ns, Total: 92394 ns
[2020-02-28T05:46:40.008+0000][1][safepoint    ] Safepoint "RevokeBias", Time since last: 492550439 ns, Reaching safepoint: 95717 ns, At safepoint: 22747 ns, Total: 118464 ns
[2020-02-28T05:46:41.008+0000][1][safepoint    ] Safepoint "Cleanup", Time since last: 1000446397 ns, Reaching safepoint: 92179 ns, At safepoint: 9007 ns, Total: 101186 ns
[2020-02-28T05:46:42.009+0000][1][safepoint    ] Safepoint "Cleanup", Time since last: 1000814421 ns, Reaching safepoint: 124391 ns, At safepoint: 15276 ns, Total: 139667 ns
[2020-02-28T05:46:42.520+0000][1][safepoint    ] Safepoint "RevokeBias", Time since last: 511006215 ns, Reaching safepoint: 56809 ns, At safepoint: 17010 ns, Total: 73819 ns
[2020-02-28T05:46:43.521+0000][1][safepoint    ] Safepoint "Cleanup", Time since last: 1000273316 ns, Reaching safepoint: 136457 ns, At safepoint: 14554 ns, Total: 151011 ns
[2020-02-28T05:46:44.521+0000][1][safepoint    ] Safepoint "Cleanup", Time since last: 1000220602 ns, Reaching safepoint: 131823 ns, At safepoint: 14378 ns, Total: 146201 ns
[2020-02-28T05:46:45.034+0000][1][safepoint    ] Safepoint "RevokeBias", Time since last: 513034732 ns, Reaching safepoint: 205800 ns, At safepoint: 56684 ns, Total: 262484 ns
[2020-02-28T05:46:46.035+0000][1][safepoint    ] Safepoint "Cleanup", Time since last: 1000845676 ns, Reaching safepoint: 96655 ns, At safepoint: 9735 ns, Total: 106390 ns
[2020-02-28T05:46:47.043+0000][1][safepoint    ] Safepoint "Cleanup", Time since last: 1007577083 ns, Reaching safepoint: 81267 ns, At safepoint: 6054 ns, Total: 87321 ns
[2020-02-28T05:46:47.557+0000][1][safepoint    ] Safepoint "RevokeBias", Time since last: 514212688 ns, Reaching safepoint: 96294 ns, At safepoint: 22098 ns, Total: 118392 ns
[2020-02-28T05:46:48.558+0000][1][safepoint    ] Safepoint "Cleanup", Time since last: 1000897497 ns, Reaching safepoint: 134644 ns, At safepoint: 8595 ns, Total: 143239 ns
[2020-02-28T05:46:49.560+0000][1][safepoint    ] Safepoint "Cleanup", Time since last: 1001955661 ns, Reaching safepoint: 65503 ns, At safepoint: 6831 ns, Total: 72334 ns
[2020-02-28T05:46:50.087+0000][1][safepoint    ] Safepoint "RevokeBias", Time since last: 526844940 ns, Reaching safepoint: 82282 ns, At safepoint: 19813 ns, Total: 102095 ns
[2020-02-28T05:46:51.088+0000][1][safepoint    ] Safepoint "Cleanup", Time since last: 1000270311 ns, Reaching safepoint: 118656 ns, At safepoint: 8076 ns, Total: 126732 ns
[2020-02-28T05:46:52.089+0000][1][safepoint    ] Safepoint "Cleanup", Time since last: 1001812884 ns, Reaching safepoint: 100622 ns, At safepoint: 6985 ns, Total: 107607 ns
[2020-02-28T05:46:52.597+0000][1][safepoint    ] Safepoint "RevokeBias", Time since last: 507710455 ns, Reaching safepoint: 101334 ns, At safepoint: 22552 ns, Total: 123886 ns
[2020-02-28T05:46:53.598+0000][1][safepoint    ] Safepoint "Cleanup", Time since last: 1000494899 ns, Reaching safepoint: 174174 ns, At safepoint: 12511 ns, Total: 186685 ns
[2020-02-28T05:46:54.599+0000][1][safepoint    ] Safepoint "Cleanup", Time since last: 1001412100 ns, Reaching safepoint: 66928 ns, At safepoint: 7468 ns, Total: 74396 ns
[2020-02-28T05:46:55.105+0000][1][safepoint    ] Safepoint "RevokeBias", Time since last: 505306963 ns, Reaching safepoint: 83012 ns, At safepoint: 18693 ns, Total: 101705 ns
[2020-02-28T05:46:56.106+0000][1][safepoint    ] Safepoint "Cleanup", Time since last: 1000642101 ns, Reaching safepoint: 85614 ns, At safepoint: 8284 ns, Total: 93898 ns
[2020-02-28T05:46:57.106+0000][1][safepoint    ] Safepoint "Cleanup", Time since last: 1000549083 ns, Reaching safepoint: 84159 ns, At safepoint: 8294 ns, Total: 92453 ns
[2020-02-28T05:46:57.610+0000][1][safepoint    ] Safepoint "BulkRevokeBias", Time since last: 502853839 ns, Reaching safepoint: 90823 ns, At safepoint: 339456 ns, Total: 430279 ns
[2020-02-28T05:46:58.612+0000][1][safepoint    ] Safepoint "Cleanup", Time since last: 1002102595 ns, Reaching safepoint: 62975 ns, At safepoint: 7738 ns, Total: 70713 ns
[2020-02-28T05:46:59.612+0000][1][safepoint    ] Safepoint "Cleanup", Time since last: 1000686263 ns, Reaching safepoint: 87857 ns, At safepoint: 8468 ns, Total: 96325 ns
[2020-02-28T05:47:00.114+0000][1][safepoint    ] Safepoint "RevokeBias", Time since last: 501446190 ns, Reaching safepoint: 100409 ns, At safepoint: 54594 ns, Total: 155003 ns
[2020-02-28T05:47:01.115+0000][1][safepoint    ] Safepoint "Cleanup", Time since last: 1000395081 ns, Reaching safepoint: 63172 ns, At safepoint: 7011 ns, Total: 70183 ns
[2020-02-28T05:47:02.115+0000][1][safepoint    ] Safepoint "Cleanup", Time since last: 1000681650 ns, Reaching safepoint: 96929 ns, At safepoint: 9836 ns, Total: 106765 ns
[2020-02-28T05:47:02.619+0000][1][safepoint    ] Safepoint "RevokeBias", Time since last: 503229927 ns, Reaching safepoint: 86394 ns, At safepoint: 20075 ns, Total: 106469 ns
[2020-02-28T05:47:03.622+0000][1][safepoint    ] Safepoint "Cleanup", Time since last: 1002947674 ns, Reaching safepoint: 64691 ns, At safepoint: 6935 ns, Total: 71626 ns
[2020-02-28T05:47:04.623+0000][1][safepoint    ] Safepoint "Cleanup", Time since last: 1000980069 ns, Reaching safepoint: 88259 ns, At safepoint: 8261 ns, Total: 96520 ns
[2020-02-28T05:47:05.125+0000][1][safepoint    ] Safepoint "RevokeBias", Time since last: 501580695 ns, Reaching safepoint: 118980 ns, At safepoint: 27925 ns, Total: 146905 ns
[2020-02-28T05:47:06.133+0000][1][safepoint    ] Safepoint "Cleanup", Time since last: 1003348286 ns, Reaching safepoint: 5260799 ns, At safepoint: 9946 ns, Total: 5270745 ns
[2020-02-28T05:47:07.134+0000][1][safepoint    ] Safepoint "Cleanup", Time since last: 1000740241 ns, Reaching safepoint: 87748 ns, At safepoint: 8461 ns, Total: 96209 ns
[2020-02-28T05:47:07.630+0000][1][safepoint    ] Safepoint "RevokeBias", Time since last: 495494570 ns, Reaching safepoint: 93082 ns, At safepoint: 22764 ns, Total: 115846 ns
[2020-02-28T05:47:08.630+0000][1][safepoint    ] Safepoint "Cleanup", Time since last: 1000661258 ns, Reaching safepoint: 66440 ns, At safepoint: 7249 ns, Total: 73689 ns
[2020-02-28T05:47:09.631+0000][1][safepoint    ] Safepoint "Cleanup", Time since last: 1000106572 ns, Reaching safepoint: 88620 ns, At safepoint: 8048 ns, Total: 96668 ns
[2020-02-28T05:47:10.139+0000][1][safepoint    ] Safepoint "RevokeBias", Time since last: 508483570 ns, Reaching safepoint: 155804 ns, At safepoint: 19621 ns, Total: 175425 ns
[2020-02-28T05:47:11.140+0000][1][safepoint    ] Safepoint "Cleanup", Time since last: 1000535734 ns, Reaching safepoint: 93801 ns, At safepoint: 9011 ns, Total: 102812 ns
[2020-02-28T05:47:12.140+0000][1][safepoint    ] Safepoint "Cleanup", Time since last: 1000071908 ns, Reaching safepoint: 132728 ns, At safepoint: 12505 ns, Total: 145233 ns
[2020-02-28T05:47:12.663+0000][1][safepoint    ] Safepoint "RevokeBias", Time since last: 522548932 ns, Reaching safepoint: 78807 ns, At safepoint: 19080 ns, Total: 97887 ns
[2020-02-28T05:47:13.663+0000][1][safepoint    ] Safepoint "Cleanup", Time since last: 1000414265 ns, Reaching safepoint: 92827 ns, At safepoint: 9032 ns, Total: 101859 ns
[2020-02-28T05:47:14.668+0000][1][safepoint    ] Safepoint "Cleanup", Time since last: 1005168823 ns, Reaching safepoint: 82008 ns, At safepoint: 6874 ns, Total: 88882 ns
[2020-02-28T05:47:15.182+0000][1][safepoint    ] Safepoint "RevokeBias", Time since last: 513485223 ns, Reaching safepoint: 78581 ns, At safepoint: 19282 ns, Total: 97863 ns
[2020-02-28T05:47:16.183+0000][1][safepoint    ] Safepoint "Cleanup", Time since last: 1000655933 ns, Reaching safepoint: 87460 ns, At safepoint: 7675 ns, Total: 95135 ns
[2020-02-28T05:47:17.189+0000][1][safepoint    ] Safepoint "Cleanup", Time since last: 1005756322 ns, Reaching safepoint: 255455 ns, At safepoint: 7112 ns, Total: 262567 ns
[2020-02-28T05:47:17.706+0000][1][safepoint    ] Safepoint "RevokeBias", Time since last: 516688917 ns, Reaching safepoint: 97489 ns, At safepoint: 22705 ns, Total: 120194 ns
[2020-02-28T05:47:18.706+0000][1][safepoint    ] Safepoint "Cleanup", Time since last: 1000766185 ns, Reaching safepoint: 93886 ns, At safepoint: 9292 ns, Total: 103178 ns
[2020-02-28T05:47:19.711+0000][1][safepoint    ] Safepoint "Cleanup", Time since last: 1004048323 ns, Reaching safepoint: 99828 ns, At safepoint: 8287 ns, Total: 108115 ns
[2020-02-28T05:47:20.216+0000][1][safepoint    ] Safepoint "RevokeBias", Time since last: 505013789 ns, Reaching safepoint: 85033 ns, At safepoint: 20959 ns, Total: 105992 ns
[2020-02-28T05:47:21.216+0000][1][safepoint    ] Safepoint "Cleanup", Time since last: 1000494391 ns, Reaching safepoint: 94663 ns, At safepoint: 8577 ns, Total: 103240 ns
[2020-02-28T05:47:22.218+0000][1][safepoint    ] Safepoint "Cleanup", Time since last: 1001742298 ns, Reaching safepoint: 81508 ns, At safepoint: 7650 ns, Total: 89158 ns
[2020-02-28T05:47:22.721+0000][1][safepoint    ] Safepoint "RevokeBias", Time since last: 502335646 ns, Reaching safepoint: 91140 ns, At safepoint: 22185 ns, Total: 113325 ns
[2020-02-28T05:47:23.721+0000][1][safepoint    ] Safepoint "Cleanup", Time since last: 1000190670 ns, Reaching safepoint: 90784 ns, At safepoint: 8658 ns, Total: 99442 ns
[2020-02-28T05:47:24.722+0000][1][safepoint    ] Safepoint "Cleanup", Time since last: 1000565252 ns, Reaching safepoint: 92039 ns, At safepoint: 9090 ns, Total: 101129 ns
[2020-02-28T05:47:25.224+0000][1][safepoint    ] Safepoint "RevokeBias", Time since last: 502424503 ns, Reaching safepoint: 84888 ns, At safepoint: 20196 ns, Total: 105084 ns
[2020-02-28T05:47:26.230+0000][1][safepoint    ] Safepoint "Cleanup", Time since last: 1005624263 ns, Reaching safepoint: 64942 ns, At safepoint: 7534 ns, Total: 72476 ns
[2020-02-28T05:47:27.230+0000][1][safepoint    ] Safepoint "Cleanup", Time since last: 1000238682 ns, Reaching safepoint: 94457 ns, At safepoint: 9029 ns, Total: 103486 ns
[2020-02-28T05:47:27.731+0000][1][safepoint    ] Safepoint "RevokeBias", Time since last: 500281428 ns, Reaching safepoint: 85807 ns, At safepoint: 20575 ns, Total: 106382 ns
[2020-02-28T05:47:28.736+0000][1][safepoint    ] Safepoint "Cleanup", Time since last: 1005477776 ns, Reaching safepoint: 84279 ns, At safepoint: 7301 ns, Total: 91580 ns
[2020-02-28T05:47:29.737+0000][1][safepoint    ] Safepoint "Cleanup", Time since last: 1000819565 ns, Reaching safepoint: 83659 ns, At safepoint: 7743 ns, Total: 91402 ns
[2020-02-28T05:47:30.234+0000][1][safepoint    ] Safepoint "RevokeBias", Time since last: 497046866 ns, Reaching safepoint: 81362 ns, At safepoint: 19330 ns, Total: 100692 ns
[2020-02-28T05:47:31.237+0000][1][safepoint    ] Safepoint "Cleanup", Time since last: 1002609608 ns, Reaching safepoint: 68175 ns, At safepoint: 7442 ns, Total: 75617 ns
[2020-02-28T05:47:32.237+0000][1][safepoint    ] Safepoint "Cleanup", Time since last: 1000185961 ns, Reaching safepoint: 94739 ns, At safepoint: 9167 ns, Total: 103906 ns
[2020-02-28T05:47:32.739+0000][1][safepoint    ] Safepoint "RevokeBias", Time since last: 501705024 ns, Reaching safepoint: 69702 ns, At safepoint: 20936 ns, Total: 90638 ns
[2020-02-28T05:47:33.744+0000][1][safepoint    ] Safepoint "Cleanup", Time since last: 1005259213 ns, Reaching safepoint: 99670 ns, At safepoint: 10143 ns, Total: 109813 ns
[2020-02-28T05:47:34.745+0000][1][safepoint    ] Safepoint "Cleanup", Time since last: 1000651157 ns, Reaching safepoint: 81847 ns, At safepoint: 8092 ns, Total: 89939 ns
[2020-02-28T05:47:35.243+0000][1][safepoint    ] Safepoint "RevokeBias", Time since last: 497949119 ns, Reaching safepoint: 79223 ns, At safepoint: 19286 ns, Total: 98509 ns
[2020-02-28T05:47:36.254+0000][1][safepoint    ] Safepoint "Cleanup", Time since last: 1010523598 ns, Reaching safepoint: 225794 ns, At safepoint: 7569 ns, Total: 233363 ns
[2020-02-28T05:47:37.254+0000][1][safepoint    ] Safepoint "Cleanup", Time since last: 1000310320 ns, Reaching safepoint: 92990 ns, At safepoint: 9042 ns, Total: 102032 ns
[2020-02-28T05:47:37.763+0000][1][safepoint    ] Safepoint "RevokeBias", Time since last: 508493686 ns, Reaching safepoint: 58922 ns, At safepoint: 17211 ns, Total: 76133 ns
[2020-02-28T05:47:38.764+0000][1][safepoint    ] Safepoint "Cleanup", Time since last: 1000672029 ns, Reaching safepoint: 81955 ns, At safepoint: 7813 ns, Total: 89768 ns
[2020-02-28T05:47:39.764+0000][1][safepoint    ] Safepoint "Cleanup", Time since last: 1000241606 ns, Reaching safepoint: 82090 ns, At safepoint: 7730 ns, Total: 89820 ns
[2020-02-28T05:47:40.294+0000][1][safepoint    ] Safepoint "RevokeBias", Time since last: 522782829 ns, Reaching safepoint: 6917859 ns, At safepoint: 27680 ns, Total: 6945539 ns
[2020-02-28T05:47:41.294+0000][1][safepoint    ] Safepoint "Cleanup", Time since last: 1000177576 ns, Reaching safepoint: 95503 ns, At safepoint: 9641 ns, Total: 105144 ns
[2020-02-28T05:47:42.294+0000][1][safepoint    ] Safepoint "Cleanup", Time since last: 1000417386 ns, Reaching safepoint: 80906 ns, At safepoint: 6534 ns, Total: 87440 ns
[2020-02-28T05:47:42.814+0000][1][safepoint    ] Safepoint "RevokeBias", Time since last: 519520838 ns, Reaching safepoint: 66860 ns, At safepoint: 42497 ns, Total: 109357 ns
[2020-02-28T05:47:43.815+0000][1][safepoint    ] Safepoint "Cleanup", Time since last: 1000809827 ns, Reaching safepoint: 144541 ns, At safepoint: 7789 ns, Total: 152330 ns
[2020-02-28T05:47:44.817+0000][1][safepoint    ] Safepoint "Cleanup", Time since last: 1001950424 ns, Reaching safepoint: 66199 ns, At safepoint: 8124 ns, Total: 74323 ns
[2020-02-28T05:47:45.332+0000][1][safepoint    ] Safepoint "RevokeBias", Time since last: 514379734 ns, Reaching safepoint: 64534 ns, At safepoint: 18519 ns, Total: 83053 ns
[2020-02-28T05:47:46.332+0000][1][safepoint    ] Safepoint "Cleanup", Time since last: 1000312618 ns, Reaching safepoint: 87138 ns, At safepoint: 9272 ns, Total: 96410 ns
[2020-02-28T05:47:47.334+0000][1][safepoint    ] Safepoint "Cleanup", Time since last: 1002099444 ns, Reaching safepoint: 78806 ns, At safepoint: 6137 ns, Total: 84943 ns
[2020-02-28T05:47:47.859+0000][1][safepoint    ] Safepoint "RevokeBias", Time since last: 524754212 ns, Reaching safepoint: 158427 ns, At safepoint: 44906 ns, Total: 203333 ns
[2020-02-28T05:47:48.860+0000][1][safepoint    ] Safepoint "Cleanup", Time since last: 1000672170 ns, Reaching safepoint: 87059 ns, At safepoint: 8500 ns, Total: 95559 ns
[2020-02-28T05:47:49.869+0000][1][safepoint    ] Safepoint "Cleanup", Time since last: 1009507583 ns, Reaching safepoint: 65281 ns, At safepoint: 7960 ns, Total: 73241 ns
[2020-02-28T05:47:50.364+0000][1][safepoint    ] Safepoint "RevokeBias", Time since last: 494724211 ns, Reaching safepoint: 68275 ns, At safepoint: 20732 ns, Total: 89007 ns
[2020-02-28T05:47:51.366+0000][1][safepoint    ] Safepoint "Cleanup", Time since last: 1001248968 ns, Reaching safepoint: 82998 ns, At safepoint: 7469 ns, Total: 90467 ns
[2020-02-28T05:47:52.367+0000][1][safepoint    ] Safepoint "Cleanup", Time since last: 1001380931 ns, Reaching safepoint: 118049 ns, At safepoint: 6020 ns, Total: 124069 ns
[2020-02-28T05:47:52.873+0000][1][safepoint    ] Safepoint "RevokeBias", Time since last: 506245655 ns, Reaching safepoint: 86266 ns, At safepoint: 20344 ns, Total: 106610 ns
[2020-02-28T05:47:53.875+0000][1][safepoint    ] Safepoint "Cleanup", Time since last: 1001050770 ns, Reaching safepoint: 65038 ns, At safepoint: 7811 ns, Total: 72849 ns
[2020-02-28T05:47:54.876+0000][1][safepoint    ] Safepoint "Cleanup", Time since last: 1000920588 ns, Reaching safepoint: 83341 ns, At safepoint: 7991 ns, Total: 91332 ns
[2020-02-28T05:47:55.379+0000][1][safepoint    ] Safepoint "RevokeBias", Time since last: 503466784 ns, Reaching safepoint: 93629 ns, At safepoint: 21798 ns, Total: 115427 ns
[2020-02-28T05:47:56.380+0000][1][safepoint    ] Safepoint "Cleanup", Time since last: 1000261699 ns, Reaching safepoint: 191469 ns, At safepoint: 25099 ns, Total: 216568 ns
[2020-02-28T05:47:57.380+0000][1][safepoint    ] Safepoint "Cleanup", Time since last: 1000452142 ns, Reaching safepoint: 85119 ns, At safepoint: 6646 ns, Total: 91765 ns
[2020-02-28T05:47:57.886+0000][1][safepoint    ] Safepoint "RevokeBias", Time since last: 505552236 ns, Reaching safepoint: 93372 ns, At safepoint: 22662 ns, Total: 116034 ns
[2020-02-28T05:47:58.891+0000][1][safepoint    ] Safepoint "Cleanup", Time since last: 1004869700 ns, Reaching safepoint: 78562 ns, At safepoint: 6999 ns, Total: 85561 ns
[2020-02-28T05:47:59.891+0000][1][safepoint    ] Safepoint "Cleanup", Time since last: 1000449224 ns, Reaching safepoint: 95752 ns, At safepoint: 8765 ns, Total: 104517 ns
[2020-02-28T05:48:00.391+0000][1][safepoint    ] Safepoint "RevokeBias", Time since last: 499074395 ns, Reaching safepoint: 96529 ns, At safepoint: 19112 ns, Total: 115641 ns
[2020-02-28T05:48:01.394+0000][1][safepoint    ] Safepoint "Cleanup", Time since last: 1003536386 ns, Reaching safepoint: 82330 ns, At safepoint: 7596 ns, Total: 89926 ns
[2020-02-28T05:48:02.395+0000][1][safepoint    ] Safepoint "Cleanup", Time since last: 1000181260 ns, Reaching safepoint: 183394 ns, At safepoint: 24560 ns, Total: 207954 ns
[2020-02-28T05:48:02.899+0000][1][safepoint    ] Safepoint "RevokeBias", Time since last: 504428953 ns, Reaching safepoint: 76787 ns, At safepoint: 19182 ns, Total: 95969 ns
[2020-02-28T05:48:03.465+0000][1][gc,start     ] GC(43) Pause Young (Allocation Failure)
[2020-02-28T05:48:03.465+0000][1][gc,task      ] GC(43) Using 1 workers of 1 for evacuation
[2020-02-28T05:48:03.493+0000][1][gc,age       ] GC(43) Desired survivor size 4358144 bytes, new threshold 6 (max threshold 6)
[2020-02-28T05:48:03.493+0000][1][gc,age       ] GC(43) Age table with threshold 6 (max threshold 6)
[2020-02-28T05:48:03.493+0000][1][gc,age       ] GC(43) - age   1:      12736 bytes,      12736 total
[2020-02-28T05:48:03.493+0000][1][gc,age       ] GC(43) - age   2:       3288 bytes,      16024 total
[2020-02-28T05:48:03.493+0000][1][gc,age       ] GC(43) - age   3:       2768 bytes,      18792 total
[2020-02-28T05:48:03.493+0000][1][gc,age       ] GC(43) - age   4:       1456 bytes,      20248 total
[2020-02-28T05:48:03.493+0000][1][gc,age       ] GC(43) - age   5:       1512 bytes,      21760 total
[2020-02-28T05:48:03.493+0000][1][gc,age       ] GC(43) - age   6:       4872 bytes,      26632 total
[2020-02-28T05:48:03.493+0000][1][gc,heap      ] GC(43) ParNew: 68222K->31K(76672K)
[2020-02-28T05:48:03.493+0000][1][gc,heap      ] GC(43) CMS: 62337K->62355K(963392K)
[2020-02-28T05:48:03.493+0000][1][gc,metaspace ] GC(43) Metaspace: 79353K->79353K(1122304K)
[2020-02-28T05:48:03.493+0000][1][gc           ] GC(43) Pause Young (Allocation Failure) 127M->60M(1015M) 27.486ms
[2020-02-28T05:48:03.493+0000][1][gc,cpu       ] GC(43) User=0.01s Sys=0.00s Real=0.03s
[2020-02-28T05:48:03.493+0000][1][safepoint    ] Safepoint "GenCollectForAllocation", Time since last: 566023293 ns, Reaching safepoint: 75742 ns, At safepoint: 27542407 ns, Total: 27618149 ns
[2020-02-28T05:48:04.493+0000][1][safepoint    ] Safepoint "Cleanup", Time since last: 1000331130 ns, Reaching safepoint: 83969 ns, At safepoint: 7791 ns, Total: 91760 ns
[2020-02-28T05:48:05.437+0000][1][safepoint    ] Safepoint "RevokeBias", Time since last: 937494558 ns, Reaching safepoint: 6471550 ns, At safepoint: 27670 ns, Total: 6499220 ns
[2020-02-28T05:48:06.438+0000][1][safepoint    ] Safepoint "Cleanup", Time since last: 1000407759 ns, Reaching safepoint: 113694 ns, At safepoint: 11300 ns, Total: 124994 ns
[2020-02-28T05:48:07.438+0000][1][safepoint    ] Safepoint "Cleanup", Time since last: 1000233367 ns, Reaching safepoint: 83671 ns, At safepoint: 7670 ns, Total: 91341 ns
[2020-02-28T05:48:07.938+0000][1][safepoint    ] Safepoint "RevokeBias", Time since last: 499482415 ns, Reaching safepoint: 78888 ns, At safepoint: 18898 ns, Total: 97786 ns
[2020-02-28T05:48:08.938+0000][1][safepoint    ] Safepoint "Cleanup", Time since last: 1000726302 ns, Reaching safepoint: 85986 ns, At safepoint: 8515 ns, Total: 94501 ns
[2020-02-28T05:48:09.939+0000][1][safepoint    ] Safepoint "Cleanup", Time since last: 1000762724 ns, Reaching safepoint: 81292 ns, At safepoint: 7271 ns, Total: 88563 ns
[2020-02-28T05:48:10.459+0000][1][safepoint    ] Safepoint "BulkRevokeBias", Time since last: 519262076 ns, Reaching safepoint: 82794 ns, At safepoint: 300336 ns, Total: 383130 ns
[2020-02-28T05:48:11.460+0000][1][safepoint    ] Safepoint "Cleanup", Time since last: 1000833434 ns, Reaching safepoint: 106496 ns, At safepoint: 10899 ns, Total: 117395 ns
[2020-02-28T05:48:12.460+0000][1][safepoint    ] Safepoint "Cleanup", Time since last: 1000156295 ns, Reaching safepoint: 85229 ns, At safepoint: 8846 ns, Total: 94075 ns
[2020-02-28T05:48:12.994+0000][1][safepoint    ] Safepoint "RevokeBias", Time since last: 534121331 ns, Reaching safepoint: 80259 ns, At safepoint: 19873 ns, Total: 100132 ns
[2020-02-28T05:48:13.995+0000][1][safepoint    ] Safepoint "Cleanup", Time since last: 1000334545 ns, Reaching safepoint: 155931 ns, At safepoint: 22353 ns, Total: 178284 ns
[2020-02-28T05:48:15.004+0000][1][safepoint    ] Safepoint "Cleanup", Time since last: 1008858339 ns, Reaching safepoint: 107648 ns, At safepoint: 8457 ns, Total: 116105 ns
[2020-02-28T05:48:15.512+0000][1][safepoint    ] Safepoint "RevokeBias", Time since last: 508106682 ns, Reaching safepoint: 81695 ns, At safepoint: 20201 ns, Total: 101896 ns
[2020-02-28T05:48:16.512+0000][1][safepoint    ] Safepoint "Cleanup", Time since last: 1000071310 ns, Reaching safepoint: 86733 ns, At safepoint: 9934 ns, Total: 96667 ns
[2020-02-28T05:48:17.513+0000][1][safepoint    ] Safepoint "Cleanup", Time since last: 1001075041 ns, Reaching safepoint: 81396 ns, At safepoint: 7421 ns, Total: 88817 ns
[2020-02-28T05:48:18.029+0000][1][safepoint    ] Safepoint "RevokeBias", Time since last: 515525729 ns, Reaching safepoint: 117116 ns, At safepoint: 28294 ns, Total: 145410 ns
[2020-02-28T05:48:19.029+0000][1][safepoint    ] Safepoint "Cleanup", Time since last: 1000259989 ns, Reaching safepoint: 88854 ns, At safepoint: 8358 ns, Total: 97212 ns
[2020-02-28T05:48:20.032+0000][1][safepoint    ] Safepoint "Cleanup", Time since last: 1002774599 ns, Reaching safepoint: 105174 ns, At safepoint: 24402 ns, Total: 129576 ns
[2020-02-28T05:48:20.536+0000][1][safepoint    ] Safepoint "RevokeBias", Time since last: 503703394 ns, Reaching safepoint: 88348 ns, At safepoint: 20605 ns, Total: 108953 ns
[2020-02-28T05:48:21.536+0000][1][safepoint    ] Safepoint "Cleanup", Time since last: 1000217117 ns, Reaching safepoint: 172109 ns, At safepoint: 11018 ns, Total: 183127 ns
[2020-02-28T05:48:22.538+0000][1][safepoint    ] Safepoint "Cleanup", Time since last: 1001288843 ns, Reaching safepoint: 63273 ns, At safepoint: 6927 ns, Total: 70200 ns
[2020-02-28T05:48:23.042+0000][1][safepoint    ] Safepoint "RevokeBias", Time since last: 504373904 ns, Reaching safepoint: 80011 ns, At safepoint: 19708 ns, Total: 99719 ns
[2020-02-28T05:48:24.047+0000][1][safepoint    ] Safepoint "Cleanup", Time since last: 1004444378 ns, Reaching safepoint: 79573 ns, At safepoint: 7017 ns, Total: 86590 ns
[2020-02-28T05:48:25.048+0000][1][safepoint    ] Safepoint "Cleanup", Time since last: 1000623856 ns, Reaching safepoint: 87628 ns, At safepoint: 8233 ns, Total: 95861 ns
[2020-02-28T05:48:25.546+0000][1][safepoint    ] Safepoint "RevokeBias", Time since last: 498614087 ns, Reaching safepoint: 118520 ns, At safepoint: 60654 ns, Total: 179174 ns
[2020-02-28T05:48:26.552+0000][1][safepoint    ] Safepoint "Cleanup", Time since last: 1005376520 ns, Reaching safepoint: 187751 ns, At safepoint: 24479 ns, Total: 212230 ns
[2020-02-28T05:48:27.553+0000][1][safepoint    ] Safepoint "Cleanup", Time since last: 1000677801 ns, Reaching safepoint: 86495 ns, At safepoint: 7423 ns, Total: 93918 ns
[2020-02-28T05:48:28.054+0000][1][safepoint    ] Safepoint "RevokeBias", Time since last: 501165529 ns, Reaching safepoint: 82338 ns, At safepoint: 19520 ns, Total: 101858 ns
[2020-02-28T05:48:29.058+0000][1][safepoint    ] Safepoint "Cleanup", Time since last: 1003596787 ns, Reaching safepoint: 170429 ns, At safepoint: 7630 ns, Total: 178059 ns
[2020-02-28T05:48:30.058+0000][1][safepoint    ] Safepoint "Cleanup", Time since last: 1000476928 ns, Reaching safepoint: 128761 ns, At safepoint: 10901 ns, Total: 139662 ns
[2020-02-28T05:48:30.559+0000][1][safepoint    ] Safepoint "RevokeBias", Time since last: 500293684 ns, Reaching safepoint: 92743 ns, At safepoint: 22270 ns, Total: 115013 ns
[2020-02-28T05:48:31.560+0000][1][safepoint    ] Safepoint "Cleanup", Time since last: 1000768782 ns, Reaching safepoint: 81377 ns, At safepoint: 7264 ns, Total: 88641 ns
[2020-02-28T05:48:32.561+0000][1][safepoint    ] Safepoint "Cleanup", Time since last: 1000769119 ns, Reaching safepoint: 86696 ns, At safepoint: 8458 ns, Total: 95154 ns
[2020-02-28T05:48:33.087+0000][1][safepoint    ] Safepoint "RevokeBias", Time since last: 525927669 ns, Reaching safepoint: 86842 ns, At safepoint: 19796 ns, Total: 106638 ns
[2020-02-28T05:48:34.087+0000][1][safepoint    ] Safepoint "Cleanup", Time since last: 1000528854 ns, Reaching safepoint: 154576 ns, At safepoint: 8476 ns, Total: 163052 ns
[2020-02-28T05:48:35.088+0000][1][safepoint    ] Safepoint "Cleanup", Time since last: 1000416467 ns, Reaching safepoint: 95693 ns, At safepoint: 5816 ns, Total: 101509 ns
[2020-02-28T05:48:35.604+0000][1][safepoint    ] Safepoint "RevokeBias", Time since last: 515477152 ns, Reaching safepoint: 219398 ns, At safepoint: 41917 ns, Total: 261315 ns
[2020-02-28T05:48:36.604+0000][1][safepoint    ] Safepoint "Cleanup", Time since last: 1000614025 ns, Reaching safepoint: 100376 ns, At safepoint: 9341 ns, Total: 109717 ns
[2020-02-28T05:48:37.605+0000][1][safepoint    ] Safepoint "Cleanup", Time since last: 1000434208 ns, Reaching safepoint: 89013 ns, At safepoint: 8542 ns, Total: 97555 ns
[2020-02-28T05:48:38.124+0000][1][safepoint    ] Safepoint "RevokeBias", Time since last: 519577158 ns, Reaching safepoint: 78693 ns, At safepoint: 19286 ns, Total: 97979 ns
[2020-02-28T05:48:39.125+0000][1][safepoint    ] Safepoint "Cleanup", Time since last: 1000648609 ns, Reaching safepoint: 85501 ns, At safepoint: 8039 ns, Total: 93540 ns
[2020-02-28T05:48:40.127+0000][1][safepoint    ] Safepoint "Cleanup", Time since last: 1001358796 ns, Reaching safepoint: 74857 ns, At safepoint: 6640 ns, Total: 81497 ns
[2020-02-28T05:48:40.648+0000][1][safepoint    ] Safepoint "RevokeBias", Time since last: 521464683 ns, Reaching safepoint: 80267 ns, At safepoint: 19486 ns, Total: 99753 ns
[2020-02-28T05:48:41.648+0000][1][safepoint    ] Safepoint "Cleanup", Time since last: 1000201012 ns, Reaching safepoint: 90965 ns, At safepoint: 9259 ns, Total: 100224 ns
[2020-02-28T05:48:42.652+0000][1][safepoint    ] Safepoint "Cleanup", Time since last: 1003862734 ns, Reaching safepoint: 82190 ns, At safepoint: 7494 ns, Total: 89684 ns
[2020-02-28T05:48:43.167+0000][1][safepoint    ] Safepoint "RevokeBias", Time since last: 514523596 ns, Reaching safepoint: 59184 ns, At safepoint: 17368 ns, Total: 76552 ns
[2020-02-28T05:48:44.167+0000][1][safepoint    ] Safepoint "Cleanup", Time since last: 1000231212 ns, Reaching safepoint: 84141 ns, At safepoint: 8077 ns, Total: 92218 ns
[2020-02-28T05:48:45.676+0000][1][safepoint    ] Safepoint "RevokeBias", Time since last: 1508499929 ns, Reaching safepoint: 94334 ns, At safepoint: 21287 ns, Total: 115621 ns
[2020-02-28T05:48:46.676+0000][1][safepoint    ] Safepoint "Cleanup", Time since last: 1000259645 ns, Reaching safepoint: 100505 ns, At safepoint: 7796 ns, Total: 108301 ns
[2020-02-28T05:48:47.680+0000][1][safepoint    ] Safepoint "Cleanup", Time since last: 1003878115 ns, Reaching safepoint: 96825 ns, At safepoint: 10130 ns, Total: 106955 ns
[2020-02-28T05:48:48.183+0000][1][safepoint    ] Safepoint "RevokeBias", Time since last: 502328726 ns, Reaching safepoint: 89557 ns, At safepoint: 19717 ns, Total: 109274 ns
[2020-02-28T05:48:49.188+0000][1][safepoint    ] Safepoint "Cleanup", Time since last: 1005100249 ns, Reaching safepoint: 79004 ns, At safepoint: 7691 ns, Total: 86695 ns
[2020-02-28T05:48:50.188+0000][1][safepoint    ] Safepoint "Cleanup", Time since last: 1000261726 ns, Reaching safepoint: 94436 ns, At safepoint: 9535 ns, Total: 103971 ns
[2020-02-28T05:48:50.686+0000][1][safepoint    ] Safepoint "RevokeBias", Time since last: 497246409 ns, Reaching safepoint: 94469 ns, At safepoint: 21692 ns, Total: 116161 ns
[2020-02-28T05:48:51.697+0000][1][safepoint    ] Safepoint "Cleanup", Time since last: 1010943314 ns, Reaching safepoint: 59631 ns, At safepoint: 6264 ns, Total: 65895 ns
[2020-02-28T05:48:52.697+0000][1][safepoint    ] Safepoint "Cleanup", Time since last: 1000435197 ns, Reaching safepoint: 109376 ns, At safepoint: 8742 ns, Total: 118118 ns
[2020-02-28T05:48:53.191+0000][1][safepoint    ] Safepoint "RevokeBias", Time since last: 493209231 ns, Reaching safepoint: 92303 ns, At safepoint: 41709 ns, Total: 134012 ns
[2020-02-28T05:48:54.196+0000][1][safepoint    ] Safepoint "Cleanup", Time since last: 1005495271 ns, Reaching safepoint: 67614 ns, At safepoint: 7582 ns, Total: 75196 ns
[2020-02-28T05:48:55.197+0000][1][safepoint    ] Safepoint "Cleanup", Time since last: 1000353323 ns, Reaching safepoint: 195239 ns, At safepoint: 8796 ns, Total: 204035 ns
[2020-02-28T05:48:55.702+0000][1][safepoint    ] Safepoint "RevokeBias", Time since last: 501309415 ns, Reaching safepoint: 4310741 ns, At safepoint: 28020 ns, Total: 4338761 ns
[2020-02-28T05:48:56.703+0000][1][safepoint    ] Safepoint "Cleanup", Time since last: 1000550049 ns, Reaching safepoint: 94682 ns, At safepoint: 8835 ns, Total: 103517 ns
[2020-02-28T05:48:57.703+0000][1][safepoint    ] Safepoint "Cleanup", Time since last: 1000198834 ns, Reaching safepoint: 86599 ns, At safepoint: 8131 ns, Total: 94730 ns
[2020-02-28T05:48:58.216+0000][1][safepoint    ] Safepoint "RevokeBias", Time since last: 513050399 ns, Reaching safepoint: 78048 ns, At safepoint: 19475 ns, Total: 97523 ns
[2020-02-28T05:48:59.217+0000][1][safepoint    ] Safepoint "Cleanup", Time since last: 1000575262 ns, Reaching safepoint: 93196 ns, At safepoint: 8496 ns, Total: 101692 ns
[2020-02-28T05:49:00.218+0000][1][safepoint    ] Safepoint "Cleanup", Time since last: 1000287392 ns, Reaching safepoint: 96358 ns, At safepoint: 9379 ns, Total: 105737 ns
[2020-02-28T05:49:00.730+0000][1][safepoint    ] Safepoint "RevokeBias", Time since last: 512605177 ns, Reaching safepoint: 56849 ns, At safepoint: 18104 ns, Total: 74953 ns
[2020-02-28T05:49:01.730+0000][1][safepoint    ] Safepoint "Cleanup", Time since last: 1000133374 ns, Reaching safepoint: 87370 ns, At safepoint: 7946 ns, Total: 95316 ns
[2020-02-28T05:49:02.731+0000][1][safepoint    ] Safepoint "Cleanup", Time since last: 1000532398 ns, Reaching safepoint: 84947 ns, At safepoint: 8142 ns, Total: 93089 ns
[2020-02-28T05:49:03.253+0000][1][safepoint    ] Safepoint "RevokeBias", Time since last: 521687818 ns, Reaching safepoint: 57274 ns, At safepoint: 16647 ns, Total: 73921 ns
[2020-02-28T05:49:04.253+0000][1][safepoint    ] Safepoint "Cleanup", Time since last: 1000324592 ns, Reaching safepoint: 94565 ns, At safepoint: 9296 ns, Total: 103861 ns
[2020-02-28T05:49:05.255+0000][1][safepoint    ] Safepoint "Cleanup", Time since last: 1001332415 ns, Reaching safepoint: 97180 ns, At safepoint: 7610 ns, Total: 104790 ns
[2020-02-28T05:49:05.770+0000][1][safepoint    ] Safepoint "RevokeBias", Time since last: 515172111 ns, Reaching safepoint: 81096 ns, At safepoint: 19610 ns, Total: 100706 ns
[2020-02-28T05:49:06.771+0000][1][safepoint    ] Safepoint "Cleanup", Time since last: 1000799275 ns, Reaching safepoint: 97229 ns, At safepoint: 9620 ns, Total: 106849 ns
[2020-02-28T05:49:07.773+0000][1][safepoint    ] Safepoint "Cleanup", Time since last: 1001856074 ns, Reaching safepoint: 83460 ns, At safepoint: 7101 ns, Total: 90561 ns
[2020-02-28T05:49:08.281+0000][1][safepoint    ] Safepoint "RevokeBias", Time since last: 507578599 ns, Reaching safepoint: 104757 ns, At safepoint: 22956 ns, Total: 127713 ns
[2020-02-28T05:49:09.281+0000][1][safepoint    ] Safepoint "Cleanup", Time since last: 1000486731 ns, Reaching safepoint: 90991 ns, At safepoint: 9167 ns, Total: 100158 ns
[2020-02-28T05:49:10.287+0000][1][safepoint    ] Safepoint "Cleanup", Time since last: 1006123715 ns, Reaching safepoint: 80133 ns, At safepoint: 7264 ns, Total: 87397 ns
[2020-02-28T05:49:10.783+0000][1][safepoint    ] Safepoint "RevokeBias", Time since last: 495470163 ns, Reaching safepoint: 93357 ns, At safepoint: 22705 ns, Total: 116062 ns
[2020-02-28T05:49:11.784+0000][1][safepoint    ] Safepoint "Cleanup", Time since last: 1000538345 ns, Reaching safepoint: 93054 ns, At safepoint: 9127 ns, Total: 102181 ns
[2020-02-28T05:49:12.784+0000][1][safepoint    ] Safepoint "Cleanup", Time since last: 1000393126 ns, Reaching safepoint: 119776 ns, At safepoint: 10944 ns, Total: 130720 ns
[2020-02-28T05:49:13.289+0000][1][safepoint    ] Safepoint "RevokeBias", Time since last: 505047969 ns, Reaching safepoint: 80957 ns, At safepoint: 20327 ns, Total: 101284 ns
[2020-02-28T05:49:14.296+0000][1][safepoint    ] Safepoint "Cleanup", Time since last: 1006805006 ns, Reaching safepoint: 112574 ns, At safepoint: 6926 ns, Total: 119500 ns
[2020-02-28T05:49:15.297+0000][1][safepoint    ] Safepoint "Cleanup", Time since last: 1000427876 ns, Reaching safepoint: 89411 ns, At safepoint: 7986 ns, Total: 97397 ns
[2020-02-28T05:49:15.793+0000][1][safepoint    ] Safepoint "RevokeBias", Time since last: 496109478 ns, Reaching safepoint: 83852 ns, At safepoint: 18783 ns, Total: 102635 ns
[2020-02-28T05:49:16.800+0000][1][safepoint    ] Safepoint "Cleanup", Time since last: 1007218000 ns, Reaching safepoint: 62384 ns, At safepoint: 6673 ns, Total: 69057 ns
[2020-02-28T05:49:17.800+0000][1][safepoint    ] Safepoint "Cleanup", Time since last: 1000147541 ns, Reaching safepoint: 96782 ns, At safepoint: 9376 ns, Total: 106158 ns
[2020-02-28T05:49:18.299+0000][1][safepoint    ] Safepoint "RevokeBias", Time since last: 498399406 ns, Reaching safepoint: 62079 ns, At safepoint: 17995 ns, Total: 80074 ns
[2020-02-28T05:49:19.300+0000][1][safepoint    ] Safepoint "Cleanup", Time since last: 1001208490 ns, Reaching safepoint: 80728 ns, At safepoint: 7110 ns, Total: 87838 ns
[2020-02-28T05:49:20.301+0000][1][safepoint    ] Safepoint "Cleanup", Time since last: 1000608769 ns, Reaching safepoint: 94119 ns, At safepoint: 7969 ns, Total: 102088 ns
[2020-02-28T05:49:20.808+0000][1][safepoint    ] Safepoint "RevokeBias", Time since last: 506554921 ns, Reaching safepoint: 107646 ns, At safepoint: 21700 ns, Total: 129346 ns
[2020-02-28T05:49:21.808+0000][1][safepoint    ] Safepoint "Cleanup", Time since last: 1000687681 ns, Reaching safepoint: 82796 ns, At safepoint: 8846 ns, Total: 91642 ns
[2020-02-28T05:49:22.809+0000][1][safepoint    ] Safepoint "Cleanup", Time since last: 1000788834 ns, Reaching safepoint: 172536 ns, At safepoint: 9193 ns, Total: 181729 ns
[2020-02-28T05:49:23.330+0000][1][safepoint    ] Safepoint "BulkRevokeBias", Time since last: 520600016 ns, Reaching safepoint: 79141 ns, At safepoint: 220391 ns, Total: 299532 ns
[2020-02-28T05:49:24.331+0000][1][safepoint    ] Safepoint "Cleanup", Time since last: 1000544440 ns, Reaching safepoint: 88533 ns, At safepoint: 8663 ns, Total: 97196 ns
[2020-02-28T05:49:25.332+0000][1][safepoint    ] Safepoint "Cleanup", Time since last: 1001026414 ns, Reaching safepoint: 105378 ns, At safepoint: 10194 ns, Total: 115572 ns
[2020-02-28T05:49:25.851+0000][1][safepoint    ] Safepoint "RevokeBias", Time since last: 518961785 ns, Reaching safepoint: 57299 ns, At safepoint: 16783 ns, Total: 74082 ns
[2020-02-28T05:49:26.852+0000][1][safepoint    ] Safepoint "Cleanup", Time since last: 1000406155 ns, Reaching safepoint: 78409 ns, At safepoint: 6638 ns, Total: 85047 ns
[2020-02-28T05:49:27.860+0000][1][safepoint    ] Safepoint "Cleanup", Time since last: 1008078319 ns, Reaching safepoint: 81963 ns, At safepoint: 7233 ns, Total: 89196 ns
[2020-02-28T05:49:28.382+0000][1][safepoint    ] Safepoint "RevokeBias", Time since last: 522409608 ns, Reaching safepoint: 58123 ns, At safepoint: 17629 ns, Total: 75752 ns
[2020-02-28T05:49:29.382+0000][1][safepoint    ] Safepoint "Cleanup", Time since last: 1000177776 ns, Reaching safepoint: 92142 ns, At safepoint: 8900 ns, Total: 101042 ns
[2020-02-28T05:49:30.384+0000][1][safepoint    ] Safepoint "Cleanup", Time since last: 1000995034 ns, Reaching safepoint: 76766 ns, At safepoint: 6699 ns, Total: 83465 ns
[2020-02-28T05:49:30.891+0000][1][safepoint    ] Safepoint "RevokeBias", Time since last: 507149370 ns, Reaching safepoint: 78550 ns, At safepoint: 18916 ns, Total: 97466 ns
[2020-02-28T05:49:31.892+0000][1][safepoint    ] Safepoint "Cleanup", Time since last: 1000766303 ns, Reaching safepoint: 91173 ns, At safepoint: 8285 ns, Total: 99458 ns
[2020-02-28T05:49:32.900+0000][1][safepoint    ] Safepoint "Cleanup", Time since last: 1008048936 ns, Reaching safepoint: 79032 ns, At safepoint: 6845 ns, Total: 85877 ns
[2020-02-28T05:49:33.398+0000][1][safepoint    ] Safepoint "RevokeBias", Time since last: 497969671 ns, Reaching safepoint: 86028 ns, At safepoint: 20814 ns, Total: 106842 ns
[2020-02-28T05:49:34.405+0000][1][safepoint    ] Safepoint "Cleanup", Time since last: 1006964293 ns, Reaching safepoint: 84302 ns, At safepoint: 7963 ns, Total: 92265 ns
[2020-02-28T05:49:35.406+0000][1][safepoint    ] Safepoint "Cleanup", Time since last: 1000717023 ns, Reaching safepoint: 98218 ns, At safepoint: 10327 ns, Total: 108545 ns
[2020-02-28T05:49:35.902+0000][1][safepoint    ] Safepoint "RevokeBias", Time since last: 496362646 ns, Reaching safepoint: 90070 ns, At safepoint: 21448 ns, Total: 111518 ns
[2020-02-28T05:49:36.903+0000][1][safepoint    ] Safepoint "Cleanup", Time since last: 1000642066 ns, Reaching safepoint: 102411 ns, At safepoint: 8456 ns, Total: 110867 ns
[2020-02-28T05:49:37.904+0000][1][safepoint    ] Safepoint "Cleanup", Time since last: 1000501403 ns, Reaching safepoint: 94446 ns, At safepoint: 9183 ns, Total: 103629 ns
[2020-02-28T05:49:38.412+0000][1][safepoint    ] Safepoint "RevokeBias", Time since last: 507343258 ns, Reaching safepoint: 1291873 ns, At safepoint: 25018 ns, Total: 1316891 ns
[2020-02-28T05:49:39.416+0000][1][safepoint    ] Safepoint "Cleanup", Time since last: 1004106595 ns, Reaching safepoint: 115691 ns, At safepoint: 7359 ns, Total: 123050 ns
[2020-02-28T05:49:40.417+0000][1][safepoint    ] Safepoint "Cleanup", Time since last: 1000633639 ns, Reaching safepoint: 87644 ns, At safepoint: 7616 ns, Total: 95260 ns
[2020-02-28T05:49:40.916+0000][1][safepoint    ] Safepoint "RevokeBias", Time since last: 498248768 ns, Reaching safepoint: 84397 ns, At safepoint: 20449 ns, Total: 104846 ns
[2020-02-28T05:49:41.916+0000][1][safepoint    ] Safepoint "Cleanup", Time since last: 1000401953 ns, Reaching safepoint: 108471 ns, At safepoint: 8257 ns, Total: 116728 ns
[2020-02-28T05:49:42.917+0000][1][safepoint    ] Safepoint "Cleanup", Time since last: 1000711123 ns, Reaching safepoint: 96524 ns, At safepoint: 6843 ns, Total: 103367 ns
[2020-02-28T05:49:43.425+0000][1][safepoint    ] Safepoint "RevokeBias", Time since last: 508436421 ns, Reaching safepoint: 81327 ns, At safepoint: 19186 ns, Total: 100513 ns
[2020-02-28T05:49:44.426+0000][1][safepoint    ] Safepoint "Cleanup", Time since last: 1000484084 ns, Reaching safepoint: 92560 ns, At safepoint: 9043 ns, Total: 101603 ns
[2020-02-28T05:49:45.427+0000][1][safepoint    ] Safepoint "Cleanup", Time since last: 1000643637 ns, Reaching safepoint: 88075 ns, At safepoint: 9052 ns, Total: 97127 ns
[2020-02-28T05:49:45.941+0000][1][safepoint    ] Safepoint "RevokeBias", Time since last: 514488790 ns, Reaching safepoint: 62164 ns, At safepoint: 19550 ns, Total: 81714 ns
[2020-02-28T05:49:46.942+0000][1][safepoint    ] Safepoint "Cleanup", Time since last: 1000841592 ns, Reaching safepoint: 91030 ns, At safepoint: 9436 ns, Total: 100466 ns
[2020-02-28T05:49:47.948+0000][1][safepoint    ] Safepoint "Cleanup", Time since last: 1005446868 ns, Reaching safepoint: 82052 ns, At safepoint: 7155 ns, Total: 89207 ns
[2020-02-28T05:49:48.457+0000][1][safepoint    ] Safepoint "RevokeBias", Time since last: 509069214 ns, Reaching safepoint: 60142 ns, At safepoint: 17923 ns, Total: 78065 ns
[2020-02-28T05:49:49.457+0000][1][safepoint    ] Safepoint "Cleanup", Time since last: 1000364945 ns, Reaching safepoint: 84626 ns, At safepoint: 7541 ns, Total: 92167 ns
[2020-02-28T05:49:50.458+0000][1][safepoint    ] Safepoint "Cleanup", Time since last: 1000993874 ns, Reaching safepoint: 71117 ns, At safepoint: 9090 ns, Total: 80207 ns
[2020-02-28T05:49:50.971+0000][1][safepoint    ] Safepoint "RevokeBias", Time since last: 512649667 ns, Reaching safepoint: 230289 ns, At safepoint: 61613 ns, Total: 291902 ns
[2020-02-28T05:49:51.972+0000][1][safepoint    ] Safepoint "Cleanup", Time since last: 1000815848 ns, Reaching safepoint: 93821 ns, At safepoint: 9424 ns, Total: 103245 ns
[2020-02-28T05:49:52.982+0000][1][safepoint    ] Safepoint "Cleanup", Time since last: 1009540992 ns, Reaching safepoint: 82399 ns, At safepoint: 7411 ns, Total: 89810 ns
[2020-02-28T05:49:53.482+0000][1][safepoint    ] Safepoint "RevokeBias", Time since last: 500341752 ns, Reaching safepoint: 93338 ns, At safepoint: 40546 ns, Total: 133884 ns
[2020-02-28T05:49:54.483+0000][1][safepoint    ] Safepoint "Cleanup", Time since last: 1000380112 ns, Reaching safepoint: 92834 ns, At safepoint: 8928 ns, Total: 101762 ns
[2020-02-28T05:49:55.484+0000][1][safepoint    ] Safepoint "Cleanup", Time since last: 1000627507 ns, Reaching safepoint: 64961 ns, At safepoint: 6928 ns, Total: 71889 ns
[2020-02-28T05:49:55.987+0000][1][safepoint    ] Safepoint "RevokeBias", Time since last: 502990086 ns, Reaching safepoint: 79854 ns, At safepoint: 19320 ns, Total: 99174 ns
[2020-02-28T05:49:56.992+0000][1][safepoint    ] Safepoint "Cleanup", Time since last: 1005317360 ns, Reaching safepoint: 61982 ns, At safepoint: 6596 ns, Total: 68578 ns
[2020-02-28T05:49:57.992+0000][1][safepoint    ] Safepoint "Cleanup", Time since last: 1000242759 ns, Reaching safepoint: 92207 ns, At safepoint: 9290 ns, Total: 101497 ns
[2020-02-28T05:49:58.493+0000][1][safepoint    ] Safepoint "RevokeBias", Time since last: 500413667 ns, Reaching safepoint: 79406 ns, At safepoint: 18740 ns, Total: 98146 ns
[2020-02-28T05:49:59.497+0000][1][safepoint    ] Safepoint "Cleanup", Time since last: 1004226068 ns, Reaching safepoint: 77006 ns, At safepoint: 7174 ns, Total: 84180 ns
[2020-02-28T05:50:00.497+0000][1][safepoint    ] Safepoint "Cleanup", Time since last: 1000065542 ns, Reaching safepoint: 80735 ns, At safepoint: 7264 ns, Total: 87999 ns
[2020-02-28T05:50:00.996+0000][1][safepoint    ] Safepoint "RevokeBias", Time since last: 498689332 ns, Reaching safepoint: 95915 ns, At safepoint: 22284 ns, Total: 118199 ns
[2020-02-28T05:50:01.997+0000][1][safepoint    ] Safepoint "Cleanup", Time since last: 1000664601 ns, Reaching safepoint: 57420 ns, At safepoint: 5787 ns, Total: 63207 ns
[2020-02-28T05:50:02.997+0000][1][safepoint    ] Safepoint "Cleanup", Time since last: 1000146215 ns, Reaching safepoint: 93187 ns, At safepoint: 9040 ns, Total: 102227 ns
[2020-02-28T05:50:03.502+0000][1][safepoint    ] Safepoint "RevokeBias", Time since last: 504878573 ns, Reaching safepoint: 92704 ns, At safepoint: 22439 ns, Total: 115143 ns
[2020-02-28T05:50:04.503+0000][1][safepoint    ] Safepoint "Cleanup", Time since last: 1000762764 ns, Reaching safepoint: 91938 ns, At safepoint: 8394 ns, Total: 100332 ns
[2020-02-28T05:50:05.504+0000][1][safepoint    ] Safepoint "Cleanup", Time since last: 1000635051 ns, Reaching safepoint: 83351 ns, At safepoint: 9210 ns, Total: 92561 ns
[2020-02-28T05:50:06.014+0000][1][safepoint    ] Safepoint "RevokeBias", Time since last: 510330541 ns, Reaching safepoint: 78208 ns, At safepoint: 19248 ns, Total: 97456 ns
[2020-02-28T05:50:07.015+0000][1][safepoint    ] Safepoint "Cleanup", Time since last: 1000645019 ns, Reaching safepoint: 91567 ns, At safepoint: 8296 ns, Total: 99863 ns
[2020-02-28T05:50:08.016+0000][1][safepoint    ] Safepoint "Cleanup", Time since last: 1000758999 ns, Reaching safepoint: 76792 ns, At safepoint: 6157 ns, Total: 82949 ns
[2020-02-28T05:50:08.539+0000][1][safepoint    ] Safepoint "RevokeBias", Time since last: 523069299 ns, Reaching safepoint: 57838 ns, At safepoint: 17365 ns, Total: 75203 ns
[2020-02-28T05:50:09.539+0000][1][safepoint    ] Safepoint "Cleanup", Time since last: 1000329118 ns, Reaching safepoint: 116648 ns, At safepoint: 8312 ns, Total: 124960 ns
[2020-02-28T05:50:10.547+0000][1][safepoint    ] Safepoint "Cleanup", Time since last: 1006935350 ns, Reaching safepoint: 140008 ns, At safepoint: 27270 ns, Total: 167278 ns
[2020-02-28T05:50:11.057+0000][1][safepoint    ] Safepoint "RevokeBias", Time since last: 510384074 ns, Reaching safepoint: 58503 ns, At safepoint: 68311 ns, Total: 126814 ns
[2020-02-28T05:50:12.413+0000][1][safepoint    ] Safepoint "Cleanup", Time since last: 1355402358 ns, Reaching safepoint: 80932 ns, At safepoint: 8724 ns, Total: 89656 ns
[2020-02-28T05:50:13.420+0000][1][safepoint    ] Safepoint "Cleanup", Time since last: 1007331944 ns, Reaching safepoint: 63760 ns, At safepoint: 7301 ns, Total: 71061 ns
[2020-02-28T05:50:13.569+0000][1][safepoint    ] Safepoint "RevokeBias", Time since last: 148888176 ns, Reaching safepoint: 79904 ns, At safepoint: 19730 ns, Total: 99634 ns
[2020-02-28T05:50:14.569+0000][1][safepoint    ] Safepoint "Cleanup", Time since last: 1000458794 ns, Reaching safepoint: 94643 ns, At safepoint: 9027 ns, Total: 103670 ns
[2020-02-28T05:50:15.572+0000][1][safepoint    ] Safepoint "Cleanup", Time since last: 1002401808 ns, Reaching safepoint: 82412 ns, At safepoint: 7091 ns, Total: 89503 ns
[2020-02-28T05:50:16.071+0000][1][safepoint    ] Safepoint "RevokeBias", Time since last: 499308825 ns, Reaching safepoint: 83423 ns, At safepoint: 19368 ns, Total: 102791 ns
[2020-02-28T05:50:17.072+0000][1][safepoint    ] Safepoint "Cleanup", Time since last: 1000646510 ns, Reaching safepoint: 86312 ns, At safepoint: 7944 ns, Total: 94256 ns
[2020-02-28T05:50:18.073+0000][1][safepoint    ] Safepoint "Cleanup", Time since last: 1000647925 ns, Reaching safepoint: 91959 ns, At safepoint: 9159 ns, Total: 101118 ns
[2020-02-28T05:50:18.576+0000][1][safepoint    ] Safepoint "RevokeBias", Time since last: 503462618 ns, Reaching safepoint: 76938 ns, At safepoint: 19553 ns, Total: 96491 ns
[2020-02-28T05:50:18.588+0000][1][gc,start     ] GC(44) Pause Young (Allocation Failure)
[2020-02-28T05:50:18.588+0000][1][gc,task      ] GC(44) Using 1 workers of 1 for evacuation
[2020-02-28T05:50:18.598+0000][1][gc,age       ] GC(44) Desired survivor size 4358144 bytes, new threshold 6 (max threshold 6)
[2020-02-28T05:50:18.598+0000][1][gc,age       ] GC(44) Age table with threshold 6 (max threshold 6)
[2020-02-28T05:50:18.598+0000][1][gc,age       ] GC(44) - age   1:      13216 bytes,      13216 total
[2020-02-28T05:50:18.598+0000][1][gc,age       ] GC(44) - age   2:       1024 bytes,      14240 total
[2020-02-28T05:50:18.598+0000][1][gc,age       ] GC(44) - age   3:       3168 bytes,      17408 total
[2020-02-28T05:50:18.598+0000][1][gc,age       ] GC(44) - age   4:       2768 bytes,      20176 total
[2020-02-28T05:50:18.598+0000][1][gc,age       ] GC(44) - age   5:       1456 bytes,      21632 total
[2020-02-28T05:50:18.598+0000][1][gc,age       ] GC(44) - age   6:       1512 bytes,      23144 total
[2020-02-28T05:50:18.598+0000][1][gc,heap      ] GC(44) ParNew: 68191K->23K(76672K)
[2020-02-28T05:50:18.598+0000][1][gc,heap      ] GC(44) CMS: 62355K->62360K(963392K)
[2020-02-28T05:50:18.598+0000][1][gc,metaspace ] GC(44) Metaspace: 79374K->79374K(1122304K)
[2020-02-28T05:50:18.599+0000][1][gc           ] GC(44) Pause Young (Allocation Failure) 127M->60M(1015M) 11.090ms
[2020-02-28T05:50:18.599+0000][1][gc,cpu       ] GC(44) User=0.01s Sys=0.00s Real=0.01s
[2020-02-28T05:50:18.599+0000][1][safepoint    ] Safepoint "GenCollectForAllocation", Time since last: 11152889 ns, Reaching safepoint: 80731 ns, At safepoint: 11155895 ns, Total: 11236626 ns
[2020-02-28T05:50:19.603+0000][1][safepoint    ] Safepoint "Cleanup", Time since last: 1003894879 ns, Reaching safepoint: 86619 ns, At safepoint: 6962 ns, Total: 93581 ns
[2020-02-28T05:50:20.603+0000][1][safepoint    ] Safepoint "Cleanup", Time since last: 1000425237 ns, Reaching safepoint: 101421 ns, At safepoint: 9414 ns, Total: 110835 ns
[2020-02-28T05:50:21.080+0000][1][safepoint    ] Safepoint "RevokeBias", Time since last: 476529028 ns, Reaching safepoint: 95304 ns, At safepoint: 22738 ns, Total: 118042 ns
[2020-02-28T05:50:22.082+0000][1][safepoint    ] Safepoint "Cleanup", Time since last: 1002267960 ns, Reaching safepoint: 91875 ns, At safepoint: 8021 ns, Total: 99896 ns
[2020-02-28T05:50:23.083+0000][1][safepoint    ] Safepoint "Cleanup", Time since last: 1000458359 ns, Reaching safepoint: 97603 ns, At safepoint: 6575 ns, Total: 104178 ns
[2020-02-28T05:50:23.584+0000][1][safepoint    ] Safepoint "RevokeBias", Time since last: 501253699 ns, Reaching safepoint: 107295 ns, At safepoint: 44810 ns, Total: 152105 ns
[2020-02-28T05:50:24.590+0000][1][safepoint    ] Safepoint "Cleanup", Time since last: 1005914884 ns, Reaching safepoint: 81323 ns, At safepoint: 7113 ns, Total: 88436 ns
[2020-02-28T05:50:25.591+0000][1][safepoint    ] Safepoint "Cleanup", Time since last: 1000677587 ns, Reaching safepoint: 75665 ns, At safepoint: 6150 ns, Total: 81815 ns
[2020-02-28T05:50:26.090+0000][1][safepoint    ] Safepoint "RevokeBias", Time since last: 498774675 ns, Reaching safepoint: 84723 ns, At safepoint: 20048 ns, Total: 104771 ns
[2020-02-28T05:50:27.091+0000][1][safepoint    ] Safepoint "Cleanup", Time since last: 1001111101 ns, Reaching safepoint: 84800 ns, At safepoint: 6808 ns, Total: 91608 ns
[2020-02-28T05:50:28.092+0000][1][safepoint    ] Safepoint "Cleanup", Time since last: 1000588376 ns, Reaching safepoint: 92687 ns, At safepoint: 7795 ns, Total: 100482 ns
[2020-02-28T05:50:28.603+0000][1][safepoint    ] Safepoint "RevokeBias", Time since last: 511071374 ns, Reaching safepoint: 57378 ns, At safepoint: 17511 ns, Total: 74889 ns
[2020-02-28T05:50:29.603+0000][1][safepoint    ] Safepoint "Cleanup", Time since last: 1000298464 ns, Reaching safepoint: 85497 ns, At safepoint: 8137 ns, Total: 93634 ns
[2020-02-28T05:50:30.604+0000][1][safepoint    ] Safepoint "Cleanup", Time since last: 1000709413 ns, Reaching safepoint: 82023 ns, At safepoint: 8715 ns, Total: 90738 ns
[2020-02-28T05:50:31.120+0000][1][safepoint    ] Safepoint "RevokeBias", Time since last: 515541124 ns, Reaching safepoint: 79424 ns, At safepoint: 19016 ns, Total: 98440 ns
[2020-02-28T05:50:32.121+0000][1][safepoint    ] Safepoint "Cleanup", Time since last: 1000748476 ns, Reaching safepoint: 92095 ns, At safepoint: 9180 ns, Total: 101275 ns
[2020-02-28T05:50:33.124+0000][1][safepoint    ] Safepoint "Cleanup", Time since last: 1003589160 ns, Reaching safepoint: 60345 ns, At safepoint: 5513 ns, Total: 65858 ns
[2020-02-28T05:50:33.645+0000][1][safepoint    ] Safepoint "RevokeBias", Time since last: 520892953 ns, Reaching safepoint: 60270 ns, At safepoint: 17026 ns, Total: 77296 ns
[2020-02-28T05:50:34.646+0000][1][safepoint    ] Safepoint "Cleanup", Time since last: 1000181811 ns, Reaching safepoint: 92574 ns, At safepoint: 8868 ns, Total: 101442 ns
[2020-02-28T05:50:35.657+0000][1][safepoint    ] Safepoint "Cleanup", Time since last: 1011232046 ns, Reaching safepoint: 82429 ns, At safepoint: 6972 ns, Total: 89401 ns
[2020-02-28T05:50:36.278+0000][1][safepoint    ] Safepoint "BulkRevokeBias", Time since last: 620678770 ns, Reaching safepoint: 76543 ns, At safepoint: 198294 ns, Total: 274837 ns
[2020-02-28T05:50:37.278+0000][1][safepoint    ] Safepoint "Cleanup", Time since last: 1000214414 ns, Reaching safepoint: 84314 ns, At safepoint: 7639 ns, Total: 91953 ns
[2020-02-28T05:50:38.285+0000][1][safepoint    ] Safepoint "Cleanup", Time since last: 1006752908 ns, Reaching safepoint: 159783 ns, At safepoint: 8259 ns, Total: 168042 ns
[2020-02-28T05:50:38.791+0000][1][safepoint    ] Safepoint "RevokeBias", Time since last: 505866039 ns, Reaching safepoint: 137611 ns, At safepoint: 22089 ns, Total: 159700 ns
[2020-02-28T05:50:39.791+0000][1][safepoint    ] Safepoint "Cleanup", Time since last: 1000126640 ns, Reaching safepoint: 85507 ns, At safepoint: 8009 ns, Total: 93516 ns
[2020-02-28T05:50:40.795+0000][1][safepoint    ] Safepoint "Cleanup", Time since last: 1003576872 ns, Reaching safepoint: 76419 ns, At safepoint: 5974 ns, Total: 82393 ns
[2020-02-28T05:50:41.295+0000][1][safepoint    ] Safepoint "RevokeBias", Time since last: 499933305 ns, Reaching safepoint: 90243 ns, At safepoint: 21480 ns, Total: 111723 ns
[2020-02-28T05:50:42.305+0000][1][safepoint    ] Safepoint "Cleanup", Time since last: 1009429605 ns, Reaching safepoint: 67411 ns, At safepoint: 7895 ns, Total: 75306 ns
[2020-02-28T05:50:43.305+0000][1][safepoint    ] Safepoint "Cleanup", Time since last: 1000506800 ns, Reaching safepoint: 87902 ns, At safepoint: 8493 ns, Total: 96395 ns
[2020-02-28T05:50:43.801+0000][1][safepoint    ] Safepoint "RevokeBias", Time since last: 496011538 ns, Reaching safepoint: 94169 ns, At safepoint: 22586 ns, Total: 116755 ns
[2020-02-28T05:50:44.804+0000][1][safepoint    ] Safepoint "Cleanup", Time since last: 1002613455 ns, Reaching safepoint: 62152 ns, At safepoint: 6857 ns, Total: 69009 ns
[2020-02-28T05:50:45.805+0000][1][safepoint    ] Safepoint "Cleanup", Time since last: 1001362739 ns, Reaching safepoint: 81407 ns, At safepoint: 8319 ns, Total: 89726 ns
[2020-02-28T05:50:46.304+0000][1][safepoint    ] Safepoint "RevokeBias", Time since last: 498359932 ns, Reaching safepoint: 83857 ns, At safepoint: 20448 ns, Total: 104305 ns
[2020-02-28T05:50:47.313+0000][1][safepoint    ] Safepoint "Cleanup", Time since last: 1009081153 ns, Reaching safepoint: 71169 ns, At safepoint: 8123 ns, Total: 79292 ns
[2020-02-28T05:50:48.314+0000][1][safepoint    ] Safepoint "Cleanup", Time since last: 1000730086 ns, Reaching safepoint: 96709 ns, At safepoint: 9434 ns, Total: 106143 ns
[2020-02-28T05:50:48.810+0000][1][safepoint    ] Safepoint "RevokeBias", Time since last: 496276697 ns, Reaching safepoint: 92816 ns, At safepoint: 23219 ns, Total: 116035 ns
[2020-02-28T05:50:49.811+0000][1][safepoint    ] Safepoint "Cleanup", Time since last: 1000741998 ns, Reaching safepoint: 99232 ns, At safepoint: 7537 ns, Total: 106769 ns
[2020-02-28T05:50:50.811+0000][1][safepoint    ] Safepoint "Cleanup", Time since last: 1000168071 ns, Reaching safepoint: 96898 ns, At safepoint: 9695 ns, Total: 106593 ns
[2020-02-28T05:50:51.320+0000][1][safepoint    ] Safepoint "RevokeBias", Time since last: 508552437 ns, Reaching safepoint: 77385 ns, At safepoint: 19017 ns, Total: 96402 ns
[2020-02-28T05:50:52.321+0000][1][safepoint    ] Safepoint "Cleanup", Time since last: 1000434661 ns, Reaching safepoint: 134472 ns, At safepoint: 8181 ns, Total: 142653 ns
[2020-02-28T05:50:53.322+0000][1][safepoint    ] Safepoint "Cleanup", Time since last: 1000820388 ns, Reaching safepoint: 146858 ns, At safepoint: 11428 ns, Total: 158286 ns
[2020-02-28T05:50:53.841+0000][1][safepoint    ] Safepoint "RevokeBias", Time since last: 519570551 ns, Reaching safepoint: 57622 ns, At safepoint: 35069 ns, Total: 92691 ns
[2020-02-28T05:50:54.842+0000][1][safepoint    ] Safepoint "Cleanup", Time since last: 1000654023 ns, Reaching safepoint: 85801 ns, At safepoint: 8349 ns, Total: 94150 ns
[2020-02-28T05:50:55.851+0000][1][safepoint    ] Safepoint "Cleanup", Time since last: 1008718624 ns, Reaching safepoint: 67542 ns, At safepoint: 8040 ns, Total: 75582 ns
[2020-02-28T05:50:56.358+0000][1][safepoint    ] Safepoint "RevokeBias", Time since last: 507467959 ns, Reaching safepoint: 78372 ns, At safepoint: 18628 ns, Total: 97000 ns
[2020-02-28T05:50:57.359+0000][1][safepoint    ] Safepoint "Cleanup", Time since last: 1000787233 ns, Reaching safepoint: 84768 ns, At safepoint: 8433 ns, Total: 93201 ns
[2020-02-28T05:50:58.369+0000][1][safepoint    ] Safepoint "Cleanup", Time since last: 1009850820 ns, Reaching safepoint: 79732 ns, At safepoint: 7028 ns, Total: 86760 ns
[2020-02-28T05:50:58.874+0000][1][safepoint    ] Safepoint "RevokeBias", Time since last: 503481856 ns, Reaching safepoint: 1102602 ns, At safepoint: 24632 ns, Total: 1127234 ns
[2020-02-28T05:50:59.874+0000][1][safepoint    ] Safepoint "Cleanup", Time since last: 1000361628 ns, Reaching safepoint: 92443 ns, At safepoint: 9074 ns, Total: 101517 ns
[2020-02-28T05:51:00.881+0000][1][safepoint    ] Safepoint "Cleanup", Time since last: 1007083183 ns, Reaching safepoint: 91087 ns, At safepoint: 5802 ns, Total: 96889 ns
[2020-02-28T05:51:01.377+0000][1][safepoint    ] Safepoint "RevokeBias", Time since last: 495325721 ns, Reaching safepoint: 93632 ns, At safepoint: 21304 ns, Total: 114936 ns
[2020-02-28T05:51:02.378+0000][1][safepoint    ] Safepoint "Cleanup", Time since last: 1000501255 ns, Reaching safepoint: 215868 ns, At safepoint: 25407 ns, Total: 241275 ns
[2020-02-28T05:51:03.378+0000][1][safepoint    ] Safepoint "Cleanup", Time since last: 1000641406 ns, Reaching safepoint: 90024 ns, At safepoint: 7690 ns, Total: 97714 ns
[2020-02-28T05:51:03.883+0000][1][safepoint    ] Safepoint "RevokeBias", Time since last: 504686120 ns, Reaching safepoint: 93686 ns, At safepoint: 22332 ns, Total: 116018 ns
[2020-02-28T05:51:04.888+0000][1][safepoint    ] Safepoint "Cleanup", Time since last: 1005005476 ns, Reaching safepoint: 62458 ns, At safepoint: 6864 ns, Total: 69322 ns
[2020-02-28T05:51:05.889+0000][1][safepoint    ] Safepoint "Cleanup", Time since last: 1000182562 ns, Reaching safepoint: 82538 ns, At safepoint: 7260 ns, Total: 89798 ns
[2020-02-28T05:51:06.389+0000][1][safepoint    ] Safepoint "RevokeBias", Time since last: 499998811 ns, Reaching safepoint: 94592 ns, At safepoint: 22346 ns, Total: 116938 ns
[2020-02-28T05:51:07.393+0000][1][safepoint    ] Safepoint "Cleanup", Time since last: 1004304875 ns, Reaching safepoint: 64158 ns, At safepoint: 7392 ns, Total: 71550 ns
[2020-02-28T05:51:08.394+0000][1][safepoint    ] Safepoint "Cleanup", Time since last: 1000710304 ns, Reaching safepoint: 93931 ns, At safepoint: 9101 ns, Total: 103032 ns
[2020-02-28T05:51:08.895+0000][1][safepoint    ] Safepoint "RevokeBias", Time since last: 501468751 ns, Reaching safepoint: 94180 ns, At safepoint: 24182 ns, Total: 118362 ns
[2020-02-28T05:51:09.897+0000][1][safepoint    ] Safepoint "Cleanup", Time since last: 1001825264 ns, Reaching safepoint: 80584 ns, At safepoint: 7722 ns, Total: 88306 ns
[2020-02-28T05:51:10.898+0000][1][safepoint    ] Safepoint "Cleanup", Time since last: 1000182795 ns, Reaching safepoint: 82428 ns, At safepoint: 7528 ns, Total: 89956 ns
[2020-02-28T05:51:11.399+0000][1][safepoint    ] Safepoint "RevokeBias", Time since last: 501448819 ns, Reaching safepoint: 83226 ns, At safepoint: 21509 ns, Total: 104735 ns
[2020-02-28T05:51:12.400+0000][1][safepoint    ] Safepoint "Cleanup", Time since last: 1000894009 ns, Reaching safepoint: 82268 ns, At safepoint: 7052 ns, Total: 89320 ns
[2020-02-28T05:51:13.401+0000][1][safepoint    ] Safepoint "Cleanup", Time since last: 1000860150 ns, Reaching safepoint: 95478 ns, At safepoint: 9312 ns, Total: 104790 ns
[2020-02-28T05:51:13.914+0000][1][safepoint    ] Safepoint "RevokeBias", Time since last: 512516552 ns, Reaching safepoint: 76645 ns, At safepoint: 19354 ns, Total: 95999 ns
[2020-02-28T05:51:14.914+0000][1][safepoint    ] Safepoint "Cleanup", Time since last: 1000619624 ns, Reaching safepoint: 95643 ns, At safepoint: 9650 ns, Total: 105293 ns
[2020-02-28T05:51:15.919+0000][1][safepoint    ] Safepoint "Cleanup", Time since last: 1004391628 ns, Reaching safepoint: 97802 ns, At safepoint: 7244 ns, Total: 105046 ns
[2020-02-28T05:51:16.427+0000][1][safepoint    ] Safepoint "RevokeBias", Time since last: 508143814 ns, Reaching safepoint: 57755 ns, At safepoint: 17436 ns, Total: 75191 ns
[2020-02-28T05:51:17.428+0000][1][safepoint    ] Safepoint "Cleanup", Time since last: 1000612627 ns, Reaching safepoint: 138713 ns, At safepoint: 7594 ns, Total: 146307 ns
[2020-02-28T05:51:18.429+0000][1][safepoint    ] Safepoint "Cleanup", Time since last: 1000981204 ns, Reaching safepoint: 79563 ns, At safepoint: 7167 ns, Total: 86730 ns
[2020-02-28T05:51:18.950+0000][1][safepoint    ] Safepoint "RevokeBias", Time since last: 520692863 ns, Reaching safepoint: 60857 ns, At safepoint: 17832 ns, Total: 78689 ns
[2020-02-28T05:51:19.951+0000][1][safepoint    ] Safepoint "Cleanup", Time since last: 1000669595 ns, Reaching safepoint: 90496 ns, At safepoint: 8432 ns, Total: 98928 ns
[2020-02-28T05:51:20.958+0000][1][safepoint    ] Safepoint "Cleanup", Time since last: 1007611422 ns, Reaching safepoint: 81112 ns, At safepoint: 7292 ns, Total: 88404 ns
[2020-02-28T05:51:21.460+0000][1][safepoint    ] Safepoint "RevokeBias", Time since last: 501597813 ns, Reaching safepoint: 81894 ns, At safepoint: 18530 ns, Total: 100424 ns
[2020-02-28T05:51:22.461+0000][1][safepoint    ] Safepoint "Cleanup", Time since last: 1000936326 ns, Reaching safepoint: 102130 ns, At safepoint: 7624 ns, Total: 109754 ns
[2020-02-28T05:51:23.465+0000][1][safepoint    ] Safepoint "Cleanup", Time since last: 1004062500 ns, Reaching safepoint: 140770 ns, At safepoint: 6991 ns, Total: 147761 ns
[2020-02-28T05:51:23.969+0000][1][safepoint    ] Safepoint "RevokeBias", Time since last: 504025139 ns, Reaching safepoint: 79794 ns, At safepoint: 17873 ns, Total: 97667 ns
[2020-02-28T05:51:24.971+0000][1][safepoint    ] Safepoint "Cleanup", Time since last: 1001190873 ns, Reaching safepoint: 97934 ns, At safepoint: 7537 ns, Total: 105471 ns
[2020-02-28T05:51:25.971+0000][1][safepoint    ] Safepoint "Cleanup", Time since last: 1000353122 ns, Reaching safepoint: 93264 ns, At safepoint: 8844 ns, Total: 102108 ns
[2020-02-28T05:51:26.476+0000][1][safepoint    ] Safepoint "RevokeBias", Time since last: 504779119 ns, Reaching safepoint: 86026 ns, At safepoint: 20082 ns, Total: 106108 ns
[2020-02-28T05:51:27.477+0000][1][safepoint    ] Safepoint "Cleanup", Time since last: 1001012637 ns, Reaching safepoint: 84179 ns, At safepoint: 6989 ns, Total: 91168 ns
[2020-02-28T05:51:28.477+0000][1][safepoint    ] Safepoint "Cleanup", Time since last: 1000194408 ns, Reaching safepoint: 94408 ns, At safepoint: 9068 ns, Total: 103476 ns
[2020-02-28T05:51:28.982+0000][1][safepoint    ] Safepoint "RevokeBias", Time since last: 504881588 ns, Reaching safepoint: 101432 ns, At safepoint: 23491 ns, Total: 124923 ns
[2020-02-28T05:51:29.983+0000][1][safepoint    ] Safepoint "Cleanup", Time since last: 1000138518 ns, Reaching safepoint: 81330 ns, At safepoint: 7203 ns, Total: 88533 ns
[2020-02-28T05:51:30.983+0000][1][safepoint    ] Safepoint "Cleanup", Time since last: 1000373607 ns, Reaching safepoint: 82964 ns, At safepoint: 7421 ns, Total: 90385 ns
[2020-02-28T05:51:31.486+0000][1][safepoint    ] Safepoint "RevokeBias", Time since last: 502768865 ns, Reaching safepoint: 96128 ns, At safepoint: 22681 ns, Total: 118809 ns
[2020-02-28T05:51:32.490+0000][1][safepoint    ] Safepoint "Cleanup", Time since last: 1004214535 ns, Reaching safepoint: 86486 ns, At safepoint: 28945 ns, Total: 115431 ns
[2020-02-28T05:51:33.491+0000][1][safepoint    ] Safepoint "Cleanup", Time since last: 1000595766 ns, Reaching safepoint: 103314 ns, At safepoint: 8589 ns, Total: 111903 ns
[2020-02-28T05:51:34.002+0000][1][safepoint    ] Safepoint "RevokeBias", Time since last: 511142509 ns, Reaching safepoint: 58344 ns, At safepoint: 17450 ns, Total: 75794 ns
[2020-02-28T05:51:35.003+0000][1][safepoint    ] Safepoint "Cleanup", Time since last: 1000343170 ns, Reaching safepoint: 95642 ns, At safepoint: 9214 ns, Total: 104856 ns
[2020-02-28T05:51:36.003+0000][1][safepoint    ] Safepoint "Cleanup", Time since last: 1000230441 ns, Reaching safepoint: 95568 ns, At safepoint: 8462 ns, Total: 104030 ns
[2020-02-28T05:51:36.528+0000][1][safepoint    ] Safepoint "RevokeBias", Time since last: 524716441 ns, Reaching safepoint: 55288 ns, At safepoint: 16567 ns, Total: 71855 ns
[2020-02-28T05:51:37.528+0000][1][safepoint    ] Safepoint "Cleanup", Time since last: 1000532687 ns, Reaching safepoint: 93421 ns, At safepoint: 9031 ns, Total: 102452 ns
[2020-02-28T05:51:38.531+0000][1][safepoint    ] Safepoint "Cleanup", Time since last: 1002598331 ns, Reaching safepoint: 66388 ns, At safepoint: 7504 ns, Total: 73892 ns
[2020-02-28T05:51:39.052+0000][1][safepoint    ] Safepoint "RevokeBias", Time since last: 521123168 ns, Reaching safepoint: 62606 ns, At safepoint: 19558 ns, Total: 82164 ns
[2020-02-28T05:51:40.053+0000][1][safepoint    ] Safepoint "Cleanup", Time since last: 1000432512 ns, Reaching safepoint: 85135 ns, At safepoint: 7624 ns, Total: 92759 ns
[2020-02-28T05:51:41.059+0000][1][safepoint    ] Safepoint "Cleanup", Time since last: 1005690053 ns, Reaching safepoint: 60224 ns, At safepoint: 5997 ns, Total: 66221 ns
[2020-02-28T05:51:41.561+0000][1][safepoint    ] Safepoint "RevokeBias", Time since last: 502316910 ns, Reaching safepoint: 78609 ns, At safepoint: 18753 ns, Total: 97362 ns
[2020-02-28T05:51:42.562+0000][1][safepoint    ] Safepoint "Cleanup", Time since last: 1000797896 ns, Reaching safepoint: 91242 ns, At safepoint: 9018 ns, Total: 100260 ns
[2020-02-28T05:51:43.566+0000][1][safepoint    ] Safepoint "Cleanup", Time since last: 1004105115 ns, Reaching safepoint: 81642 ns, At safepoint: 8200 ns, Total: 89842 ns
[2020-02-28T05:51:44.067+0000][1][safepoint    ] Safepoint "RevokeBias", Time since last: 501057575 ns, Reaching safepoint: 93174 ns, At safepoint: 22774 ns, Total: 115948 ns
[2020-02-28T05:51:45.068+0000][1][safepoint    ] Safepoint "Cleanup", Time since last: 1000712054 ns, Reaching safepoint: 92801 ns, At safepoint: 9287 ns, Total: 102088 ns
[2020-02-28T05:51:46.072+0000][1][safepoint    ] Safepoint "Cleanup", Time since last: 1003577009 ns, Reaching safepoint: 81002 ns, At safepoint: 7506 ns, Total: 88508 ns
[2020-02-28T05:51:46.571+0000][1][safepoint    ] Safepoint "RevokeBias", Time since last: 498836549 ns, Reaching safepoint: 94734 ns, At safepoint: 22477 ns, Total: 117211 ns
[2020-02-28T05:51:47.574+0000][1][safepoint    ] Safepoint "Cleanup", Time since last: 1002709743 ns, Reaching safepoint: 152886 ns, At safepoint: 6852 ns, Total: 159738 ns
[2020-02-28T05:51:48.574+0000][1][safepoint    ] Safepoint "Cleanup", Time since last: 1000320134 ns, Reaching safepoint: 94675 ns, At safepoint: 9358 ns, Total: 104033 ns
[2020-02-28T05:51:49.077+0000][1][safepoint    ] Safepoint "BulkRevokeBias", Time since last: 502530559 ns, Reaching safepoint: 88088 ns, At safepoint: 275817 ns, Total: 363905 ns
[2020-02-28T05:51:50.081+0000][1][safepoint    ] Safepoint "Cleanup", Time since last: 1003863599 ns, Reaching safepoint: 97362 ns, At safepoint: 6590 ns, Total: 103952 ns
[2020-02-28T05:51:51.081+0000][1][safepoint    ] Safepoint "Cleanup", Time since last: 1000238906 ns, Reaching safepoint: 93836 ns, At safepoint: 9228 ns, Total: 103064 ns
[2020-02-28T05:51:51.582+0000][1][safepoint    ] Safepoint "RevokeBias", Time since last: 501042383 ns, Reaching safepoint: 93146 ns, At safepoint: 21484 ns, Total: 114630 ns
[2020-02-28T05:51:52.589+0000][1][safepoint    ] Safepoint "Cleanup", Time since last: 1006752479 ns, Reaching safepoint: 73954 ns, At safepoint: 5450 ns, Total: 79404 ns
[2020-02-28T05:51:53.593+0000][1][safepoint    ] Safepoint "Cleanup", Time since last: 1003524689 ns, Reaching safepoint: 91383 ns, At safepoint: 6525 ns, Total: 97908 ns
[2020-02-28T05:51:54.090+0000][1][safepoint    ] Safepoint "RevokeBias", Time since last: 496921990 ns, Reaching safepoint: 106564 ns, At safepoint: 41963 ns, Total: 148527 ns
[2020-02-28T05:51:55.090+0000][1][safepoint    ] Safepoint "Cleanup", Time since last: 1000251532 ns, Reaching safepoint: 86271 ns, At safepoint: 8764 ns, Total: 95035 ns
[2020-02-28T05:51:56.091+0000][1][safepoint    ] Safepoint "Cleanup", Time since last: 1000436328 ns, Reaching safepoint: 89501 ns, At safepoint: 8081 ns, Total: 97582 ns
[2020-02-28T05:51:56.605+0000][1][safepoint    ] Safepoint "RevokeBias", Time since last: 514578224 ns, Reaching safepoint: 58869 ns, At safepoint: 17689 ns, Total: 76558 ns
[2020-02-28T05:51:57.606+0000][1][safepoint    ] Safepoint "Cleanup", Time since last: 1000974866 ns, Reaching safepoint: 82482 ns, At safepoint: 7622 ns, Total: 90104 ns
[2020-02-28T05:51:58.607+0000][1][safepoint    ] Safepoint "Cleanup", Time since last: 1000899714 ns, Reaching safepoint: 82116 ns, At safepoint: 6695 ns, Total: 88811 ns
[2020-02-28T05:51:59.120+0000][1][safepoint    ] Safepoint "RevokeBias", Time since last: 512254405 ns, Reaching safepoint: 57743 ns, At safepoint: 18225 ns, Total: 75968 ns
[2020-02-28T05:52:00.121+0000][1][safepoint    ] Safepoint "Cleanup", Time since last: 1000669559 ns, Reaching safepoint: 90547 ns, At safepoint: 8751 ns, Total: 99298 ns
[2020-02-28T05:52:01.124+0000][1][safepoint    ] Safepoint "Cleanup", Time since last: 1003521651 ns, Reaching safepoint: 60862 ns, At safepoint: 7197 ns, Total: 68059 ns
[2020-02-28T05:52:01.644+0000][1][safepoint    ] Safepoint "RevokeBias", Time since last: 520130400 ns, Reaching safepoint: 60374 ns, At safepoint: 17213 ns, Total: 77587 ns
[2020-02-28T05:52:02.645+0000][1][safepoint    ] Safepoint "Cleanup", Time since last: 1000471542 ns, Reaching safepoint: 241550 ns, At safepoint: 8101 ns, Total: 249651 ns
[2020-02-28T05:52:03.651+0000][1][safepoint    ] Safepoint "Cleanup", Time since last: 1005844308 ns, Reaching safepoint: 82344 ns, At safepoint: 7647 ns, Total: 89991 ns
[2020-02-28T05:52:04.155+0000][1][safepoint    ] Safepoint "RevokeBias", Time since last: 503890564 ns, Reaching safepoint: 104867 ns, At safepoint: 22083 ns, Total: 126950 ns
[2020-02-28T05:52:05.155+0000][1][safepoint    ] Safepoint "Cleanup", Time since last: 1000227531 ns, Reaching safepoint: 92320 ns, At safepoint: 8739 ns, Total: 101059 ns
[2020-02-28T05:52:06.172+0000][1][safepoint    ] Safepoint "Cleanup", Time since last: 1007361233 ns, Reaching safepoint: 9294902 ns, At safepoint: 9535 ns, Total: 9304437 ns
[2020-02-28T05:52:06.667+0000][1][safepoint    ] Safepoint "RevokeBias", Time since last: 494744235 ns, Reaching safepoint: 72006 ns, At safepoint: 18197 ns, Total: 90203 ns
[2020-02-28T05:52:07.667+0000][1][safepoint    ] Safepoint "Cleanup", Time since last: 1000337169 ns, Reaching safepoint: 95415 ns, At safepoint: 8874 ns, Total: 104289 ns
[2020-02-28T05:52:08.668+0000][1][safepoint    ] Safepoint "Cleanup", Time since last: 1000415979 ns, Reaching safepoint: 86363 ns, At safepoint: 8528 ns, Total: 94891 ns
[2020-02-28T05:52:09.181+0000][1][safepoint    ] Safepoint "RevokeBias", Time since last: 513119684 ns, Reaching safepoint: 80374 ns, At safepoint: 20697 ns, Total: 101071 ns
[2020-02-28T05:52:10.182+0000][1][safepoint    ] Safepoint "Cleanup", Time since last: 1000628972 ns, Reaching safepoint: 81937 ns, At safepoint: 7411 ns, Total: 89348 ns
[2020-02-28T05:52:11.182+0000][1][safepoint    ] Safepoint "Cleanup", Time since last: 1000500576 ns, Reaching safepoint: 82079 ns, At safepoint: 6814 ns, Total: 88893 ns
[2020-02-28T05:52:11.685+0000][1][safepoint    ] Safepoint "RevokeBias", Time since last: 503022400 ns, Reaching safepoint: 92431 ns, At safepoint: 24716 ns, Total: 117147 ns
[2020-02-28T05:52:12.693+0000][1][safepoint    ] Safepoint "Cleanup", Time since last: 1007398373 ns, Reaching safepoint: 78362 ns, At safepoint: 5103 ns, Total: 83465 ns
[2020-02-28T05:52:13.693+0000][1][safepoint    ] Safepoint "Cleanup", Time since last: 1000474673 ns, Reaching safepoint: 85505 ns, At safepoint: 8723 ns, Total: 94228 ns
[2020-02-28T05:52:14.192+0000][1][safepoint    ] Safepoint "RevokeBias", Time since last: 497985200 ns, Reaching safepoint: 89915 ns, At safepoint: 21753 ns, Total: 111668 ns
[2020-02-28T05:52:15.193+0000][1][safepoint    ] Safepoint "Cleanup", Time since last: 1001282103 ns, Reaching safepoint: 75811 ns, At safepoint: 6774 ns, Total: 82585 ns
[2020-02-28T05:52:16.193+0000][1][safepoint    ] Safepoint "Cleanup", Time since last: 1000199894 ns, Reaching safepoint: 119720 ns, At safepoint: 8096 ns, Total: 127816 ns
[2020-02-28T05:52:16.698+0000][1][safepoint    ] Safepoint "RevokeBias", Time since last: 504473161 ns, Reaching safepoint: 169787 ns, At safepoint: 39542 ns, Total: 209329 ns
[2020-02-28T05:52:17.707+0000][1][safepoint    ] Safepoint "Cleanup", Time since last: 1008788694 ns, Reaching safepoint: 78316 ns, At safepoint: 9632 ns, Total: 87948 ns
[2020-02-28T05:52:18.708+0000][1][safepoint    ] Safepoint "Cleanup", Time since last: 1000629002 ns, Reaching safepoint: 119664 ns, At safepoint: 11171 ns, Total: 130835 ns
[2020-02-28T05:52:19.222+0000][1][safepoint    ] Safepoint "RevokeBias", Time since last: 514750247 ns, Reaching safepoint: 59922 ns, At safepoint: 17182 ns, Total: 77104 ns
[2020-02-28T05:52:20.223+0000][1][safepoint    ] Safepoint "Cleanup", Time since last: 1000674100 ns, Reaching safepoint: 93614 ns, At safepoint: 8821 ns, Total: 102435 ns
[2020-02-28T05:52:21.223+0000][1][safepoint    ] Safepoint "Cleanup", Time since last: 1000187148 ns, Reaching safepoint: 94229 ns, At safepoint: 9202 ns, Total: 103431 ns
[2020-02-28T05:52:21.742+0000][1][safepoint    ] Safepoint "RevokeBias", Time since last: 518744084 ns, Reaching safepoint: 56684 ns, At safepoint: 18016 ns, Total: 74700 ns
[2020-02-28T05:52:22.743+0000][1][safepoint    ] Safepoint "Cleanup", Time since last: 1000576648 ns, Reaching safepoint: 94862 ns, At safepoint: 9169 ns, Total: 104031 ns
[2020-02-28T05:52:23.747+0000][1][safepoint    ] Safepoint "Cleanup", Time since last: 1004040642 ns, Reaching safepoint: 95503 ns, At safepoint: 7112 ns, Total: 102615 ns
[2020-02-28T05:52:24.265+0000][1][safepoint    ] Safepoint "RevokeBias", Time since last: 517923228 ns, Reaching safepoint: 93043 ns, At safepoint: 22633 ns, Total: 115676 ns
[2020-02-28T05:52:25.265+0000][1][safepoint    ] Safepoint "Cleanup", Time since last: 1000154966 ns, Reaching safepoint: 94713 ns, At safepoint: 9055 ns, Total: 103768 ns
[2020-02-28T05:52:26.268+0000][1][safepoint    ] Safepoint "Cleanup", Time since last: 1002365494 ns, Reaching safepoint: 63009 ns, At safepoint: 7495 ns, Total: 70504 ns
[2020-02-28T05:52:26.774+0000][1][safepoint    ] Safepoint "RevokeBias", Time since last: 505704270 ns, Reaching safepoint: 108752 ns, At safepoint: 21600 ns, Total: 130352 ns
[2020-02-28T05:52:27.774+0000][1][safepoint    ] Safepoint "Cleanup", Time since last: 1000252892 ns, Reaching safepoint: 96115 ns, At safepoint: 9077 ns, Total: 105192 ns
[2020-02-28T05:52:28.778+0000][1][safepoint    ] Safepoint "Cleanup", Time since last: 1003519071 ns, Reaching safepoint: 125759 ns, At safepoint: 6957 ns, Total: 132716 ns
[2020-02-28T05:52:29.278+0000][1][safepoint    ] Safepoint "RevokeBias", Time since last: 500022185 ns, Reaching safepoint: 88587 ns, At safepoint: 22541 ns, Total: 111128 ns
[2020-02-28T05:52:30.279+0000][1][safepoint    ] Safepoint "Cleanup", Time since last: 1000824809 ns, Reaching safepoint: 95370 ns, At safepoint: 9211 ns, Total: 104581 ns
[2020-02-28T05:52:31.279+0000][1][safepoint    ] Safepoint "Cleanup", Time since last: 1000330625 ns, Reaching safepoint: 80908 ns, At safepoint: 7260 ns, Total: 88168 ns
[2020-02-28T05:52:31.783+0000][1][safepoint    ] Safepoint "RevokeBias", Time since last: 503265114 ns, Reaching safepoint: 66697 ns, At safepoint: 20846 ns, Total: 87543 ns
[2020-02-28T05:52:32.784+0000][1][safepoint    ] Safepoint "Cleanup", Time since last: 1001586026 ns, Reaching safepoint: 63779 ns, At safepoint: 7238 ns, Total: 71017 ns
[2020-02-28T05:52:33.785+0000][1][safepoint    ] Safepoint "Cleanup", Time since last: 1000853019 ns, Reaching safepoint: 81588 ns, At safepoint: 7227 ns, Total: 88815 ns
[2020-02-28T05:52:34.288+0000][1][safepoint    ] Safepoint "RevokeBias", Time since last: 502610165 ns, Reaching safepoint: 80346 ns, At safepoint: 20434 ns, Total: 100780 ns
[2020-02-28T05:52:35.293+0000][1][safepoint    ] Safepoint "Cleanup", Time since last: 1004596274 ns, Reaching safepoint: 64323 ns, At safepoint: 7465 ns, Total: 71788 ns
[2020-02-28T05:52:36.293+0000][1][safepoint    ] Safepoint "Cleanup", Time since last: 1000704768 ns, Reaching safepoint: 99535 ns, At safepoint: 8824 ns, Total: 108359 ns
[2020-02-28T05:52:36.791+0000][1][safepoint    ] Safepoint "RevokeBias", Time since last: 497831924 ns, Reaching safepoint: 89920 ns, At safepoint: 23258 ns, Total: 113178 ns
[2020-02-28T05:52:37.166+0000][1][gc,start     ] GC(45) Pause Young (Allocation Failure)
[2020-02-28T05:52:37.166+0000][1][gc,task      ] GC(45) Using 1 workers of 1 for evacuation
[2020-02-28T05:52:37.177+0000][1][gc,age       ] GC(45) Desired survivor size 4358144 bytes, new threshold 6 (max threshold 6)
[2020-02-28T05:52:37.177+0000][1][gc,age       ] GC(45) Age table with threshold 6 (max threshold 6)
[2020-02-28T05:52:37.177+0000][1][gc,age       ] GC(45) - age   1:      11400 bytes,      11400 total
[2020-02-28T05:52:37.177+0000][1][gc,age       ] GC(45) - age   2:       1416 bytes,      12816 total
[2020-02-28T05:52:37.177+0000][1][gc,age       ] GC(45) - age   3:       1024 bytes,      13840 total
[2020-02-28T05:52:37.177+0000][1][gc,age       ] GC(45) - age   4:       3168 bytes,      17008 total
[2020-02-28T05:52:37.177+0000][1][gc,age       ] GC(45) - age   5:       2768 bytes,      19776 total
[2020-02-28T05:52:37.177+0000][1][gc,age       ] GC(45) - age   6:       1456 bytes,      21232 total
[2020-02-28T05:52:37.177+0000][1][gc,heap      ] GC(45) ParNew: 68183K->22K(76672K)
[2020-02-28T05:52:37.177+0000][1][gc,heap      ] GC(45) CMS: 62360K->62362K(963392K)
[2020-02-28T05:52:37.177+0000][1][gc,metaspace ] GC(45) Metaspace: 79392K->79392K(1122304K)
[2020-02-28T05:52:37.177+0000][1][gc           ] GC(45) Pause Young (Allocation Failure) 127M->60M(1015M) 10.903ms
[2020-02-28T05:52:37.177+0000][1][gc,cpu       ] GC(45) User=0.01s Sys=0.00s Real=0.02s
[2020-02-28T05:52:37.177+0000][1][safepoint    ] Safepoint "GenCollectForAllocation", Time since last: 374994340 ns, Reaching safepoint: 77061 ns, At safepoint: 10957341 ns, Total: 11034402 ns
[2020-02-28T05:52:38.178+0000][1][safepoint    ] Safepoint "Cleanup", Time since last: 1000332666 ns, Reaching safepoint: 85789 ns, At safepoint: 7992 ns, Total: 93781 ns
[2020-02-28T05:52:39.178+0000][1][safepoint    ] Safepoint "Cleanup", Time since last: 1000651645 ns, Reaching safepoint: 79930 ns, At safepoint: 6944 ns, Total: 86874 ns
[2020-02-28T05:52:39.294+0000][1][safepoint    ] Safepoint "RevokeBias", Time since last: 115351991 ns, Reaching safepoint: 140276 ns, At safepoint: 21799 ns, Total: 162075 ns
[2020-02-28T05:52:40.295+0000][1][safepoint    ] Safepoint "Cleanup", Time since last: 1000704632 ns, Reaching safepoint: 85263 ns, At safepoint: 8376 ns, Total: 93639 ns
[2020-02-28T05:52:41.296+0000][1][safepoint    ] Safepoint "Cleanup", Time since last: 1000789006 ns, Reaching safepoint: 84050 ns, At safepoint: 7145 ns, Total: 91195 ns
[2020-02-28T05:52:41.803+0000][1][safepoint    ] Safepoint "RevokeBias", Time since last: 507379532 ns, Reaching safepoint: 57662 ns, At safepoint: 18368 ns, Total: 76030 ns
[2020-02-28T05:52:42.804+0000][1][safepoint    ] Safepoint "Cleanup", Time since last: 1000615725 ns, Reaching safepoint: 92106 ns, At safepoint: 7810 ns, Total: 99916 ns
[2020-02-28T05:52:43.805+0000][1][safepoint    ] Safepoint "Cleanup", Time since last: 1000583615 ns, Reaching safepoint: 93151 ns, At safepoint: 6297 ns, Total: 99448 ns
[2020-02-28T05:52:44.325+0000][1][safepoint    ] Safepoint "RevokeBias", Time since last: 520457404 ns, Reaching safepoint: 77460 ns, At safepoint: 18501 ns, Total: 95961 ns
[2020-02-28T05:52:45.326+0000][1][safepoint    ] Safepoint "Cleanup", Time since last: 1001020961 ns, Reaching safepoint: 98605 ns, At safepoint: 8653 ns, Total: 107258 ns
[2020-02-28T05:52:46.332+0000][1][safepoint    ] Safepoint "Cleanup", Time since last: 1005320330 ns, Reaching safepoint: 118838 ns, At safepoint: 7611 ns, Total: 126449 ns
[2020-02-28T05:52:46.839+0000][1][safepoint    ] Safepoint "RevokeBias", Time since last: 507415933 ns, Reaching safepoint: 56495 ns, At safepoint: 18076 ns, Total: 74571 ns
[2020-02-28T05:52:47.840+0000][1][safepoint    ] Safepoint "Cleanup", Time since last: 1000367035 ns, Reaching safepoint: 96846 ns, At safepoint: 9880 ns, Total: 106726 ns
[2020-02-28T05:52:48.848+0000][1][safepoint    ] Safepoint "Cleanup", Time since last: 1008268935 ns, Reaching safepoint: 144952 ns, At safepoint: 25638 ns, Total: 170590 ns
[2020-02-28T05:52:49.351+0000][1][safepoint    ] Safepoint "RevokeBias", Time since last: 502709437 ns, Reaching safepoint: 184020 ns, At safepoint: 20174 ns, Total: 204194 ns
[2020-02-28T05:52:50.352+0000][1][safepoint    ] Safepoint "Cleanup", Time since last: 1000647587 ns, Reaching safepoint: 84928 ns, At safepoint: 8565 ns, Total: 93493 ns
[2020-02-28T05:52:51.357+0000][1][safepoint    ] Safepoint "Cleanup", Time since last: 1004986032 ns, Reaching safepoint: 96556 ns, At safepoint: 7032 ns, Total: 103588 ns
[2020-02-28T05:52:51.854+0000][1][safepoint    ] Safepoint "RevokeBias", Time since last: 497035120 ns, Reaching safepoint: 102495 ns, At safepoint: 21199 ns, Total: 123694 ns
[2020-02-28T05:52:52.859+0000][1][safepoint    ] Safepoint "Cleanup", Time since last: 1004958729 ns, Reaching safepoint: 64340 ns, At safepoint: 7385 ns, Total: 71725 ns
[2020-02-28T05:52:53.860+0000][1][safepoint    ] Safepoint "Cleanup", Time since last: 1000868839 ns, Reaching safepoint: 131431 ns, At safepoint: 9279 ns, Total: 140710 ns
[2020-02-28T05:52:54.360+0000][1][safepoint    ] Safepoint "RevokeBias", Time since last: 500319325 ns, Reaching safepoint: 90663 ns, At safepoint: 21889 ns, Total: 112552 ns
[2020-02-28T05:52:55.362+0000][1][safepoint    ] Safepoint "Cleanup", Time since last: 1001445111 ns, Reaching safepoint: 80790 ns, At safepoint: 6889 ns, Total: 87679 ns
[2020-02-28T05:52:56.363+0000][1][safepoint    ] Safepoint "Cleanup", Time since last: 1000478062 ns, Reaching safepoint: 92611 ns, At safepoint: 8884 ns, Total: 101495 ns
[2020-02-28T05:52:56.866+0000][1][safepoint    ] Safepoint "RevokeBias", Time since last: 503149818 ns, Reaching safepoint: 80000 ns, At safepoint: 84233 ns, Total: 164233 ns
[2020-02-28T05:52:57.868+0000][1][safepoint    ] Safepoint "Cleanup", Time since last: 1001825566 ns, Reaching safepoint: 85544 ns, At safepoint: 8410 ns, Total: 93954 ns
[2020-02-28T05:52:58.868+0000][1][safepoint    ] Safepoint "Cleanup", Time since last: 1000203877 ns, Reaching safepoint: 87853 ns, At safepoint: 8003 ns, Total: 95856 ns
[2020-02-28T05:52:59.372+0000][1][safepoint    ] Safepoint "RevokeBias", Time since last: 503989359 ns, Reaching safepoint: 80755 ns, At safepoint: 19240 ns, Total: 99995 ns
[2020-02-28T05:53:00.376+0000][1][safepoint    ] Safepoint "Cleanup", Time since last: 1003862147 ns, Reaching safepoint: 79907 ns, At safepoint: 7654 ns, Total: 87561 ns
[2020-02-28T05:53:01.377+0000][1][safepoint    ] Safepoint "Cleanup", Time since last: 1000611206 ns, Reaching safepoint: 96011 ns, At safepoint: 8912 ns, Total: 104923 ns
[2020-02-28T05:53:01.875+0000][1][safepoint    ] Safepoint "BulkRevokeBias", Time since last: 497890070 ns, Reaching safepoint: 83102 ns, At safepoint: 256250 ns, Total: 339352 ns
[2020-02-28T05:53:02.876+0000][1][safepoint    ] Safepoint "Cleanup", Time since last: 1000628886 ns, Reaching safepoint: 123361 ns, At safepoint: 9459 ns, Total: 132820 ns
[2020-02-28T05:53:03.876+0000][1][safepoint    ] Safepoint "Cleanup", Time since last: 1000323698 ns, Reaching safepoint: 94613 ns, At safepoint: 9073 ns, Total: 103686 ns
[2020-02-28T05:53:04.397+0000][1][safepoint    ] Safepoint "RevokeBias", Time since last: 520223303 ns, Reaching safepoint: 80212 ns, At safepoint: 19216 ns, Total: 99428 ns
[2020-02-28T05:53:05.397+0000][1][safepoint    ] Safepoint "Cleanup", Time since last: 1000561601 ns, Reaching safepoint: 95362 ns, At safepoint: 9697 ns, Total: 105059 ns
[2020-02-28T05:53:06.923+0000][1][safepoint    ] Safepoint "RevokeBias", Time since last: 1525688046 ns, Reaching safepoint: 80463 ns, At safepoint: 19585 ns, Total: 100048 ns
[2020-02-28T05:53:07.924+0000][1][safepoint    ] Safepoint "Cleanup", Time since last: 1000774636 ns, Reaching safepoint: 95288 ns, At safepoint: 9274 ns, Total: 104562 ns
[2020-02-28T05:53:08.930+0000][1][safepoint    ] Safepoint "Cleanup", Time since last: 1005688310 ns, Reaching safepoint: 104147 ns, At safepoint: 8035 ns, Total: 112182 ns
[2020-02-28T05:53:09.450+0000][1][safepoint    ] Safepoint "RevokeBias", Time since last: 520268634 ns, Reaching safepoint: 75905 ns, At safepoint: 17837 ns, Total: 93742 ns
[2020-02-28T05:53:10.451+0000][1][safepoint    ] Safepoint "Cleanup", Time since last: 1000919970 ns, Reaching safepoint: 94068 ns, At safepoint: 9449 ns, Total: 103517 ns
[2020-02-28T05:53:11.456+0000][1][safepoint    ] Safepoint "Cleanup", Time since last: 1004766903 ns, Reaching safepoint: 84596 ns, At safepoint: 7977 ns, Total: 92573 ns
[2020-02-28T05:53:11.957+0000][1][safepoint    ] Safepoint "RevokeBias", Time since last: 501283677 ns, Reaching safepoint: 84017 ns, At safepoint: 19831 ns, Total: 103848 ns
[2020-02-28T05:53:12.958+0000][1][safepoint    ] Safepoint "Cleanup", Time since last: 1000499470 ns, Reaching safepoint: 95587 ns, At safepoint: 26991 ns, Total: 122578 ns
[2020-02-28T05:53:13.959+0000][1][safepoint    ] Safepoint "Cleanup", Time since last: 1001068850 ns, Reaching safepoint: 123129 ns, At safepoint: 10669 ns, Total: 133798 ns
[2020-02-28T05:53:14.463+0000][1][safepoint    ] Safepoint "RevokeBias", Time since last: 503166484 ns, Reaching safepoint: 200929 ns, At safepoint: 21803 ns, Total: 222732 ns
[2020-02-28T05:53:15.467+0000][1][safepoint    ] Safepoint "Cleanup", Time since last: 1004079309 ns, Reaching safepoint: 92953 ns, At safepoint: 8192 ns, Total: 101145 ns
[2020-02-28T05:53:16.467+0000][1][safepoint    ] Safepoint "Cleanup", Time since last: 1000654394 ns, Reaching safepoint: 92871 ns, At safepoint: 9066 ns, Total: 101937 ns
[2020-02-28T05:53:16.965+0000][1][safepoint    ] Safepoint "RevokeBias", Time since last: 497853461 ns, Reaching safepoint: 95543 ns, At safepoint: 23330 ns, Total: 118873 ns
[2020-02-28T05:53:17.970+0000][1][safepoint    ] Safepoint "Cleanup", Time since last: 1004599881 ns, Reaching safepoint: 85692 ns, At safepoint: 8811 ns, Total: 94503 ns
[2020-02-28T05:53:18.971+0000][1][safepoint    ] Safepoint "Cleanup", Time since last: 1000673917 ns, Reaching safepoint: 87045 ns, At safepoint: 8835 ns, Total: 95880 ns
[2020-02-28T05:53:19.472+0000][1][safepoint    ] Safepoint "RevokeBias", Time since last: 501005783 ns, Reaching safepoint: 144858 ns, At safepoint: 29702 ns, Total: 174560 ns
[2020-02-28T05:53:20.483+0000][1][safepoint    ] Safepoint "Cleanup", Time since last: 1010717454 ns, Reaching safepoint: 64886 ns, At safepoint: 7424 ns, Total: 72310 ns
[2020-02-28T05:53:21.483+0000][1][safepoint    ] Safepoint "Cleanup", Time since last: 1000222058 ns, Reaching safepoint: 76934 ns, At safepoint: 7149 ns, Total: 84083 ns
[2020-02-28T05:53:21.975+0000][1][safepoint    ] Safepoint "RevokeBias", Time since last: 492010139 ns, Reaching safepoint: 80191 ns, At safepoint: 20719 ns, Total: 100910 ns
[2020-02-28T05:53:22.986+0000][1][safepoint    ] Safepoint "Cleanup", Time since last: 1010692242 ns, Reaching safepoint: 237500 ns, At safepoint: 7648 ns, Total: 245148 ns
[2020-02-28T05:53:23.987+0000][1][safepoint    ] Safepoint "Cleanup", Time since last: 1000329900 ns, Reaching safepoint: 95523 ns, At safepoint: 9329 ns, Total: 104852 ns
[2020-02-28T05:53:24.482+0000][1][safepoint    ] Safepoint "RevokeBias", Time since last: 494868460 ns, Reaching safepoint: 91335 ns, At safepoint: 22639 ns, Total: 113974 ns
[2020-02-28T05:53:25.483+0000][1][safepoint    ] Safepoint "Cleanup", Time since last: 1000819668 ns, Reaching safepoint: 95929 ns, At safepoint: 8409 ns, Total: 104338 ns
[2020-02-28T05:53:26.484+0000][1][safepoint    ] Safepoint "Cleanup", Time since last: 1000845965 ns, Reaching safepoint: 81379 ns, At safepoint: 7629 ns, Total: 89008 ns
[2020-02-28T05:53:26.994+0000][1][safepoint    ] Safepoint "RevokeBias", Time since last: 510058769 ns, Reaching safepoint: 75872 ns, At safepoint: 17322 ns, Total: 93194 ns
[2020-02-28T05:53:27.994+0000][1][safepoint    ] Safepoint "Cleanup", Time since last: 1000563028 ns, Reaching safepoint: 83868 ns, At safepoint: 8321 ns, Total: 92189 ns
[2020-02-28T05:53:28.998+0000][1][safepoint    ] Safepoint "Cleanup", Time since last: 1003737095 ns, Reaching safepoint: 81417 ns, At safepoint: 7762 ns, Total: 89179 ns
[2020-02-28T05:53:29.522+0000][1][safepoint    ] Safepoint "RevokeBias", Time since last: 524091468 ns, Reaching safepoint: 76952 ns, At safepoint: 36198 ns, Total: 113150 ns
[2020-02-28T05:53:30.523+0000][1][safepoint    ] Safepoint "Cleanup", Time since last: 1000531915 ns, Reaching safepoint: 115879 ns, At safepoint: 8067 ns, Total: 123946 ns
[2020-02-28T05:53:31.527+0000][1][safepoint    ] Safepoint "Cleanup", Time since last: 1003902446 ns, Reaching safepoint: 61664 ns, At safepoint: 6881 ns, Total: 68545 ns
[2020-02-28T05:53:32.045+0000][1][safepoint    ] Safepoint "RevokeBias", Time since last: 518054112 ns, Reaching safepoint: 152187 ns, At safepoint: 20747 ns, Total: 172934 ns
[2020-02-28T05:53:33.046+0000][1][safepoint    ] Safepoint "Cleanup", Time since last: 1000546819 ns, Reaching safepoint: 87391 ns, At safepoint: 7630 ns, Total: 95021 ns
[2020-02-28T05:53:34.052+0000][1][safepoint    ] Safepoint "Cleanup", Time since last: 1005652637 ns, Reaching safepoint: 109878 ns, At safepoint: 23648 ns, Total: 133526 ns
[2020-02-28T05:53:34.559+0000][1][safepoint    ] Safepoint "RevokeBias", Time since last: 506816638 ns, Reaching safepoint: 88924 ns, At safepoint: 21778 ns, Total: 110702 ns
[2020-02-28T05:53:35.559+0000][1][safepoint    ] Safepoint "Cleanup", Time since last: 1000263130 ns, Reaching safepoint: 82554 ns, At safepoint: 8052 ns, Total: 90606 ns
[2020-02-28T05:53:36.563+0000][1][safepoint    ] Safepoint "Cleanup", Time since last: 1003656905 ns, Reaching safepoint: 60457 ns, At safepoint: 6997 ns, Total: 67454 ns
[2020-02-28T05:53:37.065+0000][1][safepoint    ] Safepoint "RevokeBias", Time since last: 501759109 ns, Reaching safepoint: 84665 ns, At safepoint: 21052 ns, Total: 105717 ns
[2020-02-28T05:53:38.071+0000][1][safepoint    ] Safepoint "Cleanup", Time since last: 1006500209 ns, Reaching safepoint: 106925 ns, At safepoint: 8118 ns, Total: 115043 ns
[2020-02-28T05:53:39.072+0000][1][safepoint    ] Safepoint "Cleanup", Time since last: 1000351692 ns, Reaching safepoint: 80925 ns, At safepoint: 7381 ns, Total: 88306 ns
[2020-02-28T05:53:39.571+0000][1][safepoint    ] Safepoint "RevokeBias", Time since last: 498960246 ns, Reaching safepoint: 121163 ns, At safepoint: 57032 ns, Total: 178195 ns
[2020-02-28T05:53:40.576+0000][1][safepoint    ] Safepoint "Cleanup", Time since last: 1005224341 ns, Reaching safepoint: 78474 ns, At safepoint: 6412 ns, Total: 84886 ns
[2020-02-28T05:53:41.576+0000][1][safepoint    ] Safepoint "Cleanup", Time since last: 1000180870 ns, Reaching safepoint: 83636 ns, At safepoint: 7145 ns, Total: 90781 ns
[2020-02-28T05:53:42.075+0000][1][safepoint    ] Safepoint "RevokeBias", Time since last: 498486616 ns, Reaching safepoint: 90048 ns, At safepoint: 22530 ns, Total: 112578 ns
[2020-02-28T05:53:43.079+0000][1][safepoint    ] Safepoint "Cleanup", Time since last: 1003935779 ns, Reaching safepoint: 208998 ns, At safepoint: 6973 ns, Total: 215971 ns
[2020-02-28T05:53:44.080+0000][1][safepoint    ] Safepoint "Cleanup", Time since last: 1000759394 ns, Reaching safepoint: 93623 ns, At safepoint: 9331 ns, Total: 102954 ns
[2020-02-28T05:53:44.581+0000][1][safepoint    ] Safepoint "RevokeBias", Time since last: 501397226 ns, Reaching safepoint: 120949 ns, At safepoint: 24872 ns, Total: 145821 ns
[2020-02-28T05:53:45.585+0000][1][safepoint    ] Safepoint "Cleanup", Time since last: 1003464214 ns, Reaching safepoint: 84963 ns, At safepoint: 7100 ns, Total: 92063 ns
[2020-02-28T05:53:46.586+0000][1][safepoint    ] Safepoint "Cleanup", Time since last: 1000617932 ns, Reaching safepoint: 97963 ns, At safepoint: 7238 ns, Total: 105201 ns
[2020-02-28T05:53:47.085+0000][1][safepoint    ] Safepoint "RevokeBias", Time since last: 498960736 ns, Reaching safepoint: 167753 ns, At safepoint: 22956 ns, Total: 190709 ns
[2020-02-28T05:53:48.085+0000][1][safepoint    ] Safepoint "Cleanup", Time since last: 1000203568 ns, Reaching safepoint: 83084 ns, At safepoint: 7674 ns, Total: 90758 ns
[2020-02-28T05:53:49.086+0000][1][safepoint    ] Safepoint "Cleanup", Time since last: 1000273496 ns, Reaching safepoint: 134027 ns, At safepoint: 10690 ns, Total: 144717 ns
[2020-02-28T05:53:49.605+0000][1][safepoint    ] Safepoint "RevokeBias", Time since last: 519560111 ns, Reaching safepoint: 79748 ns, At safepoint: 19087 ns, Total: 98835 ns
[2020-02-28T05:53:50.606+0000][1][safepoint    ] Safepoint "Cleanup", Time since last: 1000924077 ns, Reaching safepoint: 94973 ns, At safepoint: 9591 ns, Total: 104564 ns
[2020-02-28T05:53:51.607+0000][1][safepoint    ] Safepoint "Cleanup", Time since last: 1000526810 ns, Reaching safepoint: 96316 ns, At safepoint: 10054 ns, Total: 106370 ns
[2020-02-28T05:53:52.124+0000][1][safepoint    ] Safepoint "RevokeBias", Time since last: 517479089 ns, Reaching safepoint: 57294 ns, At safepoint: 18127 ns, Total: 75421 ns
[2020-02-28T05:53:53.125+0000][1][safepoint    ] Safepoint "Cleanup", Time since last: 1000420109 ns, Reaching safepoint: 93955 ns, At safepoint: 8956 ns, Total: 102911 ns
[2020-02-28T05:53:54.129+0000][1][safepoint    ] Safepoint "Cleanup", Time since last: 1003967734 ns, Reaching safepoint: 62166 ns, At safepoint: 7332 ns, Total: 69498 ns
[2020-02-28T05:53:54.646+0000][1][safepoint    ] Safepoint "RevokeBias", Time since last: 517345289 ns, Reaching safepoint: 78921 ns, At safepoint: 19581 ns, Total: 98502 ns
[2020-02-28T05:53:55.647+0000][1][safepoint    ] Safepoint "Cleanup", Time since last: 1000563896 ns, Reaching safepoint: 87258 ns, At safepoint: 8409 ns, Total: 95667 ns
[2020-02-28T05:53:56.649+0000][1][safepoint    ] Safepoint "Cleanup", Time since last: 1001913225 ns, Reaching safepoint: 84183 ns, At safepoint: 7312 ns, Total: 91495 ns
[2020-02-28T05:53:57.155+0000][1][safepoint    ] Safepoint "RevokeBias", Time since last: 505797442 ns, Reaching safepoint: 123724 ns, At safepoint: 25006 ns, Total: 148730 ns
[2020-02-28T05:53:58.155+0000][1][safepoint    ] Safepoint "Cleanup", Time since last: 1000279907 ns, Reaching safepoint: 94536 ns, At safepoint: 9229 ns, Total: 103765 ns
[2020-02-28T05:53:59.160+0000][1][safepoint    ] Safepoint "Cleanup", Time since last: 1004258291 ns, Reaching safepoint: 255676 ns, At safepoint: 27760 ns, Total: 283436 ns
[2020-02-28T05:53:59.660+0000][1][safepoint    ] Safepoint "RevokeBias", Time since last: 500123389 ns, Reaching safepoint: 91565 ns, At safepoint: 43755 ns, Total: 135320 ns
[2020-02-28T05:54:00.664+0000][1][safepoint    ] Safepoint "Cleanup", Time since last: 1003322762 ns, Reaching safepoint: 78094 ns, At safepoint: 6073 ns, Total: 84167 ns
[2020-02-28T05:54:01.665+0000][1][safepoint    ] Safepoint "Cleanup", Time since last: 1000765467 ns, Reaching safepoint: 92412 ns, At safepoint: 7873 ns, Total: 100285 ns
[2020-02-28T05:54:02.164+0000][1][safepoint    ] Safepoint "RevokeBias", Time since last: 499286021 ns, Reaching safepoint: 142121 ns, At safepoint: 21634 ns, Total: 163755 ns
[2020-02-28T05:54:03.174+0000][1][safepoint    ] Safepoint "Cleanup", Time since last: 1010076293 ns, Reaching safepoint: 80739 ns, At safepoint: 7232 ns, Total: 87971 ns
[2020-02-28T05:54:04.175+0000][1][safepoint    ] Safepoint "Cleanup", Time since last: 1000614287 ns, Reaching safepoint: 91702 ns, At safepoint: 8399 ns, Total: 100101 ns
[2020-02-28T05:54:04.670+0000][1][safepoint    ] Safepoint "RevokeBias", Time since last: 495321080 ns, Reaching safepoint: 92325 ns, At safepoint: 22549 ns, Total: 114874 ns
[2020-02-28T05:54:05.675+0000][1][safepoint    ] Safepoint "Cleanup", Time since last: 1004704531 ns, Reaching safepoint: 241983 ns, At safepoint: 7388 ns, Total: 249371 ns
[2020-02-28T05:54:06.676+0000][1][safepoint    ] Safepoint "Cleanup", Time since last: 1000452598 ns, Reaching safepoint: 80439 ns, At safepoint: 7311 ns, Total: 87750 ns
[2020-02-28T05:54:07.176+0000][1][safepoint    ] Safepoint "RevokeBias", Time since last: 500426376 ns, Reaching safepoint: 118331 ns, At safepoint: 26237 ns, Total: 144568 ns
[2020-02-28T05:54:08.187+0000][1][safepoint    ] Safepoint "Cleanup", Time since last: 1010576468 ns, Reaching safepoint: 134642 ns, At safepoint: 7362 ns, Total: 142004 ns
[2020-02-28T05:54:09.692+0000][1][safepoint    ] Safepoint "RevokeBias", Time since last: 1504550593 ns, Reaching safepoint: 101296 ns, At safepoint: 21121 ns, Total: 122417 ns
[2020-02-28T05:54:10.693+0000][1][safepoint    ] Safepoint "Cleanup", Time since last: 1000934493 ns, Reaching safepoint: 95006 ns, At safepoint: 9210 ns, Total: 104216 ns
[2020-02-28T05:54:11.694+0000][1][safepoint    ] Safepoint "Cleanup", Time since last: 1000759101 ns, Reaching safepoint: 94109 ns, At safepoint: 9384 ns, Total: 103493 ns
[2020-02-28T05:54:12.212+0000][1][safepoint    ] Safepoint "RevokeBias", Time since last: 517894601 ns, Reaching safepoint: 57397 ns, At safepoint: 17654 ns, Total: 75051 ns
[2020-02-28T05:54:13.212+0000][1][safepoint    ] Safepoint "Cleanup", Time since last: 1000749621 ns, Reaching safepoint: 85826 ns, At safepoint: 7850 ns, Total: 93676 ns
[2020-02-28T05:54:14.214+0000][1][safepoint    ] Safepoint "Cleanup", Time since last: 1001581144 ns, Reaching safepoint: 80232 ns, At safepoint: 6554 ns, Total: 86786 ns
[2020-02-28T05:54:14.743+0000][1][safepoint    ] Safepoint "BulkRevokeBias", Time since last: 528114472 ns, Reaching safepoint: 76963 ns, At safepoint: 323331 ns, Total: 400294 ns
[2020-02-28T05:54:15.743+0000][1][safepoint    ] Safepoint "Cleanup", Time since last: 1000338866 ns, Reaching safepoint: 78680 ns, At safepoint: 7450 ns, Total: 86130 ns
[2020-02-28T05:54:16.744+0000][1][safepoint    ] Safepoint "Cleanup", Time since last: 1000519650 ns, Reaching safepoint: 81337 ns, At safepoint: 7119 ns, Total: 88456 ns
[2020-02-28T05:54:17.252+0000][1][safepoint    ] Safepoint "RevokeBias", Time since last: 508244764 ns, Reaching safepoint: 133469 ns, At safepoint: 18285 ns, Total: 151754 ns
[2020-02-28T05:54:18.252+0000][1][safepoint    ] Safepoint "Cleanup", Time since last: 1000174680 ns, Reaching safepoint: 82139 ns, At safepoint: 7364 ns, Total: 89503 ns
[2020-02-28T05:54:19.253+0000][1][safepoint    ] Safepoint "Cleanup", Time since last: 1000670737 ns, Reaching safepoint: 79928 ns, At safepoint: 5449 ns, Total: 85377 ns
[2020-02-28T05:54:19.758+0000][1][safepoint    ] Safepoint "RevokeBias", Time since last: 505081071 ns, Reaching safepoint: 89384 ns, At safepoint: 22211 ns, Total: 111595 ns
[2020-02-28T05:54:20.759+0000][1][safepoint    ] Safepoint "Cleanup", Time since last: 1000395136 ns, Reaching safepoint: 88572 ns, At safepoint: 8917 ns, Total: 97489 ns
[2020-02-28T05:54:21.759+0000][1][safepoint    ] Safepoint "Cleanup", Time since last: 1000407560 ns, Reaching safepoint: 96228 ns, At safepoint: 7341 ns, Total: 103569 ns
[2020-02-28T05:54:22.264+0000][1][safepoint    ] Safepoint "RevokeBias", Time since last: 504418006 ns, Reaching safepoint: 77243 ns, At safepoint: 17851 ns, Total: 95094 ns
[2020-02-28T05:54:23.275+0000][1][safepoint    ] Safepoint "Cleanup", Time since last: 1011174017 ns, Reaching safepoint: 60989 ns, At safepoint: 6406 ns, Total: 67395 ns
[2020-02-28T05:54:24.276+0000][1][safepoint    ] Safepoint "Cleanup", Time since last: 1000787715 ns, Reaching safepoint: 94506 ns, At safepoint: 8943 ns, Total: 103449 ns
[2020-02-28T05:54:24.770+0000][1][safepoint    ] Safepoint "RevokeBias", Time since last: 494073323 ns, Reaching safepoint: 81961 ns, At safepoint: 21245 ns, Total: 103206 ns
[2020-02-28T05:54:25.773+0000][1][safepoint    ] Safepoint "Cleanup", Time since last: 1002744365 ns, Reaching safepoint: 63955 ns, At safepoint: 7405 ns, Total: 71360 ns
[2020-02-28T05:54:26.774+0000][1][safepoint    ] Safepoint "Cleanup", Time since last: 1000459048 ns, Reaching safepoint: 90618 ns, At safepoint: 8666 ns, Total: 99284 ns
[2020-02-28T05:54:27.275+0000][1][safepoint    ] Safepoint "RevokeBias", Time since last: 501048034 ns, Reaching safepoint: 92008 ns, At safepoint: 22535 ns, Total: 114543 ns
[2020-02-28T05:54:28.277+0000][1][safepoint    ] Safepoint "Cleanup", Time since last: 1001860843 ns, Reaching safepoint: 75676 ns, At safepoint: 6568 ns, Total: 82244 ns
[2020-02-28T05:54:29.277+0000][1][safepoint    ] Safepoint "Cleanup", Time since last: 1000440590 ns, Reaching safepoint: 94124 ns, At safepoint: 9219 ns, Total: 103343 ns
[2020-02-28T05:54:29.783+0000][1][safepoint    ] Safepoint "RevokeBias", Time since last: 506078151 ns, Reaching safepoint: 129844 ns, At safepoint: 46855 ns, Total: 176699 ns
[2020-02-28T05:54:30.784+0000][1][safepoint    ] Safepoint "Cleanup", Time since last: 1000441677 ns, Reaching safepoint: 94696 ns, At safepoint: 8618 ns, Total: 103314 ns
[2020-02-28T05:54:31.785+0000][1][safepoint    ] Safepoint "Cleanup", Time since last: 1000528916 ns, Reaching safepoint: 81100 ns, At safepoint: 7569 ns, Total: 88669 ns
[2020-02-28T05:54:32.301+0000][1][safepoint    ] Safepoint "RevokeBias", Time since last: 515847700 ns, Reaching safepoint: 117881 ns, At safepoint: 76129 ns, Total: 194010 ns
[2020-02-28T05:54:33.301+0000][1][safepoint    ] Safepoint "Cleanup", Time since last: 1000417403 ns, Reaching safepoint: 93329 ns, At safepoint: 8998 ns, Total: 102327 ns
[2020-02-28T05:54:34.302+0000][1][safepoint    ] Safepoint "Cleanup", Time since last: 1000637819 ns, Reaching safepoint: 81803 ns, At safepoint: 8067 ns, Total: 89870 ns
[2020-02-28T05:54:34.827+0000][1][safepoint    ] Safepoint "RevokeBias", Time since last: 524951888 ns, Reaching safepoint: 77843 ns, At safepoint: 19463 ns, Total: 97306 ns
[2020-02-28T05:54:35.827+0000][1][safepoint    ] Safepoint "Cleanup", Time since last: 1000370633 ns, Reaching safepoint: 83717 ns, At safepoint: 9620 ns, Total: 93337 ns
[2020-02-28T05:54:37.140+0000][1][safepoint    ] Safepoint "Cleanup", Time since last: 1312267897 ns, Reaching safepoint: 80220 ns, At safepoint: 7683 ns, Total: 87903 ns
[2020-02-28T05:54:37.352+0000][1][safepoint    ] Safepoint "RevokeBias", Time since last: 212226813 ns, Reaching safepoint: 79284 ns, At safepoint: 18213 ns, Total: 97497 ns
[2020-02-28T05:54:38.352+0000][1][safepoint    ] Safepoint "Cleanup", Time since last: 1000308919 ns, Reaching safepoint: 85750 ns, At safepoint: 7892 ns, Total: 93642 ns
[2020-02-28T05:54:39.353+0000][1][safepoint    ] Safepoint "Cleanup", Time since last: 1000613348 ns, Reaching safepoint: 61654 ns, At safepoint: 6134 ns, Total: 67788 ns
[2020-02-28T05:54:39.862+0000][1][safepoint    ] Safepoint "RevokeBias", Time since last: 508261882 ns, Reaching safepoint: 91316 ns, At safepoint: 22650 ns, Total: 113966 ns
[2020-02-28T05:54:40.862+0000][1][safepoint    ] Safepoint "Cleanup", Time since last: 1000268068 ns, Reaching safepoint: 91682 ns, At safepoint: 8146 ns, Total: 99828 ns
[2020-02-28T05:54:41.863+0000][1][safepoint    ] Safepoint "Cleanup", Time since last: 1000589428 ns, Reaching safepoint: 153740 ns, At safepoint: 27590 ns, Total: 181330 ns
[2020-02-28T05:54:42.473+0000][1][safepoint    ] Safepoint "RevokeBias", Time since last: 610118597 ns, Reaching safepoint: 93480 ns, At safepoint: 24255 ns, Total: 117735 ns
[2020-02-28T05:54:43.483+0000][1][safepoint    ] Safepoint "Cleanup", Time since last: 1009628544 ns, Reaching safepoint: 64114 ns, At safepoint: 7255 ns, Total: 71369 ns
[2020-02-28T05:54:44.483+0000][1][safepoint    ] Safepoint "Cleanup", Time since last: 1000314305 ns, Reaching safepoint: 91147 ns, At safepoint: 7392 ns, Total: 98539 ns
[2020-02-28T05:54:44.987+0000][1][safepoint    ] Safepoint "RevokeBias", Time since last: 504240210 ns, Reaching safepoint: 63251 ns, At safepoint: 19148 ns, Total: 82399 ns
[2020-02-28T05:54:45.989+0000][1][safepoint    ] Safepoint "Cleanup", Time since last: 1001912000 ns, Reaching safepoint: 171066 ns, At safepoint: 8040 ns, Total: 179106 ns
[2020-02-28T05:54:46.990+0000][1][safepoint    ] Safepoint "Cleanup", Time since last: 1000845514 ns, Reaching safepoint: 92074 ns, At safepoint: 8748 ns, Total: 100822 ns
[2020-02-28T05:54:47.491+0000][1][safepoint    ] Safepoint "RevokeBias", Time since last: 500559269 ns, Reaching safepoint: 86348 ns, At safepoint: 21453 ns, Total: 107801 ns
[2020-02-28T05:54:48.500+0000][1][safepoint    ] Safepoint "Cleanup", Time since last: 1008905399 ns, Reaching safepoint: 93556 ns, At safepoint: 6056 ns, Total: 99612 ns
[2020-02-28T05:54:49.501+0000][1][safepoint    ] Safepoint "Cleanup", Time since last: 1000656055 ns, Reaching safepoint: 81879 ns, At safepoint: 7635 ns, Total: 89514 ns
[2020-02-28T05:54:49.994+0000][1][safepoint    ] Safepoint "RevokeBias", Time since last: 493329266 ns, Reaching safepoint: 76556 ns, At safepoint: 18675 ns, Total: 95231 ns
[2020-02-28T05:54:50.996+0000][1][safepoint    ] Safepoint "Cleanup", Time since last: 1001632126 ns, Reaching safepoint: 59395 ns, At safepoint: 6693 ns, Total: 66088 ns
[2020-02-28T05:54:51.996+0000][1][safepoint    ] Safepoint "Cleanup", Time since last: 1000496730 ns, Reaching safepoint: 80135 ns, At safepoint: 7920 ns, Total: 88055 ns
[2020-02-28T05:54:52.513+0000][1][safepoint    ] Safepoint "RevokeBias", Time since last: 516575306 ns, Reaching safepoint: 179005 ns, At safepoint: 21173 ns, Total: 200178 ns
[2020-02-28T05:54:53.514+0000][1][safepoint    ] Safepoint "Cleanup", Time since last: 1000667989 ns, Reaching safepoint: 103236 ns, At safepoint: 7442 ns, Total: 110678 ns
[2020-02-28T05:54:54.515+0000][1][safepoint    ] Safepoint "Cleanup", Time since last: 1000642622 ns, Reaching safepoint: 95358 ns, At safepoint: 9078 ns, Total: 104436 ns
[2020-02-28T05:54:55.024+0000][1][safepoint    ] Safepoint "RevokeBias", Time since last: 509096565 ns, Reaching safepoint: 56271 ns, At safepoint: 17973 ns, Total: 74244 ns
[2020-02-28T05:54:55.992+0000][1][gc,start     ] GC(46) Pause Young (Allocation Failure)
[2020-02-28T05:54:55.992+0000][1][gc,task      ] GC(46) Using 1 workers of 1 for evacuation
[2020-02-28T05:54:56.001+0000][1][gc,age       ] GC(46) Desired survivor size 4358144 bytes, new threshold 6 (max threshold 6)
[2020-02-28T05:54:56.001+0000][1][gc,age       ] GC(46) Age table with threshold 6 (max threshold 6)
[2020-02-28T05:54:56.001+0000][1][gc,age       ] GC(46) - age   1:      11960 bytes,      11960 total
[2020-02-28T05:54:56.001+0000][1][gc,age       ] GC(46) - age   2:        592 bytes,      12552 total
[2020-02-28T05:54:56.001+0000][1][gc,age       ] GC(46) - age   3:       1416 bytes,      13968 total
[2020-02-28T05:54:56.001+0000][1][gc,age       ] GC(46) - age   4:       1024 bytes,      14992 total
[2020-02-28T05:54:56.001+0000][1][gc,age       ] GC(46) - age   5:       3168 bytes,      18160 total
[2020-02-28T05:54:56.001+0000][1][gc,age       ] GC(46) - age   6:       2768 bytes,      20928 total
[2020-02-28T05:54:56.001+0000][1][gc,heap      ] GC(46) ParNew: 68126K->21K(76672K)
[2020-02-28T05:54:56.001+0000][1][gc,heap      ] GC(46) CMS: 62362K->62363K(963392K)
[2020-02-28T05:54:56.001+0000][1][gc,metaspace ] GC(46) Metaspace: 79410K->79410K(1122304K)
[2020-02-28T05:54:56.001+0000][1][gc           ] GC(46) Pause Young (Allocation Failure) 127M->60M(1015M) 9.691ms
[2020-02-28T05:54:56.001+0000][1][gc,cpu       ] GC(46) User=0.01s Sys=0.00s Real=0.01s
[2020-02-28T05:54:56.001+0000][1][safepoint    ] Safepoint "GenCollectForAllocation", Time since last: 967598580 ns, Reaching safepoint: 76114 ns, At safepoint: 9744321 ns, Total: 9820435 ns
[2020-02-28T05:54:57.002+0000][1][safepoint    ] Safepoint "Cleanup", Time since last: 1000786097 ns, Reaching safepoint: 80987 ns, At safepoint: 7191 ns, Total: 88178 ns
[2020-02-28T05:54:57.553+0000][1][safepoint    ] Safepoint "RevokeBias", Time since last: 550251825 ns, Reaching safepoint: 94338 ns, At safepoint: 18676 ns, Total: 113014 ns
[2020-02-28T05:54:58.553+0000][1][safepoint    ] Safepoint "Cleanup", Time since last: 1000668938 ns, Reaching safepoint: 96271 ns, At safepoint: 6799 ns, Total: 103070 ns
[2020-02-28T05:54:59.555+0000][1][safepoint    ] Safepoint "Cleanup", Time since last: 1001671867 ns, Reaching safepoint: 62234 ns, At safepoint: 6352 ns, Total: 68586 ns
[2020-02-28T05:55:00.072+0000][1][safepoint    ] Safepoint "RevokeBias", Time since last: 516634540 ns, Reaching safepoint: 97333 ns, At safepoint: 43987 ns, Total: 141320 ns
[2020-02-28T05:55:01.086+0000][1][safepoint    ] Safepoint "Cleanup", Time since last: 1013946779 ns, Reaching safepoint: 83007 ns, At safepoint: 7500 ns, Total: 90507 ns
[2020-02-28T05:55:02.089+0000][1][safepoint    ] Safepoint "Cleanup", Time since last: 1002733813 ns, Reaching safepoint: 81584 ns, At safepoint: 6935 ns, Total: 88519 ns
[2020-02-28T05:55:02.574+0000][1][safepoint    ] Safepoint "RevokeBias", Time since last: 485562669 ns, Reaching safepoint: 90450 ns, At safepoint: 23162 ns, Total: 113612 ns
[2020-02-28T05:55:03.575+0000][1][safepoint    ] Safepoint "Cleanup", Time since last: 1000650187 ns, Reaching safepoint: 94441 ns, At safepoint: 8774 ns, Total: 103215 ns
[2020-02-28T05:55:04.576+0000][1][safepoint    ] Safepoint "Cleanup", Time since last: 1000747814 ns, Reaching safepoint: 97233 ns, At safepoint: 9590 ns, Total: 106823 ns
[2020-02-28T05:55:05.079+0000][1][safepoint    ] Safepoint "RevokeBias", Time since last: 502588119 ns, Reaching safepoint: 90902 ns, At safepoint: 22470 ns, Total: 113372 ns
[2020-02-28T05:55:06.093+0000][1][safepoint    ] Safepoint "Cleanup", Time since last: 1007681569 ns, Reaching safepoint: 6092120 ns, At safepoint: 9528 ns, Total: 6101648 ns
[2020-02-28T05:55:07.094+0000][1][safepoint    ] Safepoint "Cleanup", Time since last: 1001125657 ns, Reaching safepoint: 82442 ns, At safepoint: 7341 ns, Total: 89783 ns
[2020-02-28T05:55:07.585+0000][1][safepoint    ] Safepoint "RevokeBias", Time since last: 491164735 ns, Reaching safepoint: 90885 ns, At safepoint: 22793 ns, Total: 113678 ns
[2020-02-28T05:55:08.588+0000][1][safepoint    ] Safepoint "Cleanup", Time since last: 1002863716 ns, Reaching safepoint: 81178 ns, At safepoint: 7353 ns, Total: 88531 ns
[2020-02-28T05:55:09.588+0000][1][safepoint    ] Safepoint "Cleanup", Time since last: 1000255256 ns, Reaching safepoint: 95288 ns, At safepoint: 8965 ns, Total: 104253 ns
[2020-02-28T05:55:10.089+0000][1][safepoint    ] Safepoint "RevokeBias", Time since last: 500298532 ns, Reaching safepoint: 125136 ns, At safepoint: 23526 ns, Total: 148662 ns
[2020-02-28T05:55:11.096+0000][1][safepoint    ] Safepoint "Cleanup", Time since last: 1006915369 ns, Reaching safepoint: 78609 ns, At safepoint: 6247 ns, Total: 84856 ns
[2020-02-28T05:55:12.097+0000][1][safepoint    ] Safepoint "Cleanup", Time since last: 1001068747 ns, Reaching safepoint: 100891 ns, At safepoint: 27726 ns, Total: 128617 ns
[2020-02-28T05:55:12.595+0000][1][safepoint    ] Safepoint "RevokeBias", Time since last: 498172636 ns, Reaching safepoint: 64323 ns, At safepoint: 19199 ns, Total: 83522 ns
[2020-02-28T05:55:13.596+0000][1][safepoint    ] Safepoint "Cleanup", Time since last: 1000307190 ns, Reaching safepoint: 80486 ns, At safepoint: 6998 ns, Total: 87484 ns
[2020-02-28T05:55:14.596+0000][1][safepoint    ] Safepoint "Cleanup", Time since last: 1000489225 ns, Reaching safepoint: 83600 ns, At safepoint: 7145 ns, Total: 90745 ns
[2020-02-28T05:55:15.101+0000][1][safepoint    ] Safepoint "RevokeBias", Time since last: 504173935 ns, Reaching safepoint: 94292 ns, At safepoint: 21462 ns, Total: 115754 ns
[2020-02-28T05:55:16.103+0000][1][safepoint    ] Safepoint "Cleanup", Time since last: 1001931047 ns, Reaching safepoint: 79537 ns, At safepoint: 7252 ns, Total: 86789 ns
[2020-02-28T05:55:17.103+0000][1][safepoint    ] Safepoint "Cleanup", Time since last: 1000746236 ns, Reaching safepoint: 94703 ns, At safepoint: 9048 ns, Total: 103751 ns
[2020-02-28T05:55:17.613+0000][1][safepoint    ] Safepoint "RevokeBias", Time since last: 509960711 ns, Reaching safepoint: 58304 ns, At safepoint: 18794 ns, Total: 77098 ns
[2020-02-28T05:55:18.614+0000][1][safepoint    ] Safepoint "Cleanup", Time since last: 1000768274 ns, Reaching safepoint: 81769 ns, At safepoint: 7893 ns, Total: 89662 ns
[2020-02-28T05:55:19.615+0000][1][safepoint    ] Safepoint "Cleanup", Time since last: 1000914963 ns, Reaching safepoint: 91809 ns, At safepoint: 9280 ns, Total: 101089 ns
[2020-02-28T05:55:20.134+0000][1][safepoint    ] Safepoint "RevokeBias", Time since last: 519020888 ns, Reaching safepoint: 55746 ns, At safepoint: 18147 ns, Total: 73893 ns
[2020-02-28T05:55:21.135+0000][1][safepoint    ] Safepoint "Cleanup", Time since last: 1000764444 ns, Reaching safepoint: 70502 ns, At safepoint: 48523 ns, Total: 119025 ns
[2020-02-28T05:55:22.142+0000][1][safepoint    ] Safepoint "Cleanup", Time since last: 1006492845 ns, Reaching safepoint: 60872 ns, At safepoint: 6278 ns, Total: 67150 ns
[2020-02-28T05:55:22.651+0000][1][safepoint    ] Safepoint "RevokeBias", Time since last: 508884639 ns, Reaching safepoint: 76982 ns, At safepoint: 19238 ns, Total: 96220 ns
[2020-02-28T05:55:23.651+0000][1][safepoint    ] Safepoint "Cleanup", Time since last: 1000246448 ns, Reaching safepoint: 93714 ns, At safepoint: 9136 ns, Total: 102850 ns
[2020-02-28T05:55:24.768+0000][1][safepoint    ] Safepoint "Cleanup", Time since last: 1116844088 ns, Reaching safepoint: 207402 ns, At safepoint: 27612 ns, Total: 235014 ns
[2020-02-28T05:55:25.164+0000][1][safepoint    ] Safepoint "RevokeBias", Time since last: 394323651 ns, Reaching safepoint: 1189718 ns, At safepoint: 26819 ns, Total: 1216537 ns
[2020-02-28T05:55:26.164+0000][1][safepoint    ] Safepoint "Cleanup", Time since last: 1000319981 ns, Reaching safepoint: 115271 ns, At safepoint: 9126 ns, Total: 124397 ns
[2020-02-28T05:55:27.170+0000][1][safepoint    ] Safepoint "Cleanup", Time since last: 1005277842 ns, Reaching safepoint: 61993 ns, At safepoint: 6624 ns, Total: 68617 ns
[2020-02-28T05:55:27.669+0000][1][safepoint    ] Safepoint "BulkRevokeBias", Time since last: 498652649 ns, Reaching safepoint: 181872 ns, At safepoint: 198101 ns, Total: 379973 ns
[2020-02-28T05:55:28.669+0000][1][safepoint    ] Safepoint "Cleanup", Time since last: 1000446309 ns, Reaching safepoint: 100068 ns, At safepoint: 7258 ns, Total: 107326 ns
[2020-02-28T05:55:29.670+0000][1][safepoint    ] Safepoint "Cleanup", Time since last: 1000560875 ns, Reaching safepoint: 83496 ns, At safepoint: 8176 ns, Total: 91672 ns
[2020-02-28T05:55:30.172+0000][1][safepoint    ] Safepoint "RevokeBias", Time since last: 502038133 ns, Reaching safepoint: 85205 ns, At safepoint: 38277 ns, Total: 123482 ns
[2020-02-28T05:55:31.173+0000][1][safepoint    ] Safepoint "Cleanup", Time since last: 1000898204 ns, Reaching safepoint: 63092 ns, At safepoint: 6454 ns, Total: 69546 ns
[2020-02-28T05:55:32.174+0000][1][safepoint    ] Safepoint "Cleanup", Time since last: 1000760013 ns, Reaching safepoint: 91743 ns, At safepoint: 9046 ns, Total: 100789 ns
[2020-02-28T05:55:32.676+0000][1][safepoint    ] Safepoint "RevokeBias", Time since last: 502338082 ns, Reaching safepoint: 90614 ns, At safepoint: 22948 ns, Total: 113562 ns
[2020-02-28T05:55:33.677+0000][1][safepoint    ] Safepoint "Cleanup", Time since last: 1000810269 ns, Reaching safepoint: 119894 ns, At safepoint: 29623 ns, Total: 149517 ns
[2020-02-28T05:55:34.678+0000][1][safepoint    ] Safepoint "Cleanup", Time since last: 1000256660 ns, Reaching safepoint: 101147 ns, At safepoint: 7557 ns, Total: 108704 ns
[2020-02-28T05:55:35.180+0000][1][safepoint    ] Safepoint "RevokeBias", Time since last: 502503788 ns, Reaching safepoint: 80514 ns, At safepoint: 19444 ns, Total: 99958 ns
[2020-02-28T05:55:36.204+0000][1][safepoint    ] Safepoint "Cleanup", Time since last: 1012678198 ns, Reaching safepoint: 10814200 ns, At safepoint: 9463 ns, Total: 10823663 ns
[2020-02-28T05:55:37.204+0000][1][safepoint    ] Safepoint "Cleanup", Time since last: 1000609574 ns, Reaching safepoint: 94650 ns, At safepoint: 9310 ns, Total: 103960 ns
[2020-02-28T05:55:37.686+0000][1][safepoint    ] Safepoint "RevokeBias", Time since last: 481452935 ns, Reaching safepoint: 80205 ns, At safepoint: 20777 ns, Total: 100982 ns
[2020-02-28T05:55:38.687+0000][1][safepoint    ] Safepoint "Cleanup", Time since last: 1000737638 ns, Reaching safepoint: 224748 ns, At safepoint: 9934 ns, Total: 234682 ns
[2020-02-28T05:55:39.687+0000][1][safepoint    ] Safepoint "Cleanup", Time since last: 1000239013 ns, Reaching safepoint: 94295 ns, At safepoint: 9132 ns, Total: 103427 ns
[2020-02-28T05:55:40.199+0000][1][safepoint    ] Safepoint "RevokeBias", Time since last: 511338277 ns, Reaching safepoint: 56811 ns, At safepoint: 17591 ns, Total: 74402 ns
[2020-02-28T05:55:41.199+0000][1][safepoint    ] Safepoint "Cleanup", Time since last: 1000733319 ns, Reaching safepoint: 81512 ns, At safepoint: 7169 ns, Total: 88681 ns
[2020-02-28T05:55:42.200+0000][1][safepoint    ] Safepoint "Cleanup", Time since last: 1000155038 ns, Reaching safepoint: 95058 ns, At safepoint: 9075 ns, Total: 104133 ns
[2020-02-28T05:55:42.720+0000][1][safepoint    ] Safepoint "RevokeBias", Time since last: 520210826 ns, Reaching safepoint: 115001 ns, At safepoint: 20066 ns, Total: 135067 ns
[2020-02-28T05:55:43.720+0000][1][safepoint    ] Safepoint "Cleanup", Time since last: 1000141971 ns, Reaching safepoint: 91810 ns, At safepoint: 8884 ns, Total: 100694 ns
[2020-02-28T05:55:44.722+0000][1][safepoint    ] Safepoint "Cleanup", Time since last: 1001082299 ns, Reaching safepoint: 181833 ns, At safepoint: 28476 ns, Total: 210309 ns
[2020-02-28T05:55:45.240+0000][1][safepoint    ] Safepoint "RevokeBias", Time since last: 518067430 ns, Reaching safepoint: 76115 ns, At safepoint: 17975 ns, Total: 94090 ns
[2020-02-28T05:55:46.240+0000][1][safepoint    ] Safepoint "Cleanup", Time since last: 1000384782 ns, Reaching safepoint: 81090 ns, At safepoint: 7697 ns, Total: 88787 ns
[2020-02-28T05:55:47.248+0000][1][safepoint    ] Safepoint "Cleanup", Time since last: 1007502751 ns, Reaching safepoint: 64973 ns, At safepoint: 7770 ns, Total: 72743 ns
[2020-02-28T05:55:47.748+0000][1][safepoint    ] Safepoint "RevokeBias", Time since last: 499831800 ns, Reaching safepoint: 83349 ns, At safepoint: 20500 ns, Total: 103849 ns
[2020-02-28T05:55:48.749+0000][1][safepoint    ] Safepoint "Cleanup", Time since last: 1000625472 ns, Reaching safepoint: 95776 ns, At safepoint: 8731 ns, Total: 104507 ns
[2020-02-28T05:55:49.751+0000][1][safepoint    ] Safepoint "Cleanup", Time since last: 1002178287 ns, Reaching safepoint: 63622 ns, At safepoint: 6953 ns, Total: 70575 ns
[2020-02-28T05:55:50.252+0000][1][safepoint    ] Safepoint "RevokeBias", Time since last: 501573539 ns, Reaching safepoint: 92071 ns, At safepoint: 22197 ns, Total: 114268 ns
[2020-02-28T05:55:51.253+0000][1][safepoint    ] Safepoint "Cleanup", Time since last: 1000136080 ns, Reaching safepoint: 90927 ns, At safepoint: 8674 ns, Total: 99601 ns
[2020-02-28T05:55:52.254+0000][1][safepoint    ] Safepoint "Cleanup", Time since last: 1000779580 ns, Reaching safepoint: 95858 ns, At safepoint: 8697 ns, Total: 104555 ns
[2020-02-28T05:55:52.761+0000][1][safepoint    ] Safepoint "RevokeBias", Time since last: 507583648 ns, Reaching safepoint: 77246 ns, At safepoint: 18879 ns, Total: 96125 ns
[2020-02-28T05:55:53.770+0000][1][safepoint    ] Safepoint "Cleanup", Time since last: 1008628750 ns, Reaching safepoint: 212506 ns, At safepoint: 5114 ns, Total: 217620 ns
[2020-02-28T05:55:54.770+0000][1][safepoint    ] Safepoint "Cleanup", Time since last: 1000129198 ns, Reaching safepoint: 78345 ns, At safepoint: 7030 ns, Total: 85375 ns
[2020-02-28T05:55:55.269+0000][1][safepoint    ] Safepoint "RevokeBias", Time since last: 498142800 ns, Reaching safepoint: 98173 ns, At safepoint: 19899 ns, Total: 118072 ns
[2020-02-28T05:55:56.272+0000][1][safepoint    ] Safepoint "Cleanup", Time since last: 1003722260 ns, Reaching safepoint: 94551 ns, At safepoint: 8144 ns, Total: 102695 ns
[2020-02-28T05:55:57.274+0000][1][safepoint    ] Safepoint "Cleanup", Time since last: 1001065505 ns, Reaching safepoint: 93338 ns, At safepoint: 9236 ns, Total: 102574 ns
[2020-02-28T05:55:57.774+0000][1][safepoint    ] Safepoint "RevokeBias", Time since last: 500146021 ns, Reaching safepoint: 93166 ns, At safepoint: 24079 ns, Total: 117245 ns
[2020-02-28T05:55:58.777+0000][1][safepoint    ] Safepoint "Cleanup", Time since last: 1003531886 ns, Reaching safepoint: 81378 ns, At safepoint: 6726 ns, Total: 88104 ns
[2020-02-28T05:55:59.778+0000][1][safepoint    ] Safepoint "Cleanup", Time since last: 1000871697 ns, Reaching safepoint: 138814 ns, At safepoint: 9390 ns, Total: 148204 ns
[2020-02-28T05:56:00.282+0000][1][safepoint    ] Safepoint "RevokeBias", Time since last: 503793218 ns, Reaching safepoint: 95573 ns, At safepoint: 35839 ns, Total: 131412 ns
[2020-02-28T05:56:01.283+0000][1][safepoint    ] Safepoint "Cleanup", Time since last: 1000825541 ns, Reaching safepoint: 131027 ns, At safepoint: 10944 ns, Total: 141971 ns
[2020-02-28T05:56:02.284+0000][1][safepoint    ] Safepoint "Cleanup", Time since last: 1001028666 ns, Reaching safepoint: 87782 ns, At safepoint: 9265 ns, Total: 97047 ns
[2020-02-28T05:56:02.790+0000][1][safepoint    ] Safepoint "RevokeBias", Time since last: 505922940 ns, Reaching safepoint: 74560 ns, At safepoint: 18675 ns, Total: 93235 ns
[2020-02-28T05:56:03.791+0000][1][safepoint    ] Safepoint "Cleanup", Time since last: 1000462712 ns, Reaching safepoint: 117850 ns, At safepoint: 9481 ns, Total: 127331 ns
[2020-02-28T05:56:04.792+0000][1][safepoint    ] Safepoint "Cleanup", Time since last: 1000661215 ns, Reaching safepoint: 88744 ns, At safepoint: 8973 ns, Total: 97717 ns
[2020-02-28T05:56:05.308+0000][1][safepoint    ] Safepoint "RevokeBias", Time since last: 516297903 ns, Reaching safepoint: 74456 ns, At safepoint: 18091 ns, Total: 92547 ns
[2020-02-28T05:56:06.309+0000][1][safepoint    ] Safepoint "Cleanup", Time since last: 1000293774 ns, Reaching safepoint: 100839 ns, At safepoint: 7554 ns, Total: 108393 ns
[2020-02-28T05:56:07.316+0000][1][safepoint    ] Safepoint "Cleanup", Time since last: 1007756034 ns, Reaching safepoint: 80798 ns, At safepoint: 8115 ns, Total: 88913 ns
[2020-02-28T05:56:07.836+0000][1][safepoint    ] Safepoint "RevokeBias", Time since last: 519091299 ns, Reaching safepoint: 53824 ns, At safepoint: 17730 ns, Total: 71554 ns
[2020-02-28T05:56:08.836+0000][1][safepoint    ] Safepoint "Cleanup", Time since last: 1000341221 ns, Reaching safepoint: 90101 ns, At safepoint: 8914 ns, Total: 99015 ns
[2020-02-28T05:56:09.837+0000][1][safepoint    ] Safepoint "Cleanup", Time since last: 1001021973 ns, Reaching safepoint: 78946 ns, At safepoint: 7173 ns, Total: 86119 ns
[2020-02-28T05:56:10.352+0000][1][safepoint    ] Safepoint "RevokeBias", Time since last: 514799328 ns, Reaching safepoint: 89654 ns, At safepoint: 21719 ns, Total: 111373 ns
[2020-02-28T05:56:11.353+0000][1][safepoint    ] Safepoint "Cleanup", Time since last: 1000946054 ns, Reaching safepoint: 91374 ns, At safepoint: 8647 ns, Total: 100021 ns
[2020-02-28T05:56:12.357+0000][1][safepoint    ] Safepoint "Cleanup", Time since last: 1003815580 ns, Reaching safepoint: 70399 ns, At safepoint: 5996 ns, Total: 76395 ns
[2020-02-28T05:56:12.856+0000][1][safepoint    ] Safepoint "RevokeBias", Time since last: 498462122 ns, Reaching safepoint: 110858 ns, At safepoint: 30832 ns, Total: 141690 ns
[2020-02-28T05:56:13.861+0000][1][safepoint    ] Safepoint "Cleanup", Time since last: 1005372850 ns, Reaching safepoint: 105171 ns, At safepoint: 8866 ns, Total: 114037 ns
[2020-02-28T05:56:14.862+0000][1][safepoint    ] Safepoint "Cleanup", Time since last: 1000505249 ns, Reaching safepoint: 92226 ns, At safepoint: 9463 ns, Total: 101689 ns
[2020-02-28T05:56:15.359+0000][1][safepoint    ] Safepoint "RevokeBias", Time since last: 497432234 ns, Reaching safepoint: 108806 ns, At safepoint: 25830 ns, Total: 134636 ns
[2020-02-28T05:56:16.364+0000][1][safepoint    ] Safepoint "Cleanup", Time since last: 1004282741 ns, Reaching safepoint: 79805 ns, At safepoint: 7233 ns, Total: 87038 ns
[2020-02-28T05:56:17.364+0000][1][safepoint    ] Safepoint "Cleanup", Time since last: 1000227539 ns, Reaching safepoint: 81997 ns, At safepoint: 7689 ns, Total: 89686 ns
[2020-02-28T05:56:17.863+0000][1][safepoint    ] Safepoint "RevokeBias", Time since last: 498512180 ns, Reaching safepoint: 67391 ns, At safepoint: 21958 ns, Total: 89349 ns
[2020-02-28T05:56:18.866+0000][1][safepoint    ] Safepoint "Cleanup", Time since last: 1003232895 ns, Reaching safepoint: 62525 ns, At safepoint: 7325 ns, Total: 69850 ns
[2020-02-28T05:56:19.867+0000][1][safepoint    ] Safepoint "Cleanup", Time since last: 1000763701 ns, Reaching safepoint: 93716 ns, At safepoint: 9543 ns, Total: 103259 ns
[2020-02-28T05:56:20.366+0000][1][safepoint    ] Safepoint "RevokeBias", Time since last: 499041601 ns, Reaching safepoint: 76573 ns, At safepoint: 19601 ns, Total: 96174 ns
[2020-02-28T05:56:21.372+0000][1][safepoint    ] Safepoint "Cleanup", Time since last: 1005999506 ns, Reaching safepoint: 62910 ns, At safepoint: 7634 ns, Total: 70544 ns
[2020-02-28T05:56:22.373+0000][1][safepoint    ] Safepoint "Cleanup", Time since last: 1000546521 ns, Reaching safepoint: 122697 ns, At safepoint: 30241 ns, Total: 152938 ns
[2020-02-28T05:56:22.882+0000][1][safepoint    ] Safepoint "RevokeBias", Time since last: 508814478 ns, Reaching safepoint: 151191 ns, At safepoint: 22912 ns, Total: 174103 ns
[2020-02-28T05:56:23.882+0000][1][safepoint    ] Safepoint "Cleanup", Time since last: 1000199450 ns, Reaching safepoint: 93079 ns, At safepoint: 9350 ns, Total: 102429 ns
[2020-02-28T05:56:24.882+0000][1][safepoint    ] Safepoint "Cleanup", Time since last: 1000232904 ns, Reaching safepoint: 93548 ns, At safepoint: 9549 ns, Total: 103097 ns
[2020-02-28T05:56:25.409+0000][1][safepoint    ] Safepoint "RevokeBias", Time since last: 526673654 ns, Reaching safepoint: 166644 ns, At safepoint: 21550 ns, Total: 188194 ns
[2020-02-28T05:56:26.410+0000][1][safepoint    ] Safepoint "Cleanup", Time since last: 1000328739 ns, Reaching safepoint: 91338 ns, At safepoint: 8985 ns, Total: 100323 ns
[2020-02-28T05:56:27.416+0000][1][safepoint    ] Safepoint "Cleanup", Time since last: 1006244062 ns, Reaching safepoint: 79610 ns, At safepoint: 7184 ns, Total: 86794 ns
[2020-02-28T05:56:27.934+0000][1][safepoint    ] Safepoint "RevokeBias", Time since last: 517950679 ns, Reaching safepoint: 75520 ns, At safepoint: 18969 ns, Total: 94489 ns
[2020-02-28T05:56:28.934+0000][1][safepoint    ] Safepoint "Cleanup", Time since last: 1000142919 ns, Reaching safepoint: 86807 ns, At safepoint: 8269 ns, Total: 95076 ns
[2020-02-28T05:56:29.942+0000][1][safepoint    ] Safepoint "Cleanup", Time since last: 1007775937 ns, Reaching safepoint: 103134 ns, At safepoint: 8245 ns, Total: 111379 ns
[2020-02-28T05:56:30.444+0000][1][safepoint    ] Safepoint "RevokeBias", Time since last: 501442339 ns, Reaching safepoint: 76872 ns, At safepoint: 19316 ns, Total: 96188 ns
[2020-02-28T05:56:31.444+0000][1][safepoint    ] Safepoint "Cleanup", Time since last: 1000385925 ns, Reaching safepoint: 82051 ns, At safepoint: 7306 ns, Total: 89357 ns
[2020-02-28T05:56:32.448+0000][1][safepoint    ] Safepoint "Cleanup", Time since last: 1004251593 ns, Reaching safepoint: 107579 ns, At safepoint: 7884 ns, Total: 115463 ns
[2020-02-28T05:56:32.947+0000][1][safepoint    ] Safepoint "RevokeBias", Time since last: 498034372 ns, Reaching safepoint: 89014 ns, At safepoint: 22325 ns, Total: 111339 ns
[2020-02-28T05:56:33.947+0000][1][safepoint    ] Safepoint "Cleanup", Time since last: 1000399936 ns, Reaching safepoint: 99378 ns, At safepoint: 8250 ns, Total: 107628 ns
[2020-02-28T05:56:34.955+0000][1][safepoint    ] Safepoint "Cleanup", Time since last: 1007435285 ns, Reaching safepoint: 115989 ns, At safepoint: 7856 ns, Total: 123845 ns
[2020-02-28T05:56:35.450+0000][1][safepoint    ] Safepoint "RevokeBias", Time since last: 495468653 ns, Reaching safepoint: 79725 ns, At safepoint: 19087 ns, Total: 98812 ns
[2020-02-28T05:56:36.454+0000][1][safepoint    ] Safepoint "Cleanup", Time since last: 1003745703 ns, Reaching safepoint: 85637 ns, At safepoint: 9464 ns, Total: 95101 ns
[2020-02-28T05:56:37.454+0000][1][safepoint    ] Safepoint "Cleanup", Time since last: 1000202820 ns, Reaching safepoint: 85461 ns, At safepoint: 8166 ns, Total: 93627 ns
[2020-02-28T05:56:37.954+0000][1][safepoint    ] Safepoint "RevokeBias", Time since last: 499750042 ns, Reaching safepoint: 87462 ns, At safepoint: 22192 ns, Total: 109654 ns
[2020-02-28T05:56:38.956+0000][1][safepoint    ] Safepoint "Cleanup", Time since last: 1001697112 ns, Reaching safepoint: 105888 ns, At safepoint: 10196 ns, Total: 116084 ns
[2020-02-28T05:56:39.957+0000][1][safepoint    ] Safepoint "Cleanup", Time since last: 1000827448 ns, Reaching safepoint: 220818 ns, At safepoint: 10468 ns, Total: 231286 ns
[2020-02-28T05:56:40.462+0000][1][safepoint    ] Safepoint "BulkRevokeBias", Time since last: 504139474 ns, Reaching safepoint: 101736 ns, At safepoint: 291385 ns, Total: 393121 ns
[2020-02-28T05:56:41.465+0000][1][safepoint    ] Safepoint "Cleanup", Time since last: 1002778597 ns, Reaching safepoint: 78650 ns, At safepoint: 6705 ns, Total: 85355 ns
[2020-02-28T05:56:42.465+0000][1][safepoint    ] Safepoint "Cleanup", Time since last: 1000617604 ns, Reaching safepoint: 78512 ns, At safepoint: 7021 ns, Total: 85533 ns
[2020-02-28T05:56:42.973+0000][1][safepoint    ] Safepoint "RevokeBias", Time since last: 507350598 ns, Reaching safepoint: 144945 ns, At safepoint: 40712 ns, Total: 185657 ns
[2020-02-28T05:56:43.977+0000][1][safepoint    ] Safepoint "Cleanup", Time since last: 1004227350 ns, Reaching safepoint: 196197 ns, At safepoint: 11338 ns, Total: 207535 ns
[2020-02-28T05:56:44.978+0000][1][safepoint    ] Safepoint "Cleanup", Time since last: 1000373393 ns, Reaching safepoint: 90768 ns, At safepoint: 9463 ns, Total: 100231 ns
[2020-02-28T05:56:45.477+0000][1][safepoint    ] Safepoint "RevokeBias", Time since last: 499317541 ns, Reaching safepoint: 80466 ns, At safepoint: 39835 ns, Total: 120301 ns
[2020-02-28T05:56:46.480+0000][1][safepoint    ] Safepoint "Cleanup", Time since last: 1002554949 ns, Reaching safepoint: 79154 ns, At safepoint: 7295 ns, Total: 86449 ns
[2020-02-28T05:56:47.480+0000][1][safepoint    ] Safepoint "Cleanup", Time since last: 1000453332 ns, Reaching safepoint: 85962 ns, At safepoint: 9156 ns, Total: 95118 ns
[2020-02-28T05:56:47.985+0000][1][safepoint    ] Safepoint "RevokeBias", Time since last: 505078090 ns, Reaching safepoint: 76347 ns, At safepoint: 20170 ns, Total: 96517 ns
[2020-02-28T05:56:48.986+0000][1][safepoint    ] Safepoint "Cleanup", Time since last: 1000582634 ns, Reaching safepoint: 93356 ns, At safepoint: 9184 ns, Total: 102540 ns
[2020-02-28T05:56:49.987+0000][1][safepoint    ] Safepoint "Cleanup", Time since last: 1000390910 ns, Reaching safepoint: 93325 ns, At safepoint: 10135 ns, Total: 103460 ns
[2020-02-28T05:56:50.512+0000][1][safepoint    ] Safepoint "RevokeBias", Time since last: 524888732 ns, Reaching safepoint: 118753 ns, At safepoint: 22777 ns, Total: 141530 ns
[2020-02-28T05:56:51.512+0000][1][safepoint    ] Safepoint "Cleanup", Time since last: 1000515217 ns, Reaching safepoint: 79199 ns, At safepoint: 7521 ns, Total: 86720 ns
[2020-02-28T05:56:52.514+0000][1][safepoint    ] Safepoint "Cleanup", Time since last: 1001245195 ns, Reaching safepoint: 128222 ns, At safepoint: 6885 ns, Total: 135107 ns
[2020-02-28T05:56:53.029+0000][1][safepoint    ] Safepoint "RevokeBias", Time since last: 515627667 ns, Reaching safepoint: 55327 ns, At safepoint: 17416 ns, Total: 72743 ns
[2020-02-28T05:56:54.030+0000][1][safepoint    ] Safepoint "Cleanup", Time since last: 1000148864 ns, Reaching safepoint: 78964 ns, At safepoint: 7619 ns, Total: 86583 ns
[2020-02-28T05:56:55.030+0000][1][safepoint    ] Safepoint "Cleanup", Time since last: 1000814515 ns, Reaching safepoint: 79421 ns, At safepoint: 8243 ns, Total: 87664 ns
[2020-02-28T05:56:55.663+0000][1][safepoint    ] Safepoint "RevokeBias", Time since last: 632433130 ns, Reaching safepoint: 76726 ns, At safepoint: 17874 ns, Total: 94600 ns
[2020-02-28T05:56:56.664+0000][1][safepoint    ] Safepoint "Cleanup", Time since last: 1000550267 ns, Reaching safepoint: 83958 ns, At safepoint: 7997 ns, Total: 91955 ns
[2020-02-28T05:56:57.673+0000][1][safepoint    ] Safepoint "Cleanup", Time since last: 1008950664 ns, Reaching safepoint: 154713 ns, At safepoint: 29051 ns, Total: 183764 ns
[2020-02-28T05:56:58.170+0000][1][safepoint    ] Safepoint "RevokeBias", Time since last: 496998273 ns, Reaching safepoint: 82059 ns, At safepoint: 20026 ns, Total: 102085 ns
[2020-02-28T05:56:59.171+0000][1][safepoint    ] Safepoint "Cleanup", Time since last: 1000795878 ns, Reaching safepoint: 174026 ns, At safepoint: 7851 ns, Total: 181877 ns
[2020-02-28T05:57:00.172+0000][1][safepoint    ] Safepoint "Cleanup", Time since last: 1000987212 ns, Reaching safepoint: 81731 ns, At safepoint: 7422 ns, Total: 89153 ns
[2020-02-28T05:57:00.673+0000][1][safepoint    ] Safepoint "RevokeBias", Time since last: 501218077 ns, Reaching safepoint: 210487 ns, At safepoint: 42269 ns, Total: 252756 ns
[2020-02-28T05:57:01.674+0000][1][safepoint    ] Safepoint "Cleanup", Time since last: 1000756097 ns, Reaching safepoint: 91177 ns, At safepoint: 8880 ns, Total: 100057 ns
[2020-02-28T05:57:02.675+0000][1][safepoint    ] Safepoint "Cleanup", Time since last: 1000775349 ns, Reaching safepoint: 93190 ns, At safepoint: 8590 ns, Total: 101780 ns
[2020-02-28T05:57:03.178+0000][1][safepoint    ] Safepoint "RevokeBias", Time since last: 503033598 ns, Reaching safepoint: 87515 ns, At safepoint: 22003 ns, Total: 109518 ns
[2020-02-28T05:57:04.184+0000][1][safepoint    ] Safepoint "Cleanup", Time since last: 1005739048 ns, Reaching safepoint: 98498 ns, At safepoint: 7927 ns, Total: 106425 ns
[2020-02-28T05:57:05.184+0000][1][safepoint    ] Safepoint "Cleanup", Time since last: 1000209056 ns, Reaching safepoint: 87998 ns, At safepoint: 8471 ns, Total: 96469 ns
[2020-02-28T05:57:05.686+0000][1][safepoint    ] Safepoint "RevokeBias", Time since last: 501543772 ns, Reaching safepoint: 79443 ns, At safepoint: 38219 ns, Total: 117662 ns
[2020-02-28T05:57:06.693+0000][1][safepoint    ] Safepoint "Cleanup", Time since last: 1006724115 ns, Reaching safepoint: 87614 ns, At safepoint: 8507 ns, Total: 96121 ns
[2020-02-28T05:57:07.694+0000][1][safepoint    ] Safepoint "Cleanup", Time since last: 1000556026 ns, Reaching safepoint: 88689 ns, At safepoint: 8846 ns, Total: 97535 ns
[2020-02-28T05:57:08.194+0000][1][safepoint    ] Safepoint "RevokeBias", Time since last: 500083233 ns, Reaching safepoint: 87178 ns, At safepoint: 21794 ns, Total: 108972 ns
[2020-02-28T05:57:09.197+0000][1][safepoint    ] Safepoint "Cleanup", Time since last: 1002761719 ns, Reaching safepoint: 65800 ns, At safepoint: 7724 ns, Total: 73524 ns
[2020-02-28T05:57:10.197+0000][1][safepoint    ] Safepoint "Cleanup", Time since last: 1000217027 ns, Reaching safepoint: 92192 ns, At safepoint: 9167 ns, Total: 101359 ns
[2020-02-28T05:57:10.699+0000][1][safepoint    ] Safepoint "RevokeBias", Time since last: 502155946 ns, Reaching safepoint: 148824 ns, At safepoint: 21704 ns, Total: 170528 ns
[2020-02-28T05:57:11.699+0000][1][safepoint    ] Safepoint "Cleanup", Time since last: 1000147156 ns, Reaching safepoint: 79198 ns, At safepoint: 7010 ns, Total: 86208 ns
[2020-02-28T05:57:12.700+0000][1][safepoint    ] Safepoint "Cleanup", Time since last: 1000625669 ns, Reaching safepoint: 90838 ns, At safepoint: 8785 ns, Total: 99623 ns
[2020-02-28T05:57:13.218+0000][1][safepoint    ] Safepoint "RevokeBias", Time since last: 517288490 ns, Reaching safepoint: 56918 ns, At safepoint: 17769 ns, Total: 74687 ns
[2020-02-28T05:57:13.967+0000][1][gc,start     ] GC(47) Pause Young (Allocation Failure)
[2020-02-28T05:57:13.967+0000][1][gc,task      ] GC(47) Using 1 workers of 1 for evacuation
[2020-02-28T05:57:13.982+0000][1][gc,age       ] GC(47) Desired survivor size 4358144 bytes, new threshold 6 (max threshold 6)
[2020-02-28T05:57:13.982+0000][1][gc,age       ] GC(47) Age table with threshold 6 (max threshold 6)
[2020-02-28T05:57:13.982+0000][1][gc,age       ] GC(47) - age   1:      14048 bytes,      14048 total
[2020-02-28T05:57:13.982+0000][1][gc,age       ] GC(47) - age   2:       1192 bytes,      15240 total
[2020-02-28T05:57:13.982+0000][1][gc,age       ] GC(47) - age   3:        592 bytes,      15832 total
[2020-02-28T05:57:13.982+0000][1][gc,age       ] GC(47) - age   4:       1176 bytes,      17008 total
[2020-02-28T05:57:13.982+0000][1][gc,age       ] GC(47) - age   5:        792 bytes,      17800 total
[2020-02-28T05:57:13.982+0000][1][gc,age       ] GC(47) - age   6:       3168 bytes,      20968 total
[2020-02-28T05:57:13.982+0000][1][gc,heap      ] GC(47) ParNew: 68181K->20K(76672K)
[2020-02-28T05:57:13.982+0000][1][gc,heap      ] GC(47) CMS: 62363K->62366K(963392K)
[2020-02-28T05:57:13.982+0000][1][gc,metaspace ] GC(47) Metaspace: 79432K->79432K(1122304K)
[2020-02-28T05:57:13.983+0000][1][gc           ] GC(47) Pause Young (Allocation Failure) 127M->60M(1015M) 15.897ms
[2020-02-28T05:57:13.983+0000][1][gc,cpu       ] GC(47) User=0.01s Sys=0.00s Real=0.01s
[2020-02-28T05:57:13.983+0000][1][safepoint    ] Safepoint "GenCollectForAllocation", Time since last: 748969905 ns, Reaching safepoint: 74599 ns, At safepoint: 15955552 ns, Total: 16030151 ns
[2020-02-28T05:57:14.983+0000][1][safepoint    ] Safepoint "Cleanup", Time since last: 1000348395 ns, Reaching safepoint: 92883 ns, At safepoint: 9069 ns, Total: 101952 ns
[2020-02-28T05:57:15.733+0000][1][safepoint    ] Safepoint "RevokeBias", Time since last: 749974386 ns, Reaching safepoint: 59300 ns, At safepoint: 17729 ns, Total: 77029 ns
[2020-02-28T05:57:16.734+0000][1][safepoint    ] Safepoint "Cleanup", Time since last: 1000736308 ns, Reaching safepoint: 87604 ns, At safepoint: 7879 ns, Total: 95483 ns
[2020-02-28T05:57:17.739+0000][1][safepoint    ] Safepoint "Cleanup", Time since last: 1004603591 ns, Reaching safepoint: 79930 ns, At safepoint: 7852 ns, Total: 87782 ns
[2020-02-28T05:57:18.258+0000][1][safepoint    ] Safepoint "RevokeBias", Time since last: 518774571 ns, Reaching safepoint: 149312 ns, At safepoint: 28190 ns, Total: 177502 ns
[2020-02-28T05:57:19.258+0000][1][safepoint    ] Safepoint "Cleanup", Time since last: 1000433442 ns, Reaching safepoint: 90830 ns, At safepoint: 9576 ns, Total: 100406 ns
[2020-02-28T05:57:20.265+0000][1][safepoint    ] Safepoint "Cleanup", Time since last: 1006818267 ns, Reaching safepoint: 94093 ns, At safepoint: 5682 ns, Total: 99775 ns
[2020-02-28T05:57:20.778+0000][1][safepoint    ] Safepoint "RevokeBias", Time since last: 512726201 ns, Reaching safepoint: 56786 ns, At safepoint: 17862 ns, Total: 74648 ns
[2020-02-28T05:57:21.778+0000][1][safepoint    ] Safepoint "Cleanup", Time since last: 1000137499 ns, Reaching safepoint: 90221 ns, At safepoint: 8049 ns, Total: 98270 ns
[2020-02-28T05:57:22.782+0000][1][safepoint    ] Safepoint "Cleanup", Time since last: 1003816832 ns, Reaching safepoint: 114805 ns, At safepoint: 7072 ns, Total: 121877 ns
[2020-02-28T05:57:23.287+0000][1][safepoint    ] Safepoint "RevokeBias", Time since last: 504504066 ns, Reaching safepoint: 91521 ns, At safepoint: 23040 ns, Total: 114561 ns
[2020-02-28T05:57:24.287+0000][1][safepoint    ] Safepoint "Cleanup", Time since last: 1000673072 ns, Reaching safepoint: 91939 ns, At safepoint: 9095 ns, Total: 101034 ns
[2020-02-28T05:57:25.293+0000][1][safepoint    ] Safepoint "Cleanup", Time since last: 1005753817 ns, Reaching safepoint: 108643 ns, At safepoint: 6975 ns, Total: 115618 ns
[2020-02-28T05:57:25.790+0000][1][safepoint    ] Safepoint "RevokeBias", Time since last: 496773230 ns, Reaching safepoint: 78256 ns, At safepoint: 19883 ns, Total: 98139 ns
[2020-02-28T05:57:26.794+0000][1][safepoint    ] Safepoint "Cleanup", Time since last: 1003735730 ns, Reaching safepoint: 62401 ns, At safepoint: 6913 ns, Total: 69314 ns
[2020-02-28T05:57:27.795+0000][1][safepoint    ] Safepoint "Cleanup", Time since last: 1000595968 ns, Reaching safepoint: 80551 ns, At safepoint: 7797 ns, Total: 88348 ns
[2020-02-28T05:57:28.295+0000][1][safepoint    ] Safepoint "RevokeBias", Time since last: 499980792 ns, Reaching safepoint: 73716 ns, At safepoint: 18794 ns, Total: 92510 ns
[2020-02-28T05:57:29.297+0000][1][safepoint    ] Safepoint "Cleanup", Time since last: 1001949345 ns, Reaching safepoint: 62675 ns, At safepoint: 7292 ns, Total: 69967 ns
[2020-02-28T05:57:30.297+0000][1][safepoint    ] Safepoint "Cleanup", Time since last: 1000528528 ns, Reaching safepoint: 89529 ns, At safepoint: 8680 ns, Total: 98209 ns
[2020-02-28T05:57:30.799+0000][1][safepoint    ] Safepoint "RevokeBias", Time since last: 501777306 ns, Reaching safepoint: 77735 ns, At safepoint: 20696 ns, Total: 98431 ns
[2020-02-28T05:57:31.804+0000][1][safepoint    ] Safepoint "Cleanup", Time since last: 1004543362 ns, Reaching safepoint: 64373 ns, At safepoint: 7020 ns, Total: 71393 ns
[2020-02-28T05:57:32.805+0000][1][safepoint    ] Safepoint "Cleanup", Time since last: 1000757739 ns, Reaching safepoint: 81644 ns, At safepoint: 7712 ns, Total: 89356 ns
[2020-02-28T05:57:33.328+0000][1][safepoint    ] Safepoint "RevokeBias", Time since last: 523290713 ns, Reaching safepoint: 121526 ns, At safepoint: 25560 ns, Total: 147086 ns
[2020-02-28T05:57:34.333+0000][1][safepoint    ] Safepoint "Cleanup", Time since last: 1004420790 ns, Reaching safepoint: 82786 ns, At safepoint: 7909 ns, Total: 90695 ns
[2020-02-28T05:57:35.333+0000][1][safepoint    ] Safepoint "Cleanup", Time since last: 1000406118 ns, Reaching safepoint: 114686 ns, At safepoint: 8665 ns, Total: 123351 ns
[2020-02-28T05:57:35.843+0000][1][safepoint    ] Safepoint "RevokeBias", Time since last: 510010453 ns, Reaching safepoint: 90007 ns, At safepoint: 19453 ns, Total: 109460 ns
[2020-02-28T05:57:36.844+0000][1][safepoint    ] Safepoint "Cleanup", Time since last: 1000839105 ns, Reaching safepoint: 87700 ns, At safepoint: 9316 ns, Total: 97016 ns
[2020-02-28T05:57:37.845+0000][1][safepoint    ] Safepoint "Cleanup", Time since last: 1000388572 ns, Reaching safepoint: 79289 ns, At safepoint: 7700 ns, Total: 86989 ns
[2020-02-28T05:57:38.371+0000][1][safepoint    ] Safepoint "RevokeBias", Time since last: 526029483 ns, Reaching safepoint: 92347 ns, At safepoint: 20872 ns, Total: 113219 ns
[2020-02-28T05:57:39.372+0000][1][safepoint    ] Safepoint "Cleanup", Time since last: 1000780709 ns, Reaching safepoint: 89229 ns, At safepoint: 8713 ns, Total: 97942 ns
[2020-02-28T05:57:40.373+0000][1][safepoint    ] Safepoint "Cleanup", Time since last: 1001488316 ns, Reaching safepoint: 112153 ns, At safepoint: 14391 ns, Total: 126544 ns
[2020-02-28T05:57:40.895+0000][1][safepoint    ] Safepoint "RevokeBias", Time since last: 521310579 ns, Reaching safepoint: 107606 ns, At safepoint: 57922 ns, Total: 165528 ns
[2020-02-28T05:57:41.895+0000][1][safepoint    ] Safepoint "Cleanup", Time since last: 1000351535 ns, Reaching safepoint: 187135 ns, At safepoint: 24763 ns, Total: 211898 ns
[2020-02-28T05:57:42.900+0000][1][safepoint    ] Safepoint "Cleanup", Time since last: 1004372808 ns, Reaching safepoint: 79981 ns, At safepoint: 6905 ns, Total: 86886 ns
[2020-02-28T05:57:43.413+0000][1][safepoint    ] Safepoint "RevokeBias", Time since last: 513573729 ns, Reaching safepoint: 78096 ns, At safepoint: 20095 ns, Total: 98191 ns
[2020-02-28T05:57:44.414+0000][1][safepoint    ] Safepoint "Cleanup", Time since last: 1000287958 ns, Reaching safepoint: 121310 ns, At safepoint: 8373 ns, Total: 129683 ns
[2020-02-28T05:57:45.415+0000][1][safepoint    ] Safepoint "Cleanup", Time since last: 1000541719 ns, Reaching safepoint: 82303 ns, At safepoint: 7944 ns, Total: 90247 ns
[2020-02-28T05:57:45.929+0000][1][safepoint    ] Safepoint "RevokeBias", Time since last: 514113061 ns, Reaching safepoint: 76194 ns, At safepoint: 19687 ns, Total: 95881 ns
[2020-02-28T05:57:46.930+0000][1][safepoint    ] Safepoint "Cleanup", Time since last: 1000890927 ns, Reaching safepoint: 95608 ns, At safepoint: 7192 ns, Total: 102800 ns
[2020-02-28T05:57:47.934+0000][1][safepoint    ] Safepoint "Cleanup", Time since last: 1003957119 ns, Reaching safepoint: 92603 ns, At safepoint: 8834 ns, Total: 101437 ns
[2020-02-28T05:57:48.446+0000][1][safepoint    ] Safepoint "RevokeBias", Time since last: 512194977 ns, Reaching safepoint: 56330 ns, At safepoint: 16660 ns, Total: 72990 ns
[2020-02-28T05:57:49.447+0000][1][safepoint    ] Safepoint "Cleanup", Time since last: 1000568287 ns, Reaching safepoint: 120869 ns, At safepoint: 7604 ns, Total: 128473 ns
[2020-02-28T05:57:50.457+0000][1][safepoint    ] Safepoint "Cleanup", Time since last: 1009681512 ns, Reaching safepoint: 166426 ns, At safepoint: 26106 ns, Total: 192532 ns
[2020-02-28T05:57:50.958+0000][1][safepoint    ] Safepoint "RevokeBias", Time since last: 501537402 ns, Reaching safepoint: 78291 ns, At safepoint: 17858 ns, Total: 96149 ns
[2020-02-28T05:57:51.959+0000][1][safepoint    ] Safepoint "Cleanup", Time since last: 1000817622 ns, Reaching safepoint: 81622 ns, At safepoint: 8592 ns, Total: 90214 ns
[2020-02-28T05:57:52.962+0000][1][safepoint    ] Safepoint "Cleanup", Time since last: 1002681042 ns, Reaching safepoint: 76262 ns, At safepoint: 6109 ns, Total: 82371 ns
[2020-02-28T05:57:53.463+0000][1][safepoint    ] Safepoint "BulkRevokeBias", Time since last: 500625076 ns, Reaching safepoint: 82542 ns, At safepoint: 298633 ns, Total: 381175 ns
[2020-02-28T05:57:54.467+0000][1][safepoint    ] Safepoint "Cleanup", Time since last: 1003961646 ns, Reaching safepoint: 109569 ns, At safepoint: 6566 ns, Total: 116135 ns
[2020-02-28T05:57:55.468+0000][1][safepoint    ] Safepoint "Cleanup", Time since last: 1000740820 ns, Reaching safepoint: 85774 ns, At safepoint: 8391 ns, Total: 94165 ns
[2020-02-28T05:57:55.967+0000][1][safepoint    ] Safepoint "RevokeBias", Time since last: 499030998 ns, Reaching safepoint: 88013 ns, At safepoint: 22128 ns, Total: 110141 ns
[2020-02-28T05:57:56.978+0000][1][safepoint    ] Safepoint "Cleanup", Time since last: 1011001104 ns, Reaching safepoint: 82260 ns, At safepoint: 7992 ns, Total: 90252 ns
[2020-02-28T05:57:57.978+0000][1][safepoint    ] Safepoint "Cleanup", Time since last: 1000195464 ns, Reaching safepoint: 88841 ns, At safepoint: 9023 ns, Total: 97864 ns
[2020-02-28T05:57:58.473+0000][1][safepoint    ] Safepoint "RevokeBias", Time since last: 494325970 ns, Reaching safepoint: 87205 ns, At safepoint: 20919 ns, Total: 108124 ns
[2020-02-28T05:57:59.474+0000][1][safepoint    ] Safepoint "Cleanup", Time since last: 1000736991 ns, Reaching safepoint: 115758 ns, At safepoint: 7579 ns, Total: 123337 ns
[2020-02-28T05:58:00.475+0000][1][safepoint    ] Safepoint "Cleanup", Time since last: 1000839101 ns, Reaching safepoint: 88695 ns, At safepoint: 8877 ns, Total: 97572 ns
[2020-02-28T05:58:00.978+0000][1][safepoint    ] Safepoint "RevokeBias", Time since last: 503364540 ns, Reaching safepoint: 90280 ns, At safepoint: 23027 ns, Total: 113307 ns
[2020-02-28T05:58:01.979+0000][1][safepoint    ] Safepoint "Cleanup", Time since last: 1000420422 ns, Reaching safepoint: 62236 ns, At safepoint: 6615 ns, Total: 68851 ns
[2020-02-28T05:58:02.979+0000][1][safepoint    ] Safepoint "Cleanup", Time since last: 1000134101 ns, Reaching safepoint: 77552 ns, At safepoint: 7026 ns, Total: 84578 ns
[2020-02-28T05:58:03.485+0000][1][safepoint    ] Safepoint "RevokeBias", Time since last: 506467004 ns, Reaching safepoint: 75750 ns, At safepoint: 18020 ns, Total: 93770 ns
[2020-02-28T05:58:04.490+0000][1][safepoint    ] Safepoint "Cleanup", Time since last: 1004375233 ns, Reaching safepoint: 73106 ns, At safepoint: 7476 ns, Total: 80582 ns
[2020-02-28T05:58:05.490+0000][1][safepoint    ] Safepoint "Cleanup", Time since last: 1000149927 ns, Reaching safepoint: 81768 ns, At safepoint: 7440 ns, Total: 89208 ns
[2020-02-28T05:58:06.005+0000][1][safepoint    ] Safepoint "RevokeBias", Time since last: 515145928 ns, Reaching safepoint: 75491 ns, At safepoint: 35404 ns, Total: 110895 ns
[2020-02-28T05:58:07.006+0000][1][safepoint    ] Safepoint "Cleanup", Time since last: 1000617494 ns, Reaching safepoint: 98914 ns, At safepoint: 8157 ns, Total: 107071 ns
[2020-02-28T05:58:08.007+0000][1][safepoint    ] Safepoint "Cleanup", Time since last: 1000495061 ns, Reaching safepoint: 78906 ns, At safepoint: 7467 ns, Total: 86373 ns
[2020-02-28T05:58:08.523+0000][1][safepoint    ] Safepoint "RevokeBias", Time since last: 516107618 ns, Reaching safepoint: 177856 ns, At safepoint: 20528 ns, Total: 198384 ns
[2020-02-28T05:58:09.524+0000][1][safepoint    ] Safepoint "Cleanup", Time since last: 1000518668 ns, Reaching safepoint: 126115 ns, At safepoint: 27973 ns, Total: 154088 ns
[2020-02-28T05:58:10.524+0000][1][safepoint    ] Safepoint "Cleanup", Time since last: 1000484692 ns, Reaching safepoint: 110119 ns, At safepoint: 7581 ns, Total: 117700 ns
[2020-02-28T05:58:11.152+0000][1][safepoint    ] Safepoint "RevokeBias", Time since last: 627942343 ns, Reaching safepoint: 76389 ns, At safepoint: 18685 ns, Total: 95074 ns
[2020-02-28T05:58:12.153+0000][1][safepoint    ] Safepoint "Cleanup", Time since last: 1000576079 ns, Reaching safepoint: 94957 ns, At safepoint: 10071 ns, Total: 105028 ns
[2020-02-28T05:58:13.157+0000][1][safepoint    ] Safepoint "Cleanup", Time since last: 1003928728 ns, Reaching safepoint: 79127 ns, At safepoint: 7005 ns, Total: 86132 ns
[2020-02-28T05:58:13.664+0000][1][safepoint    ] Safepoint "RevokeBias", Time since last: 506562175 ns, Reaching safepoint: 80074 ns, At safepoint: 19512 ns, Total: 99586 ns
[2020-02-28T05:58:14.664+0000][1][safepoint    ] Safepoint "Cleanup", Time since last: 1000727831 ns, Reaching safepoint: 90174 ns, At safepoint: 8886 ns, Total: 99060 ns
[2020-02-28T05:58:15.667+0000][1][safepoint    ] Safepoint "Cleanup", Time since last: 1002559380 ns, Reaching safepoint: 292618 ns, At safepoint: 21217 ns, Total: 313835 ns
[2020-02-28T05:58:16.175+0000][1][safepoint    ] Safepoint "RevokeBias", Time since last: 508098077 ns, Reaching safepoint: 75640 ns, At safepoint: 19512 ns, Total: 95152 ns
[2020-02-28T05:58:17.176+0000][1][safepoint    ] Safepoint "Cleanup", Time since last: 1000166963 ns, Reaching safepoint: 96720 ns, At safepoint: 7023 ns, Total: 103743 ns
[2020-02-28T05:58:18.177+0000][1][safepoint    ] Safepoint "Cleanup", Time since last: 1001255851 ns, Reaching safepoint: 134765 ns, At safepoint: 8345 ns, Total: 143110 ns
[2020-02-28T05:58:18.681+0000][1][safepoint    ] Safepoint "RevokeBias", Time since last: 503341320 ns, Reaching safepoint: 83367 ns, At safepoint: 20568 ns, Total: 103935 ns
[2020-02-28T05:58:19.681+0000][1][safepoint    ] Safepoint "Cleanup", Time since last: 1000203699 ns, Reaching safepoint: 98304 ns, At safepoint: 7538 ns, Total: 105842 ns
[2020-02-28T05:58:20.686+0000][1][safepoint    ] Safepoint "Cleanup", Time since last: 1004897309 ns, Reaching safepoint: 82125 ns, At safepoint: 8446 ns, Total: 90571 ns
[2020-02-28T05:58:21.185+0000][1][safepoint    ] Safepoint "RevokeBias", Time since last: 498988477 ns, Reaching safepoint: 84410 ns, At safepoint: 21639 ns, Total: 106049 ns
[2020-02-28T05:58:22.194+0000][1][safepoint    ] Safepoint "Cleanup", Time since last: 1008969561 ns, Reaching safepoint: 76310 ns, At safepoint: 7465 ns, Total: 83775 ns
[2020-02-28T05:58:23.195+0000][1][safepoint    ] Safepoint "Cleanup", Time since last: 1000536694 ns, Reaching safepoint: 89481 ns, At safepoint: 8872 ns, Total: 98353 ns
[2020-02-28T05:58:23.689+0000][1][safepoint    ] Safepoint "RevokeBias", Time since last: 494175217 ns, Reaching safepoint: 136703 ns, At safepoint: 39861 ns, Total: 176564 ns
[2020-02-28T05:58:24.695+0000][1][safepoint    ] Safepoint "Cleanup", Time since last: 1006125673 ns, Reaching safepoint: 62750 ns, At safepoint: 7471 ns, Total: 70221 ns
[2020-02-28T05:58:25.695+0000][1][safepoint    ] Safepoint "Cleanup", Time since last: 1000100397 ns, Reaching safepoint: 76472 ns, At safepoint: 6582 ns, Total: 83054 ns
[2020-02-28T05:58:26.193+0000][1][safepoint    ] Safepoint "RevokeBias", Time since last: 497777095 ns, Reaching safepoint: 77082 ns, At safepoint: 20338 ns, Total: 97420 ns
[2020-02-28T05:58:27.194+0000][1][safepoint    ] Safepoint "Cleanup", Time since last: 1000543259 ns, Reaching safepoint: 121987 ns, At safepoint: 7442 ns, Total: 129429 ns
[2020-02-28T05:58:28.194+0000][1][safepoint    ] Safepoint "Cleanup", Time since last: 1000421505 ns, Reaching safepoint: 89159 ns, At safepoint: 9502 ns, Total: 98661 ns
[2020-02-28T05:58:28.703+0000][1][safepoint    ] Safepoint "RevokeBias", Time since last: 508859782 ns, Reaching safepoint: 74227 ns, At safepoint: 18743 ns, Total: 92970 ns
[2020-02-28T05:58:29.706+0000][1][safepoint    ] Safepoint "Cleanup", Time since last: 1002553935 ns, Reaching safepoint: 99406 ns, At safepoint: 8460 ns, Total: 107866 ns
[2020-02-28T05:58:30.707+0000][1][safepoint    ] Safepoint "Cleanup", Time since last: 1000472678 ns, Reaching safepoint: 92993 ns, At safepoint: 10089 ns, Total: 103082 ns
[2020-02-28T05:58:31.213+0000][1][safepoint    ] Safepoint "RevokeBias", Time since last: 506342643 ns, Reaching safepoint: 58795 ns, At safepoint: 17664 ns, Total: 76459 ns
[2020-02-28T05:58:32.214+0000][1][safepoint    ] Safepoint "Cleanup", Time since last: 1000323467 ns, Reaching safepoint: 89763 ns, At safepoint: 9132 ns, Total: 98895 ns
[2020-02-28T05:58:33.214+0000][1][safepoint    ] Safepoint "Cleanup", Time since last: 1000216092 ns, Reaching safepoint: 83064 ns, At safepoint: 7797 ns, Total: 90861 ns
[2020-02-28T05:58:33.738+0000][1][safepoint    ] Safepoint "RevokeBias", Time since last: 523840718 ns, Reaching safepoint: 95510 ns, At safepoint: 24566 ns, Total: 120076 ns
[2020-02-28T05:58:34.738+0000][1][safepoint    ] Safepoint "Cleanup", Time since last: 1000408590 ns, Reaching safepoint: 122582 ns, At safepoint: 8427 ns, Total: 131009 ns
[2020-02-28T05:58:35.739+0000][1][safepoint    ] Safepoint "Cleanup", Time since last: 1000616295 ns, Reaching safepoint: 95691 ns, At safepoint: 6596 ns, Total: 102287 ns
[2020-02-28T05:58:36.250+0000][1][safepoint    ] Safepoint "RevokeBias", Time since last: 510799425 ns, Reaching safepoint: 81217 ns, At safepoint: 20336 ns, Total: 101553 ns
[2020-02-28T05:58:37.250+0000][1][safepoint    ] Safepoint "Cleanup", Time since last: 1000317001 ns, Reaching safepoint: 90113 ns, At safepoint: 8908 ns, Total: 99021 ns
[2020-02-28T05:58:38.251+0000][1][safepoint    ] Safepoint "Cleanup", Time since last: 1000209093 ns, Reaching safepoint: 92140 ns, At safepoint: 9715 ns, Total: 101855 ns
[2020-02-28T05:58:38.771+0000][1][safepoint    ] Safepoint "RevokeBias", Time since last: 520044085 ns, Reaching safepoint: 85169 ns, At safepoint: 39813 ns, Total: 124982 ns
[2020-02-28T05:58:39.772+0000][1][safepoint    ] Safepoint "Cleanup", Time since last: 1000759721 ns, Reaching safepoint: 79223 ns, At safepoint: 8223 ns, Total: 87446 ns
[2020-02-28T05:58:40.776+0000][1][safepoint    ] Safepoint "Cleanup", Time since last: 1003741914 ns, Reaching safepoint: 99600 ns, At safepoint: 7448 ns, Total: 107048 ns
[2020-02-28T05:58:41.288+0000][1][safepoint    ] Safepoint "RevokeBias", Time since last: 512428994 ns, Reaching safepoint: 77040 ns, At safepoint: 19967 ns, Total: 97007 ns
[2020-02-28T05:58:42.289+0000][1][safepoint    ] Safepoint "Cleanup", Time since last: 1000623032 ns, Reaching safepoint: 91620 ns, At safepoint: 8921 ns, Total: 100541 ns
[2020-02-28T05:58:43.293+0000][1][safepoint    ] Safepoint "Cleanup", Time since last: 1003667102 ns, Reaching safepoint: 63447 ns, At safepoint: 7149 ns, Total: 70596 ns
[2020-02-28T05:58:43.800+0000][1][safepoint    ] Safepoint "RevokeBias", Time since last: 507436497 ns, Reaching safepoint: 76511 ns, At safepoint: 19036 ns, Total: 95547 ns
[2020-02-28T05:58:44.800+0000][1][safepoint    ] Safepoint "Cleanup", Time since last: 1000242813 ns, Reaching safepoint: 81865 ns, At safepoint: 8011 ns, Total: 89876 ns
[2020-02-28T05:58:45.802+0000][1][safepoint    ] Safepoint "Cleanup", Time since last: 1001149300 ns, Reaching safepoint: 101910 ns, At safepoint: 7798 ns, Total: 109708 ns
[2020-02-28T05:58:46.306+0000][1][safepoint    ] Safepoint "RevokeBias", Time since last: 504374063 ns, Reaching safepoint: 99996 ns, At safepoint: 100876 ns, Total: 200872 ns
[2020-02-28T05:58:47.307+0000][1][safepoint    ] Safepoint "Cleanup", Time since last: 1000246219 ns, Reaching safepoint: 99484 ns, At safepoint: 8002 ns, Total: 107486 ns
[2020-02-28T05:58:48.310+0000][1][safepoint    ] Safepoint "Cleanup", Time since last: 1003671877 ns, Reaching safepoint: 63156 ns, At safepoint: 7154 ns, Total: 70310 ns
[2020-02-28T05:58:48.810+0000][1][safepoint    ] Safepoint "RevokeBias", Time since last: 499477424 ns, Reaching safepoint: 76833 ns, At safepoint: 20443 ns, Total: 97276 ns
[2020-02-28T05:58:49.811+0000][1][safepoint    ] Safepoint "Cleanup", Time since last: 1000666747 ns, Reaching safepoint: 80465 ns, At safepoint: 8411 ns, Total: 88876 ns
[2020-02-28T05:58:50.814+0000][1][safepoint    ] Safepoint "Cleanup", Time since last: 1003071983 ns, Reaching safepoint: 63371 ns, At safepoint: 7307 ns, Total: 70678 ns
[2020-02-28T05:58:51.315+0000][1][safepoint    ] Safepoint "RevokeBias", Time since last: 501388629 ns, Reaching safepoint: 63384 ns, At safepoint: 50150 ns, Total: 113534 ns
[2020-02-28T05:58:52.316+0000][1][safepoint    ] Safepoint "Cleanup", Time since last: 1000376454 ns, Reaching safepoint: 160063 ns, At safepoint: 7344 ns, Total: 167407 ns
[2020-02-28T05:58:53.316+0000][1][safepoint    ] Safepoint "Cleanup", Time since last: 1000412936 ns, Reaching safepoint: 81986 ns, At safepoint: 8923 ns, Total: 90909 ns
[2020-02-28T05:58:53.845+0000][1][safepoint    ] Safepoint "RevokeBias", Time since last: 528778895 ns, Reaching safepoint: 151743 ns, At safepoint: 38960 ns, Total: 190703 ns
[2020-02-28T05:58:54.847+0000][1][safepoint    ] Safepoint "Cleanup", Time since last: 1001454583 ns, Reaching safepoint: 80261 ns, At safepoint: 7791 ns, Total: 88052 ns
[2020-02-28T05:58:55.848+0000][1][safepoint    ] Safepoint "Cleanup", Time since last: 1000810170 ns, Reaching safepoint: 82638 ns, At safepoint: 8806 ns, Total: 91444 ns
[2020-02-28T05:58:56.356+0000][1][safepoint    ] Safepoint "RevokeBias", Time since last: 508000145 ns, Reaching safepoint: 83797 ns, At safepoint: 19594 ns, Total: 103391 ns
[2020-02-28T05:58:57.358+0000][1][safepoint    ] Safepoint "Cleanup", Time since last: 1001840681 ns, Reaching safepoint: 65685 ns, At safepoint: 8101 ns, Total: 73786 ns
[2020-02-28T05:58:58.358+0000][1][safepoint    ] Safepoint "Cleanup", Time since last: 1000171616 ns, Reaching safepoint: 78304 ns, At safepoint: 7371 ns, Total: 85675 ns
[2020-02-28T05:58:58.862+0000][1][safepoint    ] Safepoint "RevokeBias", Time since last: 504183550 ns, Reaching safepoint: 81263 ns, At safepoint: 20213 ns, Total: 101476 ns
[2020-02-28T05:58:59.871+0000][1][safepoint    ] Safepoint "Cleanup", Time since last: 1008613052 ns, Reaching safepoint: 99095 ns, At safepoint: 11015 ns, Total: 110110 ns
[2020-02-28T05:59:00.871+0000][1][safepoint    ] Safepoint "Cleanup", Time since last: 1000287309 ns, Reaching safepoint: 81257 ns, At safepoint: 9105 ns, Total: 90362 ns
[2020-02-28T05:59:01.368+0000][1][safepoint    ] Safepoint "RevokeBias", Time since last: 496121676 ns, Reaching safepoint: 76756 ns, At safepoint: 19273 ns, Total: 96029 ns
[2020-02-28T05:59:02.368+0000][1][safepoint    ] Safepoint "Cleanup", Time since last: 1000554952 ns, Reaching safepoint: 81080 ns, At safepoint: 8356 ns, Total: 89436 ns
[2020-02-28T05:59:03.369+0000][1][safepoint    ] Safepoint "Cleanup", Time since last: 1000408411 ns, Reaching safepoint: 91634 ns, At safepoint: 8935 ns, Total: 100569 ns
[2020-02-28T05:59:03.882+0000][1][safepoint    ] Safepoint "RevokeBias", Time since last: 512904764 ns, Reaching safepoint: 92517 ns, At safepoint: 56620 ns, Total: 149137 ns
[2020-02-28T05:59:04.882+0000][1][safepoint    ] Safepoint "Cleanup", Time since last: 1000141938 ns, Reaching safepoint: 83099 ns, At safepoint: 7914 ns, Total: 91013 ns
[2020-02-28T05:59:05.883+0000][1][safepoint    ] Safepoint "Cleanup", Time since last: 1000381737 ns, Reaching safepoint: 110098 ns, At safepoint: 12836 ns, Total: 122934 ns
[2020-02-28T05:59:06.408+0000][1][safepoint    ] Safepoint "BulkRevokeBias", Time since last: 524579476 ns, Reaching safepoint: 119549 ns, At safepoint: 617235 ns, Total: 736784 ns
[2020-02-28T05:59:07.409+0000][1][safepoint    ] Safepoint "Cleanup", Time since last: 1000509772 ns, Reaching safepoint: 174848 ns, At safepoint: 25505 ns, Total: 200353 ns
[2020-02-28T05:59:08.416+0000][1][safepoint    ] Safepoint "Cleanup", Time since last: 1007400061 ns, Reaching safepoint: 66482 ns, At safepoint: 8444 ns, Total: 74926 ns
[2020-02-28T05:59:08.935+0000][1][safepoint    ] Safepoint "RevokeBias", Time since last: 518859495 ns, Reaching safepoint: 75434 ns, At safepoint: 19640 ns, Total: 95074 ns
[2020-02-28T05:59:09.936+0000][1][safepoint    ] Safepoint "Cleanup", Time since last: 1000674238 ns, Reaching safepoint: 83211 ns, At safepoint: 8361 ns, Total: 91572 ns
[2020-02-28T05:59:10.937+0000][1][safepoint    ] Safepoint "Cleanup", Time since last: 1001022399 ns, Reaching safepoint: 81811 ns, At safepoint: 7761 ns, Total: 89572 ns
[2020-02-28T05:59:11.479+0000][1][safepoint    ] Safepoint "RevokeBias", Time since last: 542159313 ns, Reaching safepoint: 107716 ns, At safepoint: 42368 ns, Total: 150084 ns
[2020-02-28T05:59:12.480+0000][1][safepoint    ] Safepoint "Cleanup", Time since last: 1000382758 ns, Reaching safepoint: 90910 ns, At safepoint: 18893 ns, Total: 109803 ns
[2020-02-28T05:59:13.484+0000][1][safepoint    ] Safepoint "Cleanup", Time since last: 1004434300 ns, Reaching safepoint: 63780 ns, At safepoint: 6462 ns, Total: 70242 ns
[2020-02-28T05:59:13.998+0000][1][safepoint    ] Safepoint "RevokeBias", Time since last: 513782301 ns, Reaching safepoint: 74330 ns, At safepoint: 18163 ns, Total: 92493 ns
[2020-02-28T05:59:14.999+0000][1][safepoint    ] Safepoint "Cleanup", Time since last: 1000419500 ns, Reaching safepoint: 93144 ns, At safepoint: 9336 ns, Total: 102480 ns
[2020-02-28T05:59:15.999+0000][1][safepoint    ] Safepoint "Cleanup", Time since last: 1000420166 ns, Reaching safepoint: 130876 ns, At safepoint: 7558 ns, Total: 138434 ns
[2020-02-28T05:59:16.511+0000][1][safepoint    ] Safepoint "RevokeBias", Time since last: 511367235 ns, Reaching safepoint: 101737 ns, At safepoint: 19433 ns, Total: 121170 ns
[2020-02-28T05:59:17.512+0000][1][safepoint    ] Safepoint "Cleanup", Time since last: 1000842950 ns, Reaching safepoint: 85818 ns, At safepoint: 8771 ns, Total: 94589 ns
[2020-02-28T05:59:18.515+0000][1][safepoint    ] Safepoint "Cleanup", Time since last: 1003171794 ns, Reaching safepoint: 81619 ns, At safepoint: 8062 ns, Total: 89681 ns
[2020-02-28T05:59:19.014+0000][1][safepoint    ] Safepoint "RevokeBias", Time since last: 499091493 ns, Reaching safepoint: 84146 ns, At safepoint: 20879 ns, Total: 105025 ns
[2020-02-28T05:59:20.015+0000][1][safepoint    ] Safepoint "Cleanup", Time since last: 1000405841 ns, Reaching safepoint: 84891 ns, At safepoint: 8405 ns, Total: 93296 ns
[2020-02-28T05:59:21.015+0000][1][safepoint    ] Safepoint "Cleanup", Time since last: 1000231045 ns, Reaching safepoint: 76544 ns, At safepoint: 6465 ns, Total: 83009 ns
[2020-02-28T05:59:21.520+0000][1][safepoint    ] Safepoint "RevokeBias", Time since last: 505234109 ns, Reaching safepoint: 88671 ns, At safepoint: 21508 ns, Total: 110179 ns
[2020-02-28T05:59:22.522+0000][1][safepoint    ] Safepoint "Cleanup", Time since last: 1001572234 ns, Reaching safepoint: 100817 ns, At safepoint: 7233 ns, Total: 108050 ns
[2020-02-28T05:59:23.523+0000][1][safepoint    ] Safepoint "Cleanup", Time since last: 1000518292 ns, Reaching safepoint: 98654 ns, At safepoint: 8942 ns, Total: 107596 ns
[2020-02-28T05:59:24.026+0000][1][safepoint    ] Safepoint "RevokeBias", Time since last: 503509578 ns, Reaching safepoint: 75971 ns, At safepoint: 18776 ns, Total: 94747 ns
[2020-02-28T05:59:25.028+0000][1][safepoint    ] Safepoint "Cleanup", Time since last: 1001392696 ns, Reaching safepoint: 62035 ns, At safepoint: 6459 ns, Total: 68494 ns
[2020-02-28T05:59:26.028+0000][1][safepoint    ] Safepoint "Cleanup", Time since last: 1000675840 ns, Reaching safepoint: 84622 ns, At safepoint: 8874 ns, Total: 93496 ns
[2020-02-28T05:59:26.531+0000][1][safepoint    ] Safepoint "RevokeBias", Time since last: 502621927 ns, Reaching safepoint: 76198 ns, At safepoint: 19258 ns, Total: 95456 ns
[2020-02-28T05:59:27.538+0000][1][safepoint    ] Safepoint "Cleanup", Time since last: 1007076173 ns, Reaching safepoint: 65222 ns, At safepoint: 9492 ns, Total: 74714 ns
[2020-02-28T05:59:28.539+0000][1][safepoint    ] Safepoint "Cleanup", Time since last: 1000959531 ns, Reaching safepoint: 85469 ns, At safepoint: 9429 ns, Total: 94898 ns
[2020-02-28T05:59:29.037+0000][1][safepoint    ] Safepoint "RevokeBias", Time since last: 497887453 ns, Reaching safepoint: 79038 ns, At safepoint: 20561 ns, Total: 99599 ns
[2020-02-28T05:59:30.041+0000][1][safepoint    ] Safepoint "Cleanup", Time since last: 1003224749 ns, Reaching safepoint: 127450 ns, At safepoint: 24281 ns, Total: 151731 ns
[2020-02-28T05:59:31.042+0000][1][safepoint    ] Safepoint "Cleanup", Time since last: 1000770430 ns, Reaching safepoint: 82448 ns, At safepoint: 9177 ns, Total: 91625 ns
[2020-02-28T05:59:31.551+0000][1][safepoint    ] Safepoint "RevokeBias", Time since last: 509771165 ns, Reaching safepoint: 78251 ns, At safepoint: 19304 ns, Total: 97555 ns
[2020-02-28T05:59:32.552+0000][1][safepoint    ] Safepoint "Cleanup", Time since last: 1000986453 ns, Reaching safepoint: 100128 ns, At safepoint: 14189 ns, Total: 114317 ns
[2020-02-28T05:59:33.553+0000][1][safepoint    ] Safepoint "Cleanup", Time since last: 1000360589 ns, Reaching safepoint: 164571 ns, At safepoint: 12433 ns, Total: 177004 ns
[2020-02-28T05:59:34.068+0000][1][safepoint    ] Safepoint "RevokeBias", Time since last: 514642659 ns, Reaching safepoint: 75573 ns, At safepoint: 20623 ns, Total: 96196 ns
[2020-02-28T05:59:34.102+0000][1][gc,start     ] GC(48) Pause Young (Allocation Failure)
[2020-02-28T05:59:34.102+0000][1][gc,task      ] GC(48) Using 1 workers of 1 for evacuation
[2020-02-28T05:59:34.114+0000][1][gc,age       ] GC(48) Desired survivor size 4358144 bytes, new threshold 6 (max threshold 6)
[2020-02-28T05:59:34.114+0000][1][gc,age       ] GC(48) Age table with threshold 6 (max threshold 6)
[2020-02-28T05:59:34.114+0000][1][gc,age       ] GC(48) - age   1:      17344 bytes,      17344 total
[2020-02-28T05:59:34.114+0000][1][gc,age       ] GC(48) - age   2:       2896 bytes,      20240 total
[2020-02-28T05:59:34.114+0000][1][gc,age       ] GC(48) - age   3:       1192 bytes,      21432 total
[2020-02-28T05:59:34.114+0000][1][gc,age       ] GC(48) - age   4:        592 bytes,      22024 total
[2020-02-28T05:59:34.114+0000][1][gc,age       ] GC(48) - age   5:       1176 bytes,      23200 total
[2020-02-28T05:59:34.114+0000][1][gc,age       ] GC(48) - age   6:        792 bytes,      23992 total
[2020-02-28T05:59:34.114+0000][1][gc,heap      ] GC(48) ParNew: 68180K->41K(76672K)
[2020-02-28T05:59:34.114+0000][1][gc,heap      ] GC(48) CMS: 62366K->62369K(963392K)
[2020-02-28T05:59:34.114+0000][1][gc,metaspace ] GC(48) Metaspace: 79480K->79480K(1122304K)
[2020-02-28T05:59:34.114+0000][1][gc           ] GC(48) Pause Young (Allocation Failure) 127M->60M(1015M) 11.511ms
[2020-02-28T05:59:34.114+0000][1][gc,cpu       ] GC(48) User=0.02s Sys=0.00s Real=0.01s
[2020-02-28T05:59:34.114+0000][1][safepoint    ] Safepoint "GenCollectForAllocation", Time since last: 34451773 ns, Reaching safepoint: 113555 ns, At safepoint: 11589480 ns, Total: 11703035 ns
[2020-02-28T05:59:35.114+0000][1][safepoint    ] Safepoint "Cleanup", Time since last: 1000481856 ns, Reaching safepoint: 99522 ns, At safepoint: 11160 ns, Total: 110682 ns
[2020-02-28T05:59:36.138+0000][1][safepoint    ] Safepoint "Cleanup", Time since last: 1012390593 ns, Reaching safepoint: 10814920 ns, At safepoint: 12159 ns, Total: 10827079 ns
[2020-02-28T05:59:36.588+0000][1][safepoint    ] Safepoint "RevokeBias", Time since last: 449965926 ns, Reaching safepoint: 80417 ns, At safepoint: 21299 ns, Total: 101716 ns
[2020-02-28T05:59:37.588+0000][1][safepoint    ] Safepoint "Cleanup", Time since last: 1000567793 ns, Reaching safepoint: 137618 ns, At safepoint: 9435 ns, Total: 147053 ns
[2020-02-28T05:59:38.591+0000][1][safepoint    ] Safepoint "Cleanup", Time since last: 1002882028 ns, Reaching safepoint: 81983 ns, At safepoint: 8081 ns, Total: 90064 ns
[2020-02-28T05:59:39.110+0000][1][safepoint    ] Safepoint "RevokeBias", Time since last: 518818307 ns, Reaching safepoint: 59142 ns, At safepoint: 17865 ns, Total: 77007 ns
[2020-02-28T05:59:40.111+0000][1][safepoint    ] Safepoint "Cleanup", Time since last: 1000307439 ns, Reaching safepoint: 85454 ns, At safepoint: 9582 ns, Total: 95036 ns
[2020-02-28T05:59:41.116+0000][1][safepoint    ] Safepoint "Cleanup", Time since last: 1005117936 ns, Reaching safepoint: 81711 ns, At safepoint: 8784 ns, Total: 90495 ns
[2020-02-28T05:59:41.629+0000][1][safepoint    ] Safepoint "RevokeBias", Time since last: 513047521 ns, Reaching safepoint: 171639 ns, At safepoint: 52821 ns, Total: 224460 ns
[2020-02-28T05:59:42.630+0000][1][safepoint    ] Safepoint "Cleanup", Time since last: 1000792429 ns, Reaching safepoint: 126336 ns, At safepoint: 27486 ns, Total: 153822 ns
[2020-02-28T05:59:43.631+0000][1][safepoint    ] Safepoint "Cleanup", Time since last: 1001196550 ns, Reaching safepoint: 79232 ns, At safepoint: 6835 ns, Total: 86067 ns
[2020-02-28T05:59:44.144+0000][1][safepoint    ] Safepoint "RevokeBias", Time since last: 512546583 ns, Reaching safepoint: 102967 ns, At safepoint: 19621 ns, Total: 122588 ns
[2020-02-28T05:59:45.145+0000][1][safepoint    ] Safepoint "Cleanup", Time since last: 1000461372 ns, Reaching safepoint: 81372 ns, At safepoint: 7679 ns, Total: 89051 ns
[2020-02-28T05:59:46.154+0000][1][safepoint    ] Safepoint "Cleanup", Time since last: 1009525605 ns, Reaching safepoint: 151213 ns, At safepoint: 42538 ns, Total: 193751 ns
[2020-02-28T05:59:46.650+0000][1][safepoint    ] Safepoint "RevokeBias", Time since last: 495268433 ns, Reaching safepoint: 79893 ns, At safepoint: 40983 ns, Total: 120876 ns
[2020-02-28T05:59:47.651+0000][1][safepoint    ] Safepoint "Cleanup", Time since last: 1000982818 ns, Reaching safepoint: 84090 ns, At safepoint: 7910 ns, Total: 92000 ns
[2020-02-28T05:59:48.652+0000][1][safepoint    ] Safepoint "Cleanup", Time since last: 1000702541 ns, Reaching safepoint: 80551 ns, At safepoint: 8221 ns, Total: 88772 ns
[2020-02-28T05:59:49.153+0000][1][safepoint    ] Safepoint "RevokeBias", Time since last: 501436393 ns, Reaching safepoint: 86654 ns, At safepoint: 22175 ns, Total: 108829 ns
[2020-02-28T05:59:50.155+0000][1][safepoint    ] Safepoint "Cleanup", Time since last: 1001773133 ns, Reaching safepoint: 78894 ns, At safepoint: 6656 ns, Total: 85550 ns
[2020-02-28T05:59:51.156+0000][1][safepoint    ] Safepoint "Cleanup", Time since last: 1000554380 ns, Reaching safepoint: 160840 ns, At safepoint: 27115 ns, Total: 187955 ns
[2020-02-28T05:59:51.658+0000][1][safepoint    ] Safepoint "RevokeBias", Time since last: 501916240 ns, Reaching safepoint: 89060 ns, At safepoint: 22700 ns, Total: 111760 ns
[2020-02-28T05:59:52.664+0000][1][safepoint    ] Safepoint "Cleanup", Time since last: 1006519289 ns, Reaching safepoint: 99279 ns, At safepoint: 8312 ns, Total: 107591 ns
[2020-02-28T05:59:53.665+0000][1][safepoint    ] Safepoint "Cleanup", Time since last: 1000169036 ns, Reaching safepoint: 80269 ns, At safepoint: 7227 ns, Total: 87496 ns
[2020-02-28T05:59:54.166+0000][1][safepoint    ] Safepoint "RevokeBias", Time since last: 501286158 ns, Reaching safepoint: 93842 ns, At safepoint: 25754 ns, Total: 119596 ns
[2020-02-28T05:59:55.171+0000][1][safepoint    ] Safepoint "Cleanup", Time since last: 1004715861 ns, Reaching safepoint: 63346 ns, At safepoint: 8053 ns, Total: 71399 ns
[2020-02-28T05:59:56.172+0000][1][safepoint    ] Safepoint "Cleanup", Time since last: 1000598343 ns, Reaching safepoint: 84228 ns, At safepoint: 7172 ns, Total: 91400 ns
[2020-02-28T05:59:56.669+0000][1][safepoint    ] Safepoint "RevokeBias", Time since last: 497663095 ns, Reaching safepoint: 92479 ns, At safepoint: 22441 ns, Total: 114920 ns
[2020-02-28T05:59:57.680+0000][1][safepoint    ] Safepoint "Cleanup", Time since last: 1010745800 ns, Reaching safepoint: 134627 ns, At safepoint: 9156 ns, Total: 143783 ns
[2020-02-28T05:59:58.681+0000][1][safepoint    ] Safepoint "Cleanup", Time since last: 1000417080 ns, Reaching safepoint: 163496 ns, At safepoint: 7922 ns, Total: 171418 ns
[2020-02-28T05:59:59.182+0000][1][safepoint    ] Safepoint "RevokeBias", Time since last: 500927558 ns, Reaching safepoint: 78562 ns, At safepoint: 50477 ns, Total: 129039 ns
[2020-02-28T06:00:00.183+0000][1][safepoint    ] Safepoint "Cleanup", Time since last: 1001000518 ns, Reaching safepoint: 64190 ns, At safepoint: 6462 ns, Total: 70652 ns
[2020-02-28T06:00:01.184+0000][1][safepoint    ] Safepoint "Cleanup", Time since last: 1000827256 ns, Reaching safepoint: 84008 ns, At safepoint: 6691 ns, Total: 90699 ns
[2020-02-28T06:00:01.703+0000][1][safepoint    ] Safepoint "RevokeBias", Time since last: 519371946 ns, Reaching safepoint: 75250 ns, At safepoint: 18068 ns, Total: 93318 ns
[2020-02-28T06:00:02.704+0000][1][safepoint    ] Safepoint "Cleanup", Time since last: 1000418427 ns, Reaching safepoint: 92872 ns, At safepoint: 9639 ns, Total: 102511 ns
[2020-02-28T06:00:03.707+0000][1][safepoint    ] Safepoint "Cleanup", Time since last: 1002664538 ns, Reaching safepoint: 58605 ns, At safepoint: 5422 ns, Total: 64027 ns
[2020-02-28T06:00:04.230+0000][1][safepoint    ] Safepoint "RevokeBias", Time since last: 523370715 ns, Reaching safepoint: 113453 ns, At safepoint: 21846 ns, Total: 135299 ns
[2020-02-28T06:00:05.230+0000][1][safepoint    ] Safepoint "Cleanup", Time since last: 1000253017 ns, Reaching safepoint: 83177 ns, At safepoint: 7878 ns, Total: 91055 ns
[2020-02-28T06:00:06.246+0000][1][safepoint    ] Safepoint "Cleanup", Time since last: 1009824785 ns, Reaching safepoint: 5424184 ns, At safepoint: 11305 ns, Total: 5435489 ns
[2020-02-28T06:00:06.754+0000][1][safepoint    ] Safepoint "RevokeBias", Time since last: 508650817 ns, Reaching safepoint: 58755 ns, At safepoint: 17552 ns, Total: 76307 ns
[2020-02-28T06:00:07.755+0000][1][safepoint    ] Safepoint "Cleanup", Time since last: 1000427211 ns, Reaching safepoint: 84416 ns, At safepoint: 7654 ns, Total: 92070 ns
[2020-02-28T06:00:08.759+0000][1][safepoint    ] Safepoint "Cleanup", Time since last: 1003899542 ns, Reaching safepoint: 124204 ns, At safepoint: 8730 ns, Total: 132934 ns
[2020-02-28T06:00:09.266+0000][1][safepoint    ] Safepoint "RevokeBias", Time since last: 507053933 ns, Reaching safepoint: 76277 ns, At safepoint: 18180 ns, Total: 94457 ns
[2020-02-28T06:00:10.267+0000][1][safepoint    ] Safepoint "Cleanup", Time since last: 1001027814 ns, Reaching safepoint: 93181 ns, At safepoint: 9639 ns, Total: 102820 ns
[2020-02-28T06:00:11.276+0000][1][safepoint    ] Safepoint "Cleanup", Time since last: 1008170294 ns, Reaching safepoint: 119673 ns, At safepoint: 7735 ns, Total: 127408 ns
[2020-02-28T06:00:11.776+0000][1][safepoint    ] Safepoint "RevokeBias", Time since last: 500015962 ns, Reaching safepoint: 86687 ns, At safepoint: 22353 ns, Total: 109040 ns
[2020-02-28T06:00:12.777+0000][1][safepoint    ] Safepoint "Cleanup", Time since last: 1000920504 ns, Reaching safepoint: 86192 ns, At safepoint: 8721 ns, Total: 94913 ns
[2020-02-28T06:00:13.778+0000][1][safepoint    ] Safepoint "Cleanup", Time since last: 1000900716 ns, Reaching safepoint: 82931 ns, At safepoint: 9285 ns, Total: 92216 ns
[2020-02-28T06:00:14.277+0000][1][safepoint    ] Safepoint "RevokeBias", Time since last: 499602419 ns, Reaching safepoint: 75591 ns, At safepoint: 19072 ns, Total: 94663 ns
[2020-02-28T06:00:15.286+0000][1][safepoint    ] Safepoint "Cleanup", Time since last: 1008573136 ns, Reaching safepoint: 64410 ns, At safepoint: 7333 ns, Total: 71743 ns
[2020-02-28T06:00:16.287+0000][1][safepoint    ] Safepoint "Cleanup", Time since last: 1000415622 ns, Reaching safepoint: 84208 ns, At safepoint: 8298 ns, Total: 92506 ns
[2020-02-28T06:00:16.781+0000][1][safepoint    ] Safepoint "RevokeBias", Time since last: 494160650 ns, Reaching safepoint: 87499 ns, At safepoint: 22020 ns, Total: 109519 ns
[2020-02-28T06:00:17.783+0000][1][safepoint    ] Safepoint "Cleanup", Time since last: 1002259735 ns, Reaching safepoint: 161029 ns, At safepoint: 28640 ns, Total: 189669 ns
[2020-02-28T06:00:18.784+0000][1][safepoint    ] Safepoint "Cleanup", Time since last: 1000188334 ns, Reaching safepoint: 86476 ns, At safepoint: 8491 ns, Total: 94967 ns
[2020-02-28T06:00:19.285+0000][1][safepoint    ] Safepoint "BulkRevokeBias", Time since last: 501041890 ns, Reaching safepoint: 128104 ns, At safepoint: 579769 ns, Total: 707873 ns
[2020-02-28T06:00:20.287+0000][1][safepoint    ] Safepoint "Cleanup", Time since last: 1001080643 ns, Reaching safepoint: 182814 ns, At safepoint: 7928 ns, Total: 190742 ns
[2020-02-28T06:00:21.288+0000][1][safepoint    ] Safepoint "Cleanup", Time since last: 1000984493 ns, Reaching safepoint: 93098 ns, At safepoint: 8111 ns, Total: 101209 ns
[2020-02-28T06:00:21.792+0000][1][safepoint    ] Safepoint "RevokeBias", Time since last: 504478867 ns, Reaching safepoint: 137060 ns, At safepoint: 29391 ns, Total: 166451 ns
[2020-02-28T06:00:22.803+0000][1][safepoint    ] Safepoint "Cleanup", Time since last: 1010376438 ns, Reaching safepoint: 62714 ns, At safepoint: 6820 ns, Total: 69534 ns
[2020-02-28T06:00:23.803+0000][1][safepoint    ] Safepoint "Cleanup", Time since last: 1000475364 ns, Reaching safepoint: 120337 ns, At safepoint: 7400 ns, Total: 127737 ns
[2020-02-28T06:00:24.302+0000][1][safepoint    ] Safepoint "RevokeBias", Time since last: 498194215 ns, Reaching safepoint: 56697 ns, At safepoint: 17697 ns, Total: 74394 ns
[2020-02-28T06:00:25.302+0000][1][safepoint    ] Safepoint "Cleanup", Time since last: 1000426639 ns, Reaching safepoint: 92182 ns, At safepoint: 8939 ns, Total: 101121 ns
[2020-02-28T06:00:26.303+0000][1][safepoint    ] Safepoint "Cleanup", Time since last: 1000902495 ns, Reaching safepoint: 78378 ns, At safepoint: 8273 ns, Total: 86651 ns
[2020-02-28T06:00:26.815+0000][1][safepoint    ] Safepoint "RevokeBias", Time since last: 511782757 ns, Reaching safepoint: 60528 ns, At safepoint: 18315 ns, Total: 78843 ns
[2020-02-28T06:00:27.816+0000][1][safepoint    ] Safepoint "Cleanup", Time since last: 1000568205 ns, Reaching safepoint: 92876 ns, At safepoint: 9777 ns, Total: 102653 ns
[2020-02-28T06:00:28.816+0000][1][safepoint    ] Safepoint "Cleanup", Time since last: 1000667613 ns, Reaching safepoint: 89573 ns, At safepoint: 9723 ns, Total: 99296 ns
[2020-02-28T06:00:29.338+0000][1][safepoint    ] Safepoint "RevokeBias", Time since last: 521514866 ns, Reaching safepoint: 56876 ns, At safepoint: 32118 ns, Total: 88994 ns
[2020-02-28T06:00:30.339+0000][1][safepoint    ] Safepoint "Cleanup", Time since last: 1000542127 ns, Reaching safepoint: 82999 ns, At safepoint: 7747 ns, Total: 90746 ns
[2020-02-28T06:00:31.341+0000][1][safepoint    ] Safepoint "Cleanup", Time since last: 1001736739 ns, Reaching safepoint: 64558 ns, At safepoint: 7336 ns, Total: 71894 ns
[2020-02-28T06:00:31.854+0000][1][safepoint    ] Safepoint "RevokeBias", Time since last: 513779973 ns, Reaching safepoint: 76986 ns, At safepoint: 18964 ns, Total: 95950 ns
[2020-02-28T06:00:32.855+0000][1][safepoint    ] Safepoint "Cleanup", Time since last: 1000358964 ns, Reaching safepoint: 81706 ns, At safepoint: 8109 ns, Total: 89815 ns
[2020-02-28T06:00:34.382+0000][1][safepoint    ] Safepoint "RevokeBias", Time since last: 1527113078 ns, Reaching safepoint: 81289 ns, At safepoint: 20617 ns, Total: 101906 ns
[2020-02-28T06:00:35.383+0000][1][safepoint    ] Safepoint "Cleanup", Time since last: 1000828513 ns, Reaching safepoint: 80673 ns, At safepoint: 7735 ns, Total: 88408 ns
[2020-02-28T06:00:36.387+0000][1][safepoint    ] Safepoint "Cleanup", Time since last: 1003694094 ns, Reaching safepoint: 81694 ns, At safepoint: 7888 ns, Total: 89582 ns
[2020-02-28T06:00:36.896+0000][1][safepoint    ] Safepoint "RevokeBias", Time since last: 508781866 ns, Reaching safepoint: 81271 ns, At safepoint: 19212 ns, Total: 100483 ns
[2020-02-28T06:00:37.897+0000][1][safepoint    ] Safepoint "Cleanup", Time since last: 1000849186 ns, Reaching safepoint: 93693 ns, At safepoint: 8756 ns, Total: 102449 ns
[2020-02-28T06:00:38.901+0000][1][safepoint    ] Safepoint "Cleanup", Time since last: 1004071234 ns, Reaching safepoint: 97418 ns, At safepoint: 7736 ns, Total: 105154 ns
[2020-02-28T06:00:39.402+0000][1][safepoint    ] Safepoint "RevokeBias", Time since last: 500723489 ns, Reaching safepoint: 78536 ns, At safepoint: 19447 ns, Total: 97983 ns
[2020-02-28T06:00:40.402+0000][1][safepoint    ] Safepoint "Cleanup", Time since last: 1000311403 ns, Reaching safepoint: 117987 ns, At safepoint: 7766 ns, Total: 125753 ns
[2020-02-28T06:00:41.402+0000][1][safepoint    ] Safepoint "Cleanup", Time since last: 1000310673 ns, Reaching safepoint: 81418 ns, At safepoint: 8175 ns, Total: 89593 ns
[2020-02-28T06:00:41.907+0000][1][safepoint    ] Safepoint "RevokeBias", Time since last: 504233733 ns, Reaching safepoint: 77953 ns, At safepoint: 19279 ns, Total: 97232 ns
[2020-02-28T06:00:42.913+0000][1][safepoint    ] Safepoint "Cleanup", Time since last: 1005963905 ns, Reaching safepoint: 85360 ns, At safepoint: 7905 ns, Total: 93265 ns
[2020-02-28T06:00:43.913+0000][1][safepoint    ] Safepoint "Cleanup", Time since last: 1000176756 ns, Reaching safepoint: 80967 ns, At safepoint: 7721 ns, Total: 88688 ns
[2020-02-28T06:00:44.411+0000][1][safepoint    ] Safepoint "RevokeBias", Time since last: 498211939 ns, Reaching safepoint: 78136 ns, At safepoint: 19589 ns, Total: 97725 ns
[2020-02-28T06:00:45.414+0000][1][safepoint    ] Safepoint "Cleanup", Time since last: 1002346875 ns, Reaching safepoint: 64089 ns, At safepoint: 7043 ns, Total: 71132 ns
[2020-02-28T06:00:46.414+0000][1][safepoint    ] Safepoint "Cleanup", Time since last: 1000185455 ns, Reaching safepoint: 118938 ns, At safepoint: 11583 ns, Total: 130521 ns
[2020-02-28T06:00:46.917+0000][1][safepoint    ] Safepoint "RevokeBias", Time since last: 503269474 ns, Reaching safepoint: 88074 ns, At safepoint: 22458 ns, Total: 110532 ns
[2020-02-28T06:00:47.926+0000][1][safepoint    ] Safepoint "Cleanup", Time since last: 1007997189 ns, Reaching safepoint: 80782 ns, At safepoint: 8386 ns, Total: 89168 ns
[2020-02-28T06:00:48.926+0000][1][safepoint    ] Safepoint "Cleanup", Time since last: 1000668967 ns, Reaching safepoint: 94764 ns, At safepoint: 10351 ns, Total: 105115 ns
[2020-02-28T06:00:49.421+0000][1][safepoint    ] Safepoint "RevokeBias", Time since last: 494858914 ns, Reaching safepoint: 75447 ns, At safepoint: 18914 ns, Total: 94361 ns
[2020-02-28T06:00:50.423+0000][1][safepoint    ] Safepoint "Cleanup", Time since last: 1001485471 ns, Reaching safepoint: 79637 ns, At safepoint: 7428 ns, Total: 87065 ns
[2020-02-28T06:00:51.424+0000][1][safepoint    ] Safepoint "Cleanup", Time since last: 1000730921 ns, Reaching safepoint: 124638 ns, At safepoint: 9818 ns, Total: 134456 ns
[2020-02-28T06:00:51.927+0000][1][safepoint    ] Safepoint "RevokeBias", Time since last: 503030426 ns, Reaching safepoint: 87885 ns, At safepoint: 21877 ns, Total: 109762 ns
[2020-02-28T06:00:52.928+0000][1][safepoint    ] Safepoint "Cleanup", Time since last: 1000578355 ns, Reaching safepoint: 86225 ns, At safepoint: 9938 ns, Total: 96163 ns
[2020-02-28T06:00:53.928+0000][1][safepoint    ] Safepoint "Cleanup", Time since last: 1000691179 ns, Reaching safepoint: 77843 ns, At safepoint: 6481 ns, Total: 84324 ns
[2020-02-28T06:00:54.446+0000][1][safepoint    ] Safepoint "RevokeBias", Time since last: 517161367 ns, Reaching safepoint: 76289 ns, At safepoint: 18828 ns, Total: 95117 ns
[2020-02-28T06:00:55.446+0000][1][safepoint    ] Safepoint "Cleanup", Time since last: 1000277715 ns, Reaching safepoint: 101448 ns, At safepoint: 8228 ns, Total: 109676 ns
[2020-02-28T06:00:56.446+0000][1][safepoint    ] Safepoint "Cleanup", Time since last: 1000301375 ns, Reaching safepoint: 100094 ns, At safepoint: 8513 ns, Total: 108607 ns
[2020-02-28T06:00:56.969+0000][1][safepoint    ] Safepoint "RevokeBias", Time since last: 522131262 ns, Reaching safepoint: 57098 ns, At safepoint: 17395 ns, Total: 74493 ns
[2020-02-28T06:00:57.970+0000][1][safepoint    ] Safepoint "Cleanup", Time since last: 1001091788 ns, Reaching safepoint: 212289 ns, At safepoint: 10415 ns, Total: 222704 ns
[2020-02-28T06:00:58.978+0000][1][safepoint    ] Safepoint "Cleanup", Time since last: 1008151896 ns, Reaching safepoint: 65007 ns, At safepoint: 8288 ns, Total: 73295 ns
[2020-02-28T06:00:59.492+0000][1][safepoint    ] Safepoint "RevokeBias", Time since last: 513277124 ns, Reaching safepoint: 149101 ns, At safepoint: 21563 ns, Total: 170664 ns
[2020-02-28T06:01:00.492+0000][1][safepoint    ] Safepoint "Cleanup", Time since last: 1000301551 ns, Reaching safepoint: 95096 ns, At safepoint: 8331 ns, Total: 103427 ns
[2020-02-28T06:01:01.497+0000][1][safepoint    ] Safepoint "Cleanup", Time since last: 1005264376 ns, Reaching safepoint: 79909 ns, At safepoint: 7886 ns, Total: 87795 ns
[2020-02-28T06:01:02.020+0000][1][safepoint    ] Safepoint "RevokeBias", Time since last: 522506060 ns, Reaching safepoint: 85776 ns, At safepoint: 20097 ns, Total: 105873 ns
[2020-02-28T06:01:03.022+0000][1][safepoint    ] Safepoint "Cleanup", Time since last: 1001875827 ns, Reaching safepoint: 80460 ns, At safepoint: 7933 ns, Total: 88393 ns
[2020-02-28T06:01:04.027+0000][1][safepoint    ] Safepoint "Cleanup", Time since last: 1005000090 ns, Reaching safepoint: 83369 ns, At safepoint: 7850 ns, Total: 91219 ns
[2020-02-28T06:01:04.530+0000][1][safepoint    ] Safepoint "RevokeBias", Time since last: 502545437 ns, Reaching safepoint: 120341 ns, At safepoint: 40190 ns, Total: 160531 ns
[2020-02-28T06:01:05.530+0000][1][safepoint    ] Safepoint "Cleanup", Time since last: 1000650606 ns, Reaching safepoint: 91316 ns, At safepoint: 8861 ns, Total: 100177 ns
[2020-02-28T06:01:07.035+0000][1][safepoint    ] Safepoint "RevokeBias", Time since last: 1504124053 ns, Reaching safepoint: 84339 ns, At safepoint: 20802 ns, Total: 105141 ns
[2020-02-28T06:01:08.035+0000][1][safepoint    ] Safepoint "Cleanup", Time since last: 1000394615 ns, Reaching safepoint: 85135 ns, At safepoint: 7768 ns, Total: 92903 ns
[2020-02-28T06:01:09.038+0000][1][safepoint    ] Safepoint "Cleanup", Time since last: 1002274924 ns, Reaching safepoint: 79107 ns, At safepoint: 7749 ns, Total: 86856 ns
[2020-02-28T06:01:09.542+0000][1][safepoint    ] Safepoint "RevokeBias", Time since last: 503942448 ns, Reaching safepoint: 75958 ns, At safepoint: 49566 ns, Total: 125524 ns
[2020-02-28T06:01:10.542+0000][1][safepoint    ] Safepoint "Cleanup", Time since last: 1000656646 ns, Reaching safepoint: 125734 ns, At safepoint: 11777 ns, Total: 137511 ns
[2020-02-28T06:01:11.543+0000][1][safepoint    ] Safepoint "Cleanup", Time since last: 1000713139 ns, Reaching safepoint: 101439 ns, At safepoint: 9137 ns, Total: 110576 ns
[2020-02-28T06:01:12.048+0000][1][safepoint    ] Safepoint "RevokeBias", Time since last: 504887264 ns, Reaching safepoint: 143715 ns, At safepoint: 42101 ns, Total: 185816 ns
[2020-02-28T06:01:13.050+0000][1][safepoint    ] Safepoint "Cleanup", Time since last: 1001883924 ns, Reaching safepoint: 83793 ns, At safepoint: 8036 ns, Total: 91829 ns
[2020-02-28T06:01:14.051+0000][1][safepoint    ] Safepoint "Cleanup", Time since last: 1000588924 ns, Reaching safepoint: 142598 ns, At safepoint: 12325 ns, Total: 154923 ns
[2020-02-28T06:01:14.553+0000][1][safepoint    ] Safepoint "RevokeBias", Time since last: 501617575 ns, Reaching safepoint: 77757 ns, At safepoint: 18744 ns, Total: 96501 ns
[2020-02-28T06:01:15.558+0000][1][safepoint    ] Safepoint "Cleanup", Time since last: 1004691252 ns, Reaching safepoint: 66080 ns, At safepoint: 9178 ns, Total: 75258 ns
[2020-02-28T06:01:16.558+0000][1][safepoint    ] Safepoint "Cleanup", Time since last: 1000730830 ns, Reaching safepoint: 91895 ns, At safepoint: 9759 ns, Total: 101654 ns
[2020-02-28T06:01:17.058+0000][1][safepoint    ] Safepoint "RevokeBias", Time since last: 499621112 ns, Reaching safepoint: 88762 ns, At safepoint: 22032 ns, Total: 110794 ns
[2020-02-28T06:01:18.060+0000][1][safepoint    ] Safepoint "Cleanup", Time since last: 1001686289 ns, Reaching safepoint: 166922 ns, At safepoint: 24855 ns, Total: 191777 ns
[2020-02-28T06:01:19.061+0000][1][safepoint    ] Safepoint "Cleanup", Time since last: 1001098299 ns, Reaching safepoint: 81732 ns, At safepoint: 8258 ns, Total: 89990 ns
[2020-02-28T06:01:19.562+0000][1][safepoint    ] Safepoint "RevokeBias", Time since last: 500661395 ns, Reaching safepoint: 90818 ns, At safepoint: 22381 ns, Total: 113199 ns
[2020-02-28T06:01:20.569+0000][1][safepoint    ] Safepoint "Cleanup", Time since last: 1007225824 ns, Reaching safepoint: 82044 ns, At safepoint: 8221 ns, Total: 90265 ns
[2020-02-28T06:01:21.570+0000][1][safepoint    ] Safepoint "Cleanup", Time since last: 1000381101 ns, Reaching safepoint: 104466 ns, At safepoint: 17218 ns, Total: 121684 ns
[2020-02-28T06:01:22.068+0000][1][safepoint    ] Safepoint "RevokeBias", Time since last: 497994001 ns, Reaching safepoint: 78325 ns, At safepoint: 19809 ns, Total: 98134 ns
[2020-02-28T06:01:23.068+0000][1][safepoint    ] Safepoint "Cleanup", Time since last: 1000477511 ns, Reaching safepoint: 84205 ns, At safepoint: 10181 ns, Total: 94386 ns
[2020-02-28T06:01:24.069+0000][1][safepoint    ] Safepoint "Cleanup", Time since last: 1000412239 ns, Reaching safepoint: 110345 ns, At safepoint: 9084 ns, Total: 119429 ns
[2020-02-28T06:01:24.587+0000][1][safepoint    ] Safepoint "RevokeBias", Time since last: 518365072 ns, Reaching safepoint: 57294 ns, At safepoint: 78331 ns, Total: 135625 ns
[2020-02-28T06:01:25.588+0000][1][safepoint    ] Safepoint "Cleanup", Time since last: 1000641501 ns, Reaching safepoint: 82532 ns, At safepoint: 9518 ns, Total: 92050 ns
[2020-02-28T06:01:27.113+0000][1][safepoint    ] Safepoint "RevokeBias", Time since last: 1524762698 ns, Reaching safepoint: 80079 ns, At safepoint: 59596 ns, Total: 139675 ns
[2020-02-28T06:01:28.114+0000][1][safepoint    ] Safepoint "Cleanup", Time since last: 1000720456 ns, Reaching safepoint: 169273 ns, At safepoint: 12833 ns, Total: 182106 ns
[2020-02-28T06:01:29.117+0000][1][safepoint    ] Safepoint "Cleanup", Time since last: 1003185190 ns, Reaching safepoint: 77677 ns, At safepoint: 7706 ns, Total: 85383 ns
[2020-02-28T06:01:29.636+0000][1][safepoint    ] Safepoint "RevokeBias", Time since last: 518243794 ns, Reaching safepoint: 75724 ns, At safepoint: 19634 ns, Total: 95358 ns
[2020-02-28T06:01:30.636+0000][1][safepoint    ] Safepoint "Cleanup", Time since last: 1000814265 ns, Reaching safepoint: 81412 ns, At safepoint: 8913 ns, Total: 90325 ns
[2020-02-28T06:01:31.638+0000][1][safepoint    ] Safepoint "Cleanup", Time since last: 1001664081 ns, Reaching safepoint: 78015 ns, At safepoint: 6057 ns, Total: 84072 ns
[2020-02-28T06:01:32.147+0000][1][safepoint    ] Safepoint "BulkRevokeBias", Time since last: 508581408 ns, Reaching safepoint: 75429 ns, At safepoint: 382572 ns, Total: 458001 ns
[2020-02-28T06:01:33.148+0000][1][safepoint    ] Safepoint "Cleanup", Time since last: 1000768751 ns, Reaching safepoint: 80717 ns, At safepoint: 8548 ns, Total: 89265 ns
[2020-02-28T06:01:34.151+0000][1][safepoint    ] Safepoint "Cleanup", Time since last: 1002658785 ns, Reaching safepoint: 101451 ns, At safepoint: 8037 ns, Total: 109488 ns
[2020-02-28T06:01:34.650+0000][1][safepoint    ] Safepoint "RevokeBias", Time since last: 498888934 ns, Reaching safepoint: 90074 ns, At safepoint: 41669 ns, Total: 131743 ns
[2020-02-28T06:01:35.651+0000][1][safepoint    ] Safepoint "Cleanup", Time since last: 1000674084 ns, Reaching safepoint: 92348 ns, At safepoint: 9142 ns, Total: 101490 ns
[2020-02-28T06:01:36.657+0000][1][safepoint    ] Safepoint "Cleanup", Time since last: 1006062290 ns, Reaching safepoint: 83172 ns, At safepoint: 8090 ns, Total: 91262 ns
[2020-02-28T06:01:37.157+0000][1][safepoint    ] Safepoint "RevokeBias", Time since last: 499616943 ns, Reaching safepoint: 74671 ns, At safepoint: 17228 ns, Total: 91899 ns
[2020-02-28T06:01:38.157+0000][1][safepoint    ] Safepoint "Cleanup", Time since last: 1000365638 ns, Reaching safepoint: 85409 ns, At safepoint: 8024 ns, Total: 93433 ns
[2020-02-28T06:01:39.158+0000][1][safepoint    ] Safepoint "Cleanup", Time since last: 1000581928 ns, Reaching safepoint: 134154 ns, At safepoint: 12888 ns, Total: 147042 ns
[2020-02-28T06:01:39.663+0000][1][safepoint    ] Safepoint "RevokeBias", Time since last: 505042057 ns, Reaching safepoint: 97654 ns, At safepoint: 21819 ns, Total: 119473 ns
[2020-02-28T06:01:40.672+0000][1][safepoint    ] Safepoint "Cleanup", Time since last: 1008954024 ns, Reaching safepoint: 104406 ns, At safepoint: 8106 ns, Total: 112512 ns
[2020-02-28T06:01:41.672+0000][1][safepoint    ] Safepoint "Cleanup", Time since last: 1000374697 ns, Reaching safepoint: 88823 ns, At safepoint: 8258 ns, Total: 97081 ns
[2020-02-28T06:01:42.168+0000][1][safepoint    ] Safepoint "RevokeBias", Time since last: 495192670 ns, Reaching safepoint: 78909 ns, At safepoint: 20453 ns, Total: 99362 ns
[2020-02-28T06:01:43.168+0000][1][safepoint    ] Safepoint "Cleanup", Time since last: 1000294193 ns, Reaching safepoint: 76840 ns, At safepoint: 7521 ns, Total: 84361 ns
[2020-02-28T06:01:44.169+0000][1][safepoint    ] Safepoint "Cleanup", Time since last: 1000296494 ns, Reaching safepoint: 92298 ns, At safepoint: 8525 ns, Total: 100823 ns
[2020-02-28T06:01:44.671+0000][1][safepoint    ] Safepoint "RevokeBias", Time since last: 501849336 ns, Reaching safepoint: 126149 ns, At safepoint: 24301 ns, Total: 150450 ns
[2020-02-28T06:01:45.674+0000][1][safepoint    ] Safepoint "Cleanup", Time since last: 1003052647 ns, Reaching safepoint: 63400 ns, At safepoint: 7701 ns, Total: 71101 ns
[2020-02-28T06:01:46.674+0000][1][safepoint    ] Safepoint "Cleanup", Time since last: 1000220835 ns, Reaching safepoint: 95440 ns, At safepoint: 10336 ns, Total: 105776 ns
[2020-02-28T06:01:47.180+0000][1][safepoint    ] Safepoint "RevokeBias", Time since last: 505705023 ns, Reaching safepoint: 241332 ns, At safepoint: 21974 ns, Total: 263306 ns
[2020-02-28T06:01:48.182+0000][1][safepoint    ] Safepoint "Cleanup", Time since last: 1001949899 ns, Reaching safepoint: 65317 ns, At safepoint: 8519 ns, Total: 73836 ns
[2020-02-28T06:01:49.183+0000][1][safepoint    ] Safepoint "Cleanup", Time since last: 1001066643 ns, Reaching safepoint: 91515 ns, At safepoint: 9136 ns, Total: 100651 ns
[2020-02-28T06:01:49.697+0000][1][gc,start     ] GC(49) Pause Young (Allocation Failure)
[2020-02-28T06:01:49.697+0000][1][gc,task      ] GC(49) Using 1 workers of 1 for evacuation
[2020-02-28T06:01:49.716+0000][1][gc,age       ] GC(49) Desired survivor size 4358144 bytes, new threshold 6 (max threshold 6)
[2020-02-28T06:01:49.716+0000][1][gc,age       ] GC(49) Age table with threshold 6 (max threshold 6)
[2020-02-28T06:01:49.716+0000][1][gc,age       ] GC(49) - age   1:      39360 bytes,      39360 total
[2020-02-28T06:01:49.716+0000][1][gc,age       ] GC(49) - age   2:       5536 bytes,      44896 total
[2020-02-28T06:01:49.716+0000][1][gc,age       ] GC(49) - age   3:       2896 bytes,      47792 total
[2020-02-28T06:01:49.716+0000][1][gc,age       ] GC(49) - age   4:       1192 bytes,      48984 total
[2020-02-28T06:01:49.716+0000][1][gc,age       ] GC(49) - age   5:        592 bytes,      49576 total
[2020-02-28T06:01:49.716+0000][1][gc,age       ] GC(49) - age   6:       1176 bytes,      50752 total
[2020-02-28T06:01:49.716+0000][1][gc,heap      ] GC(49) ParNew: 68201K->55K(76672K)
[2020-02-28T06:01:49.716+0000][1][gc,heap      ] GC(49) CMS: 62369K->62370K(963392K)
[2020-02-28T06:01:49.716+0000][1][gc,metaspace ] GC(49) Metaspace: 79493K->79493K(1122304K)
[2020-02-28T06:01:49.716+0000][1][gc           ] GC(49) Pause Young (Allocation Failure) 127M->60M(1015M) 19.395ms
[2020-02-28T06:01:49.717+0000][1][gc,cpu       ] GC(49) User=0.01s Sys=0.00s Real=0.02s
[2020-02-28T06:01:49.717+0000][1][safepoint    ] Safepoint "GenCollectForAllocation", Time since last: 513872533 ns, Reaching safepoint: 85928 ns, At safepoint: 19494917 ns, Total: 19580845 ns
[2020-02-28T06:01:49.719+0000][1][safepoint    ] Safepoint "RevokeBias", Time since last: 1922693 ns, Reaching safepoint: 58068 ns, At safepoint: 15369 ns, Total: 73437 ns
[2020-02-28T06:01:50.719+0000][1][safepoint    ] Safepoint "Cleanup", Time since last: 1000264814 ns, Reaching safepoint: 85767 ns, At safepoint: 6831 ns, Total: 92598 ns
[2020-02-28T06:01:51.719+0000][1][safepoint    ] Safepoint "Cleanup", Time since last: 1000175523 ns, Reaching safepoint: 87520 ns, At safepoint: 7109 ns, Total: 94629 ns
[2020-02-28T06:01:52.245+0000][1][safepoint    ] Safepoint "RevokeBias", Time since last: 525941964 ns, Reaching safepoint: 198596 ns, At safepoint: 22574 ns, Total: 221170 ns
[2020-02-28T06:01:53.246+0000][1][safepoint    ] Safepoint "Cleanup", Time since last: 1000408450 ns, Reaching safepoint: 118273 ns, At safepoint: 7553 ns, Total: 125826 ns
[2020-02-28T06:01:54.247+0000][1][safepoint    ] Safepoint "Cleanup", Time since last: 1000968894 ns, Reaching safepoint: 80960 ns, At safepoint: 6710 ns, Total: 87670 ns
[2020-02-28T06:01:54.771+0000][1][safepoint    ] Safepoint "RevokeBias", Time since last: 523973481 ns, Reaching safepoint: 82970 ns, At safepoint: 20355 ns, Total: 103325 ns
[2020-02-28T06:01:55.772+0000][1][safepoint    ] Safepoint "Cleanup", Time since last: 1000788693 ns, Reaching safepoint: 80252 ns, At safepoint: 7577 ns, Total: 87829 ns
[2020-02-28T06:01:56.773+0000][1][safepoint    ] Safepoint "Cleanup", Time since last: 1000959881 ns, Reaching safepoint: 96595 ns, At safepoint: 6112 ns, Total: 102707 ns
[2020-02-28T06:01:57.284+0000][1][safepoint    ] Safepoint "RevokeBias", Time since last: 510711364 ns, Reaching safepoint: 57005 ns, At safepoint: 17877 ns, Total: 74882 ns
[2020-02-28T06:01:58.285+0000][1][safepoint    ] Safepoint "Cleanup", Time since last: 1000746521 ns, Reaching safepoint: 85655 ns, At safepoint: 7363 ns, Total: 93018 ns
[2020-02-28T06:01:59.286+0000][1][safepoint    ] Safepoint "Cleanup", Time since last: 1001363553 ns, Reaching safepoint: 60689 ns, At safepoint: 6837 ns, Total: 67526 ns
[2020-02-28T06:01:59.795+0000][1][safepoint    ] Safepoint "RevokeBias", Time since last: 508606845 ns, Reaching safepoint: 152356 ns, At safepoint: 21481 ns, Total: 173837 ns
[2020-02-28T06:02:00.795+0000][1][safepoint    ] Safepoint "Cleanup", Time since last: 1000434208 ns, Reaching safepoint: 79834 ns, At safepoint: 6809 ns, Total: 86643 ns
[2020-02-28T06:02:01.799+0000][1][safepoint    ] Safepoint "Cleanup", Time since last: 1003584487 ns, Reaching safepoint: 164142 ns, At safepoint: 9645 ns, Total: 173787 ns
[2020-02-28T06:02:02.303+0000][1][safepoint    ] Safepoint "RevokeBias", Time since last: 503313893 ns, Reaching safepoint: 109726 ns, At safepoint: 20747 ns, Total: 130473 ns
[2020-02-28T06:02:03.303+0000][1][safepoint    ] Safepoint "Cleanup", Time since last: 1000750903 ns, Reaching safepoint: 88288 ns, At safepoint: 9040 ns, Total: 97328 ns
[2020-02-28T06:02:04.308+0000][1][safepoint    ] Safepoint "Cleanup", Time since last: 1005003747 ns, Reaching safepoint: 99382 ns, At safepoint: 7392 ns, Total: 106774 ns
[2020-02-28T06:02:04.841+0000][1][safepoint    ] Safepoint "RevokeBias", Time since last: 532665596 ns, Reaching safepoint: 78618 ns, At safepoint: 34733 ns, Total: 113351 ns
[2020-02-28T06:02:05.845+0000][1][safepoint    ] Safepoint "Cleanup", Time since last: 1003345014 ns, Reaching safepoint: 65421 ns, At safepoint: 6788 ns, Total: 72209 ns
[2020-02-28T06:02:06.845+0000][1][safepoint    ] Safepoint "Cleanup", Time since last: 1000512714 ns, Reaching safepoint: 88332 ns, At safepoint: 8933 ns, Total: 97265 ns
[2020-02-28T06:02:07.348+0000][1][safepoint    ] Safepoint "RevokeBias", Time since last: 502764925 ns, Reaching safepoint: 131175 ns, At safepoint: 35720 ns, Total: 166895 ns
[2020-02-28T06:02:08.351+0000][1][safepoint    ] Safepoint "Cleanup", Time since last: 1002472714 ns, Reaching safepoint: 79403 ns, At safepoint: 7545 ns, Total: 86948 ns
[2020-02-28T06:02:09.351+0000][1][safepoint    ] Safepoint "Cleanup", Time since last: 1000076950 ns, Reaching safepoint: 91579 ns, At safepoint: 9157 ns, Total: 100736 ns
[2020-02-28T06:02:09.856+0000][1][safepoint    ] Safepoint "RevokeBias", Time since last: 504555405 ns, Reaching safepoint: 88912 ns, At safepoint: 22629 ns, Total: 111541 ns
[2020-02-28T06:02:10.858+0000][1][safepoint    ] Safepoint "Cleanup", Time since last: 1002279852 ns, Reaching safepoint: 82184 ns, At safepoint: 7314 ns, Total: 89498 ns
[2020-02-28T06:02:11.858+0000][1][safepoint    ] Safepoint "Cleanup", Time since last: 1000387070 ns, Reaching safepoint: 79960 ns, At safepoint: 7798 ns, Total: 87758 ns
[2020-02-28T06:02:12.360+0000][1][safepoint    ] Safepoint "RevokeBias", Time since last: 501657566 ns, Reaching safepoint: 104466 ns, At safepoint: 25853 ns, Total: 130319 ns
[2020-02-28T06:02:13.365+0000][1][safepoint    ] Safepoint "Cleanup", Time since last: 1004608369 ns, Reaching safepoint: 65851 ns, At safepoint: 7530 ns, Total: 73381 ns
[2020-02-28T06:02:14.365+0000][1][safepoint    ] Safepoint "Cleanup", Time since last: 1000329425 ns, Reaching safepoint: 96964 ns, At safepoint: 8821 ns, Total: 105785 ns
[2020-02-28T06:02:14.864+0000][1][safepoint    ] Safepoint "RevokeBias", Time since last: 498882350 ns, Reaching safepoint: 98471 ns, At safepoint: 20916 ns, Total: 119387 ns
[2020-02-28T06:02:15.865+0000][1][safepoint    ] Safepoint "Cleanup", Time since last: 1000139441 ns, Reaching safepoint: 74819 ns, At safepoint: 6932 ns, Total: 81751 ns
[2020-02-28T06:02:16.865+0000][1][safepoint    ] Safepoint "Cleanup", Time since last: 1000705631 ns, Reaching safepoint: 85911 ns, At safepoint: 8714 ns, Total: 94625 ns
[2020-02-28T06:02:17.391+0000][1][safepoint    ] Safepoint "RevokeBias", Time since last: 525508215 ns, Reaching safepoint: 57895 ns, At safepoint: 17352 ns, Total: 75247 ns
[2020-02-28T06:02:18.391+0000][1][safepoint    ] Safepoint "Cleanup", Time since last: 1000351544 ns, Reaching safepoint: 89734 ns, At safepoint: 9213 ns, Total: 98947 ns
[2020-02-28T06:02:19.392+0000][1][safepoint    ] Safepoint "Cleanup", Time since last: 1000744563 ns, Reaching safepoint: 89335 ns, At safepoint: 8471 ns, Total: 97806 ns
[2020-02-28T06:02:19.906+0000][1][safepoint    ] Safepoint "RevokeBias", Time since last: 513753623 ns, Reaching safepoint: 75830 ns, At safepoint: 41243 ns, Total: 117073 ns
[2020-02-28T06:02:20.907+0000][1][safepoint    ] Safepoint "Cleanup", Time since last: 1000679068 ns, Reaching safepoint: 89289 ns, At safepoint: 9009 ns, Total: 98298 ns
[2020-02-28T06:02:21.910+0000][1][safepoint    ] Safepoint "Cleanup", Time since last: 1002925373 ns, Reaching safepoint: 121252 ns, At safepoint: 26502 ns, Total: 147754 ns
[2020-02-28T06:02:22.422+0000][1][safepoint    ] Safepoint "RevokeBias", Time since last: 511577808 ns, Reaching safepoint: 56326 ns, At safepoint: 18022 ns, Total: 74348 ns
[2020-02-28T06:02:23.422+0000][1][safepoint    ] Safepoint "Cleanup", Time since last: 1000260190 ns, Reaching safepoint: 91565 ns, At safepoint: 9034 ns, Total: 100599 ns
[2020-02-28T06:02:24.427+0000][1][safepoint    ] Safepoint "Cleanup", Time since last: 1004887231 ns, Reaching safepoint: 81833 ns, At safepoint: 7076 ns, Total: 88909 ns
[2020-02-28T06:02:24.931+0000][1][safepoint    ] Safepoint "RevokeBias", Time since last: 503831214 ns, Reaching safepoint: 76589 ns, At safepoint: 19635 ns, Total: 96224 ns
[2020-02-28T06:02:25.931+0000][1][safepoint    ] Safepoint "Cleanup", Time since last: 1000416960 ns, Reaching safepoint: 91786 ns, At safepoint: 9386 ns, Total: 101172 ns
[2020-02-28T06:02:26.934+0000][1][safepoint    ] Safepoint "Cleanup", Time since last: 1002549484 ns, Reaching safepoint: 80129 ns, At safepoint: 8076 ns, Total: 88205 ns
[2020-02-28T06:02:27.436+0000][1][safepoint    ] Safepoint "RevokeBias", Time since last: 501606575 ns, Reaching safepoint: 110266 ns, At safepoint: 21904 ns, Total: 132170 ns
[2020-02-28T06:02:28.436+0000][1][safepoint    ] Safepoint "Cleanup", Time since last: 1000591451 ns, Reaching safepoint: 80540 ns, At safepoint: 7983 ns, Total: 88523 ns
[2020-02-28T06:02:29.439+0000][1][safepoint    ] Safepoint "Cleanup", Time since last: 1002091433 ns, Reaching safepoint: 179236 ns, At safepoint: 25796 ns, Total: 205032 ns
[2020-02-28T06:02:29.942+0000][1][safepoint    ] Safepoint "RevokeBias", Time since last: 502967873 ns, Reaching safepoint: 56971 ns, At safepoint: 17454 ns, Total: 74425 ns
[2020-02-28T06:02:30.953+0000][1][safepoint    ] Safepoint "Cleanup", Time since last: 1010702580 ns, Reaching safepoint: 64787 ns, At safepoint: 8041 ns, Total: 72828 ns
[2020-02-28T06:02:31.953+0000][1][safepoint    ] Safepoint "Cleanup", Time since last: 1000745466 ns, Reaching safepoint: 91722 ns, At safepoint: 9424 ns, Total: 101146 ns
[2020-02-28T06:02:32.448+0000][1][safepoint    ] Safepoint "RevokeBias", Time since last: 494581695 ns, Reaching safepoint: 83320 ns, At safepoint: 20385 ns, Total: 103705 ns
[2020-02-28T06:02:33.453+0000][1][safepoint    ] Safepoint "Cleanup", Time since last: 1004398371 ns, Reaching safepoint: 63866 ns, At safepoint: 7015 ns, Total: 70881 ns
[2020-02-28T06:02:34.453+0000][1][safepoint    ] Safepoint "Cleanup", Time since last: 1000341943 ns, Reaching safepoint: 97957 ns, At safepoint: 8359 ns, Total: 106316 ns
[2020-02-28T06:02:34.951+0000][1][safepoint    ] Safepoint "RevokeBias", Time since last: 498207633 ns, Reaching safepoint: 107370 ns, At safepoint: 40402 ns, Total: 147772 ns
[2020-02-28T06:02:35.956+0000][1][safepoint    ] Safepoint "Cleanup", Time since last: 1003959635 ns, Reaching safepoint: 166488 ns, At safepoint: 7071 ns, Total: 173559 ns
[2020-02-28T06:02:37.209+0000][1][safepoint    ] Safepoint "Cleanup", Time since last: 1253584435 ns, Reaching safepoint: 87471 ns, At safepoint: 9345 ns, Total: 96816 ns
[2020-02-28T06:02:37.459+0000][1][safepoint    ] Safepoint "RevokeBias", Time since last: 249383736 ns, Reaching safepoint: 75795 ns, At safepoint: 17673 ns, Total: 93468 ns
[2020-02-28T06:02:38.463+0000][1][safepoint    ] Safepoint "Cleanup", Time since last: 1004502059 ns, Reaching safepoint: 80145 ns, At safepoint: 7469 ns, Total: 87614 ns
[2020-02-28T06:02:39.464+0000][1][safepoint    ] Safepoint "Cleanup", Time since last: 1000515128 ns, Reaching safepoint: 85021 ns, At safepoint: 9195 ns, Total: 94216 ns
[2020-02-28T06:02:39.965+0000][1][safepoint    ] Safepoint "RevokeBias", Time since last: 501192628 ns, Reaching safepoint: 80203 ns, At safepoint: 18980 ns, Total: 99183 ns
[2020-02-28T06:02:40.965+0000][1][safepoint    ] Safepoint "Cleanup", Time since last: 1000143414 ns, Reaching safepoint: 82845 ns, At safepoint: 7989 ns, Total: 90834 ns
[2020-02-28T06:02:41.966+0000][1][safepoint    ] Safepoint "Cleanup", Time since last: 1000201075 ns, Reaching safepoint: 93424 ns, At safepoint: 9516 ns, Total: 102940 ns
[2020-02-28T06:02:42.490+0000][1][safepoint    ] Safepoint "RevokeBias", Time since last: 524194275 ns, Reaching safepoint: 156776 ns, At safepoint: 59096 ns, Total: 215872 ns
[2020-02-28T06:02:43.491+0000][1][safepoint    ] Safepoint "Cleanup", Time since last: 1000544814 ns, Reaching safepoint: 85464 ns, At safepoint: 8412 ns, Total: 93876 ns
[2020-02-28T06:02:44.491+0000][1][safepoint    ] Safepoint "Cleanup", Time since last: 1000354885 ns, Reaching safepoint: 81547 ns, At safepoint: 7672 ns, Total: 89219 ns
[2020-02-28T06:02:45.011+0000][1][safepoint    ] Safepoint "BulkRevokeBias", Time since last: 519187360 ns, Reaching safepoint: 76387 ns, At safepoint: 298283 ns, Total: 374670 ns
[2020-02-28T06:02:46.011+0000][1][safepoint    ] Safepoint "Cleanup", Time since last: 1000382724 ns, Reaching safepoint: 82488 ns, At safepoint: 8291 ns, Total: 90779 ns
[2020-02-28T06:02:47.015+0000][1][safepoint    ] Safepoint "Cleanup", Time since last: 1003606646 ns, Reaching safepoint: 80002 ns, At safepoint: 7161 ns, Total: 87163 ns
[2020-02-28T06:02:47.531+0000][1][safepoint    ] Safepoint "RevokeBias", Time since last: 515766476 ns, Reaching safepoint: 73860 ns, At safepoint: 18015 ns, Total: 91875 ns
[2020-02-28T06:02:48.531+0000][1][safepoint    ] Safepoint "Cleanup", Time since last: 1000203007 ns, Reaching safepoint: 83243 ns, At safepoint: 9005 ns, Total: 92248 ns
[2020-02-28T06:02:49.538+0000][1][safepoint    ] Safepoint "Cleanup", Time since last: 1006481860 ns, Reaching safepoint: 125816 ns, At safepoint: 8128 ns, Total: 133944 ns
[2020-02-28T06:02:50.052+0000][1][safepoint    ] Safepoint "RevokeBias", Time since last: 514376497 ns, Reaching safepoint: 137617 ns, At safepoint: 20703 ns, Total: 158320 ns
[2020-02-28T06:02:51.053+0000][1][safepoint    ] Safepoint "Cleanup", Time since last: 1000495450 ns, Reaching safepoint: 82641 ns, At safepoint: 9685 ns, Total: 92326 ns
[2020-02-28T06:02:52.057+0000][1][safepoint    ] Safepoint "Cleanup", Time since last: 1004210399 ns, Reaching safepoint: 67831 ns, At safepoint: 28424 ns, Total: 96255 ns
[2020-02-28T06:02:52.565+0000][1][safepoint    ] Safepoint "RevokeBias", Time since last: 507678337 ns, Reaching safepoint: 85629 ns, At safepoint: 22254 ns, Total: 107883 ns
[2020-02-28T06:02:53.566+0000][1][safepoint    ] Safepoint "Cleanup", Time since last: 1000635133 ns, Reaching safepoint: 113582 ns, At safepoint: 11725 ns, Total: 125307 ns
[2020-02-28T06:02:54.573+0000][1][safepoint    ] Safepoint "Cleanup", Time since last: 1007432702 ns, Reaching safepoint: 69703 ns, At safepoint: 7834 ns, Total: 77537 ns
[2020-02-28T06:02:55.068+0000][1][safepoint    ] Safepoint "RevokeBias", Time since last: 495022734 ns, Reaching safepoint: 57645 ns, At safepoint: 18275 ns, Total: 75920 ns
[2020-02-28T06:02:56.072+0000][1][safepoint    ] Safepoint "Cleanup", Time since last: 1003210206 ns, Reaching safepoint: 78637 ns, At safepoint: 7406 ns, Total: 86043 ns
[2020-02-28T06:02:57.072+0000][1][safepoint    ] Safepoint "Cleanup", Time since last: 1000379449 ns, Reaching safepoint: 85788 ns, At safepoint: 7756 ns, Total: 93544 ns
[2020-02-28T06:02:57.573+0000][1][safepoint    ] Safepoint "RevokeBias", Time since last: 500798319 ns, Reaching safepoint: 117481 ns, At safepoint: 21600 ns, Total: 139081 ns
[2020-02-28T06:02:58.574+0000][1][safepoint    ] Safepoint "Cleanup", Time since last: 1000800097 ns, Reaching safepoint: 126278 ns, At safepoint: 12129 ns, Total: 138407 ns
[2020-02-28T06:02:59.574+0000][1][safepoint    ] Safepoint "Cleanup", Time since last: 1000238922 ns, Reaching safepoint: 94190 ns, At safepoint: 9424 ns, Total: 103614 ns
[2020-02-28T06:03:00.078+0000][1][safepoint    ] Safepoint "RevokeBias", Time since last: 503211127 ns, Reaching safepoint: 78563 ns, At safepoint: 18579 ns, Total: 97142 ns
[2020-02-28T06:03:01.082+0000][1][safepoint    ] Safepoint "Cleanup", Time since last: 1004302212 ns, Reaching safepoint: 81161 ns, At safepoint: 8404 ns, Total: 89565 ns
[2020-02-28T06:03:02.082+0000][1][safepoint    ] Safepoint "Cleanup", Time since last: 1000298733 ns, Reaching safepoint: 119327 ns, At safepoint: 8885 ns, Total: 128212 ns
[2020-02-28T06:03:02.583+0000][1][safepoint    ] Safepoint "RevokeBias", Time since last: 500266737 ns, Reaching safepoint: 75789 ns, At safepoint: 19488 ns, Total: 95277 ns
[2020-02-28T06:03:03.585+0000][1][safepoint    ] Safepoint "Cleanup", Time since last: 1002101450 ns, Reaching safepoint: 62970 ns, At safepoint: 7158 ns, Total: 70128 ns
[2020-02-28T06:03:04.586+0000][1][safepoint    ] Safepoint "Cleanup", Time since last: 1000578035 ns, Reaching safepoint: 133980 ns, At safepoint: 9658 ns, Total: 143638 ns
[2020-02-28T06:03:05.087+0000][1][safepoint    ] Safepoint "RevokeBias", Time since last: 501024287 ns, Reaching safepoint: 76787 ns, At safepoint: 35092 ns, Total: 111879 ns
[2020-02-28T06:03:06.105+0000][1][safepoint    ] Safepoint "Cleanup", Time since last: 1012141820 ns, Reaching safepoint: 5550640 ns, At safepoint: 12617 ns, Total: 5563257 ns
[2020-02-28T06:03:07.105+0000][1][safepoint    ] Safepoint "Cleanup", Time since last: 1000169819 ns, Reaching safepoint: 89962 ns, At safepoint: 9973 ns, Total: 99935 ns
[2020-02-28T06:03:07.593+0000][1][safepoint    ] Safepoint "RevokeBias", Time since last: 487601601 ns, Reaching safepoint: 135098 ns, At safepoint: 22189 ns, Total: 157287 ns
[2020-02-28T06:03:08.596+0000][1][safepoint    ] Safepoint "Cleanup", Time since last: 1003014992 ns, Reaching safepoint: 78801 ns, At safepoint: 7034 ns, Total: 85835 ns
[2020-02-28T06:03:09.596+0000][1][safepoint    ] Safepoint "Cleanup", Time since last: 1000681327 ns, Reaching safepoint: 91511 ns, At safepoint: 9955 ns, Total: 101466 ns
[2020-02-28T06:03:10.096+0000][1][safepoint    ] Safepoint "RevokeBias", Time since last: 499089023 ns, Reaching safepoint: 118431 ns, At safepoint: 19783 ns, Total: 138214 ns
[2020-02-28T06:03:11.096+0000][1][safepoint    ] Safepoint "Cleanup", Time since last: 1000563131 ns, Reaching safepoint: 78263 ns, At safepoint: 7289 ns, Total: 85552 ns
[2020-02-28T06:03:12.097+0000][1][safepoint    ] Safepoint "Cleanup", Time since last: 1000622913 ns, Reaching safepoint: 93146 ns, At safepoint: 8749 ns, Total: 101895 ns
[2020-02-28T06:03:12.605+0000][1][safepoint    ] Safepoint "RevokeBias", Time since last: 507654184 ns, Reaching safepoint: 169746 ns, At safepoint: 40156 ns, Total: 209902 ns
[2020-02-28T06:03:13.606+0000][1][safepoint    ] Safepoint "Cleanup", Time since last: 1000549174 ns, Reaching safepoint: 103479 ns, At safepoint: 10271 ns, Total: 113750 ns
[2020-02-28T06:03:14.606+0000][1][safepoint    ] Safepoint "Cleanup", Time since last: 1000459557 ns, Reaching safepoint: 82224 ns, At safepoint: 7633 ns, Total: 89857 ns
[2020-02-28T06:03:15.130+0000][1][safepoint    ] Safepoint "RevokeBias", Time since last: 523960243 ns, Reaching safepoint: 82745 ns, At safepoint: 22094 ns, Total: 104839 ns
[2020-02-28T06:03:16.131+0000][1][safepoint    ] Safepoint "Cleanup", Time since last: 1000593144 ns, Reaching safepoint: 93797 ns, At safepoint: 9578 ns, Total: 103375 ns
[2020-02-28T06:03:17.142+0000][1][safepoint    ] Safepoint "Cleanup", Time since last: 1010560371 ns, Reaching safepoint: 105935 ns, At safepoint: 8521 ns, Total: 114456 ns
[2020-02-28T06:03:17.651+0000][1][safepoint    ] Safepoint "RevokeBias", Time since last: 509272427 ns, Reaching safepoint: 75997 ns, At safepoint: 20301 ns, Total: 96298 ns
[2020-02-28T06:03:18.651+0000][1][safepoint    ] Safepoint "Cleanup", Time since last: 1000377791 ns, Reaching safepoint: 85867 ns, At safepoint: 8434 ns, Total: 94301 ns
[2020-02-28T06:03:19.653+0000][1][safepoint    ] Safepoint "Cleanup", Time since last: 1001145573 ns, Reaching safepoint: 64722 ns, At safepoint: 7495 ns, Total: 72217 ns
[2020-02-28T06:03:20.164+0000][1][safepoint    ] Safepoint "RevokeBias", Time since last: 510715718 ns, Reaching safepoint: 157766 ns, At safepoint: 35914 ns, Total: 193680 ns
[2020-02-28T06:03:21.164+0000][1][safepoint    ] Safepoint "Cleanup", Time since last: 1000413472 ns, Reaching safepoint: 81744 ns, At safepoint: 7662 ns, Total: 89406 ns
[2020-02-28T06:03:22.165+0000][1][safepoint    ] Safepoint "Cleanup", Time since last: 1000745673 ns, Reaching safepoint: 81903 ns, At safepoint: 7717 ns, Total: 89620 ns
[2020-02-28T06:03:22.671+0000][1][safepoint    ] Safepoint "RevokeBias", Time since last: 505851759 ns, Reaching safepoint: 89882 ns, At safepoint: 22214 ns, Total: 112096 ns
[2020-02-28T06:03:23.672+0000][1][safepoint    ] Safepoint "Cleanup", Time since last: 1000714025 ns, Reaching safepoint: 79016 ns, At safepoint: 8714 ns, Total: 87730 ns
[2020-02-28T06:03:24.681+0000][1][safepoint    ] Safepoint "Cleanup", Time since last: 1009135387 ns, Reaching safepoint: 96277 ns, At safepoint: 8550 ns, Total: 104827 ns
[2020-02-28T06:03:25.174+0000][1][safepoint    ] Safepoint "RevokeBias", Time since last: 493314046 ns, Reaching safepoint: 89276 ns, At safepoint: 22632 ns, Total: 111908 ns
[2020-02-28T06:03:26.183+0000][1][safepoint    ] Safepoint "Cleanup", Time since last: 1008231592 ns, Reaching safepoint: 83150 ns, At safepoint: 8690 ns, Total: 91840 ns
[2020-02-28T06:03:27.183+0000][1][safepoint    ] Safepoint "Cleanup", Time since last: 1000798711 ns, Reaching safepoint: 85712 ns, At safepoint: 9125 ns, Total: 94837 ns
[2020-02-28T06:03:27.680+0000][1][safepoint    ] Safepoint "RevokeBias", Time since last: 496263174 ns, Reaching safepoint: 119767 ns, At safepoint: 42125 ns, Total: 161892 ns
[2020-02-28T06:03:28.683+0000][1][safepoint    ] Safepoint "Cleanup", Time since last: 1002800228 ns, Reaching safepoint: 65898 ns, At safepoint: 7528 ns, Total: 73426 ns
[2020-02-28T06:03:29.684+0000][1][safepoint    ] Safepoint "Cleanup", Time since last: 1000751651 ns, Reaching safepoint: 79797 ns, At safepoint: 7451 ns, Total: 87248 ns
[2020-02-28T06:03:30.187+0000][1][safepoint    ] Safepoint "RevokeBias", Time since last: 503353714 ns, Reaching safepoint: 95178 ns, At safepoint: 20565 ns, Total: 115743 ns
[2020-02-28T06:03:31.194+0000][1][safepoint    ] Safepoint "Cleanup", Time since last: 1007203564 ns, Reaching safepoint: 62544 ns, At safepoint: 7041 ns, Total: 69585 ns
[2020-02-28T06:03:32.196+0000][1][safepoint    ] Safepoint "Cleanup", Time since last: 1001094653 ns, Reaching safepoint: 82653 ns, At safepoint: 8713 ns, Total: 91366 ns
[2020-02-28T06:03:32.694+0000][1][safepoint    ] Safepoint "RevokeBias", Time since last: 498397118 ns, Reaching safepoint: 79084 ns, At safepoint: 19706 ns, Total: 98790 ns
[2020-02-28T06:03:33.695+0000][1][safepoint    ] Safepoint "Cleanup", Time since last: 1000514247 ns, Reaching safepoint: 77749 ns, At safepoint: 7084 ns, Total: 84833 ns
[2020-02-28T06:03:34.696+0000][1][safepoint    ] Safepoint "Cleanup", Time since last: 1000970784 ns, Reaching safepoint: 113976 ns, At safepoint: 9493 ns, Total: 123469 ns
[2020-02-28T06:03:35.198+0000][1][safepoint    ] Safepoint "RevokeBias", Time since last: 501943615 ns, Reaching safepoint: 83341 ns, At safepoint: 38184 ns, Total: 121525 ns
[2020-02-28T06:03:36.213+0000][1][safepoint    ] Safepoint "Cleanup", Time since last: 1004163343 ns, Reaching safepoint: 10521627 ns, At safepoint: 13445 ns, Total: 10535072 ns
[2020-02-28T06:03:37.227+0000][1][safepoint    ] Safepoint "Cleanup", Time since last: 1013936132 ns, Reaching safepoint: 97328 ns, At safepoint: 9007 ns, Total: 106335 ns
[2020-02-28T06:03:37.733+0000][1][safepoint    ] Safepoint "RevokeBias", Time since last: 506107217 ns, Reaching safepoint: 106404 ns, At safepoint: 20993 ns, Total: 127397 ns
[2020-02-28T06:03:38.733+0000][1][safepoint    ] Safepoint "Cleanup", Time since last: 1000393707 ns, Reaching safepoint: 140555 ns, At safepoint: 15113 ns, Total: 155668 ns
[2020-02-28T06:03:39.734+0000][1][safepoint    ] Safepoint "Cleanup", Time since last: 1000556658 ns, Reaching safepoint: 89067 ns, At safepoint: 8747 ns, Total: 97814 ns
[2020-02-28T06:03:40.283+0000][1][safepoint    ] Safepoint "RevokeBias", Time since last: 548381431 ns, Reaching safepoint: 185039 ns, At safepoint: 21185 ns, Total: 206224 ns
[2020-02-28T06:03:41.283+0000][1][safepoint    ] Safepoint "Cleanup", Time since last: 1000626404 ns, Reaching safepoint: 77856 ns, At safepoint: 6024 ns, Total: 83880 ns
[2020-02-28T06:03:42.285+0000][1][safepoint    ] Safepoint "Cleanup", Time since last: 1001667800 ns, Reaching safepoint: 76724 ns, At safepoint: 6242 ns, Total: 82966 ns
[2020-02-28T06:03:42.835+0000][1][safepoint    ] Safepoint "RevokeBias", Time since last: 549934817 ns, Reaching safepoint: 76285 ns, At safepoint: 18718 ns, Total: 95003 ns
[2020-02-28T06:03:43.836+0000][1][safepoint    ] Safepoint "Cleanup", Time since last: 1000838623 ns, Reaching safepoint: 89843 ns, At safepoint: 8984 ns, Total: 98827 ns
[2020-02-28T06:03:44.843+0000][1][safepoint    ] Safepoint "Cleanup", Time since last: 1007095364 ns, Reaching safepoint: 78838 ns, At safepoint: 7308 ns, Total: 86146 ns
[2020-02-28T06:03:45.353+0000][1][safepoint    ] Safepoint "RevokeBias", Time since last: 509945572 ns, Reaching safepoint: 56048 ns, At safepoint: 17912 ns, Total: 73960 ns
[2020-02-28T06:03:46.354+0000][1][safepoint    ] Safepoint "Cleanup", Time since last: 1000741438 ns, Reaching safepoint: 92808 ns, At safepoint: 9082 ns, Total: 101890 ns
[2020-02-28T06:03:47.355+0000][1][safepoint    ] Safepoint "Cleanup", Time since last: 1000452424 ns, Reaching safepoint: 116607 ns, At safepoint: 7561 ns, Total: 124168 ns
[2020-02-28T06:03:47.860+0000][1][safepoint    ] Safepoint "RevokeBias", Time since last: 504934005 ns, Reaching safepoint: 87828 ns, At safepoint: 22529 ns, Total: 110357 ns
[2020-02-28T06:03:48.860+0000][1][safepoint    ] Safepoint "Cleanup", Time since last: 1000324506 ns, Reaching safepoint: 90903 ns, At safepoint: 9051 ns, Total: 99954 ns
[2020-02-28T06:03:49.864+0000][1][safepoint    ] Safepoint "Cleanup", Time since last: 1003950008 ns, Reaching safepoint: 74190 ns, At safepoint: 6959 ns, Total: 81149 ns
[2020-02-28T06:03:50.365+0000][1][safepoint    ] Safepoint "RevokeBias", Time since last: 500850079 ns, Reaching safepoint: 94834 ns, At safepoint: 22024 ns, Total: 116858 ns
[2020-02-28T06:03:51.371+0000][1][safepoint    ] Safepoint "Cleanup", Time since last: 1005366523 ns, Reaching safepoint: 76496 ns, At safepoint: 6920 ns, Total: 83416 ns
[2020-02-28T06:03:52.371+0000][1][safepoint    ] Safepoint "Cleanup", Time since last: 1000356514 ns, Reaching safepoint: 114945 ns, At safepoint: 7678 ns, Total: 122623 ns
[2020-02-28T06:03:52.920+0000][1][safepoint    ] Safepoint "RevokeBias", Time since last: 548488663 ns, Reaching safepoint: 116270 ns, At safepoint: 20297 ns, Total: 136567 ns
[2020-02-28T06:03:53.927+0000][1][safepoint    ] Safepoint "Cleanup", Time since last: 1007324021 ns, Reaching safepoint: 78328 ns, At safepoint: 7053 ns, Total: 85381 ns
[2020-02-28T06:03:54.928+0000][1][safepoint    ] Safepoint "Cleanup", Time since last: 1000742905 ns, Reaching safepoint: 90006 ns, At safepoint: 8196 ns, Total: 98202 ns
[2020-02-28T06:03:55.423+0000][1][safepoint    ] Safepoint "RevokeBias", Time since last: 494832412 ns, Reaching safepoint: 87470 ns, At safepoint: 20695 ns, Total: 108165 ns
[2020-02-28T06:03:56.433+0000][1][safepoint    ] Safepoint "Cleanup", Time since last: 1010035899 ns, Reaching safepoint: 63152 ns, At safepoint: 7588 ns, Total: 70740 ns
[2020-02-28T06:03:57.434+0000][1][safepoint    ] Safepoint "Cleanup", Time since last: 1000776755 ns, Reaching safepoint: 95161 ns, At safepoint: 9399 ns, Total: 104560 ns
[2020-02-28T06:03:57.932+0000][1][safepoint    ] Safepoint "BulkRevokeBias", Time since last: 497696538 ns, Reaching safepoint: 92215 ns, At safepoint: 312827 ns, Total: 405042 ns
[2020-02-28T06:03:58.933+0000][1][safepoint    ] Safepoint "Cleanup", Time since last: 1001209100 ns, Reaching safepoint: 211485 ns, At safepoint: 9582 ns, Total: 221067 ns
[2020-02-28T06:03:59.934+0000][1][safepoint    ] Safepoint "Cleanup", Time since last: 1000607903 ns, Reaching safepoint: 90699 ns, At safepoint: 9128 ns, Total: 99827 ns
[2020-02-28T06:04:00.940+0000][1][safepoint    ] Safepoint "Cleanup", Time since last: 1005722399 ns, Reaching safepoint: 227010 ns, At safepoint: 7537 ns, Total: 234547 ns
[2020-02-28T06:04:00.997+0000][1][safepoint    ] Safepoint "RevokeBias", Time since last: 56412363 ns, Reaching safepoint: 75246 ns, At safepoint: 18622 ns, Total: 93868 ns
[2020-02-28T06:04:01.997+0000][1][safepoint    ] Safepoint "Cleanup", Time since last: 1000433453 ns, Reaching safepoint: 91717 ns, At safepoint: 9102 ns, Total: 100819 ns
[2020-02-28T06:04:03.003+0000][1][safepoint    ] Safepoint "Cleanup", Time since last: 1005337136 ns, Reaching safepoint: 260523 ns, At safepoint: 29810 ns, Total: 290333 ns
[2020-02-28T06:04:03.563+0000][1][safepoint    ] Safepoint "RevokeBias", Time since last: 560322509 ns, Reaching safepoint: 77024 ns, At safepoint: 18622 ns, Total: 95646 ns
[2020-02-28T06:04:04.564+0000][1][safepoint    ] Safepoint "Cleanup", Time since last: 1000576526 ns, Reaching safepoint: 108199 ns, At safepoint: 9283 ns, Total: 117482 ns
[2020-02-28T06:04:05.567+0000][1][safepoint    ] Safepoint "Cleanup", Time since last: 1003075396 ns, Reaching safepoint: 75365 ns, At safepoint: 6259 ns, Total: 81624 ns
[2020-02-28T06:04:06.160+0000][1][safepoint    ] Safepoint "RevokeBias", Time since last: 592529888 ns, Reaching safepoint: 76129 ns, At safepoint: 17853 ns, Total: 93982 ns
[2020-02-28T06:04:07.160+0000][1][safepoint    ] Safepoint "Cleanup", Time since last: 1000669073 ns, Reaching safepoint: 89274 ns, At safepoint: 8846 ns, Total: 98120 ns
[2020-02-28T06:04:08.161+0000][1][safepoint    ] Safepoint "Cleanup", Time since last: 1000488162 ns, Reaching safepoint: 89280 ns, At safepoint: 9460 ns, Total: 98740 ns
[2020-02-28T06:04:08.689+0000][1][safepoint    ] Safepoint "RevokeBias", Time since last: 527867603 ns, Reaching safepoint: 73750 ns, At safepoint: 18027 ns, Total: 91777 ns
[2020-02-28T06:04:09.313+0000][1][gc,start     ] GC(50) Pause Young (Allocation Failure)
[2020-02-28T06:04:09.313+0000][1][gc,task      ] GC(50) Using 1 workers of 1 for evacuation
[2020-02-28T06:04:09.326+0000][1][gc,age       ] GC(50) Desired survivor size 4358144 bytes, new threshold 6 (max threshold 6)
[2020-02-28T06:04:09.326+0000][1][gc,age       ] GC(50) Age table with threshold 6 (max threshold 6)
[2020-02-28T06:04:09.326+0000][1][gc,age       ] GC(50) - age   1:      13024 bytes,      13024 total
[2020-02-28T06:04:09.326+0000][1][gc,age       ] GC(50) - age   2:        976 bytes,      14000 total
[2020-02-28T06:04:09.326+0000][1][gc,age       ] GC(50) - age   3:       5416 bytes,      19416 total
[2020-02-28T06:04:09.326+0000][1][gc,age       ] GC(50) - age   4:       2896 bytes,      22312 total
[2020-02-28T06:04:09.326+0000][1][gc,age       ] GC(50) - age   5:       1192 bytes,      23504 total
[2020-02-28T06:04:09.326+0000][1][gc,age       ] GC(50) - age   6:        592 bytes,      24096 total
[2020-02-28T06:04:09.326+0000][1][gc,heap      ] GC(50) ParNew: 68215K->40K(76672K)
[2020-02-28T06:04:09.326+0000][1][gc,heap      ] GC(50) CMS: 62370K->62371K(963392K)
[2020-02-28T06:04:09.326+0000][1][gc,metaspace ] GC(50) Metaspace: 79516K->79516K(1122304K)
[2020-02-28T06:04:09.326+0000][1][gc           ] GC(50) Pause Young (Allocation Failure) 127M->60M(1015M) 12.487ms
[2020-02-28T06:04:09.326+0000][1][gc,cpu       ] GC(50) User=0.01s Sys=0.00s Real=0.01s
[2020-02-28T06:04:09.326+0000][1][safepoint    ] Safepoint "GenCollectForAllocation", Time since last: 624191699 ns, Reaching safepoint: 86344 ns, At safepoint: 12547236 ns, Total: 12633580 ns
[2020-02-28T06:04:10.326+0000][1][safepoint    ] Safepoint "Cleanup", Time since last: 1000600592 ns, Reaching safepoint: 84776 ns, At safepoint: 7826 ns, Total: 92602 ns
[2020-02-28T06:04:11.208+0000][1][safepoint    ] Safepoint "RevokeBias", Time since last: 881926018 ns, Reaching safepoint: 87540 ns, At safepoint: 22358 ns, Total: 109898 ns
[2020-02-28T06:04:12.213+0000][1][safepoint    ] Safepoint "Cleanup", Time since last: 1004591211 ns, Reaching safepoint: 77799 ns, At safepoint: 6257 ns, Total: 84056 ns
[2020-02-28T06:04:13.214+0000][1][safepoint    ] Safepoint "Cleanup", Time since last: 1000457772 ns, Reaching safepoint: 77934 ns, At safepoint: 6628 ns, Total: 84562 ns
[2020-02-28T06:04:13.715+0000][1][safepoint    ] Safepoint "RevokeBias", Time since last: 501522930 ns, Reaching safepoint: 88230 ns, At safepoint: 21878 ns, Total: 110108 ns
[2020-02-28T06:04:14.718+0000][1][safepoint    ] Safepoint "Cleanup", Time since last: 1002187363 ns, Reaching safepoint: 57037 ns, At safepoint: 5980 ns, Total: 63017 ns
[2020-02-28T06:04:15.718+0000][1][safepoint    ] Safepoint "Cleanup", Time since last: 1000193602 ns, Reaching safepoint: 88791 ns, At safepoint: 7710 ns, Total: 96501 ns
[2020-02-28T06:04:16.229+0000][1][safepoint    ] Safepoint "RevokeBias", Time since last: 511032217 ns, Reaching safepoint: 75782 ns, At safepoint: 17703 ns, Total: 93485 ns
[2020-02-28T06:04:17.230+0000][1][safepoint    ] Safepoint "Cleanup", Time since last: 1000658357 ns, Reaching safepoint: 90368 ns, At safepoint: 8951 ns, Total: 99319 ns
[2020-02-28T06:04:18.231+0000][1][safepoint    ] Safepoint "Cleanup", Time since last: 1000760348 ns, Reaching safepoint: 89494 ns, At safepoint: 7784 ns, Total: 97278 ns
[2020-02-28T06:04:18.751+0000][1][safepoint    ] Safepoint "RevokeBias", Time since last: 520392110 ns, Reaching safepoint: 147610 ns, At safepoint: 21095 ns, Total: 168705 ns
[2020-02-28T06:04:19.752+0000][1][safepoint    ] Safepoint "Cleanup", Time since last: 1000690747 ns, Reaching safepoint: 87810 ns, At safepoint: 7988 ns, Total: 95798 ns
[2020-02-28T06:04:20.756+0000][1][safepoint    ] Safepoint "Cleanup", Time since last: 1004089758 ns, Reaching safepoint: 81901 ns, At safepoint: 8058 ns, Total: 89959 ns
[2020-02-28T06:04:21.268+0000][1][safepoint    ] Safepoint "RevokeBias", Time since last: 511976718 ns, Reaching safepoint: 57817 ns, At safepoint: 17639 ns, Total: 75456 ns
[2020-02-28T06:04:22.269+0000][1][safepoint    ] Safepoint "Cleanup", Time since last: 1000405864 ns, Reaching safepoint: 87745 ns, At safepoint: 8175 ns, Total: 95920 ns
[2020-02-28T06:04:23.270+0000][1][safepoint    ] Safepoint "Cleanup", Time since last: 1000970525 ns, Reaching safepoint: 143265 ns, At safepoint: 5730 ns, Total: 148995 ns
[2020-02-28T06:04:23.787+0000][1][safepoint    ] Safepoint "RevokeBias", Time since last: 516802271 ns, Reaching safepoint: 77181 ns, At safepoint: 19502 ns, Total: 96683 ns
[2020-02-28T06:04:24.787+0000][1][safepoint    ] Safepoint "Cleanup", Time since last: 1000194295 ns, Reaching safepoint: 87069 ns, At safepoint: 9100 ns, Total: 96169 ns
[2020-02-28T06:04:25.788+0000][1][safepoint    ] Safepoint "Cleanup", Time since last: 1001067537 ns, Reaching safepoint: 141435 ns, At safepoint: 28111 ns, Total: 169546 ns
[2020-02-28T06:04:26.298+0000][1][safepoint    ] Safepoint "RevokeBias", Time since last: 509673859 ns, Reaching safepoint: 92796 ns, At safepoint: 21916 ns, Total: 114712 ns
[2020-02-28T06:04:27.298+0000][1][safepoint    ] Safepoint "Cleanup", Time since last: 1000257382 ns, Reaching safepoint: 89844 ns, At safepoint: 8633 ns, Total: 98477 ns
[2020-02-28T06:04:28.299+0000][1][safepoint    ] Safepoint "Cleanup", Time since last: 1000419663 ns, Reaching safepoint: 80811 ns, At safepoint: 6805 ns, Total: 87616 ns
[2020-02-28T06:04:28.805+0000][1][safepoint    ] Safepoint "RevokeBias", Time since last: 505835441 ns, Reaching safepoint: 91220 ns, At safepoint: 21635 ns, Total: 112855 ns
[2020-02-28T06:04:29.812+0000][1][safepoint    ] Safepoint "Cleanup", Time since last: 1007118707 ns, Reaching safepoint: 97220 ns, At safepoint: 6983 ns, Total: 104203 ns
[2020-02-28T06:04:30.813+0000][1][safepoint    ] Safepoint "Cleanup", Time since last: 1000928290 ns, Reaching safepoint: 90117 ns, At safepoint: 8483 ns, Total: 98600 ns
[2020-02-28T06:04:31.310+0000][1][safepoint    ] Safepoint "RevokeBias", Time since last: 496635216 ns, Reaching safepoint: 124569 ns, At safepoint: 22793 ns, Total: 147362 ns
[2020-02-28T06:04:32.313+0000][1][safepoint    ] Safepoint "Cleanup", Time since last: 1002940686 ns, Reaching safepoint: 63406 ns, At safepoint: 6880 ns, Total: 70286 ns
[2020-02-28T06:04:33.314+0000][1][safepoint    ] Safepoint "Cleanup", Time since last: 1000925369 ns, Reaching safepoint: 92241 ns, At safepoint: 8764 ns, Total: 101005 ns
[2020-02-28T06:04:33.816+0000][1][safepoint    ] Safepoint "RevokeBias", Time since last: 501818295 ns, Reaching safepoint: 88266 ns, At safepoint: 22137 ns, Total: 110403 ns
[2020-02-28T06:04:34.817+0000][1][safepoint    ] Safepoint "Cleanup", Time since last: 1001207807 ns, Reaching safepoint: 211048 ns, At safepoint: 7196 ns, Total: 218244 ns
[2020-02-28T06:04:35.818+0000][1][safepoint    ] Safepoint "Cleanup", Time since last: 1000724323 ns, Reaching safepoint: 87213 ns, At safepoint: 7663 ns, Total: 94876 ns
[2020-02-28T06:04:36.327+0000][1][safepoint    ] Safepoint "RevokeBias", Time since last: 508404376 ns, Reaching safepoint: 76830 ns, At safepoint: 36198 ns, Total: 113028 ns
[2020-02-28T06:04:37.327+0000][1][safepoint    ] Safepoint "Cleanup", Time since last: 1000433306 ns, Reaching safepoint: 88943 ns, At safepoint: 7641 ns, Total: 96584 ns
[2020-02-28T06:04:38.328+0000][1][safepoint    ] Safepoint "Cleanup", Time since last: 1000368594 ns, Reaching safepoint: 84709 ns, At safepoint: 7687 ns, Total: 92396 ns
[2020-02-28T06:04:38.850+0000][1][safepoint    ] Safepoint "RevokeBias", Time since last: 522140155 ns, Reaching safepoint: 74799 ns, At safepoint: 18804 ns, Total: 93603 ns
[2020-02-28T06:04:39.850+0000][1][safepoint    ] Safepoint "Cleanup", Time since last: 1000296279 ns, Reaching safepoint: 92215 ns, At safepoint: 9411 ns, Total: 101626 ns
[2020-02-28T06:04:40.854+0000][1][safepoint    ] Safepoint "Cleanup", Time since last: 1003454265 ns, Reaching safepoint: 94075 ns, At safepoint: 7751 ns, Total: 101826 ns
[2020-02-28T06:04:41.365+0000][1][safepoint    ] Safepoint "RevokeBias", Time since last: 511333687 ns, Reaching safepoint: 56722 ns, At safepoint: 17717 ns, Total: 74439 ns
[2020-02-28T06:04:42.366+0000][1][safepoint    ] Safepoint "Cleanup", Time since last: 1000495608 ns, Reaching safepoint: 82689 ns, At safepoint: 8077 ns, Total: 90766 ns
[2020-02-28T06:04:43.367+0000][1][safepoint    ] Safepoint "Cleanup", Time since last: 1001279911 ns, Reaching safepoint: 78259 ns, At safepoint: 7401 ns, Total: 85660 ns
[2020-02-28T06:04:43.880+0000][1][safepoint    ] Safepoint "RevokeBias", Time since last: 512998445 ns, Reaching safepoint: 91104 ns, At safepoint: 21747 ns, Total: 112851 ns
[2020-02-28T06:04:44.881+0000][1][safepoint    ] Safepoint "Cleanup", Time since last: 1000813643 ns, Reaching safepoint: 88933 ns, At safepoint: 8291 ns, Total: 97224 ns
[2020-02-28T06:04:45.886+0000][1][safepoint    ] Safepoint "Cleanup", Time since last: 1004819453 ns, Reaching safepoint: 78917 ns, At safepoint: 7426 ns, Total: 86343 ns
[2020-02-28T06:04:46.384+0000][1][safepoint    ] Safepoint "RevokeBias", Time since last: 497677226 ns, Reaching safepoint: 90016 ns, At safepoint: 21732 ns, Total: 111748 ns
[2020-02-28T06:04:47.385+0000][1][safepoint    ] Safepoint "Cleanup", Time since last: 1000697175 ns, Reaching safepoint: 81906 ns, At safepoint: 7913 ns, Total: 89819 ns
[2020-02-28T06:04:48.385+0000][1][safepoint    ] Safepoint "Cleanup", Time since last: 1000346680 ns, Reaching safepoint: 80470 ns, At safepoint: 7270 ns, Total: 87740 ns
[2020-02-28T06:04:48.890+0000][1][safepoint    ] Safepoint "RevokeBias", Time since last: 504980172 ns, Reaching safepoint: 75430 ns, At safepoint: 19410 ns, Total: 94840 ns
[2020-02-28T06:04:49.891+0000][1][safepoint    ] Safepoint "Cleanup", Time since last: 1000901223 ns, Reaching safepoint: 64568 ns, At safepoint: 7373 ns, Total: 71941 ns
[2020-02-28T06:04:50.892+0000][1][safepoint    ] Safepoint "Cleanup", Time since last: 1000666876 ns, Reaching safepoint: 90354 ns, At safepoint: 9125 ns, Total: 99479 ns
[2020-02-28T06:04:51.397+0000][1][safepoint    ] Safepoint "RevokeBias", Time since last: 505408256 ns, Reaching safepoint: 76022 ns, At safepoint: 19076 ns, Total: 95098 ns
[2020-02-28T06:04:52.405+0000][1][safepoint    ] Safepoint "Cleanup", Time since last: 1007590717 ns, Reaching safepoint: 74803 ns, At safepoint: 6130 ns, Total: 80933 ns
[2020-02-28T06:04:53.405+0000][1][safepoint    ] Safepoint "Cleanup", Time since last: 1000200739 ns, Reaching safepoint: 90259 ns, At safepoint: 7732 ns, Total: 97991 ns
[2020-02-28T06:04:53.909+0000][1][safepoint    ] Safepoint "RevokeBias", Time since last: 503162938 ns, Reaching safepoint: 87282 ns, At safepoint: 21442 ns, Total: 108724 ns
[2020-02-28T06:04:54.912+0000][1][safepoint    ] Safepoint "Cleanup", Time since last: 1002831525 ns, Reaching safepoint: 78876 ns, At safepoint: 7664 ns, Total: 86540 ns
[2020-02-28T06:04:55.912+0000][1][safepoint    ] Safepoint "Cleanup", Time since last: 1000497423 ns, Reaching safepoint: 89439 ns, At safepoint: 9187 ns, Total: 98626 ns
[2020-02-28T06:04:56.417+0000][1][safepoint    ] Safepoint "RevokeBias", Time since last: 504879238 ns, Reaching safepoint: 76241 ns, At safepoint: 18944 ns, Total: 95185 ns
[2020-02-28T06:04:57.418+0000][1][safepoint    ] Safepoint "Cleanup", Time since last: 1000434400 ns, Reaching safepoint: 80374 ns, At safepoint: 7247 ns, Total: 87621 ns
[2020-02-28T06:04:58.418+0000][1][safepoint    ] Safepoint "Cleanup", Time since last: 1000333860 ns, Reaching safepoint: 84926 ns, At safepoint: 8075 ns, Total: 93001 ns
[2020-02-28T06:04:58.938+0000][1][safepoint    ] Safepoint "RevokeBias", Time since last: 519465983 ns, Reaching safepoint: 56467 ns, At safepoint: 16398 ns, Total: 72865 ns
[2020-02-28T06:04:59.938+0000][1][safepoint    ] Safepoint "Cleanup", Time since last: 1000803624 ns, Reaching safepoint: 91948 ns, At safepoint: 9311 ns, Total: 101259 ns
[2020-02-28T06:05:00.942+0000][1][safepoint    ] Safepoint "Cleanup", Time since last: 1003548662 ns, Reaching safepoint: 108827 ns, At safepoint: 6733 ns, Total: 115560 ns
[2020-02-28T06:05:01.463+0000][1][safepoint    ] Safepoint "RevokeBias", Time since last: 520531720 ns, Reaching safepoint: 77411 ns, At safepoint: 18454 ns, Total: 95865 ns
[2020-02-28T06:05:02.463+0000][1][safepoint    ] Safepoint "Cleanup", Time since last: 1000288610 ns, Reaching safepoint: 88862 ns, At safepoint: 9173 ns, Total: 98035 ns
[2020-02-28T06:05:03.464+0000][1][safepoint    ] Safepoint "Cleanup", Time since last: 1001097849 ns, Reaching safepoint: 61080 ns, At safepoint: 7058 ns, Total: 68138 ns
[2020-02-28T06:05:03.988+0000][1][safepoint    ] Safepoint "RevokeBias", Time since last: 523139138 ns, Reaching safepoint: 76855 ns, At safepoint: 17701 ns, Total: 94556 ns
[2020-02-28T06:05:04.988+0000][1][safepoint    ] Safepoint "Cleanup", Time since last: 1000662953 ns, Reaching safepoint: 110346 ns, At safepoint: 9355 ns, Total: 119701 ns
[2020-02-28T06:05:05.990+0000][1][safepoint    ] Safepoint "Cleanup", Time since last: 1001732703 ns, Reaching safepoint: 76665 ns, At safepoint: 6420 ns, Total: 83085 ns
[2020-02-28T06:05:06.502+0000][1][safepoint    ] Safepoint "RevokeBias", Time since last: 511920869 ns, Reaching safepoint: 90661 ns, At safepoint: 21908 ns, Total: 112569 ns
[2020-02-28T06:05:07.503+0000][1][safepoint    ] Safepoint "Cleanup", Time since last: 1000426262 ns, Reaching safepoint: 101703 ns, At safepoint: 9516 ns, Total: 111219 ns
[2020-02-28T06:05:08.513+0000][1][safepoint    ] Safepoint "Cleanup", Time since last: 1009880626 ns, Reaching safepoint: 77661 ns, At safepoint: 7271 ns, Total: 84932 ns
[2020-02-28T06:05:09.009+0000][1][safepoint    ] Safepoint "RevokeBias", Time since last: 496194155 ns, Reaching safepoint: 116577 ns, At safepoint: 36012 ns, Total: 152589 ns
[2020-02-28T06:05:10.010+0000][1][safepoint    ] Safepoint "Cleanup", Time since last: 1000871286 ns, Reaching safepoint: 123747 ns, At safepoint: 7556 ns, Total: 131303 ns
[2020-02-28T06:05:11.010+0000][1][safepoint    ] Safepoint "Cleanup", Time since last: 1000252914 ns, Reaching safepoint: 94396 ns, At safepoint: 7713 ns, Total: 102109 ns
[2020-02-28T06:05:11.515+0000][1][safepoint    ] Safepoint "BulkRevokeBias", Time since last: 504300499 ns, Reaching safepoint: 104753 ns, At safepoint: 198685 ns, Total: 303438 ns
[2020-02-28T06:05:12.520+0000][1][safepoint    ] Safepoint "Cleanup", Time since last: 1004435734 ns, Reaching safepoint: 58673 ns, At safepoint: 5983 ns, Total: 64656 ns
[2020-02-28T06:05:13.520+0000][1][safepoint    ] Safepoint "Cleanup", Time since last: 1000542048 ns, Reaching safepoint: 90941 ns, At safepoint: 9856 ns, Total: 100797 ns
[2020-02-28T06:05:14.020+0000][1][safepoint    ] Safepoint "RevokeBias", Time since last: 499596402 ns, Reaching safepoint: 82532 ns, At safepoint: 18953 ns, Total: 101485 ns
[2020-02-28T06:05:15.021+0000][1][safepoint    ] Safepoint "Cleanup", Time since last: 1000834169 ns, Reaching safepoint: 79848 ns, At safepoint: 7445 ns, Total: 87293 ns
[2020-02-28T06:05:16.296+0000][1][safepoint    ] Safepoint "Cleanup", Time since last: 1275460685 ns, Reaching safepoint: 83745 ns, At safepoint: 7905 ns, Total: 91650 ns
[2020-02-28T06:05:16.527+0000][1][safepoint    ] Safepoint "RevokeBias", Time since last: 230616075 ns, Reaching safepoint: 76506 ns, At safepoint: 18477 ns, Total: 94983 ns
[2020-02-28T06:05:17.528+0000][1][safepoint    ] Safepoint "Cleanup", Time since last: 1000702040 ns, Reaching safepoint: 79261 ns, At safepoint: 7019 ns, Total: 86280 ns
[2020-02-28T06:05:18.528+0000][1][safepoint    ] Safepoint "Cleanup", Time since last: 1000176241 ns, Reaching safepoint: 79304 ns, At safepoint: 7668 ns, Total: 86972 ns
[2020-02-28T06:05:19.035+0000][1][safepoint    ] Safepoint "RevokeBias", Time since last: 507246118 ns, Reaching safepoint: 77165 ns, At safepoint: 18962 ns, Total: 96127 ns
[2020-02-28T06:05:20.036+0000][1][safepoint    ] Safepoint "Cleanup", Time since last: 1000439211 ns, Reaching safepoint: 69286 ns, At safepoint: 8604 ns, Total: 77890 ns
[2020-02-28T06:05:21.036+0000][1][safepoint    ] Safepoint "Cleanup", Time since last: 1000302196 ns, Reaching safepoint: 90260 ns, At safepoint: 8526 ns, Total: 98786 ns
[2020-02-28T06:05:21.551+0000][1][safepoint    ] Safepoint "RevokeBias", Time since last: 514842136 ns, Reaching safepoint: 111419 ns, At safepoint: 20044 ns, Total: 131463 ns
[2020-02-28T06:05:22.552+0000][1][safepoint    ] Safepoint "Cleanup", Time since last: 1000225831 ns, Reaching safepoint: 87006 ns, At safepoint: 14778 ns, Total: 101784 ns
[2020-02-28T06:05:23.555+0000][1][safepoint    ] Safepoint "Cleanup", Time since last: 1003101273 ns, Reaching safepoint: 85525 ns, At safepoint: 8012 ns, Total: 93537 ns
[2020-02-28T06:05:24.066+0000][1][safepoint    ] Safepoint "RevokeBias", Time since last: 510766758 ns, Reaching safepoint: 75712 ns, At safepoint: 18922 ns, Total: 94634 ns
[2020-02-28T06:05:25.066+0000][1][safepoint    ] Safepoint "Cleanup", Time since last: 1000204635 ns, Reaching safepoint: 88687 ns, At safepoint: 9360 ns, Total: 98047 ns
[2020-02-28T06:05:26.073+0000][1][safepoint    ] Safepoint "Cleanup", Time since last: 1007231128 ns, Reaching safepoint: 65580 ns, At safepoint: 7558 ns, Total: 73138 ns
[2020-02-28T06:05:26.584+0000][1][safepoint    ] Safepoint "RevokeBias", Time since last: 510896471 ns, Reaching safepoint: 56056 ns, At safepoint: 16177 ns, Total: 72233 ns
[2020-02-28T06:05:27.585+0000][1][safepoint    ] Safepoint "Cleanup", Time since last: 1000366109 ns, Reaching safepoint: 81284 ns, At safepoint: 7658 ns, Total: 88942 ns
[2020-02-28T06:05:28.589+0000][1][safepoint    ] Safepoint "Cleanup", Time since last: 1004287559 ns, Reaching safepoint: 62545 ns, At safepoint: 6915 ns, Total: 69460 ns
[2020-02-28T06:05:29.096+0000][1][safepoint    ] Safepoint "RevokeBias", Time since last: 507029917 ns, Reaching safepoint: 85095 ns, At safepoint: 20815 ns, Total: 105910 ns
[2020-02-28T06:05:30.097+0000][1][safepoint    ] Safepoint "Cleanup", Time since last: 1000927690 ns, Reaching safepoint: 221679 ns, At safepoint: 24261 ns, Total: 245940 ns
[2020-02-28T06:05:31.099+0000][1][safepoint    ] Safepoint "Cleanup", Time since last: 1001090862 ns, Reaching safepoint: 74639 ns, At safepoint: 6320 ns, Total: 80959 ns
[2020-02-28T06:05:31.600+0000][1][safepoint    ] Safepoint "RevokeBias", Time since last: 501549515 ns, Reaching safepoint: 90085 ns, At safepoint: 21675 ns, Total: 111760 ns
[2020-02-28T06:05:32.608+0000][1][safepoint    ] Safepoint "Cleanup", Time since last: 1007799371 ns, Reaching safepoint: 97380 ns, At safepoint: 8453 ns, Total: 105833 ns
[2020-02-28T06:05:33.609+0000][1][safepoint    ] Safepoint "Cleanup", Time since last: 1000353102 ns, Reaching safepoint: 86090 ns, At safepoint: 8422 ns, Total: 94512 ns
[2020-02-28T06:05:34.105+0000][1][safepoint    ] Safepoint "RevokeBias", Time since last: 495921138 ns, Reaching safepoint: 91379 ns, At safepoint: 22727 ns, Total: 114106 ns
[2020-02-28T06:05:35.107+0000][1][safepoint    ] Safepoint "Cleanup", Time since last: 1001877169 ns, Reaching safepoint: 93828 ns, At safepoint: 6435 ns, Total: 100263 ns
[2020-02-28T06:05:36.608+0000][1][safepoint    ] Safepoint "RevokeBias", Time since last: 1501054134 ns, Reaching safepoint: 78268 ns, At safepoint: 19538 ns, Total: 97806 ns
[2020-02-28T06:05:37.617+0000][1][safepoint    ] Safepoint "Cleanup", Time since last: 1009091694 ns, Reaching safepoint: 63248 ns, At safepoint: 7651 ns, Total: 70899 ns
[2020-02-28T06:05:38.618+0000][1][safepoint    ] Safepoint "Cleanup", Time since last: 1000696641 ns, Reaching safepoint: 91367 ns, At safepoint: 9961 ns, Total: 101328 ns
[2020-02-28T06:05:39.112+0000][1][safepoint    ] Safepoint "RevokeBias", Time since last: 493766780 ns, Reaching safepoint: 180068 ns, At safepoint: 41749 ns, Total: 221817 ns
[2020-02-28T06:05:40.113+0000][1][safepoint    ] Safepoint "Cleanup", Time since last: 1000827750 ns, Reaching safepoint: 78077 ns, At safepoint: 7119 ns, Total: 85196 ns
[2020-02-28T06:05:41.113+0000][1][safepoint    ] Safepoint "Cleanup", Time since last: 1000448104 ns, Reaching safepoint: 92143 ns, At safepoint: 9018 ns, Total: 101161 ns
[2020-02-28T06:05:41.618+0000][1][safepoint    ] Safepoint "RevokeBias", Time since last: 504393445 ns, Reaching safepoint: 90263 ns, At safepoint: 22255 ns, Total: 112518 ns
[2020-02-28T06:05:42.618+0000][1][safepoint    ] Safepoint "Cleanup", Time since last: 1000245043 ns, Reaching safepoint: 82375 ns, At safepoint: 7976 ns, Total: 90351 ns
[2020-02-28T06:05:43.618+0000][1][safepoint    ] Safepoint "Cleanup", Time since last: 1000269102 ns, Reaching safepoint: 88119 ns, At safepoint: 8006 ns, Total: 96125 ns
[2020-02-28T06:05:44.139+0000][1][safepoint    ] Safepoint "RevokeBias", Time since last: 520349427 ns, Reaching safepoint: 102307 ns, At safepoint: 20857 ns, Total: 123164 ns
[2020-02-28T06:05:45.140+0000][1][safepoint    ] Safepoint "Cleanup", Time since last: 1000899002 ns, Reaching safepoint: 76479 ns, At safepoint: 7325 ns, Total: 83804 ns
[2020-02-28T06:05:46.141+0000][1][safepoint    ] Safepoint "Cleanup", Time since last: 1000834706 ns, Reaching safepoint: 76815 ns, At safepoint: 7423 ns, Total: 84238 ns
[2020-02-28T06:05:46.657+0000][1][safepoint    ] Safepoint "RevokeBias", Time since last: 516241480 ns, Reaching safepoint: 92146 ns, At safepoint: 22990 ns, Total: 115136 ns
[2020-02-28T06:05:47.658+0000][1][safepoint    ] Safepoint "Cleanup", Time since last: 1000441389 ns, Reaching safepoint: 88329 ns, At safepoint: 8732 ns, Total: 97061 ns
[2020-02-28T06:05:48.660+0000][1][safepoint    ] Safepoint "Cleanup", Time since last: 1002312171 ns, Reaching safepoint: 74328 ns, At safepoint: 7108 ns, Total: 81436 ns
[2020-02-28T06:05:49.184+0000][1][safepoint    ] Safepoint "RevokeBias", Time since last: 523635256 ns, Reaching safepoint: 101231 ns, At safepoint: 20729 ns, Total: 121960 ns
[2020-02-28T06:05:50.184+0000][1][safepoint    ] Safepoint "Cleanup", Time since last: 1000466804 ns, Reaching safepoint: 80905 ns, At safepoint: 8569 ns, Total: 89474 ns
[2020-02-28T06:05:51.187+0000][1][safepoint    ] Safepoint "Cleanup", Time since last: 1002573840 ns, Reaching safepoint: 147244 ns, At safepoint: 6456 ns, Total: 153700 ns
[2020-02-28T06:05:51.706+0000][1][safepoint    ] Safepoint "RevokeBias", Time since last: 519339095 ns, Reaching safepoint: 58210 ns, At safepoint: 17609 ns, Total: 75819 ns
[2020-02-28T06:05:52.707+0000][1][safepoint    ] Safepoint "Cleanup", Time since last: 1000491326 ns, Reaching safepoint: 77984 ns, At safepoint: 8208 ns, Total: 86192 ns
[2020-02-28T06:05:53.718+0000][1][safepoint    ] Safepoint "Cleanup", Time since last: 1010854399 ns, Reaching safepoint: 94198 ns, At safepoint: 8050 ns, Total: 102248 ns
[2020-02-28T06:05:54.224+0000][1][safepoint    ] Safepoint "RevokeBias", Time since last: 505367094 ns, Reaching safepoint: 300973 ns, At safepoint: 39584 ns, Total: 340557 ns
[2020-02-28T06:05:55.224+0000][1][safepoint    ] Safepoint "Cleanup", Time since last: 1000565043 ns, Reaching safepoint: 115793 ns, At safepoint: 8336 ns, Total: 124129 ns
[2020-02-28T06:05:56.226+0000][1][safepoint    ] Safepoint "Cleanup", Time since last: 1001199604 ns, Reaching safepoint: 199454 ns, At safepoint: 12414 ns, Total: 211868 ns
[2020-02-28T06:05:56.733+0000][1][safepoint    ] Safepoint "RevokeBias", Time since last: 506802692 ns, Reaching safepoint: 122219 ns, At safepoint: 22422 ns, Total: 144641 ns
[2020-02-28T06:05:57.733+0000][1][safepoint    ] Safepoint "Cleanup", Time since last: 1000060225 ns, Reaching safepoint: 118334 ns, At safepoint: 7505 ns, Total: 125839 ns
[2020-02-28T06:05:58.741+0000][1][safepoint    ] Safepoint "Cleanup", Time since last: 1007899731 ns, Reaching safepoint: 57209 ns, At safepoint: 6928 ns, Total: 64137 ns
[2020-02-28T06:05:59.238+0000][1][safepoint    ] Safepoint "RevokeBias", Time since last: 496852876 ns, Reaching safepoint: 86520 ns, At safepoint: 22125 ns, Total: 108645 ns
[2020-02-28T06:06:00.238+0000][1][safepoint    ] Safepoint "Cleanup", Time since last: 1000140082 ns, Reaching safepoint: 100064 ns, At safepoint: 9007 ns, Total: 109071 ns
[2020-02-28T06:06:01.239+0000][1][safepoint    ] Safepoint "Cleanup", Time since last: 1000399120 ns, Reaching safepoint: 87289 ns, At safepoint: 7142 ns, Total: 94431 ns
[2020-02-28T06:06:01.742+0000][1][safepoint    ] Safepoint "RevokeBias", Time since last: 503449699 ns, Reaching safepoint: 88850 ns, At safepoint: 22862 ns, Total: 111712 ns
[2020-02-28T06:06:02.745+0000][1][safepoint    ] Safepoint "Cleanup", Time since last: 1002616684 ns, Reaching safepoint: 76581 ns, At safepoint: 6836 ns, Total: 83417 ns
[2020-02-28T06:06:03.745+0000][1][safepoint    ] Safepoint "Cleanup", Time since last: 1000462736 ns, Reaching safepoint: 114975 ns, At safepoint: 9308 ns, Total: 124283 ns
[2020-02-28T06:06:04.249+0000][1][safepoint    ] Safepoint "RevokeBias", Time since last: 503140946 ns, Reaching safepoint: 73931 ns, At safepoint: 18660 ns, Total: 92591 ns
[2020-02-28T06:06:05.255+0000][1][safepoint    ] Safepoint "Cleanup", Time since last: 1006183971 ns, Reaching safepoint: 74646 ns, At safepoint: 7024 ns, Total: 81670 ns
[2020-02-28T06:06:06.256+0000][1][safepoint    ] Safepoint "Cleanup", Time since last: 1000584543 ns, Reaching safepoint: 97202 ns, At safepoint: 10892 ns, Total: 108094 ns
[2020-02-28T06:06:06.753+0000][1][safepoint    ] Safepoint "RevokeBias", Time since last: 497448846 ns, Reaching safepoint: 88766 ns, At safepoint: 19143 ns, Total: 107909 ns
[2020-02-28T06:06:07.755+0000][1][safepoint    ] Safepoint "Cleanup", Time since last: 1001248202 ns, Reaching safepoint: 74167 ns, At safepoint: 7148 ns, Total: 81315 ns
[2020-02-28T06:06:08.755+0000][1][safepoint    ] Safepoint "Cleanup", Time since last: 1000600157 ns, Reaching safepoint: 85296 ns, At safepoint: 8022 ns, Total: 93318 ns
[2020-02-28T06:06:09.260+0000][1][safepoint    ] Safepoint "RevokeBias", Time since last: 504170533 ns, Reaching safepoint: 91444 ns, At safepoint: 18875 ns, Total: 110319 ns
[2020-02-28T06:06:10.261+0000][1][safepoint    ] Safepoint "Cleanup", Time since last: 1001094388 ns, Reaching safepoint: 57422 ns, At safepoint: 6738 ns, Total: 64160 ns
[2020-02-28T06:06:11.262+0000][1][safepoint    ] Safepoint "Cleanup", Time since last: 1000729538 ns, Reaching safepoint: 83045 ns, At safepoint: 8628 ns, Total: 91673 ns
[2020-02-28T06:06:11.772+0000][1][safepoint    ] Safepoint "RevokeBias", Time since last: 510611203 ns, Reaching safepoint: 55304 ns, At safepoint: 17426 ns, Total: 72730 ns
[2020-02-28T06:06:12.773+0000][1][safepoint    ] Safepoint "Cleanup", Time since last: 1000602904 ns, Reaching safepoint: 80011 ns, At safepoint: 8080 ns, Total: 88091 ns
[2020-02-28T06:06:13.774+0000][1][safepoint    ] Safepoint "Cleanup", Time since last: 1000486890 ns, Reaching safepoint: 109970 ns, At safepoint: 10206 ns, Total: 120176 ns
[2020-02-28T06:06:14.292+0000][1][safepoint    ] Safepoint "RevokeBias", Time since last: 518332127 ns, Reaching safepoint: 57905 ns, At safepoint: 18615 ns, Total: 76520 ns
[2020-02-28T06:06:15.293+0000][1][safepoint    ] Safepoint "Cleanup", Time since last: 1000624881 ns, Reaching safepoint: 93660 ns, At safepoint: 6879 ns, Total: 100539 ns
[2020-02-28T06:06:16.293+0000][1][safepoint    ] Safepoint "Cleanup", Time since last: 1000629115 ns, Reaching safepoint: 80940 ns, At safepoint: 9316 ns, Total: 90256 ns
[2020-02-28T06:06:16.810+0000][1][safepoint    ] Safepoint "RevokeBias", Time since last: 516653434 ns, Reaching safepoint: 54640 ns, At safepoint: 16757 ns, Total: 71397 ns
[2020-02-28T06:06:17.811+0000][1][safepoint    ] Safepoint "Cleanup", Time since last: 1000647698 ns, Reaching safepoint: 76493 ns, At safepoint: 7324 ns, Total: 83817 ns
[2020-02-28T06:06:18.814+0000][1][safepoint    ] Safepoint "Cleanup", Time since last: 1002815043 ns, Reaching safepoint: 76034 ns, At safepoint: 7303 ns, Total: 83337 ns
[2020-02-28T06:06:19.328+0000][1][safepoint    ] Safepoint "RevokeBias", Time since last: 513993141 ns, Reaching safepoint: 72719 ns, At safepoint: 19408 ns, Total: 92127 ns
[2020-02-28T06:06:20.332+0000][1][safepoint    ] Safepoint "Cleanup", Time since last: 1003730243 ns, Reaching safepoint: 76368 ns, At safepoint: 7102 ns, Total: 83470 ns
[2020-02-28T06:06:21.338+0000][1][safepoint    ] Safepoint "Cleanup", Time since last: 1005904836 ns, Reaching safepoint: 56207 ns, At safepoint: 5459 ns, Total: 61666 ns
[2020-02-28T06:06:21.837+0000][1][safepoint    ] Safepoint "RevokeBias", Time since last: 499502452 ns, Reaching safepoint: 176304 ns, At safepoint: 21530 ns, Total: 197834 ns
[2020-02-28T06:06:22.838+0000][1][safepoint    ] Safepoint "Cleanup", Time since last: 1000230520 ns, Reaching safepoint: 78952 ns, At safepoint: 9430 ns, Total: 88382 ns
[2020-02-28T06:06:23.879+0000][1][safepoint    ] Safepoint "Cleanup", Time since last: 1003963568 ns, Reaching safepoint: 37678963 ns, At safepoint: 13971 ns, Total: 37692934 ns
[2020-02-28T06:06:24.341+0000][1][safepoint    ] Safepoint "BulkRevokeBias", Time since last: 461820105 ns, Reaching safepoint: 79905 ns, At safepoint: 255764 ns, Total: 335669 ns
[2020-02-28T06:06:25.342+0000][1][safepoint    ] Safepoint "Cleanup", Time since last: 1000665682 ns, Reaching safepoint: 81013 ns, At safepoint: 8180 ns, Total: 89193 ns
[2020-02-28T06:06:26.348+0000][1][safepoint    ] Safepoint "Cleanup", Time since last: 1005850630 ns, Reaching safepoint: 61880 ns, At safepoint: 8010 ns, Total: 69890 ns
[2020-02-28T06:06:26.844+0000][1][safepoint    ] Safepoint "RevokeBias", Time since last: 495738585 ns, Reaching safepoint: 74716 ns, At safepoint: 18472 ns, Total: 93188 ns
[2020-02-28T06:06:27.853+0000][1][safepoint    ] Safepoint "Cleanup", Time since last: 1009034872 ns, Reaching safepoint: 132319 ns, At safepoint: 15449 ns, Total: 147768 ns
[2020-02-28T06:06:28.854+0000][1][safepoint    ] Safepoint "Cleanup", Time since last: 1000770281 ns, Reaching safepoint: 198436 ns, At safepoint: 24795 ns, Total: 223231 ns
[2020-02-28T06:06:29.349+0000][1][safepoint    ] Safepoint "RevokeBias", Time since last: 495081504 ns, Reaching safepoint: 73613 ns, At safepoint: 18888 ns, Total: 92501 ns
[2020-02-28T06:06:29.440+0000][1][gc,start     ] GC(51) Pause Young (Allocation Failure)
[2020-02-28T06:06:29.440+0000][1][gc,task      ] GC(51) Using 1 workers of 1 for evacuation
[2020-02-28T06:06:29.451+0000][1][gc,age       ] GC(51) Desired survivor size 4358144 bytes, new threshold 6 (max threshold 6)
[2020-02-28T06:06:29.451+0000][1][gc,age       ] GC(51) Age table with threshold 6 (max threshold 6)
[2020-02-28T06:06:29.451+0000][1][gc,age       ] GC(51) - age   1:      12384 bytes,      12384 total
[2020-02-28T06:06:29.451+0000][1][gc,age       ] GC(51) - age   2:       1056 bytes,      13440 total
[2020-02-28T06:06:29.451+0000][1][gc,age       ] GC(51) - age   3:        856 bytes,      14296 total
[2020-02-28T06:06:29.451+0000][1][gc,age       ] GC(51) - age   4:       5416 bytes,      19712 total
[2020-02-28T06:06:29.451+0000][1][gc,age       ] GC(51) - age   5:       2664 bytes,      22376 total
[2020-02-28T06:06:29.451+0000][1][gc,age       ] GC(51) - age   6:       1192 bytes,      23568 total
[2020-02-28T06:06:29.451+0000][1][gc,heap      ] GC(51) ParNew: 68200K->37K(76672K)
[2020-02-28T06:06:29.451+0000][1][gc,heap      ] GC(51) CMS: 62371K->62371K(963392K)
[2020-02-28T06:06:29.451+0000][1][gc,metaspace ] GC(51) Metaspace: 79539K->79539K(1122304K)
[2020-02-28T06:06:29.452+0000][1][gc           ] GC(51) Pause Young (Allocation Failure) 127M->60M(1015M) 11.400ms
[2020-02-28T06:06:29.452+0000][1][gc,cpu       ] GC(51) User=0.01s Sys=0.00s Real=0.01s
[2020-02-28T06:06:29.452+0000][1][safepoint    ] Safepoint "GenCollectForAllocation", Time since last: 90761685 ns, Reaching safepoint: 77720 ns, At safepoint: 11468348 ns, Total: 11546068 ns
[2020-02-28T06:06:30.453+0000][1][safepoint    ] Safepoint "Cleanup", Time since last: 1001079263 ns, Reaching safepoint: 78240 ns, At safepoint: 7869 ns, Total: 86109 ns
[2020-02-28T06:06:31.453+0000][1][safepoint    ] Safepoint "Cleanup", Time since last: 1000603658 ns, Reaching safepoint: 84296 ns, At safepoint: 6456 ns, Total: 90752 ns
[2020-02-28T06:06:31.854+0000][1][safepoint    ] Safepoint "RevokeBias", Time since last: 400420202 ns, Reaching safepoint: 74879 ns, At safepoint: 18423 ns, Total: 93302 ns
[2020-02-28T06:06:32.859+0000][1][safepoint    ] Safepoint "Cleanup", Time since last: 1005231093 ns, Reaching safepoint: 74587 ns, At safepoint: 6431 ns, Total: 81018 ns
[2020-02-28T06:06:33.860+0000][1][safepoint    ] Safepoint "Cleanup", Time since last: 1000359830 ns, Reaching safepoint: 90729 ns, At safepoint: 9696 ns, Total: 100425 ns
[2020-02-28T06:06:34.359+0000][1][safepoint    ] Safepoint "RevokeBias", Time since last: 499179193 ns, Reaching safepoint: 76379 ns, At safepoint: 20076 ns, Total: 96455 ns
[2020-02-28T06:06:35.364+0000][1][safepoint    ] Safepoint "Cleanup", Time since last: 1005081193 ns, Reaching safepoint: 106126 ns, At safepoint: 8074 ns, Total: 114200 ns
[2020-02-28T06:06:36.365+0000][1][safepoint    ] Safepoint "Cleanup", Time since last: 1000356731 ns, Reaching safepoint: 171672 ns, At safepoint: 12480 ns, Total: 184152 ns
[2020-02-28T06:06:36.863+0000][1][safepoint    ] Safepoint "RevokeBias", Time since last: 497890075 ns, Reaching safepoint: 134894 ns, At safepoint: 57235 ns, Total: 192129 ns
[2020-02-28T06:06:37.867+0000][1][safepoint    ] Safepoint "Cleanup", Time since last: 1004100369 ns, Reaching safepoint: 105580 ns, At safepoint: 8379 ns, Total: 113959 ns
[2020-02-28T06:06:38.868+0000][1][safepoint    ] Safepoint "Cleanup", Time since last: 1000416446 ns, Reaching safepoint: 74380 ns, At safepoint: 7496 ns, Total: 81876 ns
[2020-02-28T06:06:39.377+0000][1][safepoint    ] Safepoint "RevokeBias", Time since last: 509519544 ns, Reaching safepoint: 55010 ns, At safepoint: 17037 ns, Total: 72047 ns
[2020-02-28T06:06:40.377+0000][1][safepoint    ] Safepoint "Cleanup", Time since last: 1000254839 ns, Reaching safepoint: 88501 ns, At safepoint: 9101 ns, Total: 97602 ns
[2020-02-28T06:06:41.378+0000][1][safepoint    ] Safepoint "Cleanup", Time since last: 1000726428 ns, Reaching safepoint: 95704 ns, At safepoint: 8375 ns, Total: 104079 ns
[2020-02-28T06:06:41.898+0000][1][safepoint    ] Safepoint "RevokeBias", Time since last: 519979403 ns, Reaching safepoint: 76306 ns, At safepoint: 18862 ns, Total: 95168 ns
[2020-02-28T06:06:42.899+0000][1][safepoint    ] Safepoint "Cleanup", Time since last: 1000301727 ns, Reaching safepoint: 103673 ns, At safepoint: 11140 ns, Total: 114813 ns
[2020-02-28T06:06:43.899+0000][1][safepoint    ] Safepoint "Cleanup", Time since last: 1000584031 ns, Reaching safepoint: 96356 ns, At safepoint: 8221 ns, Total: 104577 ns
[2020-02-28T06:06:44.552+0000][1][safepoint    ] Safepoint "RevokeBias", Time since last: 652827218 ns, Reaching safepoint: 74946 ns, At safepoint: 19306 ns, Total: 94252 ns
[2020-02-28T06:06:46.311+0000][1][safepoint    ] Safepoint "Cleanup", Time since last: 1758373845 ns, Reaching safepoint: 103051 ns, At safepoint: 13702 ns, Total: 116753 ns
[2020-02-28T06:06:47.085+0000][1][safepoint    ] Safepoint "RevokeBias", Time since last: 774164208 ns, Reaching safepoint: 100992 ns, At safepoint: 24434 ns, Total: 125426 ns
[2020-02-28T06:06:48.086+0000][1][safepoint    ] Safepoint "Cleanup", Time since last: 1000372197 ns, Reaching safepoint: 82412 ns, At safepoint: 10672 ns, Total: 93084 ns
[2020-02-28T06:06:49.086+0000][1][safepoint    ] Safepoint "Cleanup", Time since last: 1000466370 ns, Reaching safepoint: 111894 ns, At safepoint: 9194 ns, Total: 121088 ns
[2020-02-28T06:06:49.605+0000][1][safepoint    ] Safepoint "RevokeBias", Time since last: 518801190 ns, Reaching safepoint: 74105 ns, At safepoint: 19064 ns, Total: 93169 ns
[2020-02-28T06:06:50.606+0000][1][safepoint    ] Safepoint "Cleanup", Time since last: 1000450925 ns, Reaching safepoint: 92961 ns, At safepoint: 7358 ns, Total: 100319 ns
[2020-02-28T06:06:51.606+0000][1][safepoint    ] Safepoint "Cleanup", Time since last: 1000250790 ns, Reaching safepoint: 60845 ns, At safepoint: 7835 ns, Total: 68680 ns
[2020-02-28T06:06:52.116+0000][1][safepoint    ] Safepoint "RevokeBias", Time since last: 509808551 ns, Reaching safepoint: 77171 ns, At safepoint: 19849 ns, Total: 97020 ns
[2020-02-28T06:06:53.117+0000][1][safepoint    ] Safepoint "Cleanup", Time since last: 1000701932 ns, Reaching safepoint: 78106 ns, At safepoint: 7416 ns, Total: 85522 ns
[2020-02-28T06:06:54.122+0000][1][safepoint    ] Safepoint "Cleanup", Time since last: 1005099297 ns, Reaching safepoint: 79565 ns, At safepoint: 8569 ns, Total: 88134 ns
[2020-02-28T06:06:54.619+0000][1][safepoint    ] Safepoint "RevokeBias", Time since last: 497168052 ns, Reaching safepoint: 116242 ns, At safepoint: 22478 ns, Total: 138720 ns
[2020-02-28T06:06:55.620+0000][1][safepoint    ] Safepoint "Cleanup", Time since last: 1001109882 ns, Reaching safepoint: 104430 ns, At safepoint: 10860 ns, Total: 115290 ns
[2020-02-28T06:06:56.621+0000][1][safepoint    ] Safepoint "Cleanup", Time since last: 1000943438 ns, Reaching safepoint: 61171 ns, At safepoint: 7952 ns, Total: 69123 ns
[2020-02-28T06:06:57.123+0000][1][safepoint    ] Safepoint "RevokeBias", Time since last: 501090965 ns, Reaching safepoint: 78923 ns, At safepoint: 19922 ns, Total: 98845 ns
[2020-02-28T06:06:58.124+0000][1][safepoint    ] Safepoint "Cleanup", Time since last: 1000878437 ns, Reaching safepoint: 90614 ns, At safepoint: 10721 ns, Total: 101335 ns
[2020-02-28T06:06:59.129+0000][1][safepoint    ] Safepoint "Cleanup", Time since last: 1005087848 ns, Reaching safepoint: 410481 ns, At safepoint: 23381 ns, Total: 433862 ns
[2020-02-28T06:06:59.689+0000][1][safepoint    ] Safepoint "RevokeBias", Time since last: 556609783 ns, Reaching safepoint: 2779275 ns, At safepoint: 46133 ns, Total: 2825408 ns
[2020-02-28T06:07:00.716+0000][1][safepoint    ] Safepoint "Cleanup", Time since last: 1027432331 ns, Reaching safepoint: 61474 ns, At safepoint: 6321 ns, Total: 67795 ns
[2020-02-28T06:07:01.717+0000][1][safepoint    ] Safepoint "Cleanup", Time since last: 1001152865 ns, Reaching safepoint: 93157 ns, At safepoint: 8590 ns, Total: 101747 ns
[2020-02-28T06:07:02.192+0000][1][safepoint    ] Safepoint "RevokeBias", Time since last: 474506175 ns, Reaching safepoint: 75583 ns, At safepoint: 19783 ns, Total: 95366 ns
[2020-02-28T06:07:03.193+0000][1][safepoint    ] Safepoint "Cleanup", Time since last: 1001204921 ns, Reaching safepoint: 58747 ns, At safepoint: 7043 ns, Total: 65790 ns
[2020-02-28T06:07:04.194+0000][1][safepoint    ] Safepoint "Cleanup", Time since last: 1000419913 ns, Reaching safepoint: 83385 ns, At safepoint: 7997 ns, Total: 91382 ns
[2020-02-28T06:07:04.698+0000][1][safepoint    ] Safepoint "RevokeBias", Time since last: 504414769 ns, Reaching safepoint: 91169 ns, At safepoint: 21960 ns, Total: 113129 ns
[2020-02-28T06:07:05.709+0000][1][safepoint    ] Safepoint "Cleanup", Time since last: 1010808360 ns, Reaching safepoint: 77304 ns, At safepoint: 8378 ns, Total: 85682 ns
[2020-02-28T06:07:06.710+0000][1][safepoint    ] Safepoint "Cleanup", Time since last: 1000370298 ns, Reaching safepoint: 89139 ns, At safepoint: 9264 ns, Total: 98403 ns
[2020-02-28T06:07:07.201+0000][1][safepoint    ] Safepoint "RevokeBias", Time since last: 491387655 ns, Reaching safepoint: 75098 ns, At safepoint: 18752 ns, Total: 93850 ns
[2020-02-28T06:07:08.203+0000][1][safepoint    ] Safepoint "Cleanup", Time since last: 1001727009 ns, Reaching safepoint: 96487 ns, At safepoint: 7946 ns, Total: 104433 ns
[2020-02-28T06:07:09.203+0000][1][safepoint    ] Safepoint "Cleanup", Time since last: 1000233469 ns, Reaching safepoint: 82594 ns, At safepoint: 9471 ns, Total: 92065 ns
[2020-02-28T06:07:09.708+0000][1][safepoint    ] Safepoint "RevokeBias", Time since last: 504658894 ns, Reaching safepoint: 146442 ns, At safepoint: 22117 ns, Total: 168559 ns
[2020-02-28T06:07:10.716+0000][1][safepoint    ] Safepoint "Cleanup", Time since last: 1007920519 ns, Reaching safepoint: 59558 ns, At safepoint: 6987 ns, Total: 66545 ns
[2020-02-28T06:07:11.717+0000][1][safepoint    ] Safepoint "Cleanup", Time since last: 1000831064 ns, Reaching safepoint: 93781 ns, At safepoint: 12221 ns, Total: 106002 ns
[2020-02-28T06:07:12.224+0000][1][safepoint    ] Safepoint "RevokeBias", Time since last: 506994260 ns, Reaching safepoint: 99589 ns, At safepoint: 84664 ns, Total: 184253 ns
[2020-02-28T06:07:13.224+0000][1][safepoint    ] Safepoint "Cleanup", Time since last: 1000264456 ns, Reaching safepoint: 78468 ns, At safepoint: 7889 ns, Total: 86357 ns
[2020-02-28T06:07:14.225+0000][1][safepoint    ] Safepoint "Cleanup", Time since last: 1000727452 ns, Reaching safepoint: 83371 ns, At safepoint: 15470 ns, Total: 98841 ns
[2020-02-28T06:07:14.750+0000][1][safepoint    ] Safepoint "RevokeBias", Time since last: 524547684 ns, Reaching safepoint: 77379 ns, At safepoint: 19481 ns, Total: 96860 ns
[2020-02-28T06:07:15.750+0000][1][safepoint    ] Safepoint "Cleanup", Time since last: 1000264146 ns, Reaching safepoint: 79229 ns, At safepoint: 8185 ns, Total: 87414 ns
[2020-02-28T06:07:16.751+0000][1][safepoint    ] Safepoint "Cleanup", Time since last: 1000278494 ns, Reaching safepoint: 81620 ns, At safepoint: 9958 ns, Total: 91578 ns
[2020-02-28T06:07:17.268+0000][1][safepoint    ] Safepoint "RevokeBias", Time since last: 516695549 ns, Reaching safepoint: 95398 ns, At safepoint: 19926 ns, Total: 115324 ns
[2020-02-28T06:07:18.268+0000][1][safepoint    ] Safepoint "Cleanup", Time since last: 1000587765 ns, Reaching safepoint: 80359 ns, At safepoint: 8628 ns, Total: 88987 ns
[2020-02-28T06:07:19.269+0000][1][safepoint    ] Safepoint "Cleanup", Time since last: 1000910732 ns, Reaching safepoint: 73113 ns, At safepoint: 6123 ns, Total: 79236 ns
[2020-02-28T06:07:19.795+0000][1][safepoint    ] Safepoint "RevokeBias", Time since last: 526186845 ns, Reaching safepoint: 55183 ns, At safepoint: 17394 ns, Total: 72577 ns
[2020-02-28T06:07:20.796+0000][1][safepoint    ] Safepoint "Cleanup", Time since last: 1000676585 ns, Reaching safepoint: 82439 ns, At safepoint: 8371 ns, Total: 90810 ns
[2020-02-28T06:07:21.802+0000][1][safepoint    ] Safepoint "Cleanup", Time since last: 1005984489 ns, Reaching safepoint: 95598 ns, At safepoint: 8032 ns, Total: 103630 ns
[2020-02-28T06:07:22.307+0000][1][safepoint    ] Safepoint "RevokeBias", Time since last: 504500777 ns, Reaching safepoint: 77410 ns, At safepoint: 19983 ns, Total: 97393 ns
[2020-02-28T06:07:23.307+0000][1][safepoint    ] Safepoint "Cleanup", Time since last: 1000526683 ns, Reaching safepoint: 77278 ns, At safepoint: 6337 ns, Total: 83615 ns
[2020-02-28T06:07:24.310+0000][1][safepoint    ] Safepoint "Cleanup", Time since last: 1002576725 ns, Reaching safepoint: 102176 ns, At safepoint: 21653 ns, Total: 123829 ns
[2020-02-28T06:07:24.814+0000][1][safepoint    ] Safepoint "RevokeBias", Time since last: 503415519 ns, Reaching safepoint: 62177 ns, At safepoint: 19674 ns, Total: 81851 ns
[2020-02-28T06:07:25.814+0000][1][safepoint    ] Safepoint "Cleanup", Time since last: 1000284853 ns, Reaching safepoint: 85203 ns, At safepoint: 9735 ns, Total: 94938 ns
[2020-02-28T06:07:26.821+0000][1][safepoint    ] Safepoint "Cleanup", Time since last: 1006796194 ns, Reaching safepoint: 97022 ns, At safepoint: 7696 ns, Total: 104718 ns
[2020-02-28T06:07:27.318+0000][1][safepoint    ] Safepoint "RevokeBias", Time since last: 497013012 ns, Reaching safepoint: 77859 ns, At safepoint: 19586 ns, Total: 97445 ns
[2020-02-28T06:07:28.321+0000][1][safepoint    ] Safepoint "Cleanup", Time since last: 1002714940 ns, Reaching safepoint: 61541 ns, At safepoint: 7537 ns, Total: 69078 ns
[2020-02-28T06:07:29.321+0000][1][safepoint    ] Safepoint "Cleanup", Time since last: 1000476875 ns, Reaching safepoint: 76904 ns, At safepoint: 9334 ns, Total: 86238 ns
[2020-02-28T06:07:29.823+0000][1][safepoint    ] Safepoint "RevokeBias", Time since last: 501175759 ns, Reaching safepoint: 76643 ns, At safepoint: 18727 ns, Total: 95370 ns
[2020-02-28T06:07:30.827+0000][1][safepoint    ] Safepoint "Cleanup", Time since last: 1004281802 ns, Reaching safepoint: 129951 ns, At safepoint: 7278 ns, Total: 137229 ns
[2020-02-28T06:07:31.828+0000][1][safepoint    ] Safepoint "Cleanup", Time since last: 1000530718 ns, Reaching safepoint: 81331 ns, At safepoint: 10504 ns, Total: 91835 ns
[2020-02-28T06:07:32.328+0000][1][safepoint    ] Safepoint "RevokeBias", Time since last: 499776662 ns, Reaching safepoint: 81532 ns, At safepoint: 20105 ns, Total: 101637 ns
[2020-02-28T06:07:33.331+0000][1][safepoint    ] Safepoint "Cleanup", Time since last: 1003226429 ns, Reaching safepoint: 76610 ns, At safepoint: 6996 ns, Total: 83606 ns
[2020-02-28T06:07:34.331+0000][1][safepoint    ] Safepoint "Cleanup", Time since last: 1000121543 ns, Reaching safepoint: 87910 ns, At safepoint: 8469 ns, Total: 96379 ns
[2020-02-28T06:07:34.832+0000][1][safepoint    ] Safepoint "RevokeBias", Time since last: 501004459 ns, Reaching safepoint: 106924 ns, At safepoint: 26407 ns, Total: 133331 ns
[2020-02-28T06:07:35.839+0000][1][safepoint    ] Safepoint "Cleanup", Time since last: 1006538664 ns, Reaching safepoint: 111584 ns, At safepoint: 7560 ns, Total: 119144 ns
[2020-02-28T06:07:36.840+0000][1][safepoint    ] Safepoint "Cleanup", Time since last: 1000908780 ns, Reaching safepoint: 185725 ns, At safepoint: 19980 ns, Total: 205705 ns
[2020-02-28T06:07:37.350+0000][1][safepoint    ] Safepoint "BulkRevokeBias", Time since last: 509481846 ns, Reaching safepoint: 72664 ns, At safepoint: 300205 ns, Total: 372869 ns
[2020-02-28T06:07:38.350+0000][1][safepoint    ] Safepoint "Cleanup", Time since last: 1000430477 ns, Reaching safepoint: 87761 ns, At safepoint: 9181 ns, Total: 96942 ns
[2020-02-28T06:07:39.351+0000][1][safepoint    ] Safepoint "Cleanup", Time since last: 1000561872 ns, Reaching safepoint: 81211 ns, At safepoint: 9348 ns, Total: 90559 ns
[2020-02-28T06:07:39.876+0000][1][safepoint    ] Safepoint "RevokeBias", Time since last: 524774423 ns, Reaching safepoint: 74483 ns, At safepoint: 18919 ns, Total: 93402 ns
[2020-02-28T06:07:40.877+0000][1][safepoint    ] Safepoint "Cleanup", Time since last: 1000653965 ns, Reaching safepoint: 73699 ns, At safepoint: 7380 ns, Total: 81079 ns
[2020-02-28T06:07:41.886+0000][1][safepoint    ] Safepoint "Cleanup", Time since last: 1009020299 ns, Reaching safepoint: 146069 ns, At safepoint: 7789 ns, Total: 153858 ns
[2020-02-28T06:07:42.401+0000][1][safepoint    ] Safepoint "RevokeBias", Time since last: 514710427 ns, Reaching safepoint: 74663 ns, At safepoint: 18586 ns, Total: 93249 ns
[2020-02-28T06:07:43.402+0000][1][safepoint    ] Safepoint "Cleanup", Time since last: 1001043796 ns, Reaching safepoint: 91403 ns, At safepoint: 7607 ns, Total: 99010 ns
[2020-02-28T06:07:44.402+0000][1][safepoint    ] Safepoint "Cleanup", Time since last: 1000217957 ns, Reaching safepoint: 97405 ns, At safepoint: 9653 ns, Total: 107058 ns
[2020-02-28T06:07:44.923+0000][1][safepoint    ] Safepoint "RevokeBias", Time since last: 520837186 ns, Reaching safepoint: 72596 ns, At safepoint: 19328 ns, Total: 91924 ns
[2020-02-28T06:07:46.324+0000][1][safepoint    ] Safepoint "Cleanup", Time since last: 1401077356 ns, Reaching safepoint: 90230 ns, At safepoint: 9208 ns, Total: 99438 ns
[2020-02-28T06:07:47.332+0000][1][safepoint    ] Safepoint "Cleanup", Time since last: 1007496880 ns, Reaching safepoint: 69642 ns, At safepoint: 8216 ns, Total: 77858 ns
[2020-02-28T06:07:47.442+0000][1][safepoint    ] Safepoint "RevokeBias", Time since last: 109775917 ns, Reaching safepoint: 110680 ns, At safepoint: 18611 ns, Total: 129291 ns
[2020-02-28T06:07:48.442+0000][1][safepoint    ] Safepoint "Cleanup", Time since last: 1000599686 ns, Reaching safepoint: 130274 ns, At safepoint: 22649 ns, Total: 152923 ns
[2020-02-28T06:07:49.450+0000][1][safepoint    ] Safepoint "Cleanup", Time since last: 1007159303 ns, Reaching safepoint: 59453 ns, At safepoint: 6236 ns, Total: 65689 ns
[2020-02-28T06:07:49.956+0000][1][safepoint    ] Safepoint "RevokeBias", Time since last: 506125663 ns, Reaching safepoint: 78464 ns, At safepoint: 20214 ns, Total: 98678 ns
[2020-02-28T06:07:50.956+0000][1][safepoint    ] Safepoint "Cleanup", Time since last: 1000159823 ns, Reaching safepoint: 88713 ns, At safepoint: 9868 ns, Total: 98581 ns
[2020-02-28T06:07:51.962+0000][1][safepoint    ] Safepoint "Cleanup", Time since last: 1006181359 ns, Reaching safepoint: 61820 ns, At safepoint: 7799 ns, Total: 69619 ns
[2020-02-28T06:07:52.460+0000][1][safepoint    ] Safepoint "RevokeBias", Time since last: 497753580 ns, Reaching safepoint: 86431 ns, At safepoint: 35411 ns, Total: 121842 ns
[2020-02-28T06:07:53.464+0000][1][safepoint    ] Safepoint "Cleanup", Time since last: 1003269675 ns, Reaching safepoint: 73608 ns, At safepoint: 6873 ns, Total: 80481 ns
[2020-02-28T06:07:54.464+0000][1][safepoint    ] Safepoint "Cleanup", Time since last: 1000610767 ns, Reaching safepoint: 91487 ns, At safepoint: 10834 ns, Total: 102321 ns
[2020-02-28T06:07:54.966+0000][1][safepoint    ] Safepoint "RevokeBias", Time since last: 501629258 ns, Reaching safepoint: 88039 ns, At safepoint: 22675 ns, Total: 110714 ns
[2020-02-28T06:07:55.971+0000][1][safepoint    ] Safepoint "Cleanup", Time since last: 1004860848 ns, Reaching safepoint: 167252 ns, At safepoint: 24007 ns, Total: 191259 ns
[2020-02-28T06:07:56.972+0000][1][safepoint    ] Safepoint "Cleanup", Time since last: 1000479059 ns, Reaching safepoint: 83162 ns, At safepoint: 9898 ns, Total: 93060 ns
[2020-02-28T06:07:57.471+0000][1][safepoint    ] Safepoint "RevokeBias", Time since last: 499064758 ns, Reaching safepoint: 160857 ns, At safepoint: 43016 ns, Total: 203873 ns
[2020-02-28T06:07:58.480+0000][1][safepoint    ] Safepoint "Cleanup", Time since last: 1009053627 ns, Reaching safepoint: 74788 ns, At safepoint: 7817 ns, Total: 82605 ns
[2020-02-28T06:07:59.481+0000][1][safepoint    ] Safepoint "Cleanup", Time since last: 1000672894 ns, Reaching safepoint: 75558 ns, At safepoint: 7932 ns, Total: 83490 ns
[2020-02-28T06:07:59.977+0000][1][safepoint    ] Safepoint "RevokeBias", Time since last: 496499089 ns, Reaching safepoint: 75450 ns, At safepoint: 20006 ns, Total: 95456 ns
[2020-02-28T06:08:00.981+0000][1][safepoint    ] Safepoint "Cleanup", Time since last: 1003074944 ns, Reaching safepoint: 61837 ns, At safepoint: 7236 ns, Total: 69073 ns
[2020-02-28T06:08:01.981+0000][1][safepoint    ] Safepoint "Cleanup", Time since last: 1000269406 ns, Reaching safepoint: 122216 ns, At safepoint: 13663 ns, Total: 135879 ns
[2020-02-28T06:08:02.481+0000][1][safepoint    ] Safepoint "RevokeBias", Time since last: 499922500 ns, Reaching safepoint: 78988 ns, At safepoint: 20258 ns, Total: 99246 ns
[2020-02-28T06:08:03.492+0000][1][safepoint    ] Safepoint "Cleanup", Time since last: 1010406254 ns, Reaching safepoint: 78197 ns, At safepoint: 8674 ns, Total: 86871 ns
[2020-02-28T06:08:04.492+0000][1][safepoint    ] Safepoint "Cleanup", Time since last: 1000245876 ns, Reaching safepoint: 80564 ns, At safepoint: 8760 ns, Total: 89324 ns
[2020-02-28T06:08:04.988+0000][1][safepoint    ] Safepoint "RevokeBias", Time since last: 495590302 ns, Reaching safepoint: 92548 ns, At safepoint: 22724 ns, Total: 115272 ns
[2020-02-28T06:08:05.989+0000][1][safepoint    ] Safepoint "Cleanup", Time since last: 1000634707 ns, Reaching safepoint: 250615 ns, At safepoint: 13400 ns, Total: 264015 ns
[2020-02-28T06:08:06.989+0000][1][safepoint    ] Safepoint "Cleanup", Time since last: 1000727068 ns, Reaching safepoint: 77342 ns, At safepoint: 8575 ns, Total: 85917 ns
[2020-02-28T06:08:07.498+0000][1][safepoint    ] Safepoint "RevokeBias", Time since last: 508794486 ns, Reaching safepoint: 75776 ns, At safepoint: 19277 ns, Total: 95053 ns
[2020-02-28T06:08:08.499+0000][1][safepoint    ] Safepoint "Cleanup", Time since last: 1000502010 ns, Reaching safepoint: 87719 ns, At safepoint: 10306 ns, Total: 98025 ns
[2020-02-28T06:08:09.500+0000][1][safepoint    ] Safepoint "Cleanup", Time since last: 1000658668 ns, Reaching safepoint: 86151 ns, At safepoint: 9869 ns, Total: 96020 ns
[2020-02-28T06:08:10.028+0000][1][safepoint    ] Safepoint "RevokeBias", Time since last: 528649575 ns, Reaching safepoint: 73902 ns, At safepoint: 18986 ns, Total: 92888 ns
[2020-02-28T06:08:11.029+0000][1][safepoint    ] Safepoint "Cleanup", Time since last: 1000296731 ns, Reaching safepoint: 90717 ns, At safepoint: 9767 ns, Total: 100484 ns
[2020-02-28T06:08:12.031+0000][1][safepoint    ] Safepoint "Cleanup", Time since last: 1001964061 ns, Reaching safepoint: 74201 ns, At safepoint: 6875 ns, Total: 81076 ns
[2020-02-28T06:08:12.550+0000][1][safepoint    ] Safepoint "RevokeBias", Time since last: 519351465 ns, Reaching safepoint: 98186 ns, At safepoint: 27410 ns, Total: 125596 ns
[2020-02-28T06:08:13.551+0000][1][safepoint    ] Safepoint "Cleanup", Time since last: 1000544577 ns, Reaching safepoint: 83309 ns, At safepoint: 8376 ns, Total: 91685 ns
[2020-02-28T06:08:14.552+0000][1][safepoint    ] Safepoint "Cleanup", Time since last: 1001375375 ns, Reaching safepoint: 59019 ns, At safepoint: 6754 ns, Total: 65773 ns
[2020-02-28T06:08:15.072+0000][1][safepoint    ] Safepoint "RevokeBias", Time since last: 519163314 ns, Reaching safepoint: 74117 ns, At safepoint: 19151 ns, Total: 93268 ns
[2020-02-28T06:08:16.072+0000][1][safepoint    ] Safepoint "Cleanup", Time since last: 1000737609 ns, Reaching safepoint: 77403 ns, At safepoint: 7264 ns, Total: 84667 ns
[2020-02-28T06:08:17.077+0000][1][safepoint    ] Safepoint "Cleanup", Time since last: 1004646011 ns, Reaching safepoint: 107066 ns, At safepoint: 7152 ns, Total: 114218 ns
[2020-02-28T06:08:17.579+0000][1][safepoint    ] Safepoint "RevokeBias", Time since last: 501487790 ns, Reaching safepoint: 87916 ns, At safepoint: 21876 ns, Total: 109792 ns
[2020-02-28T06:08:18.579+0000][1][safepoint    ] Safepoint "Cleanup", Time since last: 1000518639 ns, Reaching safepoint: 110754 ns, At safepoint: 9364 ns, Total: 120118 ns
[2020-02-28T06:08:19.588+0000][1][safepoint    ] Safepoint "Cleanup", Time since last: 1008473615 ns, Reaching safepoint: 177635 ns, At safepoint: 6911 ns, Total: 184546 ns
[2020-02-28T06:08:20.085+0000][1][safepoint    ] Safepoint "RevokeBias", Time since last: 496645915 ns, Reaching safepoint: 124601 ns, At safepoint: 26953 ns, Total: 151554 ns
[2020-02-28T06:08:21.087+0000][1][safepoint    ] Safepoint "Cleanup", Time since last: 1002494225 ns, Reaching safepoint: 76653 ns, At safepoint: 7714 ns, Total: 84367 ns
[2020-02-28T06:08:22.088+0000][1][safepoint    ] Safepoint "Cleanup", Time since last: 1000157090 ns, Reaching safepoint: 80456 ns, At safepoint: 8711 ns, Total: 89167 ns
[2020-02-28T06:08:22.589+0000][1][safepoint    ] Safepoint "RevokeBias", Time since last: 501708856 ns, Reaching safepoint: 74305 ns, At safepoint: 18999 ns, Total: 93304 ns
[2020-02-28T06:08:23.590+0000][1][safepoint    ] Safepoint "Cleanup", Time since last: 1000408256 ns, Reaching safepoint: 134015 ns, At safepoint: 8557 ns, Total: 142572 ns
[2020-02-28T06:08:24.591+0000][1][safepoint    ] Safepoint "Cleanup", Time since last: 1000790053 ns, Reaching safepoint: 80838 ns, At safepoint: 8506 ns, Total: 89344 ns
[2020-02-28T06:08:25.096+0000][1][safepoint    ] Safepoint "RevokeBias", Time since last: 504874391 ns, Reaching safepoint: 135476 ns, At safepoint: 45163 ns, Total: 180639 ns
[2020-02-28T06:08:26.101+0000][1][safepoint    ] Safepoint "Cleanup", Time since last: 1004743963 ns, Reaching safepoint: 78722 ns, At safepoint: 7621 ns, Total: 86343 ns
[2020-02-28T06:08:27.102+0000][1][safepoint    ] Safepoint "Cleanup", Time since last: 1000707371 ns, Reaching safepoint: 171842 ns, At safepoint: 16515 ns, Total: 188357 ns
[2020-02-28T06:08:27.626+0000][1][safepoint    ] Safepoint "RevokeBias", Time since last: 524321857 ns, Reaching safepoint: 166439 ns, At safepoint: 33788 ns, Total: 200227 ns
[2020-02-28T06:08:28.628+0000][1][safepoint    ] Safepoint "Cleanup", Time since last: 1001959603 ns, Reaching safepoint: 86014 ns, At safepoint: 6806 ns, Total: 92820 ns
[2020-02-28T06:08:29.629+0000][1][safepoint    ] Safepoint "Cleanup", Time since last: 1000305618 ns, Reaching safepoint: 87229 ns, At safepoint: 16886 ns, Total: 104115 ns
[2020-02-28T06:08:30.131+0000][1][safepoint    ] Safepoint "RevokeBias", Time since last: 501847084 ns, Reaching safepoint: 74067 ns, At safepoint: 19265 ns, Total: 93332 ns
[2020-02-28T06:08:31.132+0000][1][safepoint    ] Safepoint "Cleanup", Time since last: 1001000201 ns, Reaching safepoint: 169897 ns, At safepoint: 8699 ns, Total: 178596 ns
[2020-02-28T06:08:32.132+0000][1][safepoint    ] Safepoint "Cleanup", Time since last: 1000113558 ns, Reaching safepoint: 209198 ns, At safepoint: 23585 ns, Total: 232783 ns
[2020-02-28T06:08:32.641+0000][1][safepoint    ] Safepoint "RevokeBias", Time since last: 508925296 ns, Reaching safepoint: 77595 ns, At safepoint: 18473 ns, Total: 96068 ns
[2020-02-28T06:08:33.642+0000][1][safepoint    ] Safepoint "Cleanup", Time since last: 1000391466 ns, Reaching safepoint: 187201 ns, At safepoint: 25253 ns, Total: 212454 ns
[2020-02-28T06:08:34.643+0000][1][safepoint    ] Safepoint "Cleanup", Time since last: 1000642820 ns, Reaching safepoint: 110979 ns, At safepoint: 9047 ns, Total: 120026 ns
[2020-02-28T06:08:35.166+0000][1][safepoint    ] Safepoint "RevokeBias", Time since last: 523223448 ns, Reaching safepoint: 169925 ns, At safepoint: 49703 ns, Total: 219628 ns
[2020-02-28T06:08:37.083+0000][1][safepoint    ] Safepoint "Cleanup", Time since last: 1916592711 ns, Reaching safepoint: 87426 ns, At safepoint: 9423 ns, Total: 96849 ns
[2020-02-28T06:08:37.686+0000][1][safepoint    ] Safepoint "RevokeBias", Time since last: 602915709 ns, Reaching safepoint: 56403 ns, At safepoint: 17418 ns, Total: 73821 ns
[2020-02-28T06:08:38.686+0000][1][safepoint    ] Safepoint "Cleanup", Time since last: 1000236357 ns, Reaching safepoint: 102897 ns, At safepoint: 12623 ns, Total: 115520 ns
[2020-02-28T06:08:39.689+0000][1][safepoint    ] Safepoint "Cleanup", Time since last: 1002984398 ns, Reaching safepoint: 169675 ns, At safepoint: 10202 ns, Total: 179877 ns
[2020-02-28T06:08:40.208+0000][1][safepoint    ] Safepoint "RevokeBias", Time since last: 518884785 ns, Reaching safepoint: 72971 ns, At safepoint: 18711 ns, Total: 91682 ns
[2020-02-28T06:08:41.209+0000][1][safepoint    ] Safepoint "Cleanup", Time since last: 1000991706 ns, Reaching safepoint: 91081 ns, At safepoint: 10823 ns, Total: 101904 ns
[2020-02-28T06:08:42.217+0000][1][safepoint    ] Safepoint "Cleanup", Time since last: 1007869226 ns, Reaching safepoint: 95251 ns, At safepoint: 8168 ns, Total: 103419 ns
[2020-02-28T06:08:42.722+0000][1][safepoint    ] Safepoint "RevokeBias", Time since last: 504760259 ns, Reaching safepoint: 74723 ns, At safepoint: 18165 ns, Total: 92888 ns
[2020-02-28T06:08:43.723+0000][1][safepoint    ] Safepoint "Cleanup", Time since last: 1000803501 ns, Reaching safepoint: 89607 ns, At safepoint: 10139 ns, Total: 99746 ns
[2020-02-28T06:08:44.727+0000][1][safepoint    ] Safepoint "Cleanup", Time since last: 1003998605 ns, Reaching safepoint: 96813 ns, At safepoint: 7591 ns, Total: 104404 ns
[2020-02-28T06:08:45.227+0000][1][safepoint    ] Safepoint "RevokeBias", Time since last: 499479243 ns, Reaching safepoint: 79016 ns, At safepoint: 20245 ns, Total: 99261 ns
[2020-02-28T06:08:46.228+0000][1][safepoint    ] Safepoint "Cleanup", Time since last: 1000875199 ns, Reaching safepoint: 79443 ns, At safepoint: 7061 ns, Total: 86504 ns
[2020-02-28T06:08:46.695+0000][1][gc,start     ] GC(52) Pause Young (Allocation Failure)
[2020-02-28T06:08:46.695+0000][1][gc,task      ] GC(52) Using 1 workers of 1 for evacuation
[2020-02-28T06:08:46.711+0000][1][gc,age       ] GC(52) Desired survivor size 4358144 bytes, new threshold 6 (max threshold 6)
[2020-02-28T06:08:46.712+0000][1][gc,age       ] GC(52) Age table with threshold 6 (max threshold 6)
[2020-02-28T06:08:46.712+0000][1][gc,age       ] GC(52) - age   1:      10856 bytes,      10856 total
[2020-02-28T06:08:46.712+0000][1][gc,age       ] GC(52) - age   2:        712 bytes,      11568 total
[2020-02-28T06:08:46.712+0000][1][gc,age       ] GC(52) - age   3:       1056 bytes,      12624 total
[2020-02-28T06:08:46.712+0000][1][gc,age       ] GC(52) - age   4:        856 bytes,      13480 total
[2020-02-28T06:08:46.712+0000][1][gc,age       ] GC(52) - age   5:       5416 bytes,      18896 total
[2020-02-28T06:08:46.712+0000][1][gc,age       ] GC(52) - age   6:       2664 bytes,      21560 total
[2020-02-28T06:08:46.712+0000][1][gc,heap      ] GC(52) ParNew: 68168K->22K(76672K)
[2020-02-28T06:08:46.712+0000][1][gc,heap      ] GC(52) CMS: 62371K->62372K(963392K)
[2020-02-28T06:08:46.712+0000][1][gc,metaspace ] GC(52) Metaspace: 79541K->79541K(1122304K)
[2020-02-28T06:08:46.712+0000][1][gc           ] GC(52) Pause Young (Allocation Failure) 127M->60M(1015M) 16.369ms
[2020-02-28T06:08:46.712+0000][1][gc,cpu       ] GC(52) User=0.01s Sys=0.00s Real=0.02s
[2020-02-28T06:08:46.712+0000][1][safepoint    ] Safepoint "GenCollectForAllocation", Time since last: 467576986 ns, Reaching safepoint: 118086 ns, At safepoint: 16430337 ns, Total: 16548423 ns
[2020-02-28T06:08:47.713+0000][1][safepoint    ] Safepoint "Cleanup", Time since last: 1000747065 ns, Reaching safepoint: 80561 ns, At safepoint: 8900 ns, Total: 89461 ns
[2020-02-28T06:08:47.729+0000][1][safepoint    ] Safepoint "RevokeBias", Time since last: 16658070 ns, Reaching safepoint: 78913 ns, At safepoint: 19866 ns, Total: 98779 ns
[2020-02-28T06:08:48.734+0000][1][safepoint    ] Safepoint "Cleanup", Time since last: 1004496926 ns, Reaching safepoint: 72560 ns, At safepoint: 6274 ns, Total: 78834 ns
[2020-02-28T06:08:49.734+0000][1][safepoint    ] Safepoint "Cleanup", Time since last: 1000494843 ns, Reaching safepoint: 77209 ns, At safepoint: 6571 ns, Total: 83780 ns
[2020-02-28T06:08:50.236+0000][1][safepoint    ] Safepoint "BulkRevokeBias", Time since last: 501245811 ns, Reaching safepoint: 83917 ns, At safepoint: 270197 ns, Total: 354114 ns
[2020-02-28T06:08:51.239+0000][1][safepoint    ] Safepoint "Cleanup", Time since last: 1003135307 ns, Reaching safepoint: 87159 ns, At safepoint: 7025 ns, Total: 94184 ns
[2020-02-28T06:08:52.240+0000][1][safepoint    ] Safepoint "Cleanup", Time since last: 1000251011 ns, Reaching safepoint: 84294 ns, At safepoint: 7378 ns, Total: 91672 ns
[2020-02-28T06:08:52.743+0000][1][safepoint    ] Safepoint "RevokeBias", Time since last: 503393966 ns, Reaching safepoint: 80533 ns, At safepoint: 22136 ns, Total: 102669 ns
[2020-02-28T06:08:53.747+0000][1][safepoint    ] Safepoint "Cleanup", Time since last: 1003441676 ns, Reaching safepoint: 74735 ns, At safepoint: 7695 ns, Total: 82430 ns
[2020-02-28T06:08:54.748+0000][1][safepoint    ] Safepoint "Cleanup", Time since last: 1000852964 ns, Reaching safepoint: 80854 ns, At safepoint: 9102 ns, Total: 89956 ns
[2020-02-28T06:08:55.247+0000][1][safepoint    ] Safepoint "RevokeBias", Time since last: 499535889 ns, Reaching safepoint: 93973 ns, At safepoint: 19842 ns, Total: 113815 ns
[2020-02-28T06:08:56.256+0000][1][safepoint    ] Safepoint "Cleanup", Time since last: 1008552615 ns, Reaching safepoint: 149867 ns, At safepoint: 23088 ns, Total: 172955 ns
[2020-02-28T06:08:57.257+0000][1][safepoint    ] Safepoint "Cleanup", Time since last: 1000693301 ns, Reaching safepoint: 95410 ns, At safepoint: 10698 ns, Total: 106108 ns
[2020-02-28T06:08:57.749+0000][1][safepoint    ] Safepoint "RevokeBias", Time since last: 492514704 ns, Reaching safepoint: 79815 ns, At safepoint: 19689 ns, Total: 99504 ns
[2020-02-28T06:08:58.750+0000][1][safepoint    ] Safepoint "Cleanup", Time since last: 1000693348 ns, Reaching safepoint: 84963 ns, At safepoint: 8303 ns, Total: 93266 ns
[2020-02-28T06:08:59.751+0000][1][safepoint    ] Safepoint "Cleanup", Time since last: 1000315103 ns, Reaching safepoint: 84603 ns, At safepoint: 10369 ns, Total: 94972 ns
[2020-02-28T06:09:00.263+0000][1][safepoint    ] Safepoint "RevokeBias", Time since last: 512040965 ns, Reaching safepoint: 72530 ns, At safepoint: 19477 ns, Total: 92007 ns
[2020-02-28T06:09:01.263+0000][1][safepoint    ] Safepoint "Cleanup", Time since last: 1000251032 ns, Reaching safepoint: 79246 ns, At safepoint: 8637 ns, Total: 87883 ns
[2020-02-28T06:09:02.264+0000][1][safepoint    ] Safepoint "Cleanup", Time since last: 1000899730 ns, Reaching safepoint: 90223 ns, At safepoint: 11310 ns, Total: 101533 ns
[2020-02-28T06:09:02.784+0000][1][safepoint    ] Safepoint "RevokeBias", Time since last: 519892572 ns, Reaching safepoint: 57294 ns, At safepoint: 17507 ns, Total: 74801 ns
[2020-02-28T06:09:03.785+0000][1][safepoint    ] Safepoint "Cleanup", Time since last: 1000881742 ns, Reaching safepoint: 79849 ns, At safepoint: 8127 ns, Total: 87976 ns
[2020-02-28T06:09:04.786+0000][1][safepoint    ] Safepoint "Cleanup", Time since last: 1000443187 ns, Reaching safepoint: 64981 ns, At safepoint: 7691 ns, Total: 72672 ns
[2020-02-28T06:09:05.300+0000][1][safepoint    ] Safepoint "RevokeBias", Time since last: 514551646 ns, Reaching safepoint: 88848 ns, At safepoint: 22080 ns, Total: 110928 ns
[2020-02-28T06:09:07.086+0000][1][safepoint    ] Safepoint "Cleanup", Time since last: 1785785833 ns, Reaching safepoint: 62000 ns, At safepoint: 7743 ns, Total: 69743 ns
[2020-02-28T06:09:07.810+0000][1][safepoint    ] Safepoint "RevokeBias", Time since last: 723724676 ns, Reaching safepoint: 75337 ns, At safepoint: 18576 ns, Total: 93913 ns
[2020-02-28T06:09:08.810+0000][1][safepoint    ] Safepoint "Cleanup", Time since last: 1000522956 ns, Reaching safepoint: 91396 ns, At safepoint: 10941 ns, Total: 102337 ns
[2020-02-28T06:09:09.811+0000][1][safepoint    ] Safepoint "Cleanup", Time since last: 1000905974 ns, Reaching safepoint: 78394 ns, At safepoint: 8058 ns, Total: 86452 ns
[2020-02-28T06:09:10.316+0000][1][safepoint    ] Safepoint "RevokeBias", Time since last: 504658593 ns, Reaching safepoint: 83376 ns, At safepoint: 21416 ns, Total: 104792 ns
[2020-02-28T06:09:11.317+0000][1][safepoint    ] Safepoint "Cleanup", Time since last: 1000596689 ns, Reaching safepoint: 78238 ns, At safepoint: 7421 ns, Total: 85659 ns
[2020-02-28T06:09:12.317+0000][1][safepoint    ] Safepoint "Cleanup", Time since last: 1000290999 ns, Reaching safepoint: 82585 ns, At safepoint: 8928 ns, Total: 91513 ns
[2020-02-28T06:09:12.821+0000][1][safepoint    ] Safepoint "RevokeBias", Time since last: 503323683 ns, Reaching safepoint: 81825 ns, At safepoint: 24297 ns, Total: 106122 ns
[2020-02-28T06:09:13.826+0000][1][safepoint    ] Safepoint "Cleanup", Time since last: 1005160825 ns, Reaching safepoint: 58271 ns, At safepoint: 6837 ns, Total: 65108 ns
[2020-02-28T06:09:14.827+0000][1][safepoint    ] Safepoint "Cleanup", Time since last: 1001134046 ns, Reaching safepoint: 87418 ns, At safepoint: 9073 ns, Total: 96491 ns
[2020-02-28T06:09:15.326+0000][1][safepoint    ] Safepoint "RevokeBias", Time since last: 498861026 ns, Reaching safepoint: 88005 ns, At safepoint: 22381 ns, Total: 110386 ns
[2020-02-28T06:09:16.327+0000][1][safepoint    ] Safepoint "Cleanup", Time since last: 1000788043 ns, Reaching safepoint: 128051 ns, At safepoint: 6303 ns, Total: 134354 ns
[2020-02-28T06:09:17.328+0000][1][safepoint    ] Safepoint "Cleanup", Time since last: 1000883723 ns, Reaching safepoint: 96314 ns, At safepoint: 8971 ns, Total: 105285 ns
[2020-02-28T06:09:17.829+0000][1][safepoint    ] Safepoint "RevokeBias", Time since last: 500555456 ns, Reaching safepoint: 80270 ns, At safepoint: 20478 ns, Total: 100748 ns
[2020-02-28T06:09:18.832+0000][1][safepoint    ] Safepoint "Cleanup", Time since last: 1003687899 ns, Reaching safepoint: 71184 ns, At safepoint: 6667 ns, Total: 77851 ns
[2020-02-28T06:09:19.833+0000][1][safepoint    ] Safepoint "Cleanup", Time since last: 1000639351 ns, Reaching safepoint: 113822 ns, At safepoint: 7846 ns, Total: 121668 ns
[2020-02-28T06:09:20.336+0000][1][safepoint    ] Safepoint "RevokeBias", Time since last: 502324846 ns, Reaching safepoint: 77094 ns, At safepoint: 20704 ns, Total: 97798 ns
[2020-02-28T06:09:21.336+0000][1][safepoint    ] Safepoint "Cleanup", Time since last: 1000575924 ns, Reaching safepoint: 63336 ns, At safepoint: 7408 ns, Total: 70744 ns
[2020-02-28T06:09:22.337+0000][1][safepoint    ] Safepoint "Cleanup", Time since last: 1000784516 ns, Reaching safepoint: 78065 ns, At safepoint: 7746 ns, Total: 85811 ns
[2020-02-28T06:09:22.851+0000][1][safepoint    ] Safepoint "RevokeBias", Time since last: 513499770 ns, Reaching safepoint: 54598 ns, At safepoint: 17097 ns, Total: 71695 ns
[2020-02-28T06:09:23.851+0000][1][safepoint    ] Safepoint "Cleanup", Time since last: 1000432245 ns, Reaching safepoint: 90935 ns, At safepoint: 9458 ns, Total: 100393 ns
[2020-02-28T06:09:24.852+0000][1][safepoint    ] Safepoint "Cleanup", Time since last: 1000290944 ns, Reaching safepoint: 90054 ns, At safepoint: 10339 ns, Total: 100393 ns
[2020-02-28T06:09:25.370+0000][1][safepoint    ] Safepoint "RevokeBias", Time since last: 518671990 ns, Reaching safepoint: 107982 ns, At safepoint: 19444 ns, Total: 127426 ns
[2020-02-28T06:09:26.371+0000][1][safepoint    ] Safepoint "Cleanup", Time since last: 1000741017 ns, Reaching safepoint: 89724 ns, At safepoint: 11043 ns, Total: 100767 ns
[2020-02-28T06:09:27.373+0000][1][safepoint    ] Safepoint "Cleanup", Time since last: 1001575904 ns, Reaching safepoint: 90363 ns, At safepoint: 7208 ns, Total: 97571 ns
[2020-02-28T06:09:27.889+0000][1][safepoint    ] Safepoint "RevokeBias", Time since last: 516179993 ns, Reaching safepoint: 73751 ns, At safepoint: 19047 ns, Total: 92798 ns
[2020-02-28T06:09:28.890+0000][1][safepoint    ] Safepoint "Cleanup", Time since last: 1000613911 ns, Reaching safepoint: 89622 ns, At safepoint: 9842 ns, Total: 99464 ns
[2020-02-28T06:09:29.896+0000][1][safepoint    ] Safepoint "Cleanup", Time since last: 1005514959 ns, Reaching safepoint: 74406 ns, At safepoint: 7348 ns, Total: 81754 ns
[2020-02-28T06:09:30.403+0000][1][safepoint    ] Safepoint "RevokeBias", Time since last: 507567774 ns, Reaching safepoint: 74926 ns, At safepoint: 19412 ns, Total: 94338 ns
[2020-02-28T06:09:31.404+0000][1][safepoint    ] Safepoint "Cleanup", Time since last: 1000495794 ns, Reaching safepoint: 88767 ns, At safepoint: 10093 ns, Total: 98860 ns
[2020-02-28T06:09:32.409+0000][1][safepoint    ] Safepoint "Cleanup", Time since last: 1004707609 ns, Reaching safepoint: 94349 ns, At safepoint: 7997 ns, Total: 102346 ns
[2020-02-28T06:09:32.910+0000][1][safepoint    ] Safepoint "RevokeBias", Time since last: 501009865 ns, Reaching safepoint: 122417 ns, At safepoint: 23596 ns, Total: 146013 ns
[2020-02-28T06:09:33.911+0000][1][safepoint    ] Safepoint "Cleanup", Time since last: 1000798651 ns, Reaching safepoint: 198887 ns, At safepoint: 23983 ns, Total: 222870 ns
[2020-02-28T06:09:34.912+0000][1][safepoint    ] Safepoint "Cleanup", Time since last: 1000682746 ns, Reaching safepoint: 103262 ns, At safepoint: 9167 ns, Total: 112429 ns
[2020-02-28T06:09:35.416+0000][1][safepoint    ] Safepoint "RevokeBias", Time since last: 504654038 ns, Reaching safepoint: 86177 ns, At safepoint: 40211 ns, Total: 126388 ns
[2020-02-28T06:09:37.078+0000][1][safepoint    ] Safepoint "Cleanup", Time since last: 1661222447 ns, Reaching safepoint: 66391 ns, At safepoint: 7488 ns, Total: 73879 ns
[2020-02-28T06:09:37.920+0000][1][safepoint    ] Safepoint "RevokeBias", Time since last: 842528078 ns, Reaching safepoint: 73679 ns, At safepoint: 18366 ns, Total: 92045 ns
[2020-02-28T06:09:38.926+0000][1][safepoint    ] Safepoint "Cleanup", Time since last: 1005656951 ns, Reaching safepoint: 163009 ns, At safepoint: 7408 ns, Total: 170417 ns
[2020-02-28T06:09:39.927+0000][1][safepoint    ] Safepoint "Cleanup", Time since last: 1000639356 ns, Reaching safepoint: 88612 ns, At safepoint: 10161 ns, Total: 98773 ns
[2020-02-28T06:09:40.427+0000][1][safepoint    ] Safepoint "RevokeBias", Time since last: 500459428 ns, Reaching safepoint: 86973 ns, At safepoint: 22631 ns, Total: 109604 ns
[2020-02-28T06:09:41.431+0000][1][safepoint    ] Safepoint "Cleanup", Time since last: 1003427135 ns, Reaching safepoint: 113008 ns, At safepoint: 8887 ns, Total: 121895 ns
[2020-02-28T06:09:42.432+0000][1][safepoint    ] Safepoint "Cleanup", Time since last: 1000821701 ns, Reaching safepoint: 80004 ns, At safepoint: 10000 ns, Total: 90004 ns
[2020-02-28T06:09:42.933+0000][1][safepoint    ] Safepoint "RevokeBias", Time since last: 500691374 ns, Reaching safepoint: 146060 ns, At safepoint: 54496 ns, Total: 200556 ns
[2020-02-28T06:09:43.934+0000][1][safepoint    ] Safepoint "Cleanup", Time since last: 1000767853 ns, Reaching safepoint: 91336 ns, At safepoint: 10466 ns, Total: 101802 ns
[2020-02-28T06:09:44.935+0000][1][safepoint    ] Safepoint "Cleanup", Time since last: 1000906638 ns, Reaching safepoint: 86660 ns, At safepoint: 8934 ns, Total: 95594 ns
[2020-02-28T06:09:45.450+0000][1][safepoint    ] Safepoint "RevokeBias", Time since last: 514825060 ns, Reaching safepoint: 54821 ns, At safepoint: 15954 ns, Total: 70775 ns
[2020-02-28T06:09:46.450+0000][1][safepoint    ] Safepoint "Cleanup", Time since last: 1000752786 ns, Reaching safepoint: 78160 ns, At safepoint: 7983 ns, Total: 86143 ns
[2020-02-28T06:09:47.451+0000][1][safepoint    ] Safepoint "Cleanup", Time since last: 1000866249 ns, Reaching safepoint: 79520 ns, At safepoint: 7852 ns, Total: 87372 ns
[2020-02-28T06:09:47.975+0000][1][safepoint    ] Safepoint "RevokeBias", Time since last: 523528415 ns, Reaching safepoint: 55625 ns, At safepoint: 16928 ns, Total: 72553 ns
[2020-02-28T06:09:48.975+0000][1][safepoint    ] Safepoint "Cleanup", Time since last: 1000439789 ns, Reaching safepoint: 89568 ns, At safepoint: 10493 ns, Total: 100061 ns
[2020-02-28T06:09:49.978+0000][1][safepoint    ] Safepoint "Cleanup", Time since last: 1002441779 ns, Reaching safepoint: 61046 ns, At safepoint: 8072 ns, Total: 69118 ns
[2020-02-28T06:09:50.495+0000][1][safepoint    ] Safepoint "RevokeBias", Time since last: 516787415 ns, Reaching safepoint: 91167 ns, At safepoint: 33074 ns, Total: 124241 ns
[2020-02-28T06:09:51.495+0000][1][safepoint    ] Safepoint "Cleanup", Time since last: 1000273432 ns, Reaching safepoint: 88680 ns, At safepoint: 9090 ns, Total: 97770 ns
[2020-02-28T06:09:52.500+0000][1][safepoint    ] Safepoint "Cleanup", Time since last: 1004775794 ns, Reaching safepoint: 59577 ns, At safepoint: 7040 ns, Total: 66617 ns
[2020-02-28T06:09:53.005+0000][1][safepoint    ] Safepoint "RevokeBias", Time since last: 504838746 ns, Reaching safepoint: 86730 ns, At safepoint: 20182 ns, Total: 106912 ns
[2020-02-28T06:09:54.006+0000][1][safepoint    ] Safepoint "Cleanup", Time since last: 1000626148 ns, Reaching safepoint: 86330 ns, At safepoint: 21658 ns, Total: 107988 ns
[2020-02-28T06:09:55.011+0000][1][safepoint    ] Safepoint "Cleanup", Time since last: 1005343961 ns, Reaching safepoint: 60162 ns, At safepoint: 7774 ns, Total: 67936 ns
[2020-02-28T06:09:55.511+0000][1][safepoint    ] Safepoint "RevokeBias", Time since last: 499247739 ns, Reaching safepoint: 120297 ns, At safepoint: 20139 ns, Total: 140436 ns
[2020-02-28T06:09:56.511+0000][1][safepoint    ] Safepoint "Cleanup", Time since last: 1000357730 ns, Reaching safepoint: 68609 ns, At safepoint: 7428 ns, Total: 76037 ns
[2020-02-28T06:09:57.512+0000][1][safepoint    ] Safepoint "Cleanup", Time since last: 1000727453 ns, Reaching safepoint: 144634 ns, At safepoint: 9293 ns, Total: 153927 ns
[2020-02-28T06:09:58.015+0000][1][safepoint    ] Safepoint "RevokeBias", Time since last: 503291674 ns, Reaching safepoint: 118600 ns, At safepoint: 24661 ns, Total: 143261 ns
[2020-02-28T06:09:59.016+0000][1][safepoint    ] Safepoint "Cleanup", Time since last: 1000659481 ns, Reaching safepoint: 79889 ns, At safepoint: 22519 ns, Total: 102408 ns
[2020-02-28T06:10:00.017+0000][1][safepoint    ] Safepoint "Cleanup", Time since last: 1000910690 ns, Reaching safepoint: 124954 ns, At safepoint: 27837 ns, Total: 152791 ns
[2020-02-28T06:10:00.520+0000][1][safepoint    ] Safepoint "RevokeBias", Time since last: 502439538 ns, Reaching safepoint: 73956 ns, At safepoint: 19310 ns, Total: 93266 ns
[2020-02-28T06:10:01.522+0000][1][safepoint    ] Safepoint "Cleanup", Time since last: 1001817597 ns, Reaching safepoint: 80022 ns, At safepoint: 7114 ns, Total: 87136 ns
[2020-02-28T06:10:02.522+0000][1][safepoint    ] Safepoint "Cleanup", Time since last: 1000165334 ns, Reaching safepoint: 94623 ns, At safepoint: 13087 ns, Total: 107710 ns
[2020-02-28T06:10:03.026+0000][1][safepoint    ] Safepoint "BulkRevokeBias", Time since last: 504139917 ns, Reaching safepoint: 75687 ns, At safepoint: 340864 ns, Total: 416551 ns
[2020-02-28T06:10:04.028+0000][1][safepoint    ] Safepoint "Cleanup", Time since last: 1001699639 ns, Reaching safepoint: 90899 ns, At safepoint: 7290 ns, Total: 98189 ns
[2020-02-28T06:10:05.029+0000][1][safepoint    ] Safepoint "Cleanup", Time since last: 1000785908 ns, Reaching safepoint: 119319 ns, At safepoint: 32645 ns, Total: 151964 ns
[2020-02-28T06:10:05.529+0000][1][safepoint    ] Safepoint "RevokeBias", Time since last: 500014950 ns, Reaching safepoint: 82557 ns, At safepoint: 42817 ns, Total: 125374 ns
[2020-02-28T06:10:07.251+0000][1][safepoint    ] Safepoint "Cleanup", Time since last: 1721484618 ns, Reaching safepoint: 81478 ns, At safepoint: 8146 ns, Total: 89624 ns
[2020-02-28T06:10:08.048+0000][1][safepoint    ] Safepoint "RevokeBias", Time since last: 797222759 ns, Reaching safepoint: 78895 ns, At safepoint: 34577 ns, Total: 113472 ns
[2020-02-28T06:10:09.049+0000][1][safepoint    ] Safepoint "Cleanup", Time since last: 1000625389 ns, Reaching safepoint: 86407 ns, At safepoint: 9101 ns, Total: 95508 ns
[2020-02-28T06:10:10.050+0000][1][safepoint    ] Safepoint "Cleanup", Time since last: 1000527889 ns, Reaching safepoint: 122872 ns, At safepoint: 9379 ns, Total: 132251 ns
[2020-02-28T06:10:10.566+0000][1][safepoint    ] Safepoint "RevokeBias", Time since last: 516578013 ns, Reaching safepoint: 145742 ns, At safepoint: 18891 ns, Total: 164633 ns
[2020-02-28T06:10:11.567+0000][1][safepoint    ] Safepoint "Cleanup", Time since last: 1000362641 ns, Reaching safepoint: 84295 ns, At safepoint: 10364 ns, Total: 94659 ns
[2020-02-28T06:10:12.567+0000][1][safepoint    ] Safepoint "Cleanup", Time since last: 1000265591 ns, Reaching safepoint: 80702 ns, At safepoint: 22124 ns, Total: 102826 ns
[2020-02-28T06:10:13.083+0000][1][safepoint    ] Safepoint "RevokeBias", Time since last: 515788714 ns, Reaching safepoint: 57338 ns, At safepoint: 17156 ns, Total: 74494 ns
[2020-02-28T06:10:14.084+0000][1][safepoint    ] Safepoint "Cleanup", Time since last: 1000253615 ns, Reaching safepoint: 179880 ns, At safepoint: 8548 ns, Total: 188428 ns
[2020-02-28T06:10:15.084+0000][1][safepoint    ] Safepoint "Cleanup", Time since last: 1000620773 ns, Reaching safepoint: 181004 ns, At safepoint: 13061 ns, Total: 194065 ns
[2020-02-28T06:10:15.611+0000][1][safepoint    ] Safepoint "RevokeBias", Time since last: 526976027 ns, Reaching safepoint: 73253 ns, At safepoint: 20123 ns, Total: 93376 ns
[2020-02-28T06:10:16.612+0000][1][safepoint    ] Safepoint "Cleanup", Time since last: 1000264793 ns, Reaching safepoint: 87551 ns, At safepoint: 10250 ns, Total: 97801 ns
[2020-02-28T06:10:17.619+0000][1][safepoint    ] Safepoint "Cleanup", Time since last: 1007104859 ns, Reaching safepoint: 60345 ns, At safepoint: 7441 ns, Total: 67786 ns
[2020-02-28T06:10:18.141+0000][1][safepoint    ] Safepoint "RevokeBias", Time since last: 521608941 ns, Reaching safepoint: 75278 ns, At safepoint: 18841 ns, Total: 94119 ns
[2020-02-28T06:10:19.141+0000][1][safepoint    ] Safepoint "Cleanup", Time since last: 1000296828 ns, Reaching safepoint: 90540 ns, At safepoint: 10747 ns, Total: 101287 ns
[2020-02-28T06:10:20.145+0000][1][safepoint    ] Safepoint "Cleanup", Time since last: 1003959749 ns, Reaching safepoint: 108689 ns, At safepoint: 12228 ns, Total: 120917 ns
[2020-02-28T06:10:20.648+0000][1][safepoint    ] Safepoint "RevokeBias", Time since last: 503064800 ns, Reaching safepoint: 93365 ns, At safepoint: 37272 ns, Total: 130637 ns
[2020-02-28T06:10:21.649+0000][1][safepoint    ] Safepoint "Cleanup", Time since last: 1000261693 ns, Reaching safepoint: 85527 ns, At safepoint: 7570 ns, Total: 93097 ns
[2020-02-28T06:10:22.658+0000][1][safepoint    ] Safepoint "Cleanup", Time since last: 1009292030 ns, Reaching safepoint: 96712 ns, At safepoint: 8642 ns, Total: 105354 ns
[2020-02-28T06:10:23.151+0000][1][safepoint    ] Safepoint "RevokeBias", Time since last: 492590115 ns, Reaching safepoint: 98351 ns, At safepoint: 20145 ns, Total: 118496 ns
[2020-02-28T06:10:24.159+0000][1][safepoint    ] Safepoint "Cleanup", Time since last: 1007525707 ns, Reaching safepoint: 223588 ns, At safepoint: 8308 ns, Total: 231896 ns
[2020-02-28T06:10:25.159+0000][1][safepoint    ] Safepoint "Cleanup", Time since last: 1000363086 ns, Reaching safepoint: 89003 ns, At safepoint: 10327 ns, Total: 99330 ns
[2020-02-28T06:10:25.655+0000][1][safepoint    ] Safepoint "RevokeBias", Time since last: 495639273 ns, Reaching safepoint: 78731 ns, At safepoint: 19680 ns, Total: 98411 ns
[2020-02-28T06:10:26.660+0000][1][safepoint    ] Safepoint "Cleanup", Time since last: 1005401220 ns, Reaching safepoint: 143427 ns, At safepoint: 8900 ns, Total: 152327 ns
[2020-02-28T06:10:27.661+0000][1][safepoint    ] Safepoint "Cleanup", Time since last: 1000799771 ns, Reaching safepoint: 76641 ns, At safepoint: 8824 ns, Total: 85465 ns
[2020-02-28T06:10:28.160+0000][1][safepoint    ] Safepoint "RevokeBias", Time since last: 498575470 ns, Reaching safepoint: 159654 ns, At safepoint: 40242 ns, Total: 199896 ns
[2020-02-28T06:10:29.165+0000][1][safepoint    ] Safepoint "Cleanup", Time since last: 1004561187 ns, Reaching safepoint: 182936 ns, At safepoint: 27645 ns, Total: 210581 ns
[2020-02-28T06:10:30.166+0000][1][safepoint    ] Safepoint "Cleanup", Time since last: 1000776162 ns, Reaching safepoint: 132385 ns, At safepoint: 11949 ns, Total: 144334 ns
[2020-02-28T06:10:30.664+0000][1][safepoint    ] Safepoint "RevokeBias", Time since last: 498269882 ns, Reaching safepoint: 92905 ns, At safepoint: 20460 ns, Total: 113365 ns
[2020-02-28T06:10:31.669+0000][1][safepoint    ] Safepoint "Cleanup", Time since last: 1004529549 ns, Reaching safepoint: 77649 ns, At safepoint: 7845 ns, Total: 85494 ns
[2020-02-28T06:10:32.669+0000][1][safepoint    ] Safepoint "Cleanup", Time since last: 1000382083 ns, Reaching safepoint: 88624 ns, At safepoint: 11135 ns, Total: 99759 ns
[2020-02-28T06:10:33.181+0000][1][safepoint    ] Safepoint "RevokeBias", Time since last: 511475796 ns, Reaching safepoint: 58830 ns, At safepoint: 18489 ns, Total: 77319 ns
[2020-02-28T06:10:34.181+0000][1][safepoint    ] Safepoint "Cleanup", Time since last: 1000334281 ns, Reaching safepoint: 111240 ns, At safepoint: 7919 ns, Total: 119159 ns
[2020-02-28T06:10:35.181+0000][1][safepoint    ] Safepoint "Cleanup", Time since last: 1000135519 ns, Reaching safepoint: 104643 ns, At safepoint: 8300 ns, Total: 112943 ns
[2020-02-28T06:10:35.704+0000][1][safepoint    ] Safepoint "RevokeBias", Time since last: 522642160 ns, Reaching safepoint: 69546 ns, At safepoint: 36664 ns, Total: 106210 ns
[2020-02-28T06:10:36.705+0000][1][safepoint    ] Safepoint "Cleanup", Time since last: 1000425679 ns, Reaching safepoint: 91894 ns, At safepoint: 10304 ns, Total: 102198 ns
[2020-02-28T06:10:37.783+0000][1][safepoint    ] Safepoint "Cleanup", Time since last: 1077925060 ns, Reaching safepoint: 74784 ns, At safepoint: 5928 ns, Total: 80712 ns
[2020-02-28T06:10:38.224+0000][1][safepoint    ] Safepoint "RevokeBias", Time since last: 441574053 ns, Reaching safepoint: 53516 ns, At safepoint: 16926 ns, Total: 70442 ns
[2020-02-28T06:10:39.225+0000][1][safepoint    ] Safepoint "Cleanup", Time since last: 1000426710 ns, Reaching safepoint: 94133 ns, At safepoint: 9612 ns, Total: 103745 ns
[2020-02-28T06:10:40.226+0000][1][safepoint    ] Safepoint "Cleanup", Time since last: 1000883553 ns, Reaching safepoint: 112933 ns, At safepoint: 7501 ns, Total: 120434 ns
[2020-02-28T06:10:40.741+0000][1][safepoint    ] Safepoint "RevokeBias", Time since last: 515574932 ns, Reaching safepoint: 60988 ns, At safepoint: 19095 ns, Total: 80083 ns
[2020-02-28T06:10:41.742+0000][1][safepoint    ] Safepoint "Cleanup", Time since last: 1000417966 ns, Reaching safepoint: 78552 ns, At safepoint: 8949 ns, Total: 87501 ns
[2020-02-28T06:10:42.744+0000][1][safepoint    ] Safepoint "Cleanup", Time since last: 1001828203 ns, Reaching safepoint: 96675 ns, At safepoint: 9305 ns, Total: 105980 ns
[2020-02-28T06:10:43.257+0000][1][safepoint    ] Safepoint "RevokeBias", Time since last: 513309399 ns, Reaching safepoint: 72789 ns, At safepoint: 81426 ns, Total: 154215 ns
[2020-02-28T06:10:44.258+0000][1][safepoint    ] Safepoint "Cleanup", Time since last: 1000470402 ns, Reaching safepoint: 80860 ns, At safepoint: 8648 ns, Total: 89508 ns
[2020-02-28T06:10:45.264+0000][1][safepoint    ] Safepoint "Cleanup", Time since last: 1005626412 ns, Reaching safepoint: 81161 ns, At safepoint: 11964 ns, Total: 93125 ns
[2020-02-28T06:10:45.772+0000][1][safepoint    ] Safepoint "RevokeBias", Time since last: 508104875 ns, Reaching safepoint: 56006 ns, At safepoint: 18008 ns, Total: 74014 ns
[2020-02-28T06:10:46.772+0000][1][safepoint    ] Safepoint "Cleanup", Time since last: 1000201576 ns, Reaching safepoint: 79584 ns, At safepoint: 7583 ns, Total: 87167 ns
[2020-02-28T06:10:47.775+0000][1][safepoint    ] Safepoint "Cleanup", Time since last: 1003008899 ns, Reaching safepoint: 68655 ns, At safepoint: 6514 ns, Total: 75169 ns
[2020-02-28T06:10:48.278+0000][1][safepoint    ] Safepoint "RevokeBias", Time since last: 503123186 ns, Reaching safepoint: 116179 ns, At safepoint: 35964 ns, Total: 152143 ns
[2020-02-28T06:10:49.279+0000][1][safepoint    ] Safepoint "Cleanup", Time since last: 1000116154 ns, Reaching safepoint: 90361 ns, At safepoint: 10954 ns, Total: 101315 ns
[2020-02-28T06:10:50.295+0000][1][safepoint    ] Safepoint "Cleanup", Time since last: 1016113497 ns, Reaching safepoint: 109804 ns, At safepoint: 8784 ns, Total: 118588 ns
[2020-02-28T06:10:50.782+0000][1][safepoint    ] Safepoint "RevokeBias", Time since last: 486789013 ns, Reaching safepoint: 74367 ns, At safepoint: 19695 ns, Total: 94062 ns
[2020-02-28T06:10:51.782+0000][1][safepoint    ] Safepoint "Cleanup", Time since last: 1000304200 ns, Reaching safepoint: 92817 ns, At safepoint: 22182 ns, Total: 114999 ns
[2020-02-28T06:10:52.787+0000][1][safepoint    ] Safepoint "Cleanup", Time since last: 1004979198 ns, Reaching safepoint: 53054 ns, At safepoint: 6015 ns, Total: 59069 ns
[2020-02-28T06:10:53.287+0000][1][safepoint    ] Safepoint "RevokeBias", Time since last: 499697287 ns, Reaching safepoint: 98615 ns, At safepoint: 20469 ns, Total: 119084 ns
[2020-02-28T06:10:54.288+0000][1][safepoint    ] Safepoint "Cleanup", Time since last: 1000555810 ns, Reaching safepoint: 180341 ns, At safepoint: 13712 ns, Total: 194053 ns
[2020-02-28T06:10:55.291+0000][1][safepoint    ] Safepoint "Cleanup", Time since last: 1002930870 ns, Reaching safepoint: 61668 ns, At safepoint: 7629 ns, Total: 69297 ns
[2020-02-28T06:10:55.792+0000][1][safepoint    ] Safepoint "RevokeBias", Time since last: 500648965 ns, Reaching safepoint: 74534 ns, At safepoint: 19316 ns, Total: 93850 ns
[2020-02-28T06:10:56.800+0000][1][safepoint    ] Safepoint "Cleanup", Time since last: 1008076794 ns, Reaching safepoint: 169036 ns, At safepoint: 9010 ns, Total: 178046 ns
[2020-02-28T06:10:57.800+0000][1][safepoint    ] Safepoint "Cleanup", Time since last: 1000321198 ns, Reaching safepoint: 108515 ns, At safepoint: 11965 ns, Total: 120480 ns
[2020-02-28T06:10:58.295+0000][1][safepoint    ] Safepoint "RevokeBias", Time since last: 494540239 ns, Reaching safepoint: 76017 ns, At safepoint: 19693 ns, Total: 95710 ns
[2020-02-28T06:10:59.301+0000][1][safepoint    ] Safepoint "Cleanup", Time since last: 1006024417 ns, Reaching safepoint: 115633 ns, At safepoint: 10454 ns, Total: 126087 ns
[2020-02-28T06:11:00.303+0000][1][safepoint    ] Safepoint "Cleanup", Time since last: 1001976295 ns, Reaching safepoint: 112368 ns, At safepoint: 8478 ns, Total: 120846 ns
[2020-02-28T06:11:00.799+0000][1][safepoint    ] Safepoint "RevokeBias", Time since last: 495780391 ns, Reaching safepoint: 132405 ns, At safepoint: 66276 ns, Total: 198681 ns
[2020-02-28T06:11:01.804+0000][1][safepoint    ] Safepoint "Cleanup", Time since last: 1004427308 ns, Reaching safepoint: 60595 ns, At safepoint: 7968 ns, Total: 68563 ns
[2020-02-28T06:11:02.804+0000][1][safepoint    ] Safepoint "Cleanup", Time since last: 1000770685 ns, Reaching safepoint: 76045 ns, At safepoint: 7888 ns, Total: 83933 ns
[2020-02-28T06:11:03.303+0000][1][safepoint    ] Safepoint "RevokeBias", Time since last: 498404830 ns, Reaching safepoint: 186728 ns, At safepoint: 20863 ns, Total: 207591 ns
[2020-02-28T06:11:04.313+0000][1][safepoint    ] Safepoint "Cleanup", Time since last: 1009797331 ns, Reaching safepoint: 57515 ns, At safepoint: 6291 ns, Total: 63806 ns
[2020-02-28T06:11:05.314+0000][1][safepoint    ] Safepoint "Cleanup", Time since last: 1000730502 ns, Reaching safepoint: 109281 ns, At safepoint: 9893 ns, Total: 119174 ns
[2020-02-28T06:11:05.812+0000][1][gc,start     ] GC(53) Pause Young (Allocation Failure)
[2020-02-28T06:11:05.812+0000][1][gc,task      ] GC(53) Using 1 workers of 1 for evacuation
[2020-02-28T06:11:05.834+0000][1][gc,age       ] GC(53) Desired survivor size 4358144 bytes, new threshold 6 (max threshold 6)
[2020-02-28T06:11:05.834+0000][1][gc,age       ] GC(53) Age table with threshold 6 (max threshold 6)
[2020-02-28T06:11:05.835+0000][1][gc,age       ] GC(53) - age   1:      11224 bytes,      11224 total
[2020-02-28T06:11:05.835+0000][1][gc,age       ] GC(53) - age   3:        472 bytes,      11696 total
[2020-02-28T06:11:05.835+0000][1][gc,age       ] GC(53) - age   4:       1056 bytes,      12752 total
[2020-02-28T06:11:05.835+0000][1][gc,age       ] GC(53) - age   5:        856 bytes,      13608 total
[2020-02-28T06:11:05.835+0000][1][gc,age       ] GC(53) - age   6:       5416 bytes,      19024 total
[2020-02-28T06:11:05.835+0000][1][gc,heap      ] GC(53) ParNew: 68182K->21K(76672K)
[2020-02-28T06:11:05.835+0000][1][gc,heap      ] GC(53) CMS: 62372K->62375K(963392K)
[2020-02-28T06:11:05.835+0000][1][gc,metaspace ] GC(53) Metaspace: 79565K->79565K(1122304K)
[2020-02-28T06:11:05.835+0000][1][gc           ] GC(53) Pause Young (Allocation Failure) 127M->60M(1015M) 22.750ms
[2020-02-28T06:11:05.835+0000][1][gc,cpu       ] GC(53) User=0.01s Sys=0.00s Real=0.02s
[2020-02-28T06:11:05.835+0000][1][safepoint    ] Safepoint "GenCollectForAllocation", Time since last: 498044505 ns, Reaching safepoint: 54267 ns, At safepoint: 22851531 ns, Total: 22905798 ns
[2020-02-28T06:11:05.836+0000][1][safepoint    ] Safepoint "RevokeBias", Time since last: 1285181 ns, Reaching safepoint: 67747 ns, At safepoint: 17272 ns, Total: 85019 ns
[2020-02-28T06:11:07.225+0000][1][safepoint    ] Safepoint "Cleanup", Time since last: 1388276110 ns, Reaching safepoint: 135539 ns, At safepoint: 23768 ns, Total: 159307 ns
[2020-02-28T06:11:08.227+0000][1][safepoint    ] Safepoint "Cleanup", Time since last: 1002048097 ns, Reaching safepoint: 57831 ns, At safepoint: 6544 ns, Total: 64375 ns
[2020-02-28T06:11:08.354+0000][1][safepoint    ] Safepoint "RevokeBias", Time since last: 127427809 ns, Reaching safepoint: 117312 ns, At safepoint: 19221 ns, Total: 136533 ns
[2020-02-28T06:11:09.355+0000][1][safepoint    ] Safepoint "Cleanup", Time since last: 1000497736 ns, Reaching safepoint: 80412 ns, At safepoint: 7837 ns, Total: 88249 ns
[2020-02-28T06:11:10.358+0000][1][safepoint    ] Safepoint "Cleanup", Time since last: 1002695832 ns, Reaching safepoint: 78169 ns, At safepoint: 7283 ns, Total: 85452 ns
[2020-02-28T06:11:10.869+0000][1][safepoint    ] Safepoint "RevokeBias", Time since last: 511700168 ns, Reaching safepoint: 56276 ns, At safepoint: 18326 ns, Total: 74602 ns
[2020-02-28T06:11:11.870+0000][1][safepoint    ] Safepoint "Cleanup", Time since last: 1000254246 ns, Reaching safepoint: 76054 ns, At safepoint: 8210 ns, Total: 84264 ns
[2020-02-28T06:11:12.876+0000][1][safepoint    ] Safepoint "Cleanup", Time since last: 1005892248 ns, Reaching safepoint: 63240 ns, At safepoint: 8226 ns, Total: 71466 ns
[2020-02-28T06:11:13.391+0000][1][safepoint    ] Safepoint "RevokeBias", Time since last: 515706209 ns, Reaching safepoint: 53915 ns, At safepoint: 16848 ns, Total: 70763 ns
[2020-02-28T06:11:14.392+0000][1][safepoint    ] Safepoint "Cleanup", Time since last: 1000232487 ns, Reaching safepoint: 91629 ns, At safepoint: 12725 ns, Total: 104354 ns
[2020-02-28T06:11:15.401+0000][1][safepoint    ] Safepoint "Cleanup", Time since last: 1008989369 ns, Reaching safepoint: 75475 ns, At safepoint: 7261 ns, Total: 82736 ns
[2020-02-28T06:11:15.900+0000][1][safepoint    ] Safepoint "BulkRevokeBias", Time since last: 498395182 ns, Reaching safepoint: 76822 ns, At safepoint: 204813 ns, Total: 281635 ns
[2020-02-28T06:11:16.901+0000][1][safepoint    ] Safepoint "Cleanup", Time since last: 1000967489 ns, Reaching safepoint: 89790 ns, At safepoint: 10052 ns, Total: 99842 ns
[2020-02-28T06:11:17.902+0000][1][safepoint    ] Safepoint "Cleanup", Time since last: 1001272373 ns, Reaching safepoint: 139460 ns, At safepoint: 7435 ns, Total: 146895 ns
[2020-02-28T06:11:18.403+0000][1][safepoint    ] Safepoint "RevokeBias", Time since last: 501309626 ns, Reaching safepoint: 91481 ns, At safepoint: 24234 ns, Total: 115715 ns
[2020-02-28T06:11:19.404+0000][1][safepoint    ] Safepoint "Cleanup", Time since last: 1000493011 ns, Reaching safepoint: 77942 ns, At safepoint: 8643 ns, Total: 86585 ns
[2020-02-28T06:11:20.405+0000][1][safepoint    ] Safepoint "Cleanup", Time since last: 1000662126 ns, Reaching safepoint: 87788 ns, At safepoint: 10366 ns, Total: 98154 ns
[2020-02-28T06:11:20.908+0000][1][safepoint    ] Safepoint "RevokeBias", Time since last: 502902222 ns, Reaching safepoint: 80064 ns, At safepoint: 19855 ns, Total: 99919 ns
[2020-02-28T06:11:21.909+0000][1][safepoint    ] Safepoint "Cleanup", Time since last: 1001295784 ns, Reaching safepoint: 74426 ns, At safepoint: 7114 ns, Total: 81540 ns
[2020-02-28T06:11:22.910+0000][1][safepoint    ] Safepoint "Cleanup", Time since last: 1000267699 ns, Reaching safepoint: 89344 ns, At safepoint: 10582 ns, Total: 99926 ns
[2020-02-28T06:11:23.410+0000][1][safepoint    ] Safepoint "RevokeBias", Time since last: 500191357 ns, Reaching safepoint: 74173 ns, At safepoint: 18503 ns, Total: 92676 ns
[2020-02-28T06:11:24.411+0000][1][safepoint    ] Safepoint "Cleanup", Time since last: 1000962565 ns, Reaching safepoint: 200780 ns, At safepoint: 21125 ns, Total: 221905 ns
[2020-02-28T06:11:25.412+0000][1][safepoint    ] Safepoint "Cleanup", Time since last: 1000435371 ns, Reaching safepoint: 88793 ns, At safepoint: 11241 ns, Total: 100034 ns
[2020-02-28T06:11:25.914+0000][1][safepoint    ] Safepoint "RevokeBias", Time since last: 502361483 ns, Reaching safepoint: 88304 ns, At safepoint: 21976 ns, Total: 110280 ns
[2020-02-28T06:11:26.920+0000][1][safepoint    ] Safepoint "Cleanup", Time since last: 1005881321 ns, Reaching safepoint: 74513 ns, At safepoint: 7122 ns, Total: 81635 ns
[2020-02-28T06:11:27.920+0000][1][safepoint    ] Safepoint "Cleanup", Time since last: 1000150409 ns, Reaching safepoint: 79031 ns, At safepoint: 8152 ns, Total: 87183 ns
[2020-02-28T06:11:28.417+0000][1][safepoint    ] Safepoint "RevokeBias", Time since last: 496929254 ns, Reaching safepoint: 93083 ns, At safepoint: 20515 ns, Total: 113598 ns
[2020-02-28T06:11:29.418+0000][1][safepoint    ] Safepoint "Cleanup", Time since last: 1000416096 ns, Reaching safepoint: 79179 ns, At safepoint: 8498 ns, Total: 87677 ns
[2020-02-28T06:11:30.419+0000][1][safepoint    ] Safepoint "Cleanup", Time since last: 1000725520 ns, Reaching safepoint: 76973 ns, At safepoint: 7877 ns, Total: 84850 ns
[2020-02-28T06:11:30.926+0000][1][safepoint    ] Safepoint "RevokeBias", Time since last: 507569830 ns, Reaching safepoint: 229097 ns, At safepoint: 22006 ns, Total: 251103 ns
[2020-02-28T06:11:31.927+0000][1][safepoint    ] Safepoint "Cleanup", Time since last: 1000348926 ns, Reaching safepoint: 79444 ns, At safepoint: 8166 ns, Total: 87610 ns
[2020-02-28T06:11:32.928+0000][1][safepoint    ] Safepoint "Cleanup", Time since last: 1000687359 ns, Reaching safepoint: 77235 ns, At safepoint: 8441 ns, Total: 85676 ns
[2020-02-28T06:11:33.457+0000][1][safepoint    ] Safepoint "RevokeBias", Time since last: 529588774 ns, Reaching safepoint: 187482 ns, At safepoint: 54156 ns, Total: 241638 ns
[2020-02-28T06:11:34.458+0000][1][safepoint    ] Safepoint "Cleanup", Time since last: 1000406992 ns, Reaching safepoint: 152158 ns, At safepoint: 8617 ns, Total: 160775 ns
[2020-02-28T06:11:35.460+0000][1][safepoint    ] Safepoint "Cleanup", Time since last: 1002188728 ns, Reaching safepoint: 153761 ns, At safepoint: 10076 ns, Total: 163837 ns
[2020-02-28T06:11:35.980+0000][1][safepoint    ] Safepoint "RevokeBias", Time since last: 519642284 ns, Reaching safepoint: 74732 ns, At safepoint: 36762 ns, Total: 111494 ns
[2020-02-28T06:11:37.194+0000][1][safepoint    ] Safepoint "Cleanup", Time since last: 1213564989 ns, Reaching safepoint: 113170 ns, At safepoint: 25297 ns, Total: 138467 ns
[2020-02-28T06:11:38.196+0000][1][safepoint    ] Safepoint "Cleanup", Time since last: 1002227428 ns, Reaching safepoint: 106558 ns, At safepoint: 8023 ns, Total: 114581 ns
[2020-02-28T06:11:38.489+0000][1][safepoint    ] Safepoint "RevokeBias", Time since last: 293029239 ns, Reaching safepoint: 87885 ns, At safepoint: 21865 ns, Total: 109750 ns
[2020-02-28T06:11:39.490+0000][1][safepoint    ] Safepoint "Cleanup", Time since last: 1000313211 ns, Reaching safepoint: 88076 ns, At safepoint: 8506 ns, Total: 96582 ns
[2020-02-28T06:11:40.492+0000][1][safepoint    ] Safepoint "Cleanup", Time since last: 1002111148 ns, Reaching safepoint: 119110 ns, At safepoint: 8900 ns, Total: 128010 ns
[2020-02-28T06:11:40.994+0000][1][safepoint    ] Safepoint "RevokeBias", Time since last: 501976447 ns, Reaching safepoint: 75101 ns, At safepoint: 18943 ns, Total: 94044 ns
[2020-02-28T06:11:41.995+0000][1][safepoint    ] Safepoint "Cleanup", Time since last: 1000609809 ns, Reaching safepoint: 93776 ns, At safepoint: 14078 ns, Total: 107854 ns
[2020-02-28T06:11:42.995+0000][1][safepoint    ] Safepoint "Cleanup", Time since last: 1000582897 ns, Reaching safepoint: 79092 ns, At safepoint: 9225 ns, Total: 88317 ns
[2020-02-28T06:11:43.500+0000][1][safepoint    ] Safepoint "RevokeBias", Time since last: 504380186 ns, Reaching safepoint: 145306 ns, At safepoint: 71510 ns, Total: 216816 ns
[2020-02-28T06:11:44.510+0000][1][safepoint    ] Safepoint "Cleanup", Time since last: 1010071556 ns, Reaching safepoint: 61609 ns, At safepoint: 7799 ns, Total: 69408 ns
[2020-02-28T06:11:45.511+0000][1][safepoint    ] Safepoint "Cleanup", Time since last: 1000578681 ns, Reaching safepoint: 82033 ns, At safepoint: 8469 ns, Total: 90502 ns
[2020-02-28T06:11:46.004+0000][1][safepoint    ] Safepoint "RevokeBias", Time since last: 493193298 ns, Reaching safepoint: 73830 ns, At safepoint: 18983 ns, Total: 92813 ns
[2020-02-28T06:11:47.012+0000][1][safepoint    ] Safepoint "Cleanup", Time since last: 1007733927 ns, Reaching safepoint: 59744 ns, At safepoint: 7275 ns, Total: 67019 ns
[2020-02-28T06:11:48.012+0000][1][safepoint    ] Safepoint "Cleanup", Time since last: 1000405021 ns, Reaching safepoint: 81160 ns, At safepoint: 9777 ns, Total: 90937 ns
[2020-02-28T06:11:48.509+0000][1][safepoint    ] Safepoint "RevokeBias", Time since last: 496163070 ns, Reaching safepoint: 85896 ns, At safepoint: 21845 ns, Total: 107741 ns
[2020-02-28T06:11:49.514+0000][1][safepoint    ] Safepoint "Cleanup", Time since last: 1005173584 ns, Reaching safepoint: 58000 ns, At safepoint: 5945 ns, Total: 63945 ns
[2020-02-28T06:11:50.514+0000][1][safepoint    ] Safepoint "Cleanup", Time since last: 1000199393 ns, Reaching safepoint: 80343 ns, At safepoint: 7955 ns, Total: 88298 ns
[2020-02-28T06:11:51.012+0000][1][safepoint    ] Safepoint "RevokeBias", Time since last: 497985208 ns, Reaching safepoint: 76226 ns, At safepoint: 19574 ns, Total: 95800 ns
[2020-02-28T06:11:52.013+0000][1][safepoint    ] Safepoint "Cleanup", Time since last: 1000701113 ns, Reaching safepoint: 77900 ns, At safepoint: 9657 ns, Total: 87557 ns
[2020-02-28T06:11:53.013+0000][1][safepoint    ] Safepoint "Cleanup", Time since last: 1000152856 ns, Reaching safepoint: 79815 ns, At safepoint: 9338 ns, Total: 89153 ns
[2020-02-28T06:11:53.521+0000][1][safepoint    ] Safepoint "RevokeBias", Time since last: 507804929 ns, Reaching safepoint: 58239 ns, At safepoint: 19257 ns, Total: 77496 ns
[2020-02-28T06:11:54.522+0000][1][safepoint    ] Safepoint "Cleanup", Time since last: 1000730604 ns, Reaching safepoint: 90552 ns, At safepoint: 10407 ns, Total: 100959 ns
[2020-02-28T06:11:55.522+0000][1][safepoint    ] Safepoint "Cleanup", Time since last: 1000274844 ns, Reaching safepoint: 95284 ns, At safepoint: 7432 ns, Total: 102716 ns
[2020-02-28T06:11:56.046+0000][1][safepoint    ] Safepoint "RevokeBias", Time since last: 519738692 ns, Reaching safepoint: 3882341 ns, At safepoint: 27882 ns, Total: 3910223 ns
[2020-02-28T06:11:57.047+0000][1][safepoint    ] Safepoint "Cleanup", Time since last: 1000464910 ns, Reaching safepoint: 83484 ns, At safepoint: 8605 ns, Total: 92089 ns
[2020-02-28T06:11:58.047+0000][1][safepoint    ] Safepoint "Cleanup", Time since last: 1000634840 ns, Reaching safepoint: 76563 ns, At safepoint: 7589 ns, Total: 84152 ns
[2020-02-28T06:11:58.563+0000][1][safepoint    ] Safepoint "RevokeBias", Time since last: 515830471 ns, Reaching safepoint: 91392 ns, At safepoint: 18940 ns, Total: 110332 ns
[2020-02-28T06:11:59.564+0000][1][safepoint    ] Safepoint "Cleanup", Time since last: 1000507731 ns, Reaching safepoint: 87834 ns, At safepoint: 10306 ns, Total: 98140 ns
[2020-02-28T06:12:00.567+0000][1][safepoint    ] Safepoint "Cleanup", Time since last: 1002780003 ns, Reaching safepoint: 62149 ns, At safepoint: 7857 ns, Total: 70006 ns
[2020-02-28T06:12:01.075+0000][1][safepoint    ] Safepoint "RevokeBias", Time since last: 508020014 ns, Reaching safepoint: 81829 ns, At safepoint: 19464 ns, Total: 101293 ns
[2020-02-28T06:12:02.076+0000][1][safepoint    ] Safepoint "Cleanup", Time since last: 1000770559 ns, Reaching safepoint: 88131 ns, At safepoint: 9810 ns, Total: 97941 ns
[2020-02-28T06:12:03.077+0000][1][safepoint    ] Safepoint "Cleanup", Time since last: 1000982245 ns, Reaching safepoint: 76704 ns, At safepoint: 7858 ns, Total: 84562 ns
[2020-02-28T06:12:03.581+0000][1][safepoint    ] Safepoint "RevokeBias", Time since last: 504444562 ns, Reaching safepoint: 90087 ns, At safepoint: 20691 ns, Total: 110778 ns
[2020-02-28T06:12:04.582+0000][1][safepoint    ] Safepoint "Cleanup", Time since last: 1000471544 ns, Reaching safepoint: 86840 ns, At safepoint: 11669 ns, Total: 98509 ns
[2020-02-28T06:12:05.582+0000][1][safepoint    ] Safepoint "Cleanup", Time since last: 1000134346 ns, Reaching safepoint: 107289 ns, At safepoint: 9624 ns, Total: 116913 ns
[2020-02-28T06:12:06.094+0000][1][safepoint    ] Safepoint "RevokeBias", Time since last: 510103455 ns, Reaching safepoint: 1223990 ns, At safepoint: 40551 ns, Total: 1264541 ns
[2020-02-28T06:12:07.097+0000][1][safepoint    ] Safepoint "Cleanup", Time since last: 1003328132 ns, Reaching safepoint: 65952 ns, At safepoint: 7381 ns, Total: 73333 ns
[2020-02-28T06:12:08.097+0000][1][safepoint    ] Safepoint "Cleanup", Time since last: 1000379952 ns, Reaching safepoint: 79768 ns, At safepoint: 7681 ns, Total: 87449 ns
[2020-02-28T06:12:08.595+0000][1][safepoint    ] Safepoint "RevokeBias", Time since last: 497245503 ns, Reaching safepoint: 87872 ns, At safepoint: 22069 ns, Total: 109941 ns
[2020-02-28T06:12:09.597+0000][1][safepoint    ] Safepoint "Cleanup", Time since last: 1002157572 ns, Reaching safepoint: 77405 ns, At safepoint: 23010 ns, Total: 100415 ns
[2020-02-28T06:12:10.598+0000][1][safepoint    ] Safepoint "Cleanup", Time since last: 1000545002 ns, Reaching safepoint: 88636 ns, At safepoint: 10495 ns, Total: 99131 ns
[2020-02-28T06:12:11.099+0000][1][safepoint    ] Safepoint "RevokeBias", Time since last: 501112803 ns, Reaching safepoint: 78987 ns, At safepoint: 49846 ns, Total: 128833 ns
[2020-02-28T06:12:12.105+0000][1][safepoint    ] Safepoint "Cleanup", Time since last: 1005605964 ns, Reaching safepoint: 61626 ns, At safepoint: 8199 ns, Total: 69825 ns
[2020-02-28T06:12:13.105+0000][1][safepoint    ] Safepoint "Cleanup", Time since last: 1000747854 ns, Reaching safepoint: 78726 ns, At safepoint: 7836 ns, Total: 86562 ns
[2020-02-28T06:12:13.611+0000][1][safepoint    ] Safepoint "RevokeBias", Time since last: 505659291 ns, Reaching safepoint: 73897 ns, At safepoint: 37594 ns, Total: 111491 ns
[2020-02-28T06:12:14.612+0000][1][safepoint    ] Safepoint "Cleanup", Time since last: 1000429776 ns, Reaching safepoint: 87988 ns, At safepoint: 9072 ns, Total: 97060 ns
[2020-02-28T06:12:16.123+0000][1][safepoint    ] Safepoint "RevokeBias", Time since last: 1511326090 ns, Reaching safepoint: 53763 ns, At safepoint: 16698 ns, Total: 70461 ns
[2020-02-28T06:12:17.124+0000][1][safepoint    ] Safepoint "Cleanup", Time since last: 1000427471 ns, Reaching safepoint: 79415 ns, At safepoint: 7595 ns, Total: 87010 ns
[2020-02-28T06:12:18.124+0000][1][safepoint    ] Safepoint "Cleanup", Time since last: 1000164459 ns, Reaching safepoint: 90015 ns, At safepoint: 10762 ns, Total: 100777 ns
[2020-02-28T06:12:18.641+0000][1][safepoint    ] Safepoint "RevokeBias", Time since last: 517349661 ns, Reaching safepoint: 72747 ns, At safepoint: 18603 ns, Total: 91350 ns
[2020-02-28T06:12:19.642+0000][1][safepoint    ] Safepoint "Cleanup", Time since last: 1000601745 ns, Reaching safepoint: 92229 ns, At safepoint: 11629 ns, Total: 103858 ns
[2020-02-28T06:12:20.648+0000][1][safepoint    ] Safepoint "Cleanup", Time since last: 1005519771 ns, Reaching safepoint: 74162 ns, At safepoint: 6420 ns, Total: 80582 ns
[2020-02-28T06:12:21.163+0000][1][safepoint    ] Safepoint "RevokeBias", Time since last: 514878231 ns, Reaching safepoint: 72332 ns, At safepoint: 18359 ns, Total: 90691 ns
[2020-02-28T06:12:22.164+0000][1][safepoint    ] Safepoint "Cleanup", Time since last: 1000710845 ns, Reaching safepoint: 205395 ns, At safepoint: 9299 ns, Total: 214694 ns
[2020-02-28T06:12:23.165+0000][1][safepoint    ] Safepoint "Cleanup", Time since last: 1001180703 ns, Reaching safepoint: 135921 ns, At safepoint: 20982 ns, Total: 156903 ns
[2020-02-28T06:12:23.671+0000][1][safepoint    ] Safepoint "RevokeBias", Time since last: 505598141 ns, Reaching safepoint: 73723 ns, At safepoint: 18236 ns, Total: 91959 ns
[2020-02-28T06:12:24.671+0000][1][safepoint    ] Safepoint "Cleanup", Time since last: 1000114452 ns, Reaching safepoint: 88950 ns, At safepoint: 8965 ns, Total: 97915 ns
[2020-02-28T06:12:25.680+0000][1][safepoint    ] Safepoint "Cleanup", Time since last: 1009304884 ns, Reaching safepoint: 78022 ns, At safepoint: 7639 ns, Total: 85661 ns
[2020-02-28T06:12:26.175+0000][1][safepoint    ] Safepoint "RevokeBias", Time since last: 494343248 ns, Reaching safepoint: 117297 ns, At safepoint: 24729 ns, Total: 142026 ns
[2020-02-28T06:12:27.176+0000][1][safepoint    ] Safepoint "Cleanup", Time since last: 1000833098 ns, Reaching safepoint: 87789 ns, At safepoint: 9893 ns, Total: 97682 ns
[2020-02-28T06:12:28.176+0000][1][safepoint    ] Safepoint "Cleanup", Time since last: 1000679730 ns, Reaching safepoint: 94983 ns, At safepoint: 14808 ns, Total: 109791 ns
[2020-02-28T06:12:28.677+0000][1][safepoint    ] Safepoint "BulkRevokeBias", Time since last: 499984515 ns, Reaching safepoint: 75128 ns, At safepoint: 254384 ns, Total: 329512 ns
[2020-02-28T06:12:29.683+0000][1][safepoint    ] Safepoint "Cleanup", Time since last: 1006165325 ns, Reaching safepoint: 104172 ns, At safepoint: 6679 ns, Total: 110851 ns
[2020-02-28T06:12:30.684+0000][1][safepoint    ] Safepoint "Cleanup", Time since last: 1000698352 ns, Reaching safepoint: 90687 ns, At safepoint: 10757 ns, Total: 101444 ns
[2020-02-28T06:12:31.181+0000][1][safepoint    ] Safepoint "RevokeBias", Time since last: 497191263 ns, Reaching safepoint: 100150 ns, At safepoint: 81621 ns, Total: 181771 ns
[2020-02-28T06:12:32.185+0000][1][safepoint    ] Safepoint "Cleanup", Time since last: 1003761140 ns, Reaching safepoint: 156810 ns, At safepoint: 23817 ns, Total: 180627 ns
[2020-02-28T06:12:33.186+0000][1][safepoint    ] Safepoint "Cleanup", Time since last: 1000829834 ns, Reaching safepoint: 78778 ns, At safepoint: 7072 ns, Total: 85850 ns
[2020-02-28T06:12:33.688+0000][1][safepoint    ] Safepoint "RevokeBias", Time since last: 501911357 ns, Reaching safepoint: 87412 ns, At safepoint: 21465 ns, Total: 108877 ns
[2020-02-28T06:12:34.691+0000][1][safepoint    ] Safepoint "Cleanup", Time since last: 1003095737 ns, Reaching safepoint: 125544 ns, At safepoint: 11749 ns, Total: 137293 ns
[2020-02-28T06:12:35.692+0000][1][safepoint    ] Safepoint "Cleanup", Time since last: 1000222637 ns, Reaching safepoint: 91772 ns, At safepoint: 7182 ns, Total: 98954 ns
[2020-02-28T06:12:36.199+0000][1][safepoint    ] Safepoint "RevokeBias", Time since last: 507496631 ns, Reaching safepoint: 54896 ns, At safepoint: 33345 ns, Total: 88241 ns
[2020-02-28T06:12:37.200+0000][1][safepoint    ] Safepoint "Cleanup", Time since last: 1000362361 ns, Reaching safepoint: 92020 ns, At safepoint: 11160 ns, Total: 103180 ns
[2020-02-28T06:12:38.200+0000][1][safepoint    ] Safepoint "Cleanup", Time since last: 1000251289 ns, Reaching safepoint: 78845 ns, At safepoint: 8992 ns, Total: 87837 ns
[2020-02-28T06:12:38.719+0000][1][safepoint    ] Safepoint "RevokeBias", Time since last: 518588348 ns, Reaching safepoint: 53553 ns, At safepoint: 17173 ns, Total: 70726 ns
[2020-02-28T06:12:39.719+0000][1][safepoint    ] Safepoint "Cleanup", Time since last: 1000482481 ns, Reaching safepoint: 79637 ns, At safepoint: 23192 ns, Total: 102829 ns
[2020-02-28T06:12:40.721+0000][1][safepoint    ] Safepoint "Cleanup", Time since last: 1001245994 ns, Reaching safepoint: 78963 ns, At safepoint: 7190 ns, Total: 86153 ns
[2020-02-28T06:12:41.243+0000][1][safepoint    ] Safepoint "RevokeBias", Time since last: 522427279 ns, Reaching safepoint: 56335 ns, At safepoint: 76133 ns, Total: 132468 ns
[2020-02-28T06:12:42.243+0000][1][safepoint    ] Safepoint "Cleanup", Time since last: 1000100150 ns, Reaching safepoint: 85398 ns, At safepoint: 8459 ns, Total: 93857 ns
[2020-02-28T06:12:43.247+0000][1][safepoint    ] Safepoint "Cleanup", Time since last: 1003874527 ns, Reaching safepoint: 63461 ns, At safepoint: 7892 ns, Total: 71353 ns
[2020-02-28T06:12:43.756+0000][1][safepoint    ] Safepoint "RevokeBias", Time since last: 508474474 ns, Reaching safepoint: 76352 ns, At safepoint: 20305 ns, Total: 96657 ns
[2020-02-28T06:12:44.757+0000][1][safepoint    ] Safepoint "Cleanup", Time since last: 1001268346 ns, Reaching safepoint: 78027 ns, At safepoint: 8121 ns, Total: 86148 ns
[2020-02-28T06:12:45.760+0000][1][safepoint    ] Safepoint "Cleanup", Time since last: 1002819294 ns, Reaching safepoint: 66611 ns, At safepoint: 8167 ns, Total: 74778 ns
[2020-02-28T06:12:46.260+0000][1][safepoint    ] Safepoint "RevokeBias", Time since last: 499916672 ns, Reaching safepoint: 76663 ns, At safepoint: 19297 ns, Total: 95960 ns
[2020-02-28T06:12:47.261+0000][1][safepoint    ] Safepoint "Cleanup", Time since last: 1000450919 ns, Reaching safepoint: 80149 ns, At safepoint: 8312 ns, Total: 88461 ns
[2020-02-28T06:12:48.261+0000][1][safepoint    ] Safepoint "Cleanup", Time since last: 1000278790 ns, Reaching safepoint: 114233 ns, At safepoint: 10795 ns, Total: 125028 ns
[2020-02-28T06:12:48.764+0000][1][safepoint    ] Safepoint "RevokeBias", Time since last: 502778704 ns, Reaching safepoint: 194634 ns, At safepoint: 68412 ns, Total: 263046 ns
[2020-02-28T06:12:49.773+0000][1][safepoint    ] Safepoint "Cleanup", Time since last: 1009014625 ns, Reaching safepoint: 78503 ns, At safepoint: 8115 ns, Total: 86618 ns
[2020-02-28T06:12:50.774+0000][1][safepoint    ] Safepoint "Cleanup", Time since last: 1000842838 ns, Reaching safepoint: 75231 ns, At safepoint: 7691 ns, Total: 82922 ns
[2020-02-28T06:12:51.270+0000][1][safepoint    ] Safepoint "RevokeBias", Time since last: 495685913 ns, Reaching safepoint: 144671 ns, At safepoint: 36471 ns, Total: 181142 ns
[2020-02-28T06:12:52.276+0000][1][safepoint    ] Safepoint "Cleanup", Time since last: 1006042069 ns, Reaching safepoint: 82510 ns, At safepoint: 7024 ns, Total: 89534 ns
[2020-02-28T06:12:53.276+0000][1][safepoint    ] Safepoint "Cleanup", Time since last: 1000353105 ns, Reaching safepoint: 77172 ns, At safepoint: 7921 ns, Total: 85093 ns
[2020-02-28T06:12:53.773+0000][1][safepoint    ] Safepoint "RevokeBias", Time since last: 496611198 ns, Reaching safepoint: 76175 ns, At safepoint: 18633 ns, Total: 94808 ns
[2020-02-28T06:12:54.782+0000][1][safepoint    ] Safepoint "Cleanup", Time since last: 1008299511 ns, Reaching safepoint: 65336 ns, At safepoint: 8545 ns, Total: 73881 ns
[2020-02-28T06:12:55.782+0000][1][safepoint    ] Safepoint "Cleanup", Time since last: 1000656466 ns, Reaching safepoint: 81258 ns, At safepoint: 9280 ns, Total: 90538 ns
[2020-02-28T06:12:56.278+0000][1][safepoint    ] Safepoint "RevokeBias", Time since last: 495351925 ns, Reaching safepoint: 77026 ns, At safepoint: 19051 ns, Total: 96077 ns
[2020-02-28T06:12:57.286+0000][1][safepoint    ] Safepoint "Cleanup", Time since last: 1007925472 ns, Reaching safepoint: 167649 ns, At safepoint: 20586 ns, Total: 188235 ns
[2020-02-28T06:12:58.286+0000][1][safepoint    ] Safepoint "Cleanup", Time since last: 1000293474 ns, Reaching safepoint: 80753 ns, At safepoint: 8523 ns, Total: 89276 ns
[2020-02-28T06:12:58.792+0000][1][safepoint    ] Safepoint "RevokeBias", Time since last: 505234376 ns, Reaching safepoint: 77162 ns, At safepoint: 19906 ns, Total: 97068 ns
[2020-02-28T06:12:59.796+0000][1][safepoint    ] Safepoint "Cleanup", Time since last: 1004214698 ns, Reaching safepoint: 133048 ns, At safepoint: 24911 ns, Total: 157959 ns
[2020-02-28T06:13:00.797+0000][1][safepoint    ] Safepoint "Cleanup", Time since last: 1000599762 ns, Reaching safepoint: 85765 ns, At safepoint: 9035 ns, Total: 94800 ns
[2020-02-28T06:13:01.307+0000][1][safepoint    ] Safepoint "RevokeBias", Time since last: 510226455 ns, Reaching safepoint: 126416 ns, At safepoint: 19512 ns, Total: 145928 ns
[2020-02-28T06:13:02.308+0000][1][safepoint    ] Safepoint "Cleanup", Time since last: 1000828581 ns, Reaching safepoint: 104621 ns, At safepoint: 12378 ns, Total: 116999 ns
[2020-02-28T06:13:03.313+0000][1][safepoint    ] Safepoint "Cleanup", Time since last: 1005078922 ns, Reaching safepoint: 192842 ns, At safepoint: 8828 ns, Total: 201670 ns
[2020-02-28T06:13:03.840+0000][1][safepoint    ] Safepoint "RevokeBias", Time since last: 526902568 ns, Reaching safepoint: 55628 ns, At safepoint: 17254 ns, Total: 72882 ns
[2020-02-28T06:13:04.841+0000][1][safepoint    ] Safepoint "Cleanup", Time since last: 1000381703 ns, Reaching safepoint: 92673 ns, At safepoint: 7937 ns, Total: 100610 ns
[2020-02-28T06:13:05.844+0000][1][safepoint    ] Safepoint "Cleanup", Time since last: 1002867473 ns, Reaching safepoint: 94946 ns, At safepoint: 6783 ns, Total: 101729 ns
[2020-02-28T06:13:06.363+0000][1][safepoint    ] Safepoint "RevokeBias", Time since last: 519331517 ns, Reaching safepoint: 112476 ns, At safepoint: 64065 ns, Total: 176541 ns
[2020-02-28T06:13:07.364+0000][1][safepoint    ] Safepoint "Cleanup", Time since last: 1000326046 ns, Reaching safepoint: 82537 ns, At safepoint: 9268 ns, Total: 91805 ns
[2020-02-28T06:13:08.367+0000][1][safepoint    ] Safepoint "Cleanup", Time since last: 1003305302 ns, Reaching safepoint: 62242 ns, At safepoint: 7444 ns, Total: 69686 ns
[2020-02-28T06:13:08.882+0000][1][safepoint    ] Safepoint "RevokeBias", Time since last: 515296823 ns, Reaching safepoint: 73718 ns, At safepoint: 17501 ns, Total: 91219 ns
[2020-02-28T06:13:09.883+0000][1][safepoint    ] Safepoint "Cleanup", Time since last: 1000406394 ns, Reaching safepoint: 81482 ns, At safepoint: 9882 ns, Total: 91364 ns
[2020-02-28T06:13:10.892+0000][1][safepoint    ] Safepoint "Cleanup", Time since last: 1008723690 ns, Reaching safepoint: 97130 ns, At safepoint: 8750 ns, Total: 105880 ns
[2020-02-28T06:13:11.391+0000][1][safepoint    ] Safepoint "RevokeBias", Time since last: 499492764 ns, Reaching safepoint: 93608 ns, At safepoint: 25545 ns, Total: 119153 ns
[2020-02-28T06:13:12.392+0000][1][safepoint    ] Safepoint "Cleanup", Time since last: 1000524683 ns, Reaching safepoint: 163866 ns, At safepoint: 44917 ns, Total: 208783 ns
[2020-02-28T06:13:13.398+0000][1][safepoint    ] Safepoint "Cleanup", Time since last: 1005438388 ns, Reaching safepoint: 81308 ns, At safepoint: 8804 ns, Total: 90112 ns
[2020-02-28T06:13:13.898+0000][1][safepoint    ] Safepoint "RevokeBias", Time since last: 500766103 ns, Reaching safepoint: 89221 ns, At safepoint: 21613 ns, Total: 110834 ns
[2020-02-28T06:13:14.899+0000][1][safepoint    ] Safepoint "Cleanup", Time since last: 1000905928 ns, Reaching safepoint: 80105 ns, At safepoint: 8217 ns, Total: 88322 ns
[2020-02-28T06:13:16.393+0000][1][safepoint    ] Safepoint "Cleanup", Time since last: 1493396485 ns, Reaching safepoint: 93386 ns, At safepoint: 9765 ns, Total: 103151 ns
[2020-02-28T06:13:16.404+0000][1][safepoint    ] Safepoint "RevokeBias", Time since last: 10885611 ns, Reaching safepoint: 78158 ns, At safepoint: 19295 ns, Total: 97453 ns
[2020-02-28T06:13:17.406+0000][1][safepoint    ] Safepoint "Cleanup", Time since last: 1001937570 ns, Reaching safepoint: 74520 ns, At safepoint: 7023 ns, Total: 81543 ns
[2020-02-28T06:13:18.407+0000][1][safepoint    ] Safepoint "Cleanup", Time since last: 1000608226 ns, Reaching safepoint: 78053 ns, At safepoint: 9204 ns, Total: 87257 ns
[2020-02-28T06:13:18.912+0000][1][safepoint    ] Safepoint "RevokeBias", Time since last: 504898098 ns, Reaching safepoint: 87102 ns, At safepoint: 24578 ns, Total: 111680 ns
[2020-02-28T06:13:19.912+0000][1][safepoint    ] Safepoint "Cleanup", Time since last: 1000461218 ns, Reaching safepoint: 72721 ns, At safepoint: 6784 ns, Total: 79505 ns
[2020-02-28T06:13:20.913+0000][1][safepoint    ] Safepoint "Cleanup", Time since last: 1000329924 ns, Reaching safepoint: 110727 ns, At safepoint: 7638 ns, Total: 118365 ns
[2020-02-28T06:13:21.415+0000][1][safepoint    ] Safepoint "RevokeBias", Time since last: 502292305 ns, Reaching safepoint: 89761 ns, At safepoint: 21324 ns, Total: 111085 ns
[2020-02-28T06:13:22.424+0000][1][safepoint    ] Safepoint "Cleanup", Time since last: 1009060455 ns, Reaching safepoint: 76952 ns, At safepoint: 25942 ns, Total: 102894 ns
[2020-02-28T06:13:23.425+0000][1][safepoint    ] Safepoint "Cleanup", Time since last: 1000582147 ns, Reaching safepoint: 148267 ns, At safepoint: 10479 ns, Total: 158746 ns
[2020-02-28T06:13:23.918+0000][1][safepoint    ] Safepoint "RevokeBias", Time since last: 492621895 ns, Reaching safepoint: 75811 ns, At safepoint: 19047 ns, Total: 94858 ns
[2020-02-28T06:13:24.841+0000][1][gc,start     ] GC(54) Pause Young (Allocation Failure)
[2020-02-28T06:13:24.841+0000][1][gc,task      ] GC(54) Using 1 workers of 1 for evacuation
[2020-02-28T06:13:24.859+0000][1][gc,age       ] GC(54) Desired survivor size 4358144 bytes, new threshold 6 (max threshold 6)
[2020-02-28T06:13:24.859+0000][1][gc,age       ] GC(54) Age table with threshold 6 (max threshold 6)
[2020-02-28T06:13:24.859+0000][1][gc,age       ] GC(54) - age   1:      13152 bytes,      13152 total
[2020-02-28T06:13:24.859+0000][1][gc,age       ] GC(54) - age   2:        352 bytes,      13504 total
[2020-02-28T06:13:24.859+0000][1][gc,age       ] GC(54) - age   4:        472 bytes,      13976 total
[2020-02-28T06:13:24.859+0000][1][gc,age       ] GC(54) - age   5:       1056 bytes,      15032 total
[2020-02-28T06:13:24.859+0000][1][gc,age       ] GC(54) - age   6:        856 bytes,      15888 total
[2020-02-28T06:13:24.859+0000][1][gc,heap      ] GC(54) ParNew: 68181K->19K(76672K)
[2020-02-28T06:13:24.859+0000][1][gc,heap      ] GC(54) CMS: 62375K->62380K(963392K)
[2020-02-28T06:13:24.859+0000][1][gc,metaspace ] GC(54) Metaspace: 79577K->79577K(1122304K)
[2020-02-28T06:13:24.859+0000][1][gc           ] GC(54) Pause Young (Allocation Failure) 127M->60M(1015M) 18.051ms
[2020-02-28T06:13:24.859+0000][1][gc,cpu       ] GC(54) User=0.01s Sys=0.00s Real=0.02s
[2020-02-28T06:13:24.859+0000][1][safepoint    ] Safepoint "GenCollectForAllocation", Time since last: 923412827 ns, Reaching safepoint: 86750 ns, At safepoint: 18108969 ns, Total: 18195719 ns
[2020-02-28T06:13:25.860+0000][1][safepoint    ] Safepoint "Cleanup", Time since last: 1000392046 ns, Reaching safepoint: 90783 ns, At safepoint: 10536 ns, Total: 101319 ns
[2020-02-28T06:13:26.433+0000][1][safepoint    ] Safepoint "RevokeBias", Time since last: 572687811 ns, Reaching safepoint: 53555 ns, At safepoint: 16626 ns, Total: 70181 ns
[2020-02-28T06:13:27.433+0000][1][safepoint    ] Safepoint "Cleanup", Time since last: 1000699892 ns, Reaching safepoint: 82966 ns, At safepoint: 10196 ns, Total: 93162 ns
[2020-02-28T06:13:28.434+0000][1][safepoint    ] Safepoint "Cleanup", Time since last: 1000468943 ns, Reaching safepoint: 90706 ns, At safepoint: 11053 ns, Total: 101759 ns
[2020-02-28T06:13:28.956+0000][1][safepoint    ] Safepoint "RevokeBias", Time since last: 522431845 ns, Reaching safepoint: 127882 ns, At safepoint: 34270 ns, Total: 162152 ns
[2020-02-28T06:13:29.957+0000][1][safepoint    ] Safepoint "Cleanup", Time since last: 1000177445 ns, Reaching safepoint: 98518 ns, At safepoint: 8155 ns, Total: 106673 ns
[2020-02-28T06:13:30.966+0000][1][safepoint    ] Safepoint "Cleanup", Time since last: 1008904384 ns, Reaching safepoint: 57143 ns, At safepoint: 6147 ns, Total: 63290 ns
[2020-02-28T06:13:31.485+0000][1][safepoint    ] Safepoint "RevokeBias", Time since last: 519663296 ns, Reaching safepoint: 74082 ns, At safepoint: 18727 ns, Total: 92809 ns
[2020-02-28T06:13:32.486+0000][1][safepoint    ] Safepoint "Cleanup", Time since last: 1000281763 ns, Reaching safepoint: 86995 ns, At safepoint: 8694 ns, Total: 95689 ns
[2020-02-28T06:13:33.491+0000][1][safepoint    ] Safepoint "Cleanup", Time since last: 1004922011 ns, Reaching safepoint: 163673 ns, At safepoint: 8596 ns, Total: 172269 ns
[2020-02-28T06:13:33.997+0000][1][safepoint    ] Safepoint "RevokeBias", Time since last: 506196147 ns, Reaching safepoint: 88531 ns, At safepoint: 19233 ns, Total: 107764 ns
[2020-02-28T06:13:34.998+0000][1][safepoint    ] Safepoint "Cleanup", Time since last: 1000594306 ns, Reaching safepoint: 88311 ns, At safepoint: 7321 ns, Total: 95632 ns
[2020-02-28T06:13:36.005+0000][1][safepoint    ] Safepoint "Cleanup", Time since last: 1006970114 ns, Reaching safepoint: 77270 ns, At safepoint: 6995 ns, Total: 84265 ns
[2020-02-28T06:13:36.502+0000][1][safepoint    ] Safepoint "RevokeBias", Time since last: 496623654 ns, Reaching safepoint: 72521 ns, At safepoint: 35309 ns, Total: 107830 ns
[2020-02-28T06:13:37.502+0000][1][safepoint    ] Safepoint "Cleanup", Time since last: 1000171732 ns, Reaching safepoint: 89831 ns, At safepoint: 11401 ns, Total: 101232 ns
[2020-02-28T06:13:38.504+0000][1][safepoint    ] Safepoint "Cleanup", Time since last: 1002302279 ns, Reaching safepoint: 125560 ns, At safepoint: 9075 ns, Total: 134635 ns
[2020-02-28T06:13:39.006+0000][1][safepoint    ] Safepoint "RevokeBias", Time since last: 501132072 ns, Reaching safepoint: 83977 ns, At safepoint: 20005 ns, Total: 103982 ns
[2020-02-28T06:13:40.009+0000][1][safepoint    ] Safepoint "Cleanup", Time since last: 1003701778 ns, Reaching safepoint: 59610 ns, At safepoint: 5970 ns, Total: 65580 ns
[2020-02-28T06:13:41.011+0000][1][safepoint    ] Safepoint "Cleanup", Time since last: 1001081162 ns, Reaching safepoint: 81391 ns, At safepoint: 9195 ns, Total: 90586 ns
[2020-02-28T06:13:41.514+0000][1][safepoint    ] Safepoint "BulkRevokeBias", Time since last: 501187452 ns, Reaching safepoint: 1398979 ns, At safepoint: 362268 ns, Total: 1761247 ns
[2020-02-28T06:13:42.515+0000][1][safepoint    ] Safepoint "Cleanup", Time since last: 1001467987 ns, Reaching safepoint: 64516 ns, At safepoint: 7172 ns, Total: 71688 ns
[2020-02-28T06:13:43.516+0000][1][safepoint    ] Safepoint "Cleanup", Time since last: 1000404343 ns, Reaching safepoint: 91363 ns, At safepoint: 9047 ns, Total: 100410 ns
[2020-02-28T06:13:44.019+0000][1][safepoint    ] Safepoint "RevokeBias", Time since last: 502797457 ns, Reaching safepoint: 138572 ns, At safepoint: 36772 ns, Total: 175344 ns
[2020-02-28T06:13:45.022+0000][1][safepoint    ] Safepoint "Cleanup", Time since last: 1003191760 ns, Reaching safepoint: 95447 ns, At safepoint: 8377 ns, Total: 103824 ns
[2020-02-28T06:13:46.022+0000][1][safepoint    ] Safepoint "Cleanup", Time since last: 1000255715 ns, Reaching safepoint: 79202 ns, At safepoint: 8860 ns, Total: 88062 ns
[2020-02-28T06:13:46.524+0000][1][safepoint    ] Safepoint "RevokeBias", Time since last: 501264824 ns, Reaching safepoint: 86183 ns, At safepoint: 22114 ns, Total: 108297 ns
[2020-02-28T06:13:47.524+0000][1][safepoint    ] Safepoint "Cleanup", Time since last: 1000627370 ns, Reaching safepoint: 78667 ns, At safepoint: 9287 ns, Total: 87954 ns
[2020-02-28T06:13:48.525+0000][1][safepoint    ] Safepoint "Cleanup", Time since last: 1000689410 ns, Reaching safepoint: 78931 ns, At safepoint: 9290 ns, Total: 88221 ns
[2020-02-28T06:13:49.044+0000][1][safepoint    ] Safepoint "RevokeBias", Time since last: 518723851 ns, Reaching safepoint: 75610 ns, At safepoint: 17941 ns, Total: 93551 ns
[2020-02-28T06:13:50.045+0000][1][safepoint    ] Safepoint "Cleanup", Time since last: 1000590605 ns, Reaching safepoint: 82405 ns, At safepoint: 9402 ns, Total: 91807 ns
[2020-02-28T06:13:51.045+0000][1][safepoint    ] Safepoint "Cleanup", Time since last: 1000269547 ns, Reaching safepoint: 75821 ns, At safepoint: 6292 ns, Total: 82113 ns
[2020-02-28T06:13:51.559+0000][1][safepoint    ] Safepoint "RevokeBias", Time since last: 513561968 ns, Reaching safepoint: 54100 ns, At safepoint: 17422 ns, Total: 71522 ns
[2020-02-28T06:13:52.559+0000][1][safepoint    ] Safepoint "Cleanup", Time since last: 1000358346 ns, Reaching safepoint: 82588 ns, At safepoint: 9251 ns, Total: 91839 ns
[2020-02-28T06:13:53.560+0000][1][safepoint    ] Safepoint "Cleanup", Time since last: 1000526840 ns, Reaching safepoint: 59777 ns, At safepoint: 6910 ns, Total: 66687 ns
[2020-02-28T06:13:54.072+0000][1][safepoint    ] Safepoint "RevokeBias", Time since last: 511786094 ns, Reaching safepoint: 74076 ns, At safepoint: 19613 ns, Total: 93689 ns
[2020-02-28T06:13:55.072+0000][1][safepoint    ] Safepoint "Cleanup", Time since last: 1000400890 ns, Reaching safepoint: 96228 ns, At safepoint: 9463 ns, Total: 105691 ns
[2020-02-28T06:13:56.075+0000][1][safepoint    ] Safepoint "Cleanup", Time since last: 1002610734 ns, Reaching safepoint: 107400 ns, At safepoint: 8170 ns, Total: 115570 ns
[2020-02-28T06:13:56.581+0000][1][safepoint    ] Safepoint "RevokeBias", Time since last: 506527699 ns, Reaching safepoint: 86238 ns, At safepoint: 21859 ns, Total: 108097 ns
[2020-02-28T06:13:57.582+0000][1][safepoint    ] Safepoint "Cleanup", Time since last: 1000684497 ns, Reaching safepoint: 91087 ns, At safepoint: 11682 ns, Total: 102769 ns
[2020-02-28T06:13:58.588+0000][1][safepoint    ] Safepoint "Cleanup", Time since last: 1005522083 ns, Reaching safepoint: 59174 ns, At safepoint: 6752 ns, Total: 65926 ns
[2020-02-28T06:13:59.085+0000][1][safepoint    ] Safepoint "RevokeBias", Time since last: 497115947 ns, Reaching safepoint: 105644 ns, At safepoint: 21045 ns, Total: 126689 ns
[2020-02-28T06:14:00.085+0000][1][safepoint    ] Safepoint "Cleanup", Time since last: 1000305832 ns, Reaching safepoint: 90684 ns, At safepoint: 7647 ns, Total: 98331 ns
[2020-02-28T06:14:01.093+0000][1][safepoint    ] Safepoint "Cleanup", Time since last: 1007287740 ns, Reaching safepoint: 75411 ns, At safepoint: 6679 ns, Total: 82090 ns
[2020-02-28T06:14:01.590+0000][1][safepoint    ] Safepoint "RevokeBias", Time since last: 497400510 ns, Reaching safepoint: 80994 ns, At safepoint: 20169 ns, Total: 101163 ns
[2020-02-28T06:14:02.592+0000][1][safepoint    ] Safepoint "Cleanup", Time since last: 1001501221 ns, Reaching safepoint: 77097 ns, At safepoint: 7633 ns, Total: 84730 ns
[2020-02-28T06:14:03.593+0000][1][safepoint    ] Safepoint "Cleanup", Time since last: 1000847222 ns, Reaching safepoint: 90901 ns, At safepoint: 10762 ns, Total: 101663 ns
[2020-02-28T06:14:04.097+0000][1][safepoint    ] Safepoint "RevokeBias", Time since last: 503718708 ns, Reaching safepoint: 85400 ns, At safepoint: 20928 ns, Total: 106328 ns
[2020-02-28T06:14:05.099+0000][1][safepoint    ] Safepoint "Cleanup", Time since last: 1001780920 ns, Reaching safepoint: 77449 ns, At safepoint: 7540 ns, Total: 84989 ns
[2020-02-28T06:14:06.105+0000][1][safepoint    ] Safepoint "Cleanup", Time since last: 1006441804 ns, Reaching safepoint: 194805 ns, At safepoint: 7450 ns, Total: 202255 ns
[2020-02-28T06:14:06.602+0000][1][safepoint    ] Safepoint "RevokeBias", Time since last: 496585124 ns, Reaching safepoint: 84382 ns, At safepoint: 43655 ns, Total: 128037 ns
[2020-02-28T06:14:07.603+0000][1][safepoint    ] Safepoint "Cleanup", Time since last: 1000594231 ns, Reaching safepoint: 106100 ns, At safepoint: 7536 ns, Total: 113636 ns
[2020-02-28T06:14:08.603+0000][1][safepoint    ] Safepoint "Cleanup", Time since last: 1000558966 ns, Reaching safepoint: 83579 ns, At safepoint: 8003 ns, Total: 91582 ns
[2020-02-28T06:14:09.105+0000][1][safepoint    ] Safepoint "RevokeBias", Time since last: 502087064 ns, Reaching safepoint: 73800 ns, At safepoint: 18198 ns, Total: 91998 ns
[2020-02-28T06:14:10.106+0000][1][safepoint    ] Safepoint "Cleanup", Time since last: 1000648341 ns, Reaching safepoint: 78409 ns, At safepoint: 7318 ns, Total: 85727 ns
[2020-02-28T06:14:11.107+0000][1][safepoint    ] Safepoint "Cleanup", Time since last: 1000411355 ns, Reaching safepoint: 79588 ns, At safepoint: 8906 ns, Total: 88494 ns
[2020-02-28T06:14:11.619+0000][1][safepoint    ] Safepoint "RevokeBias", Time since last: 511905604 ns, Reaching safepoint: 56565 ns, At safepoint: 18057 ns, Total: 74622 ns
[2020-02-28T06:14:12.619+0000][1][safepoint    ] Safepoint "Cleanup", Time since last: 1000478241 ns, Reaching safepoint: 85549 ns, At safepoint: 8731 ns, Total: 94280 ns
[2020-02-28T06:14:13.620+0000][1][safepoint    ] Safepoint "Cleanup", Time since last: 1001082404 ns, Reaching safepoint: 81986 ns, At safepoint: 8733 ns, Total: 90719 ns
[2020-02-28T06:14:14.134+0000][1][safepoint    ] Safepoint "RevokeBias", Time since last: 513549853 ns, Reaching safepoint: 55186 ns, At safepoint: 17305 ns, Total: 72491 ns
[2020-02-28T06:14:15.135+0000][1][safepoint    ] Safepoint "Cleanup", Time since last: 1001043404 ns, Reaching safepoint: 77044 ns, At safepoint: 8966 ns, Total: 86010 ns
[2020-02-28T06:14:16.404+0000][1][safepoint    ] Safepoint "Cleanup", Time since last: 1268434285 ns, Reaching safepoint: 141350 ns, At safepoint: 7876 ns, Total: 149226 ns
[2020-02-28T06:14:16.655+0000][1][safepoint    ] Safepoint "RevokeBias", Time since last: 251567723 ns, Reaching safepoint: 71873 ns, At safepoint: 19575 ns, Total: 91448 ns
[2020-02-28T06:14:17.656+0000][1][safepoint    ] Safepoint "Cleanup", Time since last: 1000261660 ns, Reaching safepoint: 90421 ns, At safepoint: 9757 ns, Total: 100178 ns
[2020-02-28T06:14:18.665+0000][1][safepoint    ] Safepoint "Cleanup", Time since last: 1009033725 ns, Reaching safepoint: 57075 ns, At safepoint: 6452 ns, Total: 63527 ns
[2020-02-28T06:14:19.164+0000][1][safepoint    ] Safepoint "RevokeBias", Time since last: 498842822 ns, Reaching safepoint: 76626 ns, At safepoint: 19701 ns, Total: 96327 ns
[2020-02-28T06:14:20.164+0000][1][safepoint    ] Safepoint "Cleanup", Time since last: 1000384043 ns, Reaching safepoint: 89698 ns, At safepoint: 9489 ns, Total: 99187 ns
[2020-02-28T06:14:21.170+0000][1][safepoint    ] Safepoint "Cleanup", Time since last: 1005469934 ns, Reaching safepoint: 144066 ns, At safepoint: 8171 ns, Total: 152237 ns
[2020-02-28T06:14:21.669+0000][1][safepoint    ] Safepoint "RevokeBias", Time since last: 498979695 ns, Reaching safepoint: 92019 ns, At safepoint: 19485 ns, Total: 111504 ns
[2020-02-28T06:14:22.674+0000][1][safepoint    ] Safepoint "Cleanup", Time since last: 1004832779 ns, Reaching safepoint: 79055 ns, At safepoint: 7879 ns, Total: 86934 ns
[2020-02-28T06:14:23.675+0000][1][safepoint    ] Safepoint "Cleanup", Time since last: 1000768323 ns, Reaching safepoint: 88814 ns, At safepoint: 8901 ns, Total: 97715 ns
[2020-02-28T06:14:24.173+0000][1][safepoint    ] Safepoint "RevokeBias", Time since last: 497656808 ns, Reaching safepoint: 78020 ns, At safepoint: 54836 ns, Total: 132856 ns
[2020-02-28T06:14:25.174+0000][1][safepoint    ] Safepoint "Cleanup", Time since last: 1001419634 ns, Reaching safepoint: 76180 ns, At safepoint: 7524 ns, Total: 83704 ns
[2020-02-28T06:14:26.175+0000][1][safepoint    ] Safepoint "Cleanup", Time since last: 1000692304 ns, Reaching safepoint: 160606 ns, At safepoint: 8760 ns, Total: 169366 ns
[2020-02-28T06:14:26.677+0000][1][safepoint    ] Safepoint "RevokeBias", Time since last: 502268497 ns, Reaching safepoint: 107293 ns, At safepoint: 42623 ns, Total: 149916 ns
[2020-02-28T06:14:27.684+0000][1][safepoint    ] Safepoint "Cleanup", Time since last: 1006272070 ns, Reaching safepoint: 61147 ns, At safepoint: 7021 ns, Total: 68168 ns
[2020-02-28T06:14:28.684+0000][1][safepoint    ] Safepoint "Cleanup", Time since last: 1000463820 ns, Reaching safepoint: 87223 ns, At safepoint: 10793 ns, Total: 98016 ns
[2020-02-28T06:14:29.181+0000][1][safepoint    ] Safepoint "RevokeBias", Time since last: 496438703 ns, Reaching safepoint: 85763 ns, At safepoint: 23242 ns, Total: 109005 ns
[2020-02-28T06:14:30.184+0000][1][safepoint    ] Safepoint "Cleanup", Time since last: 1003193421 ns, Reaching safepoint: 77889 ns, At safepoint: 8454 ns, Total: 86343 ns
[2020-02-28T06:14:31.185+0000][1][safepoint    ] Safepoint "Cleanup", Time since last: 1000412432 ns, Reaching safepoint: 96377 ns, At safepoint: 9313 ns, Total: 105690 ns
[2020-02-28T06:14:31.686+0000][1][safepoint    ] Safepoint "RevokeBias", Time since last: 501194823 ns, Reaching safepoint: 193196 ns, At safepoint: 41880 ns, Total: 235076 ns
[2020-02-28T06:14:32.687+0000][1][safepoint    ] Safepoint "Cleanup", Time since last: 1000814949 ns, Reaching safepoint: 82473 ns, At safepoint: 8427 ns, Total: 90900 ns
[2020-02-28T06:14:33.688+0000][1][safepoint    ] Safepoint "Cleanup", Time since last: 1001056776 ns, Reaching safepoint: 70797 ns, At safepoint: 16038 ns, Total: 86835 ns
[2020-02-28T06:14:34.203+0000][1][safepoint    ] Safepoint "RevokeBias", Time since last: 514756061 ns, Reaching safepoint: 73209 ns, At safepoint: 18715 ns, Total: 91924 ns
[2020-02-28T06:14:35.204+0000][1][safepoint    ] Safepoint "Cleanup", Time since last: 1000593916 ns, Reaching safepoint: 86809 ns, At safepoint: 9940 ns, Total: 96749 ns
[2020-02-28T06:14:36.725+0000][1][safepoint    ] Safepoint "RevokeBias", Time since last: 1520932177 ns, Reaching safepoint: 92821 ns, At safepoint: 19345 ns, Total: 112166 ns
[2020-02-28T06:14:37.725+0000][1][safepoint    ] Safepoint "Cleanup", Time since last: 1000586289 ns, Reaching safepoint: 79877 ns, At safepoint: 8739 ns, Total: 88616 ns
[2020-02-28T06:14:38.732+0000][1][safepoint    ] Safepoint "Cleanup", Time since last: 1006577525 ns, Reaching safepoint: 74833 ns, At safepoint: 7495 ns, Total: 82328 ns
[2020-02-28T06:14:39.246+0000][1][safepoint    ] Safepoint "RevokeBias", Time since last: 513795403 ns, Reaching safepoint: 72051 ns, At safepoint: 19564 ns, Total: 91615 ns
[2020-02-28T06:14:40.246+0000][1][safepoint    ] Safepoint "Cleanup", Time since last: 1000425088 ns, Reaching safepoint: 80067 ns, At safepoint: 7619 ns, Total: 87686 ns
[2020-02-28T06:14:41.247+0000][1][safepoint    ] Safepoint "Cleanup", Time since last: 1000709160 ns, Reaching safepoint: 98239 ns, At safepoint: 22210 ns, Total: 120449 ns
[2020-02-28T06:14:41.755+0000][1][safepoint    ] Safepoint "RevokeBias", Time since last: 507798577 ns, Reaching safepoint: 76894 ns, At safepoint: 19156 ns, Total: 96050 ns
[2020-02-28T06:14:42.756+0000][1][safepoint    ] Safepoint "Cleanup", Time since last: 1000789457 ns, Reaching safepoint: 112362 ns, At safepoint: 10455 ns, Total: 122817 ns
[2020-02-28T06:14:43.760+0000][1][safepoint    ] Safepoint "Cleanup", Time since last: 1004364791 ns, Reaching safepoint: 59367 ns, At safepoint: 7211 ns, Total: 66578 ns
[2020-02-28T06:14:44.261+0000][1][safepoint    ] Safepoint "RevokeBias", Time since last: 500211381 ns, Reaching safepoint: 146586 ns, At safepoint: 34706 ns, Total: 181292 ns
[2020-02-28T06:14:45.261+0000][1][safepoint    ] Safepoint "Cleanup", Time since last: 1000278713 ns, Reaching safepoint: 82978 ns, At safepoint: 9040 ns, Total: 92018 ns
[2020-02-28T06:14:46.262+0000][1][safepoint    ] Safepoint "Cleanup", Time since last: 1000506947 ns, Reaching safepoint: 78796 ns, At safepoint: 8899 ns, Total: 87695 ns
[2020-02-28T06:14:46.765+0000][1][safepoint    ] Safepoint "RevokeBias", Time since last: 502800037 ns, Reaching safepoint: 87401 ns, At safepoint: 22225 ns, Total: 109626 ns
[2020-02-28T06:14:47.767+0000][1][safepoint    ] Safepoint "Cleanup", Time since last: 1001810922 ns, Reaching safepoint: 75752 ns, At safepoint: 6642 ns, Total: 82394 ns
[2020-02-28T06:14:48.767+0000][1][safepoint    ] Safepoint "Cleanup", Time since last: 1000222511 ns, Reaching safepoint: 89503 ns, At safepoint: 10633 ns, Total: 100136 ns
[2020-02-28T06:14:49.269+0000][1][safepoint    ] Safepoint "RevokeBias", Time since last: 501688561 ns, Reaching safepoint: 118138 ns, At safepoint: 24756 ns, Total: 142894 ns
[2020-02-28T06:14:50.270+0000][1][safepoint    ] Safepoint "Cleanup", Time since last: 1001078404 ns, Reaching safepoint: 73248 ns, At safepoint: 7634 ns, Total: 80882 ns
[2020-02-28T06:14:51.270+0000][1][safepoint    ] Safepoint "Cleanup", Time since last: 1000376178 ns, Reaching safepoint: 91980 ns, At safepoint: 11419 ns, Total: 103399 ns
[2020-02-28T06:14:51.773+0000][1][safepoint    ] Safepoint "RevokeBias", Time since last: 502341722 ns, Reaching safepoint: 77478 ns, At safepoint: 19218 ns, Total: 96696 ns
[2020-02-28T06:14:52.775+0000][1][safepoint    ] Safepoint "Cleanup", Time since last: 1001988853 ns, Reaching safepoint: 79711 ns, At safepoint: 7743 ns, Total: 87454 ns
[2020-02-28T06:14:53.775+0000][1][safepoint    ] Safepoint "Cleanup", Time since last: 1000448675 ns, Reaching safepoint: 75101 ns, At safepoint: 6798 ns, Total: 81899 ns
[2020-02-28T06:14:54.296+0000][1][safepoint    ] Safepoint "BulkRevokeBias", Time since last: 520670565 ns, Reaching safepoint: 68300 ns, At safepoint: 232518 ns, Total: 300818 ns
[2020-02-28T06:14:55.305+0000][1][safepoint    ] Safepoint "Cleanup", Time since last: 1008495647 ns, Reaching safepoint: 67031 ns, At safepoint: 9237 ns, Total: 76268 ns
[2020-02-28T06:14:56.305+0000][1][safepoint    ] Safepoint "Cleanup", Time since last: 1000365434 ns, Reaching safepoint: 93403 ns, At safepoint: 10897 ns, Total: 104300 ns
[2020-02-28T06:14:56.811+0000][1][safepoint    ] Safepoint "RevokeBias", Time since last: 505431636 ns, Reaching safepoint: 111983 ns, At safepoint: 28555 ns, Total: 140538 ns
[2020-02-28T06:14:57.815+0000][1][safepoint    ] Safepoint "Cleanup", Time since last: 1004143467 ns, Reaching safepoint: 83842 ns, At safepoint: 9112 ns, Total: 92954 ns
[2020-02-28T06:14:58.816+0000][1][safepoint    ] Safepoint "Cleanup", Time since last: 1000412775 ns, Reaching safepoint: 90332 ns, At safepoint: 9378 ns, Total: 99710 ns
[2020-02-28T06:14:59.318+0000][1][safepoint    ] Safepoint "RevokeBias", Time since last: 502369224 ns, Reaching safepoint: 90460 ns, At safepoint: 19130 ns, Total: 109590 ns
[2020-02-28T06:15:00.319+0000][1][safepoint    ] Safepoint "Cleanup", Time since last: 1000431710 ns, Reaching safepoint: 84337 ns, At safepoint: 7699 ns, Total: 92036 ns
[2020-02-28T06:15:01.319+0000][1][safepoint    ] Safepoint "Cleanup", Time since last: 1000469226 ns, Reaching safepoint: 77665 ns, At safepoint: 7364 ns, Total: 85029 ns
[2020-02-28T06:15:01.948+0000][1][safepoint    ] Safepoint "RevokeBias", Time since last: 628450756 ns, Reaching safepoint: 65641 ns, At safepoint: 49985 ns, Total: 115626 ns
[2020-02-28T06:15:02.949+0000][1][safepoint    ] Safepoint "Cleanup", Time since last: 1000649983 ns, Reaching safepoint: 81469 ns, At safepoint: 9941 ns, Total: 91410 ns
[2020-02-28T06:15:03.949+0000][1][safepoint    ] Safepoint "Cleanup", Time since last: 1000227417 ns, Reaching safepoint: 80529 ns, At safepoint: 9364 ns, Total: 89893 ns
[2020-02-28T06:15:04.483+0000][1][safepoint    ] Safepoint "RevokeBias", Time since last: 533985408 ns, Reaching safepoint: 136640 ns, At safepoint: 35948 ns, Total: 172588 ns
[2020-02-28T06:15:05.483+0000][1][safepoint    ] Safepoint "Cleanup", Time since last: 1000271153 ns, Reaching safepoint: 104056 ns, At safepoint: 9876 ns, Total: 113932 ns
[2020-02-28T06:15:06.485+0000][1][safepoint    ] Safepoint "Cleanup", Time since last: 1001470389 ns, Reaching safepoint: 73932 ns, At safepoint: 7286 ns, Total: 81218 ns
[2020-02-28T06:15:06.999+0000][1][safepoint    ] Safepoint "RevokeBias", Time since last: 514040808 ns, Reaching safepoint: 89023 ns, At safepoint: 21768 ns, Total: 110791 ns
[2020-02-28T06:15:08.000+0000][1][safepoint    ] Safepoint "Cleanup", Time since last: 1000305187 ns, Reaching safepoint: 79219 ns, At safepoint: 8335 ns, Total: 87554 ns
[2020-02-28T06:15:09.008+0000][1][safepoint    ] Safepoint "Cleanup", Time since last: 1008589699 ns, Reaching safepoint: 83166 ns, At safepoint: 9225 ns, Total: 92391 ns
[2020-02-28T06:15:09.525+0000][1][safepoint    ] Safepoint "RevokeBias", Time since last: 516106159 ns, Reaching safepoint: 88827 ns, At safepoint: 99896 ns, Total: 188723 ns
[2020-02-28T06:15:10.525+0000][1][safepoint    ] Safepoint "Cleanup", Time since last: 1000285299 ns, Reaching safepoint: 107175 ns, At safepoint: 17118 ns, Total: 124293 ns
[2020-02-28T06:15:11.533+0000][1][safepoint    ] Safepoint "Cleanup", Time since last: 1007653419 ns, Reaching safepoint: 63965 ns, At safepoint: 8669 ns, Total: 72634 ns
[2020-02-28T06:15:12.047+0000][1][safepoint    ] Safepoint "RevokeBias", Time since last: 514222004 ns, Reaching safepoint: 148421 ns, At safepoint: 38751 ns, Total: 187172 ns
[2020-02-28T06:15:13.051+0000][1][safepoint    ] Safepoint "Cleanup", Time since last: 1003332654 ns, Reaching safepoint: 79634 ns, At safepoint: 8221 ns, Total: 87855 ns
[2020-02-28T06:15:14.057+0000][1][safepoint    ] Safepoint "Cleanup", Time since last: 1006511691 ns, Reaching safepoint: 79479 ns, At safepoint: 10463 ns, Total: 89942 ns
[2020-02-28T06:15:14.568+0000][1][safepoint    ] Safepoint "RevokeBias", Time since last: 510989349 ns, Reaching safepoint: 99059 ns, At safepoint: 23440 ns, Total: 122499 ns
[2020-02-28T06:15:15.569+0000][1][safepoint    ] Safepoint "Cleanup", Time since last: 1000701350 ns, Reaching safepoint: 117383 ns, At safepoint: 11152 ns, Total: 128535 ns
[2020-02-28T06:15:16.573+0000][1][safepoint    ] Safepoint "Cleanup", Time since last: 1003781053 ns, Reaching safepoint: 76321 ns, At safepoint: 12117 ns, Total: 88438 ns
[2020-02-28T06:15:17.077+0000][1][safepoint    ] Safepoint "RevokeBias", Time since last: 504106913 ns, Reaching safepoint: 74229 ns, At safepoint: 19380 ns, Total: 93609 ns
[2020-02-28T06:15:18.077+0000][1][safepoint    ] Safepoint "Cleanup", Time since last: 1000245315 ns, Reaching safepoint: 78016 ns, At safepoint: 8709 ns, Total: 86725 ns
[2020-02-28T06:15:19.083+0000][1][safepoint    ] Safepoint "Cleanup", Time since last: 1005266937 ns, Reaching safepoint: 112298 ns, At safepoint: 11278 ns, Total: 123576 ns
[2020-02-28T06:15:19.581+0000][1][safepoint    ] Safepoint "RevokeBias", Time since last: 497733515 ns, Reaching safepoint: 144289 ns, At safepoint: 19270 ns, Total: 163559 ns
[2020-02-28T06:15:20.581+0000][1][safepoint    ] Safepoint "Cleanup", Time since last: 1000460945 ns, Reaching safepoint: 112143 ns, At safepoint: 11864 ns, Total: 124007 ns
[2020-02-28T06:15:21.608+0000][1][safepoint    ] Safepoint "Cleanup", Time since last: 1025947937 ns, Reaching safepoint: 300035 ns, At safepoint: 26901 ns, Total: 326936 ns
[2020-02-28T06:15:22.087+0000][1][safepoint    ] Safepoint "RevokeBias", Time since last: 479098567 ns, Reaching safepoint: 72757 ns, At safepoint: 18764 ns, Total: 91521 ns
[2020-02-28T06:15:23.088+0000][1][safepoint    ] Safepoint "Cleanup", Time since last: 1000893446 ns, Reaching safepoint: 79250 ns, At safepoint: 9182 ns, Total: 88432 ns
[2020-02-28T06:15:24.593+0000][1][safepoint    ] Safepoint "RevokeBias", Time since last: 1504648089 ns, Reaching safepoint: 74779 ns, At safepoint: 18964 ns, Total: 93743 ns
[2020-02-28T06:15:25.603+0000][1][safepoint    ] Safepoint "Cleanup", Time since last: 1010181670 ns, Reaching safepoint: 137388 ns, At safepoint: 7231 ns, Total: 144619 ns
[2020-02-28T06:15:26.603+0000][1][safepoint    ] Safepoint "Cleanup", Time since last: 1000158562 ns, Reaching safepoint: 82197 ns, At safepoint: 8187 ns, Total: 90384 ns
[2020-02-28T06:15:27.098+0000][1][safepoint    ] Safepoint "RevokeBias", Time since last: 494320148 ns, Reaching safepoint: 77257 ns, At safepoint: 19434 ns, Total: 96691 ns
[2020-02-28T06:15:28.104+0000][1][safepoint    ] Safepoint "Cleanup", Time since last: 1006171211 ns, Reaching safepoint: 60013 ns, At safepoint: 6627 ns, Total: 66640 ns
[2020-02-28T06:15:29.104+0000][1][safepoint    ] Safepoint "Cleanup", Time since last: 1000241911 ns, Reaching safepoint: 87194 ns, At safepoint: 9175 ns, Total: 96369 ns
[2020-02-28T06:15:29.600+0000][1][safepoint    ] Safepoint "RevokeBias", Time since last: 495926113 ns, Reaching safepoint: 103939 ns, At safepoint: 20879 ns, Total: 124818 ns
[2020-02-28T06:15:30.608+0000][1][safepoint    ] Safepoint "Cleanup", Time since last: 1007758080 ns, Reaching safepoint: 58283 ns, At safepoint: 6726 ns, Total: 65009 ns
[2020-02-28T06:15:31.608+0000][1][safepoint    ] Safepoint "Cleanup", Time since last: 1000246764 ns, Reaching safepoint: 87478 ns, At safepoint: 10046 ns, Total: 97524 ns
[2020-02-28T06:15:32.104+0000][1][safepoint    ] Safepoint "RevokeBias", Time since last: 496057233 ns, Reaching safepoint: 115643 ns, At safepoint: 19861 ns, Total: 135504 ns
[2020-02-28T06:15:33.108+0000][1][safepoint    ] Safepoint "Cleanup", Time since last: 1003472032 ns, Reaching safepoint: 88160 ns, At safepoint: 7669 ns, Total: 95829 ns
[2020-02-28T06:15:34.109+0000][1][safepoint    ] Safepoint "Cleanup", Time since last: 1000551864 ns, Reaching safepoint: 89666 ns, At safepoint: 10485 ns, Total: 100151 ns
[2020-02-28T06:15:34.619+0000][1][safepoint    ] Safepoint "RevokeBias", Time since last: 510066692 ns, Reaching safepoint: 57973 ns, At safepoint: 17500 ns, Total: 75473 ns
[2020-02-28T06:15:35.619+0000][1][safepoint    ] Safepoint "Cleanup", Time since last: 1000472041 ns, Reaching safepoint: 111431 ns, At safepoint: 7754 ns, Total: 119185 ns
[2020-02-28T06:15:36.620+0000][1][safepoint    ] Safepoint "Cleanup", Time since last: 1000329751 ns, Reaching safepoint: 83651 ns, At safepoint: 7946 ns, Total: 91597 ns
[2020-02-28T06:15:37.145+0000][1][safepoint    ] Safepoint "RevokeBias", Time since last: 525158521 ns, Reaching safepoint: 77747 ns, At safepoint: 19350 ns, Total: 97097 ns
[2020-02-28T06:15:38.146+0000][1][safepoint    ] Safepoint "Cleanup", Time since last: 1000561937 ns, Reaching safepoint: 79286 ns, At safepoint: 7731 ns, Total: 87017 ns
[2020-02-28T06:15:39.148+0000][1][safepoint    ] Safepoint "Cleanup", Time since last: 1002401446 ns, Reaching safepoint: 76395 ns, At safepoint: 7681 ns, Total: 84076 ns
[2020-02-28T06:15:39.671+0000][1][safepoint    ] Safepoint "RevokeBias", Time since last: 522458239 ns, Reaching safepoint: 100639 ns, At safepoint: 21004 ns, Total: 121643 ns
[2020-02-28T06:15:40.284+0000][1][gc,start     ] GC(55) Pause Young (Allocation Failure)
[2020-02-28T06:15:40.284+0000][1][gc,task      ] GC(55) Using 1 workers of 1 for evacuation
[2020-02-28T06:15:40.295+0000][1][gc,age       ] GC(55) Desired survivor size 4358144 bytes, new threshold 6 (max threshold 6)
[2020-02-28T06:15:40.295+0000][1][gc,age       ] GC(55) Age table with threshold 6 (max threshold 6)
[2020-02-28T06:15:40.295+0000][1][gc,age       ] GC(55) - age   1:      11008 bytes,      11008 total
[2020-02-28T06:15:40.295+0000][1][gc,age       ] GC(55) - age   2:       1160 bytes,      12168 total
[2020-02-28T06:15:40.295+0000][1][gc,age       ] GC(55) - age   3:        352 bytes,      12520 total
[2020-02-28T06:15:40.295+0000][1][gc,age       ] GC(55) - age   5:        472 bytes,      12992 total
[2020-02-28T06:15:40.295+0000][1][gc,age       ] GC(55) - age   6:       1056 bytes,      14048 total
[2020-02-28T06:15:40.295+0000][1][gc,heap      ] GC(55) ParNew: 68179K->16K(76672K)
[2020-02-28T06:15:40.295+0000][1][gc,heap      ] GC(55) CMS: 62380K->62381K(963392K)
[2020-02-28T06:15:40.295+0000][1][gc,metaspace ] GC(55) Metaspace: 79589K->79589K(1122304K)
[2020-02-28T06:15:40.295+0000][1][gc           ] GC(55) Pause Young (Allocation Failure) 127M->60M(1015M) 10.852ms
[2020-02-28T06:15:40.295+0000][1][gc,cpu       ] GC(55) User=0.01s Sys=0.00s Real=0.01s
[2020-02-28T06:15:40.295+0000][1][safepoint    ] Safepoint "GenCollectForAllocation", Time since last: 613162374 ns, Reaching safepoint: 122631 ns, At safepoint: 10993716 ns, Total: 11116347 ns
[2020-02-28T06:15:41.296+0000][1][safepoint    ] Safepoint "Cleanup", Time since last: 1000483477 ns, Reaching safepoint: 78569 ns, At safepoint: 9184 ns, Total: 87753 ns
[2020-02-28T06:15:42.187+0000][1][safepoint    ] Safepoint "RevokeBias", Time since last: 890776316 ns, Reaching safepoint: 78605 ns, At safepoint: 19916 ns, Total: 98521 ns
[2020-02-28T06:15:43.187+0000][1][safepoint    ] Safepoint "Cleanup", Time since last: 1000526980 ns, Reaching safepoint: 140279 ns, At safepoint: 22358 ns, Total: 162637 ns
[2020-02-28T06:15:44.196+0000][1][safepoint    ] Safepoint "Cleanup", Time since last: 1008267362 ns, Reaching safepoint: 72159 ns, At safepoint: 6311 ns, Total: 78470 ns
[2020-02-28T06:15:44.700+0000][1][safepoint    ] Safepoint "RevokeBias", Time since last: 504701168 ns, Reaching safepoint: 77905 ns, At safepoint: 19108 ns, Total: 97013 ns
[2020-02-28T06:15:45.701+0000][1][safepoint    ] Safepoint "Cleanup", Time since last: 1000149487 ns, Reaching safepoint: 71259 ns, At safepoint: 6511 ns, Total: 77770 ns
[2020-02-28T06:15:46.709+0000][1][safepoint    ] Safepoint "Cleanup", Time since last: 1007823342 ns, Reaching safepoint: 75325 ns, At safepoint: 6954 ns, Total: 82279 ns
[2020-02-28T06:15:47.205+0000][1][safepoint    ] Safepoint "RevokeBias", Time since last: 496668344 ns, Reaching safepoint: 119841 ns, At safepoint: 29691 ns, Total: 149532 ns
[2020-02-28T06:15:48.206+0000][1][safepoint    ] Safepoint "Cleanup", Time since last: 1000783970 ns, Reaching safepoint: 149963 ns, At safepoint: 21690 ns, Total: 171653 ns
[2020-02-28T06:15:49.207+0000][1][safepoint    ] Safepoint "Cleanup", Time since last: 1000133775 ns, Reaching safepoint: 88191 ns, At safepoint: 9063 ns, Total: 97254 ns
[2020-02-28T06:15:49.709+0000][1][safepoint    ] Safepoint "RevokeBias", Time since last: 501962593 ns, Reaching safepoint: 75846 ns, At safepoint: 20009 ns, Total: 95855 ns
[2020-02-28T06:15:50.710+0000][1][safepoint    ] Safepoint "Cleanup", Time since last: 1001238108 ns, Reaching safepoint: 59577 ns, At safepoint: 6984 ns, Total: 66561 ns
[2020-02-28T06:15:51.710+0000][1][safepoint    ] Safepoint "Cleanup", Time since last: 1000120438 ns, Reaching safepoint: 75234 ns, At safepoint: 7216 ns, Total: 82450 ns
[2020-02-28T06:15:52.214+0000][1][safepoint    ] Safepoint "RevokeBias", Time since last: 504271925 ns, Reaching safepoint: 101460 ns, At safepoint: 21968 ns, Total: 123428 ns
[2020-02-28T06:15:53.218+0000][1][safepoint    ] Safepoint "Cleanup", Time since last: 1003175621 ns, Reaching safepoint: 58918 ns, At safepoint: 6998 ns, Total: 65916 ns
[2020-02-28T06:15:54.218+0000][1][safepoint    ] Safepoint "Cleanup", Time since last: 1000237809 ns, Reaching safepoint: 85000 ns, At safepoint: 9265 ns, Total: 94265 ns
[2020-02-28T06:15:54.719+0000][1][safepoint    ] Safepoint "RevokeBias", Time since last: 500455600 ns, Reaching safepoint: 85038 ns, At safepoint: 21381 ns, Total: 106419 ns
[2020-02-28T06:15:55.724+0000][1][safepoint    ] Safepoint "Cleanup", Time since last: 1004872950 ns, Reaching safepoint: 195568 ns, At safepoint: 24372 ns, Total: 219940 ns
[2020-02-28T06:15:56.725+0000][1][safepoint    ] Safepoint "Cleanup", Time since last: 1001281627 ns, Reaching safepoint: 86948 ns, At safepoint: 8870 ns, Total: 95818 ns
[2020-02-28T06:15:57.223+0000][1][safepoint    ] Safepoint "RevokeBias", Time since last: 497936061 ns, Reaching safepoint: 134724 ns, At safepoint: 21859 ns, Total: 156583 ns
[2020-02-28T06:15:58.224+0000][1][safepoint    ] Safepoint "Cleanup", Time since last: 1000633012 ns, Reaching safepoint: 77789 ns, At safepoint: 7505 ns, Total: 85294 ns
[2020-02-28T06:15:59.224+0000][1][safepoint    ] Safepoint "Cleanup", Time since last: 1000176108 ns, Reaching safepoint: 95084 ns, At safepoint: 8994 ns, Total: 104078 ns
[2020-02-28T06:15:59.737+0000][1][safepoint    ] Safepoint "RevokeBias", Time since last: 512186266 ns, Reaching safepoint: 162618 ns, At safepoint: 20352 ns, Total: 182970 ns
[2020-02-28T06:16:00.737+0000][1][safepoint    ] Safepoint "Cleanup", Time since last: 1000363758 ns, Reaching safepoint: 86711 ns, At safepoint: 9470 ns, Total: 96181 ns
[2020-02-28T06:16:01.737+0000][1][safepoint    ] Safepoint "Cleanup", Time since last: 1000229140 ns, Reaching safepoint: 89267 ns, At safepoint: 9043 ns, Total: 98310 ns
[2020-02-28T06:16:02.265+0000][1][safepoint    ] Safepoint "RevokeBias", Time since last: 527621035 ns, Reaching safepoint: 76124 ns, At safepoint: 19132 ns, Total: 95256 ns
[2020-02-28T06:16:03.266+0000][1][safepoint    ] Safepoint "Cleanup", Time since last: 1000455745 ns, Reaching safepoint: 92825 ns, At safepoint: 8880 ns, Total: 101705 ns
[2020-02-28T06:16:04.274+0000][1][safepoint    ] Safepoint "Cleanup", Time since last: 1007866100 ns, Reaching safepoint: 96356 ns, At safepoint: 8524 ns, Total: 104880 ns
[2020-02-28T06:16:04.785+0000][1][safepoint    ] Safepoint "RevokeBias", Time since last: 511733883 ns, Reaching safepoint: 75215 ns, At safepoint: 17630 ns, Total: 92845 ns
[2020-02-28T06:16:05.786+0000][1][safepoint    ] Safepoint "Cleanup", Time since last: 1000541574 ns, Reaching safepoint: 112055 ns, At safepoint: 12109 ns, Total: 124164 ns
[2020-02-28T06:16:06.789+0000][1][safepoint    ] Safepoint "Cleanup", Time since last: 1003122618 ns, Reaching safepoint: 59659 ns, At safepoint: 7608 ns, Total: 67267 ns
[2020-02-28T06:16:07.299+0000][1][safepoint    ] Safepoint "BulkRevokeBias", Time since last: 509442262 ns, Reaching safepoint: 77449 ns, At safepoint: 248113 ns, Total: 325562 ns
[2020-02-28T06:16:08.299+0000][1][safepoint    ] Safepoint "Cleanup", Time since last: 1000346053 ns, Reaching safepoint: 76902 ns, At safepoint: 7954 ns, Total: 84856 ns
[2020-02-28T06:16:09.304+0000][1][safepoint    ] Safepoint "Cleanup", Time since last: 1004006535 ns, Reaching safepoint: 103253 ns, At safepoint: 16227 ns, Total: 119480 ns
[2020-02-28T06:16:09.802+0000][1][safepoint    ] Safepoint "RevokeBias", Time since last: 497862161 ns, Reaching safepoint: 78422 ns, At safepoint: 19557 ns, Total: 97979 ns
[2020-02-28T06:16:10.802+0000][1][safepoint    ] Safepoint "Cleanup", Time since last: 1000299380 ns, Reaching safepoint: 135725 ns, At safepoint: 7777 ns, Total: 143502 ns
[2020-02-28T06:16:11.806+0000][1][safepoint    ] Safepoint "Cleanup", Time since last: 1004164370 ns, Reaching safepoint: 58803 ns, At safepoint: 6917 ns, Total: 65720 ns
[2020-02-28T06:16:12.306+0000][1][safepoint    ] Safepoint "RevokeBias", Time since last: 499187648 ns, Reaching safepoint: 171905 ns, At safepoint: 35211 ns, Total: 207116 ns
[2020-02-28T06:16:13.314+0000][1][safepoint    ] Safepoint "Cleanup", Time since last: 1008354321 ns, Reaching safepoint: 76513 ns, At safepoint: 8264 ns, Total: 84777 ns
[2020-02-28T06:16:14.315+0000][1][safepoint    ] Safepoint "Cleanup", Time since last: 1000355846 ns, Reaching safepoint: 90239 ns, At safepoint: 10216 ns, Total: 100455 ns
[2020-02-28T06:16:14.812+0000][1][safepoint    ] Safepoint "RevokeBias", Time since last: 497194124 ns, Reaching safepoint: 85551 ns, At safepoint: 21416 ns, Total: 106967 ns
[2020-02-28T06:16:15.816+0000][1][safepoint    ] Safepoint "Cleanup", Time since last: 1004038070 ns, Reaching safepoint: 75646 ns, At safepoint: 7239 ns, Total: 82885 ns
[2020-02-28T06:16:16.817+0000][1][safepoint    ] Safepoint "Cleanup", Time since last: 1000787888 ns, Reaching safepoint: 86885 ns, At safepoint: 8204 ns, Total: 95089 ns
[2020-02-28T06:16:17.318+0000][1][safepoint    ] Safepoint "RevokeBias", Time since last: 501494456 ns, Reaching safepoint: 78156 ns, At safepoint: 18608 ns, Total: 96764 ns
[2020-02-28T06:16:18.320+0000][1][safepoint    ] Safepoint "Cleanup", Time since last: 1001879071 ns, Reaching safepoint: 74661 ns, At safepoint: 7303 ns, Total: 81964 ns
[2020-02-28T06:16:19.321+0000][1][safepoint    ] Safepoint "Cleanup", Time since last: 1000251895 ns, Reaching safepoint: 84555 ns, At safepoint: 8629 ns, Total: 93184 ns
[2020-02-28T06:16:19.822+0000][1][safepoint    ] Safepoint "RevokeBias", Time since last: 501435957 ns, Reaching safepoint: 92893 ns, At safepoint: 19648 ns, Total: 112541 ns
[2020-02-28T06:16:20.828+0000][1][safepoint    ] Safepoint "Cleanup", Time since last: 1005827671 ns, Reaching safepoint: 80923 ns, At safepoint: 7429 ns, Total: 88352 ns
[2020-02-28T06:16:21.829+0000][1][safepoint    ] Safepoint "Cleanup", Time since last: 1001009821 ns, Reaching safepoint: 87348 ns, At safepoint: 10973 ns, Total: 98321 ns
[2020-02-28T06:16:22.334+0000][1][safepoint    ] Safepoint "RevokeBias", Time since last: 504558991 ns, Reaching safepoint: 83090 ns, At safepoint: 21937 ns, Total: 105027 ns
[2020-02-28T06:16:23.335+0000][1][safepoint    ] Safepoint "Cleanup", Time since last: 1000519952 ns, Reaching safepoint: 88504 ns, At safepoint: 11049 ns, Total: 99553 ns
[2020-02-28T06:16:24.336+0000][1][safepoint    ] Safepoint "Cleanup", Time since last: 1000827988 ns, Reaching safepoint: 79551 ns, At safepoint: 7699 ns, Total: 87250 ns
[2020-02-28T06:16:24.857+0000][1][safepoint    ] Safepoint "RevokeBias", Time since last: 521604952 ns, Reaching safepoint: 55395 ns, At safepoint: 17154 ns, Total: 72549 ns
[2020-02-28T06:16:25.858+0000][1][safepoint    ] Safepoint "Cleanup", Time since last: 1000341752 ns, Reaching safepoint: 90288 ns, At safepoint: 9024 ns, Total: 99312 ns
[2020-02-28T06:16:26.861+0000][1][safepoint    ] Safepoint "Cleanup", Time since last: 1002948550 ns, Reaching safepoint: 111767 ns, At safepoint: 8487 ns, Total: 120254 ns
[2020-02-28T06:16:27.374+0000][1][safepoint    ] Safepoint "RevokeBias", Time since last: 512733651 ns, Reaching safepoint: 94267 ns, At safepoint: 35455 ns, Total: 129722 ns
[2020-02-28T06:16:28.374+0000][1][safepoint    ] Safepoint "Cleanup", Time since last: 1000158321 ns, Reaching safepoint: 132149 ns, At safepoint: 21678 ns, Total: 153827 ns
[2020-02-28T06:16:29.376+0000][1][safepoint    ] Safepoint "Cleanup", Time since last: 1002259252 ns, Reaching safepoint: 180782 ns, At safepoint: 28387 ns, Total: 209169 ns
[2020-02-28T06:16:29.888+0000][1][safepoint    ] Safepoint "RevokeBias", Time since last: 511985465 ns, Reaching safepoint: 72587 ns, At safepoint: 18860 ns, Total: 91447 ns
[2020-02-28T06:16:30.889+0000][1][safepoint    ] Safepoint "Cleanup", Time since last: 1000298577 ns, Reaching safepoint: 86095 ns, At safepoint: 8405 ns, Total: 94500 ns
[2020-02-28T06:16:31.890+0000][1][safepoint    ] Safepoint "Cleanup", Time since last: 1000878064 ns, Reaching safepoint: 61093 ns, At safepoint: 7483 ns, Total: 68576 ns
[2020-02-28T06:16:32.399+0000][1][safepoint    ] Safepoint "RevokeBias", Time since last: 509132024 ns, Reaching safepoint: 223156 ns, At safepoint: 19721 ns, Total: 242877 ns
[2020-02-28T06:16:33.399+0000][1][safepoint    ] Safepoint "Cleanup", Time since last: 1000174625 ns, Reaching safepoint: 79049 ns, At safepoint: 7794 ns, Total: 86843 ns
[2020-02-28T06:16:34.403+0000][1][safepoint    ] Safepoint "Cleanup", Time since last: 1003465191 ns, Reaching safepoint: 75362 ns, At safepoint: 6439 ns, Total: 81801 ns
[2020-02-28T06:16:34.903+0000][1][safepoint    ] Safepoint "RevokeBias", Time since last: 500436809 ns, Reaching safepoint: 82071 ns, At safepoint: 19306 ns, Total: 101377 ns
[2020-02-28T06:16:35.911+0000][1][safepoint    ] Safepoint "Cleanup", Time since last: 1007041421 ns, Reaching safepoint: 91988 ns, At safepoint: 7087 ns, Total: 99075 ns
[2020-02-28T06:16:37.089+0000][1][safepoint    ] Safepoint "Cleanup", Time since last: 1177793783 ns, Reaching safepoint: 84808 ns, At safepoint: 10383 ns, Total: 95191 ns
[2020-02-28T06:16:37.407+0000][1][safepoint    ] Safepoint "RevokeBias", Time since last: 318691655 ns, Reaching safepoint: 72932 ns, At safepoint: 19086 ns, Total: 92018 ns
[2020-02-28T06:16:38.414+0000][1][safepoint    ] Safepoint "Cleanup", Time since last: 1006362593 ns, Reaching safepoint: 74488 ns, At safepoint: 6957 ns, Total: 81445 ns
[2020-02-28T06:16:39.414+0000][1][safepoint    ] Safepoint "Cleanup", Time since last: 1000611789 ns, Reaching safepoint: 77182 ns, At safepoint: 8328 ns, Total: 85510 ns
[2020-02-28T06:16:39.911+0000][1][safepoint    ] Safepoint "RevokeBias", Time since last: 496856846 ns, Reaching safepoint: 77915 ns, At safepoint: 19431 ns, Total: 97346 ns
[2020-02-28T06:16:40.913+0000][1][safepoint    ] Safepoint "Cleanup", Time since last: 1001342513 ns, Reaching safepoint: 78048 ns, At safepoint: 7854 ns, Total: 85902 ns
[2020-02-28T06:16:41.913+0000][1][safepoint    ] Safepoint "Cleanup", Time since last: 1000234899 ns, Reaching safepoint: 94748 ns, At safepoint: 13210 ns, Total: 107958 ns
[2020-02-28T06:16:42.417+0000][1][safepoint    ] Safepoint "RevokeBias", Time since last: 504214008 ns, Reaching safepoint: 73618 ns, At safepoint: 19595 ns, Total: 93213 ns
[2020-02-28T06:16:43.419+0000][1][safepoint    ] Safepoint "Cleanup", Time since last: 1001433245 ns, Reaching safepoint: 62345 ns, At safepoint: 7304 ns, Total: 69649 ns
[2020-02-28T06:16:44.420+0000][1][safepoint    ] Safepoint "Cleanup", Time since last: 1000849432 ns, Reaching safepoint: 96446 ns, At safepoint: 16933 ns, Total: 113379 ns
[2020-02-28T06:16:44.929+0000][1][safepoint    ] Safepoint "RevokeBias", Time since last: 508711886 ns, Reaching safepoint: 75865 ns, At safepoint: 19672 ns, Total: 95537 ns
[2020-02-28T06:16:45.929+0000][1][safepoint    ] Safepoint "Cleanup", Time since last: 1000590595 ns, Reaching safepoint: 89645 ns, At safepoint: 9035 ns, Total: 98680 ns
[2020-02-28T06:16:46.930+0000][1][safepoint    ] Safepoint "Cleanup", Time since last: 1000718755 ns, Reaching safepoint: 87788 ns, At safepoint: 8017 ns, Total: 95805 ns
[2020-02-28T06:16:47.444+0000][1][safepoint    ] Safepoint "RevokeBias", Time since last: 513231704 ns, Reaching safepoint: 133858 ns, At safepoint: 19769 ns, Total: 153627 ns
[2020-02-28T06:16:48.444+0000][1][safepoint    ] Safepoint "Cleanup", Time since last: 1000579658 ns, Reaching safepoint: 79690 ns, At safepoint: 8429 ns, Total: 88119 ns
[2020-02-28T06:16:49.445+0000][1][safepoint    ] Safepoint "Cleanup", Time since last: 1000579207 ns, Reaching safepoint: 164047 ns, At safepoint: 8206 ns, Total: 172253 ns
[2020-02-28T06:16:49.971+0000][1][safepoint    ] Safepoint "RevokeBias", Time since last: 525921906 ns, Reaching safepoint: 73336 ns, At safepoint: 18425 ns, Total: 91761 ns
[2020-02-28T06:16:50.972+0000][1][safepoint    ] Safepoint "Cleanup", Time since last: 1000352744 ns, Reaching safepoint: 90751 ns, At safepoint: 11062 ns, Total: 101813 ns
[2020-02-28T06:16:51.975+0000][1][safepoint    ] Safepoint "Cleanup", Time since last: 1003246241 ns, Reaching safepoint: 60485 ns, At safepoint: 7396 ns, Total: 67881 ns
[2020-02-28T06:16:52.495+0000][1][safepoint    ] Safepoint "RevokeBias", Time since last: 520522101 ns, Reaching safepoint: 56844 ns, At safepoint: 18562 ns, Total: 75406 ns
[2020-02-28T06:16:53.496+0000][1][safepoint    ] Safepoint "Cleanup", Time since last: 1000566651 ns, Reaching safepoint: 165548 ns, At safepoint: 10374 ns, Total: 175922 ns
[2020-02-28T06:16:54.497+0000][1][safepoint    ] Safepoint "Cleanup", Time since last: 1000658070 ns, Reaching safepoint: 101718 ns, At safepoint: 6516 ns, Total: 108234 ns
[2020-02-28T06:16:55.015+0000][1][safepoint    ] Safepoint "RevokeBias", Time since last: 517908962 ns, Reaching safepoint: 76517 ns, At safepoint: 19172 ns, Total: 95689 ns
[2020-02-28T06:16:56.015+0000][1][safepoint    ] Safepoint "Cleanup", Time since last: 1000230944 ns, Reaching safepoint: 77873 ns, At safepoint: 8136 ns, Total: 86009 ns
[2020-02-28T06:16:57.016+0000][1][safepoint    ] Safepoint "Cleanup", Time since last: 1000395719 ns, Reaching safepoint: 75978 ns, At safepoint: 7022 ns, Total: 83000 ns
[2020-02-28T06:16:57.527+0000][1][safepoint    ] Safepoint "RevokeBias", Time since last: 510839073 ns, Reaching safepoint: 72983 ns, At safepoint: 18779 ns, Total: 91762 ns
[2020-02-28T06:16:58.527+0000][1][safepoint    ] Safepoint "Cleanup", Time since last: 1000252957 ns, Reaching safepoint: 90656 ns, At safepoint: 9110 ns, Total: 99766 ns
[2020-02-28T06:16:59.532+0000][1][safepoint    ] Safepoint "Cleanup", Time since last: 1004834318 ns, Reaching safepoint: 59479 ns, At safepoint: 6921 ns, Total: 66400 ns
[2020-02-28T06:17:00.030+0000][1][safepoint    ] Safepoint "RevokeBias", Time since last: 497962920 ns, Reaching safepoint: 72788 ns, At safepoint: 19722 ns, Total: 92510 ns
[2020-02-28T06:17:01.030+0000][1][safepoint    ] Safepoint "Cleanup", Time since last: 1000270176 ns, Reaching safepoint: 87731 ns, At safepoint: 10239 ns, Total: 97970 ns
[2020-02-28T06:17:02.031+0000][1][safepoint    ] Safepoint "Cleanup", Time since last: 1000721358 ns, Reaching safepoint: 79487 ns, At safepoint: 8133 ns, Total: 87620 ns
[2020-02-28T06:17:02.536+0000][1][safepoint    ] Safepoint "RevokeBias", Time since last: 504409819 ns, Reaching safepoint: 88168 ns, At safepoint: 22284 ns, Total: 110452 ns
[2020-02-28T06:17:03.537+0000][1][safepoint    ] Safepoint "Cleanup", Time since last: 1001110283 ns, Reaching safepoint: 60218 ns, At safepoint: 7161 ns, Total: 67379 ns
[2020-02-28T06:17:04.538+0000][1][safepoint    ] Safepoint "Cleanup", Time since last: 1000672375 ns, Reaching safepoint: 81242 ns, At safepoint: 8577 ns, Total: 89819 ns
[2020-02-28T06:17:05.040+0000][1][safepoint    ] Safepoint "RevokeBias", Time since last: 502346425 ns, Reaching safepoint: 74096 ns, At safepoint: 18106 ns, Total: 92202 ns
[2020-02-28T06:17:06.041+0000][1][safepoint    ] Safepoint "Cleanup", Time since last: 1000586075 ns, Reaching safepoint: 106778 ns, At safepoint: 7331 ns, Total: 114109 ns
[2020-02-28T06:17:07.041+0000][1][safepoint    ] Safepoint "Cleanup", Time since last: 1000456417 ns, Reaching safepoint: 80036 ns, At safepoint: 8909 ns, Total: 88945 ns
[2020-02-28T06:17:07.546+0000][1][safepoint    ] Safepoint "RevokeBias", Time since last: 504514031 ns, Reaching safepoint: 116301 ns, At safepoint: 37732 ns, Total: 154033 ns
[2020-02-28T06:17:08.548+0000][1][safepoint    ] Safepoint "Cleanup", Time since last: 1001998461 ns, Reaching safepoint: 61244 ns, At safepoint: 7496 ns, Total: 68740 ns
[2020-02-28T06:17:09.548+0000][1][safepoint    ] Safepoint "Cleanup", Time since last: 1000193688 ns, Reaching safepoint: 105306 ns, At safepoint: 10418 ns, Total: 115724 ns
[2020-02-28T06:17:10.050+0000][1][safepoint    ] Safepoint "RevokeBias", Time since last: 501417182 ns, Reaching safepoint: 75941 ns, At safepoint: 18912 ns, Total: 94853 ns
[2020-02-28T06:17:11.059+0000][1][safepoint    ] Safepoint "Cleanup", Time since last: 1009060249 ns, Reaching safepoint: 75382 ns, At safepoint: 7222 ns, Total: 82604 ns
[2020-02-28T06:17:12.060+0000][1][safepoint    ] Safepoint "Cleanup", Time since last: 1000419864 ns, Reaching safepoint: 90301 ns, At safepoint: 9843 ns, Total: 100144 ns
[2020-02-28T06:17:12.564+0000][1][safepoint    ] Safepoint "RevokeBias", Time since last: 503872467 ns, Reaching safepoint: 76156 ns, At safepoint: 63502 ns, Total: 139658 ns
[2020-02-28T06:17:13.564+0000][1][safepoint    ] Safepoint "Cleanup", Time since last: 1000469876 ns, Reaching safepoint: 90364 ns, At safepoint: 12257 ns, Total: 102621 ns
[2020-02-28T06:17:14.565+0000][1][safepoint    ] Safepoint "Cleanup", Time since last: 1000460434 ns, Reaching safepoint: 110272 ns, At safepoint: 8348 ns, Total: 118620 ns
[2020-02-28T06:17:15.083+0000][1][safepoint    ] Safepoint "RevokeBias", Time since last: 517844624 ns, Reaching safepoint: 74718 ns, At safepoint: 19477 ns, Total: 94195 ns
[2020-02-28T06:17:16.083+0000][1][safepoint    ] Safepoint "Cleanup", Time since last: 1000108972 ns, Reaching safepoint: 76201 ns, At safepoint: 7712 ns, Total: 83913 ns
[2020-02-28T06:17:17.091+0000][1][safepoint    ] Safepoint "Cleanup", Time since last: 1008064467 ns, Reaching safepoint: 129071 ns, At safepoint: 8592 ns, Total: 137663 ns
[2020-02-28T06:17:17.599+0000][1][safepoint    ] Safepoint "RevokeBias", Time since last: 508147463 ns, Reaching safepoint: 73681 ns, At safepoint: 19015 ns, Total: 92696 ns
[2020-02-28T06:17:18.600+0000][1][safepoint    ] Safepoint "Cleanup", Time since last: 1000380386 ns, Reaching safepoint: 142138 ns, At safepoint: 10767 ns, Total: 152905 ns
[2020-02-28T06:17:19.604+0000][1][safepoint    ] Safepoint "Cleanup", Time since last: 1004266377 ns, Reaching safepoint: 59705 ns, At safepoint: 6922 ns, Total: 66627 ns
[2020-02-28T06:17:20.117+0000][1][safepoint    ] Safepoint "BulkRevokeBias", Time since last: 512865670 ns, Reaching safepoint: 75563 ns, At safepoint: 216949 ns, Total: 292512 ns
[2020-02-28T06:17:21.118+0000][1][safepoint    ] Safepoint "Cleanup", Time since last: 1000272519 ns, Reaching safepoint: 80991 ns, At safepoint: 8106 ns, Total: 89097 ns
[2020-02-28T06:17:22.118+0000][1][safepoint    ] Safepoint "Cleanup", Time since last: 1000177385 ns, Reaching safepoint: 73311 ns, At safepoint: 7189 ns, Total: 80500 ns
[2020-02-28T06:17:22.628+0000][1][safepoint    ] Safepoint "RevokeBias", Time since last: 510052121 ns, Reaching safepoint: 96854 ns, At safepoint: 22046 ns, Total: 118900 ns
[2020-02-28T06:17:23.629+0000][1][safepoint    ] Safepoint "Cleanup", Time since last: 1000378164 ns, Reaching safepoint: 89783 ns, At safepoint: 10144 ns, Total: 99927 ns
[2020-02-28T06:17:24.632+0000][1][safepoint    ] Safepoint "Cleanup", Time since last: 1003765909 ns, Reaching safepoint: 59118 ns, At safepoint: 6877 ns, Total: 65995 ns
[2020-02-28T06:17:25.133+0000][1][safepoint    ] Safepoint "RevokeBias", Time since last: 500901000 ns, Reaching safepoint: 75631 ns, At safepoint: 18878 ns, Total: 94509 ns
[2020-02-28T06:17:26.139+0000][1][safepoint    ] Safepoint "Cleanup", Time since last: 1005406141 ns, Reaching safepoint: 120477 ns, At safepoint: 6750 ns, Total: 127227 ns
[2020-02-28T06:17:27.139+0000][1][safepoint    ] Safepoint "Cleanup", Time since last: 1000459145 ns, Reaching safepoint: 78770 ns, At safepoint: 9042 ns, Total: 87812 ns
[2020-02-28T06:17:27.644+0000][1][safepoint    ] Safepoint "RevokeBias", Time since last: 503513249 ns, Reaching safepoint: 1172239 ns, At safepoint: 24495 ns, Total: 1196734 ns
[2020-02-28T06:17:28.653+0000][1][safepoint    ] Safepoint "Cleanup", Time since last: 1008642114 ns, Reaching safepoint: 77400 ns, At safepoint: 7121 ns, Total: 84521 ns
[2020-02-28T06:17:29.653+0000][1][safepoint    ] Safepoint "Cleanup", Time since last: 1000206966 ns, Reaching safepoint: 87097 ns, At safepoint: 8304 ns, Total: 95401 ns
[2020-02-28T06:17:30.146+0000][1][safepoint    ] Safepoint "RevokeBias", Time since last: 492757773 ns, Reaching safepoint: 73255 ns, At safepoint: 18855 ns, Total: 92110 ns
[2020-02-28T06:17:31.151+0000][1][safepoint    ] Safepoint "Cleanup", Time since last: 1004860834 ns, Reaching safepoint: 77102 ns, At safepoint: 7495 ns, Total: 84597 ns
[2020-02-28T06:17:32.151+0000][1][safepoint    ] Safepoint "Cleanup", Time since last: 1000268120 ns, Reaching safepoint: 72718 ns, At safepoint: 7196 ns, Total: 79914 ns
[2020-02-28T06:17:32.652+0000][1][safepoint    ] Safepoint "RevokeBias", Time since last: 500713347 ns, Reaching safepoint: 129842 ns, At safepoint: 27753 ns, Total: 157595 ns
[2020-02-28T06:17:33.653+0000][1][safepoint    ] Safepoint "Cleanup", Time since last: 1000429353 ns, Reaching safepoint: 76553 ns, At safepoint: 6958 ns, Total: 83511 ns
[2020-02-28T06:17:34.653+0000][1][safepoint    ] Safepoint "Cleanup", Time since last: 1000553848 ns, Reaching safepoint: 81869 ns, At safepoint: 8146 ns, Total: 90015 ns
[2020-02-28T06:17:35.161+0000][1][safepoint    ] Safepoint "RevokeBias", Time since last: 508059980 ns, Reaching safepoint: 57940 ns, At safepoint: 18365 ns, Total: 76305 ns
[2020-02-28T06:17:36.164+0000][1][safepoint    ] Safepoint "Cleanup", Time since last: 1001979708 ns, Reaching safepoint: 355867 ns, At safepoint: 7842 ns, Total: 363709 ns
[2020-02-28T06:17:37.164+0000][1][safepoint    ] Safepoint "Cleanup", Time since last: 1000469426 ns, Reaching safepoint: 85134 ns, At safepoint: 9539 ns, Total: 94673 ns
[2020-02-28T06:17:37.678+0000][1][safepoint    ] Safepoint "RevokeBias", Time since last: 513420687 ns, Reaching safepoint: 55013 ns, At safepoint: 20122 ns, Total: 75135 ns
[2020-02-28T06:17:38.679+0000][1][safepoint    ] Safepoint "Cleanup", Time since last: 1000740914 ns, Reaching safepoint: 89326 ns, At safepoint: 11130 ns, Total: 100456 ns
[2020-02-28T06:17:39.679+0000][1][safepoint    ] Safepoint "Cleanup", Time since last: 1000429409 ns, Reaching safepoint: 89410 ns, At safepoint: 10929 ns, Total: 100339 ns
[2020-02-28T06:17:40.191+0000][1][safepoint    ] Safepoint "RevokeBias", Time since last: 511368711 ns, Reaching safepoint: 98878 ns, At safepoint: 37711 ns, Total: 136589 ns
[2020-02-28T06:17:41.191+0000][1][safepoint    ] Safepoint "Cleanup", Time since last: 1000417359 ns, Reaching safepoint: 82969 ns, At safepoint: 9119 ns, Total: 92088 ns
[2020-02-28T06:17:42.192+0000][1][safepoint    ] Safepoint "Cleanup", Time since last: 1001082300 ns, Reaching safepoint: 112829 ns, At safepoint: 10900 ns, Total: 123729 ns
[2020-02-28T06:17:42.707+0000][1][safepoint    ] Safepoint "RevokeBias", Time since last: 514836942 ns, Reaching safepoint: 73550 ns, At safepoint: 18793 ns, Total: 92343 ns
[2020-02-28T06:17:43.708+0000][1][safepoint    ] Safepoint "Cleanup", Time since last: 1000192651 ns, Reaching safepoint: 73810 ns, At safepoint: 7881 ns, Total: 81691 ns
[2020-02-28T06:17:44.719+0000][1][safepoint    ] Safepoint "Cleanup", Time since last: 1011055405 ns, Reaching safepoint: 77415 ns, At safepoint: 7744 ns, Total: 85159 ns
[2020-02-28T06:17:45.239+0000][1][safepoint    ] Safepoint "RevokeBias", Time since last: 519836475 ns, Reaching safepoint: 53501 ns, At safepoint: 17089 ns, Total: 70590 ns
[2020-02-28T06:17:46.239+0000][1][safepoint    ] Safepoint "Cleanup", Time since last: 1000415633 ns, Reaching safepoint: 79142 ns, At safepoint: 7889 ns, Total: 87031 ns
[2020-02-28T06:17:47.241+0000][1][safepoint    ] Safepoint "Cleanup", Time since last: 1001594393 ns, Reaching safepoint: 61315 ns, At safepoint: 7089 ns, Total: 68404 ns
[2020-02-28T06:17:47.748+0000][1][safepoint    ] Safepoint "RevokeBias", Time since last: 506570734 ns, Reaching safepoint: 82998 ns, At safepoint: 21282 ns, Total: 104280 ns
[2020-02-28T06:17:48.748+0000][1][safepoint    ] Safepoint "Cleanup", Time since last: 1000335087 ns, Reaching safepoint: 82502 ns, At safepoint: 9200 ns, Total: 91702 ns
[2020-02-28T06:17:49.749+0000][1][safepoint    ] Safepoint "Cleanup", Time since last: 1001092088 ns, Reaching safepoint: 66895 ns, At safepoint: 6132 ns, Total: 73027 ns
[2020-02-28T06:17:50.251+0000][1][safepoint    ] Safepoint "RevokeBias", Time since last: 501654840 ns, Reaching safepoint: 76981 ns, At safepoint: 19299 ns, Total: 96280 ns
[2020-02-28T06:17:51.255+0000][1][safepoint    ] Safepoint "Cleanup", Time since last: 1003710664 ns, Reaching safepoint: 73872 ns, At safepoint: 6808 ns, Total: 80680 ns
[2020-02-28T06:17:52.256+0000][1][safepoint    ] Safepoint "Cleanup", Time since last: 1000995097 ns, Reaching safepoint: 89593 ns, At safepoint: 12353 ns, Total: 101946 ns
[2020-02-28T06:17:52.758+0000][1][safepoint    ] Safepoint "RevokeBias", Time since last: 501792962 ns, Reaching safepoint: 77855 ns, At safepoint: 19614 ns, Total: 97469 ns
[2020-02-28T06:17:53.763+0000][1][safepoint    ] Safepoint "Cleanup", Time since last: 1004986563 ns, Reaching safepoint: 74928 ns, At safepoint: 7305 ns, Total: 82233 ns
[2020-02-28T06:17:54.764+0000][1][safepoint    ] Safepoint "Cleanup", Time since last: 1000822898 ns, Reaching safepoint: 96738 ns, At safepoint: 13152 ns, Total: 109890 ns
[2020-02-28T06:17:55.263+0000][1][safepoint    ] Safepoint "RevokeBias", Time since last: 498804038 ns, Reaching safepoint: 86053 ns, At safepoint: 21400 ns, Total: 107453 ns
[2020-02-28T06:17:56.266+0000][1][safepoint    ] Safepoint "Cleanup", Time since last: 1003209199 ns, Reaching safepoint: 173718 ns, At safepoint: 7641 ns, Total: 181359 ns
[2020-02-28T06:17:57.266+0000][1][safepoint    ] Safepoint "Cleanup", Time since last: 1000384642 ns, Reaching safepoint: 78117 ns, At safepoint: 7517 ns, Total: 85634 ns
[2020-02-28T06:17:57.768+0000][1][safepoint    ] Safepoint "RevokeBias", Time since last: 501623252 ns, Reaching safepoint: 208510 ns, At safepoint: 37729 ns, Total: 246239 ns
[2020-02-28T06:17:58.772+0000][1][safepoint    ] Safepoint "Cleanup", Time since last: 1003411472 ns, Reaching safepoint: 75646 ns, At safepoint: 7679 ns, Total: 83325 ns
[2020-02-28T06:17:59.772+0000][1][safepoint    ] Safepoint "Cleanup", Time since last: 1000271722 ns, Reaching safepoint: 87680 ns, At safepoint: 9724 ns, Total: 97404 ns
[2020-02-28T06:18:00.280+0000][1][gc,start     ] GC(56) Pause Young (Allocation Failure)
[2020-02-28T06:18:00.280+0000][1][gc,task      ] GC(56) Using 1 workers of 1 for evacuation
[2020-02-28T06:18:00.303+0000][1][gc,age       ] GC(56) Desired survivor size 4358144 bytes, new threshold 6 (max threshold 6)
[2020-02-28T06:18:00.303+0000][1][gc,age       ] GC(56) Age table with threshold 6 (max threshold 6)
[2020-02-28T06:18:00.303+0000][1][gc,age       ] GC(56) - age   1:      23288 bytes,      23288 total
[2020-02-28T06:18:00.303+0000][1][gc,age       ] GC(56) - age   2:         56 bytes,      23344 total
[2020-02-28T06:18:00.303+0000][1][gc,age       ] GC(56) - age   3:       1160 bytes,      24504 total
[2020-02-28T06:18:00.303+0000][1][gc,age       ] GC(56) - age   4:        352 bytes,      24856 total
[2020-02-28T06:18:00.303+0000][1][gc,age       ] GC(56) - age   6:        240 bytes,      25096 total
[2020-02-28T06:18:00.304+0000][1][gc,heap      ] GC(56) ParNew: 68176K->28K(76672K)
[2020-02-28T06:18:00.304+0000][1][gc,heap      ] GC(56) CMS: 62381K->62382K(963392K)
[2020-02-28T06:18:00.304+0000][1][gc,metaspace ] GC(56) Metaspace: 79615K->79615K(1122304K)
[2020-02-28T06:18:00.304+0000][1][gc           ] GC(56) Pause Young (Allocation Failure) 127M->60M(1015M) 24.417ms
[2020-02-28T06:18:00.304+0000][1][gc,cpu       ] GC(56) User=0.02s Sys=0.00s Real=0.02s
[2020-02-28T06:18:00.304+0000][1][safepoint    ] Safepoint "GenCollectForAllocation", Time since last: 507442081 ns, Reaching safepoint: 73427 ns, At safepoint: 24539148 ns, Total: 24612575 ns
[2020-02-28T06:18:00.306+0000][1][safepoint    ] Safepoint "RevokeBias", Time since last: 1237864 ns, Reaching safepoint: 134829 ns, At safepoint: 20508 ns, Total: 155337 ns
[2020-02-28T06:18:01.306+0000][1][safepoint    ] Safepoint "Cleanup", Time since last: 1000484494 ns, Reaching safepoint: 74464 ns, At safepoint: 7225 ns, Total: 81689 ns
[2020-02-28T06:18:02.307+0000][1][safepoint    ] Safepoint "Cleanup", Time since last: 1000352629 ns, Reaching safepoint: 73492 ns, At safepoint: 5943 ns, Total: 79435 ns
[2020-02-28T06:18:02.824+0000][1][safepoint    ] Safepoint "RevokeBias", Time since last: 517346930 ns, Reaching safepoint: 64568 ns, At safepoint: 18614 ns, Total: 83182 ns
[2020-02-28T06:18:03.934+0000][1][safepoint    ] Safepoint "Cleanup", Time since last: 1109659586 ns, Reaching safepoint: 99174 ns, At safepoint: 5691 ns, Total: 104865 ns
[2020-02-28T06:18:04.939+0000][1][safepoint    ] Safepoint "Cleanup", Time since last: 1004645446 ns, Reaching safepoint: 139348 ns, At safepoint: 5476 ns, Total: 144824 ns
[2020-02-28T06:18:05.344+0000][1][safepoint    ] Safepoint "RevokeBias", Time since last: 404979316 ns, Reaching safepoint: 54969 ns, At safepoint: 43615 ns, Total: 98584 ns
[2020-02-28T06:18:06.344+0000][1][safepoint    ] Safepoint "Cleanup", Time since last: 1000156662 ns, Reaching safepoint: 206152 ns, At safepoint: 8382 ns, Total: 214534 ns
[2020-02-28T06:18:07.354+0000][1][safepoint    ] Safepoint "Cleanup", Time since last: 1009708414 ns, Reaching safepoint: 188995 ns, At safepoint: 13286 ns, Total: 202281 ns
[2020-02-28T06:18:07.865+0000][1][safepoint    ] Safepoint "RevokeBias", Time since last: 510800276 ns, Reaching safepoint: 121623 ns, At safepoint: 20705 ns, Total: 142328 ns
[2020-02-28T06:18:08.866+0000][1][safepoint    ] Safepoint "Cleanup", Time since last: 1000755921 ns, Reaching safepoint: 162746 ns, At safepoint: 50121 ns, Total: 212867 ns
[2020-02-28T06:18:09.867+0000][1][safepoint    ] Safepoint "Cleanup", Time since last: 1001230751 ns, Reaching safepoint: 93690 ns, At safepoint: 7382 ns, Total: 101072 ns
[2020-02-28T06:18:10.383+0000][1][safepoint    ] Safepoint "RevokeBias", Time since last: 515974169 ns, Reaching safepoint: 72222 ns, At safepoint: 18767 ns, Total: 90989 ns
[2020-02-28T06:18:11.384+0000][1][safepoint    ] Safepoint "Cleanup", Time since last: 1000345493 ns, Reaching safepoint: 107327 ns, At safepoint: 8984 ns, Total: 116311 ns
[2020-02-28T06:18:12.386+0000][1][safepoint    ] Safepoint "Cleanup", Time since last: 1002101468 ns, Reaching safepoint: 77640 ns, At safepoint: 6639 ns, Total: 84279 ns
[2020-02-28T06:18:12.893+0000][1][safepoint    ] Safepoint "RevokeBias", Time since last: 506854218 ns, Reaching safepoint: 82457 ns, At safepoint: 21132 ns, Total: 103589 ns
[2020-02-28T06:18:13.894+0000][1][safepoint    ] Safepoint "Cleanup", Time since last: 1000561091 ns, Reaching safepoint: 74958 ns, At safepoint: 7847 ns, Total: 82805 ns
[2020-02-28T06:18:14.900+0000][1][safepoint    ] Safepoint "Cleanup", Time since last: 1006110146 ns, Reaching safepoint: 73271 ns, At safepoint: 6985 ns, Total: 80256 ns
[2020-02-28T06:18:15.400+0000][1][safepoint    ] Safepoint "RevokeBias", Time since last: 500011405 ns, Reaching safepoint: 144923 ns, At safepoint: 18683 ns, Total: 163606 ns
[2020-02-28T06:18:16.406+0000][1][safepoint    ] Safepoint "Cleanup", Time since last: 1005784815 ns, Reaching safepoint: 74877 ns, At safepoint: 6737 ns, Total: 81614 ns
[2020-02-28T06:18:17.407+0000][1][safepoint    ] Safepoint "Cleanup", Time since last: 1001102192 ns, Reaching safepoint: 116137 ns, At safepoint: 7918 ns, Total: 124055 ns
[2020-02-28T06:18:17.906+0000][1][safepoint    ] Safepoint "RevokeBias", Time since last: 498816029 ns, Reaching safepoint: 99542 ns, At safepoint: 21610 ns, Total: 121152 ns
[2020-02-28T06:18:18.911+0000][1][safepoint    ] Safepoint "Cleanup", Time since last: 1004504706 ns, Reaching safepoint: 161379 ns, At safepoint: 6959 ns, Total: 168338 ns
[2020-02-28T06:18:19.911+0000][1][safepoint    ] Safepoint "Cleanup", Time since last: 1000509875 ns, Reaching safepoint: 86727 ns, At safepoint: 8451 ns, Total: 95178 ns
[2020-02-28T06:18:20.409+0000][1][safepoint    ] Safepoint "RevokeBias", Time since last: 497609467 ns, Reaching safepoint: 83830 ns, At safepoint: 21124 ns, Total: 104954 ns
[2020-02-28T06:18:21.411+0000][1][safepoint    ] Safepoint "Cleanup", Time since last: 1001810354 ns, Reaching safepoint: 71966 ns, At safepoint: 6264 ns, Total: 78230 ns
[2020-02-28T06:18:22.411+0000][1][safepoint    ] Safepoint "Cleanup", Time since last: 1000221273 ns, Reaching safepoint: 217835 ns, At safepoint: 8676 ns, Total: 226511 ns
[2020-02-28T06:18:22.915+0000][1][safepoint    ] Safepoint "RevokeBias", Time since last: 503234460 ns, Reaching safepoint: 73579 ns, At safepoint: 18919 ns, Total: 92498 ns
[2020-02-28T06:18:23.918+0000][1][safepoint    ] Safepoint "Cleanup", Time since last: 1003498033 ns, Reaching safepoint: 77685 ns, At safepoint: 7961 ns, Total: 85646 ns
[2020-02-28T06:18:24.919+0000][1][safepoint    ] Safepoint "Cleanup", Time since last: 1000373559 ns, Reaching safepoint: 74726 ns, At safepoint: 7315 ns, Total: 82041 ns
[2020-02-28T06:18:25.420+0000][1][safepoint    ] Safepoint "RevokeBias", Time since last: 501610001 ns, Reaching safepoint: 88539 ns, At safepoint: 21922 ns, Total: 110461 ns
[2020-02-28T06:18:26.421+0000][1][safepoint    ] Safepoint "Cleanup", Time since last: 1000527077 ns, Reaching safepoint: 78194 ns, At safepoint: 8870 ns, Total: 87064 ns
[2020-02-28T06:18:27.422+0000][1][safepoint    ] Safepoint "Cleanup", Time since last: 1000900274 ns, Reaching safepoint: 93315 ns, At safepoint: 11823 ns, Total: 105138 ns
[2020-02-28T06:18:27.944+0000][1][safepoint    ] Safepoint "RevokeBias", Time since last: 522076801 ns, Reaching safepoint: 91748 ns, At safepoint: 21854 ns, Total: 113602 ns
[2020-02-28T06:18:28.945+0000][1][safepoint    ] Safepoint "Cleanup", Time since last: 1000389637 ns, Reaching safepoint: 89021 ns, At safepoint: 8985 ns, Total: 98006 ns
[2020-02-28T06:18:29.945+0000][1][safepoint    ] Safepoint "Cleanup", Time since last: 1000438119 ns, Reaching safepoint: 79198 ns, At safepoint: 8330 ns, Total: 87528 ns
[2020-02-28T06:18:30.463+0000][1][safepoint    ] Safepoint "RevokeBias", Time since last: 517671469 ns, Reaching safepoint: 53015 ns, At safepoint: 17314 ns, Total: 70329 ns
[2020-02-28T06:18:31.464+0000][1][safepoint    ] Safepoint "Cleanup", Time since last: 1000654549 ns, Reaching safepoint: 82064 ns, At safepoint: 8501 ns, Total: 90565 ns
[2020-02-28T06:18:32.467+0000][1][safepoint    ] Safepoint "Cleanup", Time since last: 1002907867 ns, Reaching safepoint: 60093 ns, At safepoint: 7415 ns, Total: 67508 ns
[2020-02-28T06:18:32.985+0000][1][safepoint    ] Safepoint "BulkRevokeBias", Time since last: 517685071 ns, Reaching safepoint: 73383 ns, At safepoint: 299956 ns, Total: 373339 ns
[2020-02-28T06:18:34.065+0000][1][safepoint    ] Safepoint "Cleanup", Time since last: 1079712224 ns, Reaching safepoint: 85512 ns, At safepoint: 8217 ns, Total: 93729 ns
[2020-02-28T06:18:35.073+0000][1][safepoint    ] Safepoint "Cleanup", Time since last: 1008468075 ns, Reaching safepoint: 58718 ns, At safepoint: 6799 ns, Total: 65517 ns
[2020-02-28T06:18:35.493+0000][1][safepoint    ] Safepoint "RevokeBias", Time since last: 420290004 ns, Reaching safepoint: 73890 ns, At safepoint: 18272 ns, Total: 92162 ns
[2020-02-28T06:18:36.494+0000][1][safepoint    ] Safepoint "Cleanup", Time since last: 1000162965 ns, Reaching safepoint: 113524 ns, At safepoint: 9760 ns, Total: 123284 ns
[2020-02-28T06:18:37.497+0000][1][safepoint    ] Safepoint "Cleanup", Time since last: 1003136228 ns, Reaching safepoint: 59517 ns, At safepoint: 6735 ns, Total: 66252 ns
[2020-02-28T06:18:37.998+0000][1][safepoint    ] Safepoint "RevokeBias", Time since last: 500786188 ns, Reaching safepoint: 78612 ns, At safepoint: 35555 ns, Total: 114167 ns
[2020-02-28T06:18:38.998+0000][1][safepoint    ] Safepoint "Cleanup", Time since last: 1000286794 ns, Reaching safepoint: 87741 ns, At safepoint: 8886 ns, Total: 96627 ns
[2020-02-28T06:18:39.999+0000][1][safepoint    ] Safepoint "Cleanup", Time since last: 1000327013 ns, Reaching safepoint: 76145 ns, At safepoint: 7557 ns, Total: 83702 ns
[2020-02-28T06:18:40.501+0000][1][safepoint    ] Safepoint "RevokeBias", Time since last: 502075665 ns, Reaching safepoint: 88875 ns, At safepoint: 22000 ns, Total: 110875 ns
[2020-02-28T06:18:41.504+0000][1][safepoint    ] Safepoint "Cleanup", Time since last: 1002627567 ns, Reaching safepoint: 60388 ns, At safepoint: 7036 ns, Total: 67424 ns
[2020-02-28T06:18:42.504+0000][1][safepoint    ] Safepoint "Cleanup", Time since last: 1000205678 ns, Reaching safepoint: 170785 ns, At safepoint: 7819 ns, Total: 178604 ns
[2020-02-28T06:18:43.008+0000][1][safepoint    ] Safepoint "RevokeBias", Time since last: 503689025 ns, Reaching safepoint: 87142 ns, At safepoint: 21950 ns, Total: 109092 ns
[2020-02-28T06:18:44.010+0000][1][safepoint    ] Safepoint "Cleanup", Time since last: 1001933147 ns, Reaching safepoint: 75381 ns, At safepoint: 7159 ns, Total: 82540 ns
[2020-02-28T06:18:45.010+0000][1][safepoint    ] Safepoint "Cleanup", Time since last: 1000391758 ns, Reaching safepoint: 87522 ns, At safepoint: 9394 ns, Total: 96916 ns
[2020-02-28T06:18:45.515+0000][1][safepoint    ] Safepoint "RevokeBias", Time since last: 505001080 ns, Reaching safepoint: 84588 ns, At safepoint: 21794 ns, Total: 106382 ns
[2020-02-28T06:18:46.519+0000][1][safepoint    ] Safepoint "Cleanup", Time since last: 1003702252 ns, Reaching safepoint: 70202 ns, At safepoint: 8835 ns, Total: 79037 ns
[2020-02-28T06:18:47.520+0000][1][safepoint    ] Safepoint "Cleanup", Time since last: 1000502593 ns, Reaching safepoint: 95902 ns, At safepoint: 8156 ns, Total: 104058 ns
[2020-02-28T06:18:48.025+0000][1][safepoint    ] Safepoint "RevokeBias", Time since last: 505655698 ns, Reaching safepoint: 112572 ns, At safepoint: 36351 ns, Total: 148923 ns
[2020-02-28T06:18:49.035+0000][1][safepoint    ] Safepoint "Cleanup", Time since last: 1009128169 ns, Reaching safepoint: 116634 ns, At safepoint: 8831 ns, Total: 125465 ns
[2020-02-28T06:18:50.036+0000][1][safepoint    ] Safepoint "Cleanup", Time since last: 1000859238 ns, Reaching safepoint: 79351 ns, At safepoint: 9358 ns, Total: 88709 ns
[2020-02-28T06:18:50.539+0000][1][safepoint    ] Safepoint "RevokeBias", Time since last: 503332554 ns, Reaching safepoint: 156406 ns, At safepoint: 59015 ns, Total: 215421 ns
[2020-02-28T06:18:51.540+0000][1][safepoint    ] Safepoint "Cleanup", Time since last: 1000293887 ns, Reaching safepoint: 196440 ns, At safepoint: 24061 ns, Total: 220501 ns
[2020-02-28T06:18:52.540+0000][1][safepoint    ] Safepoint "Cleanup", Time since last: 1000255878 ns, Reaching safepoint: 84495 ns, At safepoint: 8956 ns, Total: 93451 ns
[2020-02-28T06:18:53.066+0000][1][safepoint    ] Safepoint "RevokeBias", Time since last: 525721263 ns, Reaching safepoint: 92716 ns, At safepoint: 28521 ns, Total: 121237 ns
[2020-02-28T06:18:54.066+0000][1][safepoint    ] Safepoint "Cleanup", Time since last: 1000247455 ns, Reaching safepoint: 199902 ns, At safepoint: 7814 ns, Total: 207716 ns
[2020-02-28T06:18:55.067+0000][1][safepoint    ] Safepoint "Cleanup", Time since last: 1000797884 ns, Reaching safepoint: 135594 ns, At safepoint: 8883 ns, Total: 144477 ns
[2020-02-28T06:18:55.583+0000][1][safepoint    ] Safepoint "RevokeBias", Time since last: 515716251 ns, Reaching safepoint: 94751 ns, At safepoint: 18751 ns, Total: 113502 ns
[2020-02-28T06:18:56.584+0000][1][safepoint    ] Safepoint "Cleanup", Time since last: 1000285153 ns, Reaching safepoint: 88444 ns, At safepoint: 9240 ns, Total: 97684 ns
[2020-02-28T06:18:58.100+0000][1][safepoint    ] Safepoint "RevokeBias", Time since last: 1516706325 ns, Reaching safepoint: 76678 ns, At safepoint: 17758 ns, Total: 94436 ns
[2020-02-28T06:18:59.101+0000][1][safepoint    ] Safepoint "Cleanup", Time since last: 1000270799 ns, Reaching safepoint: 209705 ns, At safepoint: 26543 ns, Total: 236248 ns
[2020-02-28T06:19:00.103+0000][1][safepoint    ] Safepoint "Cleanup", Time since last: 1002182668 ns, Reaching safepoint: 77756 ns, At safepoint: 7495 ns, Total: 85251 ns
[2020-02-28T06:19:00.613+0000][1][safepoint    ] Safepoint "RevokeBias", Time since last: 509878171 ns, Reaching safepoint: 77273 ns, At safepoint: 18889 ns, Total: 96162 ns
[2020-02-28T06:19:01.614+0000][1][safepoint    ] Safepoint "Cleanup", Time since last: 1000445759 ns, Reaching safepoint: 76342 ns, At safepoint: 7275 ns, Total: 83617 ns
[2020-02-28T06:19:02.623+0000][1][safepoint    ] Safepoint "Cleanup", Time since last: 1009181272 ns, Reaching safepoint: 79794 ns, At safepoint: 9557 ns, Total: 89351 ns
[2020-02-28T06:19:03.131+0000][1][safepoint    ] Safepoint "RevokeBias", Time since last: 507834213 ns, Reaching safepoint: 155111 ns, At safepoint: 48172 ns, Total: 203283 ns
[2020-02-28T06:19:04.131+0000][1][safepoint    ] Safepoint "Cleanup", Time since last: 1000345544 ns, Reaching safepoint: 106411 ns, At safepoint: 29363 ns, Total: 135774 ns
[2020-02-28T06:19:05.135+0000][1][safepoint    ] Safepoint "Cleanup", Time since last: 1003595951 ns, Reaching safepoint: 95212 ns, At safepoint: 7527 ns, Total: 102739 ns
[2020-02-28T06:19:05.649+0000][1][safepoint    ] Safepoint "RevokeBias", Time since last: 513442527 ns, Reaching safepoint: 79344 ns, At safepoint: 19863 ns, Total: 99207 ns
[2020-02-28T06:19:06.649+0000][1][safepoint    ] Safepoint "Cleanup", Time since last: 1000226017 ns, Reaching safepoint: 116012 ns, At safepoint: 6068 ns, Total: 122080 ns
[2020-02-28T06:19:07.660+0000][1][safepoint    ] Safepoint "Cleanup", Time since last: 1010916327 ns, Reaching safepoint: 183928 ns, At safepoint: 9140 ns, Total: 193068 ns
[2020-02-28T06:19:08.155+0000][1][safepoint    ] Safepoint "RevokeBias", Time since last: 495125968 ns, Reaching safepoint: 78205 ns, At safepoint: 21139 ns, Total: 99344 ns
[2020-02-28T06:19:09.156+0000][1][safepoint    ] Safepoint "Cleanup", Time since last: 1000497854 ns, Reaching safepoint: 233118 ns, At safepoint: 11151 ns, Total: 244269 ns
[2020-02-28T06:19:10.164+0000][1][safepoint    ] Safepoint "Cleanup", Time since last: 1007661592 ns, Reaching safepoint: 247390 ns, At safepoint: 29186 ns, Total: 276576 ns
[2020-02-28T06:19:10.658+0000][1][safepoint    ] Safepoint "RevokeBias", Time since last: 493835114 ns, Reaching safepoint: 85034 ns, At safepoint: 21621 ns, Total: 106655 ns
[2020-02-28T06:19:11.667+0000][1][safepoint    ] Safepoint "Cleanup", Time since last: 1009099588 ns, Reaching safepoint: 69117 ns, At safepoint: 6876 ns, Total: 75993 ns
[2020-02-28T06:19:12.667+0000][1][safepoint    ] Safepoint "Cleanup", Time since last: 1000217835 ns, Reaching safepoint: 75989 ns, At safepoint: 6869 ns, Total: 82858 ns
[2020-02-28T06:19:13.164+0000][1][safepoint    ] Safepoint "RevokeBias", Time since last: 496081848 ns, Reaching safepoint: 192959 ns, At safepoint: 46396 ns, Total: 239355 ns
[2020-02-28T06:19:14.171+0000][1][safepoint    ] Safepoint "Cleanup", Time since last: 1007233602 ns, Reaching safepoint: 97724 ns, At safepoint: 7919 ns, Total: 105643 ns
[2020-02-28T06:19:15.172+0000][1][safepoint    ] Safepoint "Cleanup", Time since last: 1000742150 ns, Reaching safepoint: 87248 ns, At safepoint: 9466 ns, Total: 96714 ns
[2020-02-28T06:19:15.669+0000][1][safepoint    ] Safepoint "RevokeBias", Time since last: 497321967 ns, Reaching safepoint: 82336 ns, At safepoint: 19820 ns, Total: 102156 ns
[2020-02-28T06:19:16.674+0000][1][safepoint    ] Safepoint "Cleanup", Time since last: 1004199311 ns, Reaching safepoint: 67447 ns, At safepoint: 7475 ns, Total: 74922 ns
[2020-02-28T06:19:17.680+0000][1][safepoint    ] Safepoint "Cleanup", Time since last: 1006111408 ns, Reaching safepoint: 87615 ns, At safepoint: 8986 ns, Total: 96601 ns
[2020-02-28T06:19:18.173+0000][1][safepoint    ] Safepoint "RevokeBias", Time since last: 492983562 ns, Reaching safepoint: 78617 ns, At safepoint: 19030 ns, Total: 97647 ns
[2020-02-28T06:19:19.175+0000][1][safepoint    ] Safepoint "Cleanup", Time since last: 1001589627 ns, Reaching safepoint: 60433 ns, At safepoint: 7248 ns, Total: 67681 ns
[2020-02-28T06:19:20.175+0000][1][safepoint    ] Safepoint "Cleanup", Time since last: 1000281727 ns, Reaching safepoint: 127947 ns, At safepoint: 9628 ns, Total: 137575 ns
[2020-02-28T06:19:20.677+0000][1][safepoint    ] Safepoint "RevokeBias", Time since last: 502024662 ns, Reaching safepoint: 84361 ns, At safepoint: 20781 ns, Total: 105142 ns
[2020-02-28T06:19:21.677+0000][1][safepoint    ] Safepoint "Cleanup", Time since last: 1000212410 ns, Reaching safepoint: 80266 ns, At safepoint: 9129 ns, Total: 89395 ns
[2020-02-28T06:19:22.678+0000][1][safepoint    ] Safepoint "Cleanup", Time since last: 1000698235 ns, Reaching safepoint: 89255 ns, At safepoint: 9881 ns, Total: 99136 ns
[2020-02-28T06:19:23.191+0000][1][safepoint    ] Safepoint "RevokeBias", Time since last: 512483018 ns, Reaching safepoint: 75119 ns, At safepoint: 19113 ns, Total: 94232 ns
[2020-02-28T06:19:24.192+0000][1][safepoint    ] Safepoint "Cleanup", Time since last: 1000793513 ns, Reaching safepoint: 218401 ns, At safepoint: 25800 ns, Total: 244201 ns
[2020-02-28T06:19:25.192+0000][1][safepoint    ] Safepoint "Cleanup", Time since last: 1000440911 ns, Reaching safepoint: 84644 ns, At safepoint: 9234 ns, Total: 93878 ns
[2020-02-28T06:19:25.708+0000][1][safepoint    ] Safepoint "RevokeBias", Time since last: 515708913 ns, Reaching safepoint: 74439 ns, At safepoint: 18892 ns, Total: 93331 ns
[2020-02-28T06:19:26.708+0000][1][safepoint    ] Safepoint "Cleanup", Time since last: 1000186068 ns, Reaching safepoint: 77003 ns, At safepoint: 7967 ns, Total: 84970 ns
[2020-02-28T06:19:27.711+0000][1][safepoint    ] Safepoint "Cleanup", Time since last: 1002254208 ns, Reaching safepoint: 61085 ns, At safepoint: 6781 ns, Total: 67866 ns
[2020-02-28T06:19:28.224+0000][1][safepoint    ] Safepoint "RevokeBias", Time since last: 513591182 ns, Reaching safepoint: 73089 ns, At safepoint: 20181 ns, Total: 93270 ns
[2020-02-28T06:19:29.225+0000][1][safepoint    ] Safepoint "Cleanup", Time since last: 1000459287 ns, Reaching safepoint: 77688 ns, At safepoint: 8240 ns, Total: 85928 ns
[2020-02-28T06:19:30.228+0000][1][safepoint    ] Safepoint "Cleanup", Time since last: 1002632761 ns, Reaching safepoint: 78530 ns, At safepoint: 7301 ns, Total: 85831 ns
[2020-02-28T06:19:30.741+0000][1][safepoint    ] Safepoint "RevokeBias", Time since last: 512930494 ns, Reaching safepoint: 75543 ns, At safepoint: 20890 ns, Total: 96433 ns
[2020-02-28T06:19:31.741+0000][1][safepoint    ] Safepoint "Cleanup", Time since last: 1000408211 ns, Reaching safepoint: 77579 ns, At safepoint: 7717 ns, Total: 85296 ns
[2020-02-28T06:19:32.748+0000][1][safepoint    ] Safepoint "Cleanup", Time since last: 1006699976 ns, Reaching safepoint: 94348 ns, At safepoint: 22808 ns, Total: 117156 ns
[2020-02-28T06:19:33.248+0000][1][safepoint    ] Safepoint "RevokeBias", Time since last: 499832827 ns, Reaching safepoint: 85413 ns, At safepoint: 21916 ns, Total: 107329 ns
[2020-02-28T06:19:34.248+0000][1][safepoint    ] Safepoint "Cleanup", Time since last: 1000263848 ns, Reaching safepoint: 111285 ns, At safepoint: 7694 ns, Total: 118979 ns
[2020-02-28T06:19:35.258+0000][1][safepoint    ] Safepoint "Cleanup", Time since last: 1009538347 ns, Reaching safepoint: 61998 ns, At safepoint: 7516 ns, Total: 69514 ns
[2020-02-28T06:19:35.754+0000][1][safepoint    ] Safepoint "RevokeBias", Time since last: 495974879 ns, Reaching safepoint: 87091 ns, At safepoint: 21811 ns, Total: 108902 ns
[2020-02-28T06:19:36.754+0000][1][safepoint    ] Safepoint "Cleanup", Time since last: 1000103690 ns, Reaching safepoint: 98700 ns, At safepoint: 8171 ns, Total: 106871 ns
[2020-02-28T06:19:37.755+0000][1][safepoint    ] Safepoint "Cleanup", Time since last: 1000601204 ns, Reaching safepoint: 103164 ns, At safepoint: 27662 ns, Total: 130826 ns
[2020-02-28T06:19:38.263+0000][1][safepoint    ] Safepoint "RevokeBias", Time since last: 507806409 ns, Reaching safepoint: 85421 ns, At safepoint: 43183 ns, Total: 128604 ns
[2020-02-28T06:19:39.276+0000][1][safepoint    ] Safepoint "Cleanup", Time since last: 1013256145 ns, Reaching safepoint: 58731 ns, At safepoint: 6529 ns, Total: 65260 ns
[2020-02-28T06:19:40.276+0000][1][safepoint    ] Safepoint "Cleanup", Time since last: 1000115600 ns, Reaching safepoint: 74492 ns, At safepoint: 6271 ns, Total: 80763 ns
[2020-02-28T06:19:40.772+0000][1][safepoint    ] Safepoint "RevokeBias", Time since last: 494975439 ns, Reaching safepoint: 71222 ns, At safepoint: 19253 ns, Total: 90475 ns
[2020-02-28T06:19:41.780+0000][1][safepoint    ] Safepoint "Cleanup", Time since last: 1008161552 ns, Reaching safepoint: 73883 ns, At safepoint: 8508 ns, Total: 82391 ns
[2020-02-28T06:19:42.781+0000][1][safepoint    ] Safepoint "Cleanup", Time since last: 1000893600 ns, Reaching safepoint: 97923 ns, At safepoint: 6521 ns, Total: 104444 ns
[2020-02-28T06:19:43.278+0000][1][safepoint    ] Safepoint "RevokeBias", Time since last: 496726315 ns, Reaching safepoint: 88168 ns, At safepoint: 21995 ns, Total: 110163 ns
[2020-02-28T06:19:44.283+0000][1][safepoint    ] Safepoint "Cleanup", Time since last: 1005069220 ns, Reaching safepoint: 99900 ns, At safepoint: 8536 ns, Total: 108436 ns
[2020-02-28T06:19:45.284+0000][1][safepoint    ] Safepoint "Cleanup", Time since last: 1000810131 ns, Reaching safepoint: 125478 ns, At safepoint: 12130 ns, Total: 137608 ns
[2020-02-28T06:19:45.783+0000][1][safepoint    ] Safepoint "BulkRevokeBias", Time since last: 499048827 ns, Reaching safepoint: 80418 ns, At safepoint: 420244 ns, Total: 500662 ns
[2020-02-28T06:19:46.785+0000][1][safepoint    ] Safepoint "Cleanup", Time since last: 1001286183 ns, Reaching safepoint: 54950 ns, At safepoint: 6311 ns, Total: 61261 ns
[2020-02-28T06:19:47.786+0000][1][safepoint    ] Safepoint "Cleanup", Time since last: 1000838706 ns, Reaching safepoint: 90815 ns, At safepoint: 9695 ns, Total: 100510 ns
[2020-02-28T06:19:48.301+0000][1][safepoint    ] Safepoint "RevokeBias", Time since last: 514958564 ns, Reaching safepoint: 128331 ns, At safepoint: 36991 ns, Total: 165322 ns
[2020-02-28T06:19:49.301+0000][1][safepoint    ] Safepoint "Cleanup", Time since last: 1000404295 ns, Reaching safepoint: 146543 ns, At safepoint: 8096 ns, Total: 154639 ns
[2020-02-28T06:19:50.302+0000][1][safepoint    ] Safepoint "Cleanup", Time since last: 1000886921 ns, Reaching safepoint: 80079 ns, At safepoint: 8021 ns, Total: 88100 ns
[2020-02-28T06:19:50.819+0000][1][safepoint    ] Safepoint "RevokeBias", Time since last: 516733278 ns, Reaching safepoint: 104134 ns, At safepoint: 21155 ns, Total: 125289 ns
[2020-02-28T06:19:51.820+0000][1][safepoint    ] Safepoint "Cleanup", Time since last: 1000308180 ns, Reaching safepoint: 95745 ns, At safepoint: 8760 ns, Total: 104505 ns
[2020-02-28T06:19:52.827+0000][1][safepoint    ] Safepoint "Cleanup", Time since last: 1007104183 ns, Reaching safepoint: 74903 ns, At safepoint: 6946 ns, Total: 81849 ns
[2020-02-28T06:19:53.348+0000][1][safepoint    ] Safepoint "RevokeBias", Time since last: 520798666 ns, Reaching safepoint: 81189 ns, At safepoint: 19246 ns, Total: 100435 ns
[2020-02-28T06:19:54.348+0000][1][safepoint    ] Safepoint "Cleanup", Time since last: 1000443927 ns, Reaching safepoint: 90026 ns, At safepoint: 9024 ns, Total: 99050 ns
[2020-02-28T06:19:55.352+0000][1][safepoint    ] Safepoint "Cleanup", Time since last: 1003720971 ns, Reaching safepoint: 78103 ns, At safepoint: 7783 ns, Total: 85886 ns
[2020-02-28T06:19:55.867+0000][1][safepoint    ] Safepoint "RevokeBias", Time since last: 515078961 ns, Reaching safepoint: 56969 ns, At safepoint: 17783 ns, Total: 74752 ns
[2020-02-28T06:19:56.868+0000][1][safepoint    ] Safepoint "Cleanup", Time since last: 1000548445 ns, Reaching safepoint: 93654 ns, At safepoint: 8220 ns, Total: 101874 ns
[2020-02-28T06:19:57.869+0000][1][safepoint    ] Safepoint "Cleanup", Time since last: 1001379270 ns, Reaching safepoint: 89029 ns, At safepoint: 7789 ns, Total: 96818 ns
[2020-02-28T06:19:58.375+0000][1][safepoint    ] Safepoint "RevokeBias", Time since last: 505651101 ns, Reaching safepoint: 75766 ns, At safepoint: 19001 ns, Total: 94767 ns
[2020-02-28T06:19:59.376+0000][1][safepoint    ] Safepoint "Cleanup", Time since last: 1000497940 ns, Reaching safepoint: 84918 ns, At safepoint: 8467 ns, Total: 93385 ns
[2020-02-28T06:20:00.378+0000][1][safepoint    ] Safepoint "Cleanup", Time since last: 1002084485 ns, Reaching safepoint: 119198 ns, At safepoint: 27331 ns, Total: 146529 ns
[2020-02-28T06:20:00.879+0000][1][safepoint    ] Safepoint "RevokeBias", Time since last: 500918605 ns, Reaching safepoint: 80050 ns, At safepoint: 20558 ns, Total: 100608 ns
[2020-02-28T06:20:01.879+0000][1][safepoint    ] Safepoint "Cleanup", Time since last: 1000205166 ns, Reaching safepoint: 88632 ns, At safepoint: 8794 ns, Total: 97426 ns
[2020-02-28T06:20:02.880+0000][1][safepoint    ] Safepoint "Cleanup", Time since last: 1000631894 ns, Reaching safepoint: 80151 ns, At safepoint: 7561 ns, Total: 87712 ns
[2020-02-28T06:20:03.383+0000][1][safepoint    ] Safepoint "RevokeBias", Time since last: 502593567 ns, Reaching safepoint: 80508 ns, At safepoint: 20815 ns, Total: 101323 ns
[2020-02-28T06:20:04.383+0000][1][safepoint    ] Safepoint "Cleanup", Time since last: 1000453557 ns, Reaching safepoint: 86547 ns, At safepoint: 8952 ns, Total: 95499 ns
[2020-02-28T06:20:05.383+0000][1][safepoint    ] Safepoint "Cleanup", Time since last: 1000160185 ns, Reaching safepoint: 72461 ns, At safepoint: 6350 ns, Total: 78811 ns
[2020-02-28T06:20:05.927+0000][1][safepoint    ] Safepoint "RevokeBias", Time since last: 543736406 ns, Reaching safepoint: 75470 ns, At safepoint: 18955 ns, Total: 94425 ns
[2020-02-28T06:20:06.929+0000][1][safepoint    ] Safepoint "Cleanup", Time since last: 1001875325 ns, Reaching safepoint: 90986 ns, At safepoint: 7050 ns, Total: 98036 ns
[2020-02-28T06:20:07.930+0000][1][safepoint    ] Safepoint "Cleanup", Time since last: 1000740556 ns, Reaching safepoint: 81752 ns, At safepoint: 9180 ns, Total: 90932 ns
[2020-02-28T06:20:08.434+0000][1][safepoint    ] Safepoint "RevokeBias", Time since last: 503500693 ns, Reaching safepoint: 87224 ns, At safepoint: 38786 ns, Total: 126010 ns
[2020-02-28T06:20:09.434+0000][1][safepoint    ] Safepoint "Cleanup", Time since last: 1000617758 ns, Reaching safepoint: 102195 ns, At safepoint: 7292 ns, Total: 109487 ns
[2020-02-28T06:20:10.435+0000][1][safepoint    ] Safepoint "Cleanup", Time since last: 1001092218 ns, Reaching safepoint: 78837 ns, At safepoint: 7997 ns, Total: 86834 ns
[2020-02-28T06:20:10.938+0000][1][safepoint    ] Safepoint "RevokeBias", Time since last: 502097311 ns, Reaching safepoint: 90248 ns, At safepoint: 23072 ns, Total: 113320 ns
[2020-02-28T06:20:11.941+0000][1][safepoint    ] Safepoint "Cleanup", Time since last: 1002763183 ns, Reaching safepoint: 181376 ns, At safepoint: 7636 ns, Total: 189012 ns
[2020-02-28T06:20:12.941+0000][1][safepoint    ] Safepoint "Cleanup", Time since last: 1000339049 ns, Reaching safepoint: 117102 ns, At safepoint: 8693 ns, Total: 125795 ns
[2020-02-28T06:20:13.443+0000][1][safepoint    ] Safepoint "RevokeBias", Time since last: 501798621 ns, Reaching safepoint: 150238 ns, At safepoint: 24735 ns, Total: 174973 ns
[2020-02-28T06:20:14.444+0000][1][safepoint    ] Safepoint "Cleanup", Time since last: 1000519088 ns, Reaching safepoint: 80681 ns, At safepoint: 8763 ns, Total: 89444 ns
[2020-02-28T06:20:15.444+0000][1][safepoint    ] Safepoint "Cleanup", Time since last: 1000415293 ns, Reaching safepoint: 104690 ns, At safepoint: 9792 ns, Total: 114482 ns
[2020-02-28T06:20:15.964+0000][1][safepoint    ] Safepoint "RevokeBias", Time since last: 513910522 ns, Reaching safepoint: 5655114 ns, At safepoint: 25067 ns, Total: 5680181 ns
[2020-02-28T06:20:16.964+0000][1][safepoint    ] Safepoint "Cleanup", Time since last: 1000250174 ns, Reaching safepoint: 79104 ns, At safepoint: 7489 ns, Total: 86593 ns
[2020-02-28T06:20:17.965+0000][1][safepoint    ] Safepoint "Cleanup", Time since last: 1000674753 ns, Reaching safepoint: 79633 ns, At safepoint: 7800 ns, Total: 87433 ns
[2020-02-28T06:20:18.475+0000][1][safepoint    ] Safepoint "RevokeBias", Time since last: 509886546 ns, Reaching safepoint: 74770 ns, At safepoint: 19730 ns, Total: 94500 ns
[2020-02-28T06:20:19.626+0000][1][safepoint    ] Safepoint "Cleanup", Time since last: 1000582091 ns, Reaching safepoint: 150466477 ns, At safepoint: 12626 ns, Total: 150479103 ns
[2020-02-28T06:20:19.968+0000][1][gc,start     ] GC(57) Pause Young (Allocation Failure)
[2020-02-28T06:20:19.968+0000][1][gc,task      ] GC(57) Using 1 workers of 1 for evacuation
[2020-02-28T06:20:20.278+0000][1][gc,age       ] GC(57) Desired survivor size 4358144 bytes, new threshold 6 (max threshold 6)
[2020-02-28T06:20:20.278+0000][1][gc,age       ] GC(57) Age table with threshold 6 (max threshold 6)
[2020-02-28T06:20:20.278+0000][1][gc,age       ] GC(57) - age   1:      29728 bytes,      29728 total
[2020-02-28T06:20:20.278+0000][1][gc,age       ] GC(57) - age   2:      12360 bytes,      42088 total
[2020-02-28T06:20:20.278+0000][1][gc,age       ] GC(57) - age   3:         56 bytes,      42144 total
[2020-02-28T06:20:20.278+0000][1][gc,age       ] GC(57) - age   4:       1160 bytes,      43304 total
[2020-02-28T06:20:20.278+0000][1][gc,age       ] GC(57) - age   5:        352 bytes,      43656 total
[2020-02-28T06:20:20.278+0000][1][gc,heap      ] GC(57) ParNew: 68188K->43K(76672K)
[2020-02-28T06:20:20.278+0000][1][gc,heap      ] GC(57) CMS: 62382K->62382K(963392K)
[2020-02-28T06:20:20.278+0000][1][gc,metaspace ] GC(57) Metaspace: 79699K->79699K(1122304K)
[2020-02-28T06:20:20.278+0000][1][gc           ] GC(57) Pause Young (Allocation Failure) 127M->60M(1015M) 309.693ms
[2020-02-28T06:20:20.278+0000][1][gc,cpu       ] GC(57) User=0.01s Sys=0.00s Real=0.31s
[2020-02-28T06:20:20.278+0000][1][safepoint    ] Safepoint "GenCollectForAllocation", Time since last: 331586161 ns, Reaching safepoint: 10672193 ns, At safepoint: 309755437 ns, Total: 320427630 ns
[2020-02-28T06:20:20.569+0000][1][safepoint    ] Safepoint "RevokeBias", Time since last: 252506977 ns, Reaching safepoint: 38749722 ns, At safepoint: 16472 ns, Total: 38766194 ns
[2020-02-28T06:20:21.425+0000][1][safepoint    ] Safepoint "RevokeBias", Time since last: 776029278 ns, Reaching safepoint: 79736509 ns, At safepoint: 86386 ns, Total: 79822895 ns
[2020-02-28T06:20:21.431+0000][1][safepoint    ] Safepoint "RevokeBias", Time since last: 577512 ns, Reaching safepoint: 5358466 ns, At safepoint: 29116 ns, Total: 5387582 ns
[2020-02-28T06:20:21.640+0000][1][safepoint    ] Safepoint "RevokeBias", Time since last: 50940336 ns, Reaching safepoint: 157848042 ns, At safepoint: 13592 ns, Total: 157861634 ns
[2020-02-28T06:20:21.646+0000][1][safepoint    ] Safepoint "RevokeBias", Time since last: 5057975 ns, Reaching safepoint: 642619 ns, At safepoint: 10700 ns, Total: 653319 ns
[2020-02-28T06:20:21.818+0000][1][safepoint    ] Safepoint "RevokeBias", Time since last: 108643554 ns, Reaching safepoint: 63584571 ns, At safepoint: 13117 ns, Total: 63597688 ns
[2020-02-28T06:20:21.818+0000][1][safepoint    ] Safepoint "RevokeBias", Time since last: 444154 ns, Reaching safepoint: 78264 ns, At safepoint: 7449 ns, Total: 85713 ns
[2020-02-28T06:20:21.819+0000][1][safepoint    ] Safepoint "RevokeBias", Time since last: 403289 ns, Reaching safepoint: 145854 ns, At safepoint: 6486 ns, Total: 152340 ns
[2020-02-28T06:20:21.986+0000][1][safepoint    ] Safepoint "RevokeBias", Time since last: 128246032 ns, Reaching safepoint: 38757700 ns, At safepoint: 58607 ns, Total: 38816307 ns
[2020-02-28T06:20:22.144+0000][1][safepoint    ] Safepoint "RevokeBias", Time since last: 158030208 ns, Reaching safepoint: 68049 ns, At safepoint: 7967 ns, Total: 76016 ns
[2020-02-28T06:20:22.227+0000][1][safepoint    ] Safepoint "RevokeBias", Time since last: 82947419 ns, Reaching safepoint: 142397 ns, At safepoint: 10637 ns, Total: 153034 ns
[2020-02-28T06:20:22.228+0000][1][safepoint    ] Safepoint "RevokeBias", Time since last: 454314 ns, Reaching safepoint: 98573 ns, At safepoint: 24689 ns, Total: 123262 ns
[2020-02-28T06:20:22.349+0000][1][safepoint    ] Safepoint "RevokeBias", Time since last: 121477789 ns, Reaching safepoint: 61516 ns, At safepoint: 8170 ns, Total: 69686 ns
[2020-02-28T06:20:22.350+0000][1][safepoint    ] Safepoint "RevokeBias", Time since last: 186403 ns, Reaching safepoint: 105678 ns, At safepoint: 5983 ns, Total: 111661 ns
[2020-02-28T06:20:22.350+0000][1][safepoint    ] Safepoint "RevokeBias", Time since last: 73777 ns, Reaching safepoint: 33462 ns, At safepoint: 4507 ns, Total: 37969 ns
[2020-02-28T06:20:22.350+0000][1][safepoint    ] Safepoint "RevokeBias", Time since last: 97781 ns, Reaching safepoint: 37463 ns, At safepoint: 5043 ns, Total: 42506 ns
[2020-02-28T06:20:22.350+0000][1][safepoint    ] Safepoint "RevokeBias", Time since last: 77824 ns, Reaching safepoint: 37783 ns, At safepoint: 5080 ns, Total: 42863 ns
[2020-02-28T06:20:22.350+0000][1][safepoint    ] Safepoint "RevokeBias", Time since last: 224027 ns, Reaching safepoint: 57221 ns, At safepoint: 5367 ns, Total: 62588 ns
[2020-02-28T06:20:22.512+0000][1][safepoint    ] Safepoint "RevokeBias", Time since last: 4855822 ns, Reaching safepoint: 156938676 ns, At safepoint: 14166 ns, Total: 156952842 ns
[2020-02-28T06:20:22.878+0000][1][safepoint    ] Safepoint "RevokeBias", Time since last: 308649849 ns, Reaching safepoint: 57474619 ns, At safepoint: 56559 ns, Total: 57531178 ns
[2020-02-28T06:20:22.880+0000][1][safepoint    ] Safepoint "RevokeBias", Time since last: 1767118 ns, Reaching safepoint: 176484 ns, At safepoint: 6473 ns, Total: 182957 ns
[2020-02-28T06:20:22.882+0000][1][safepoint    ] Safepoint "RevokeBias", Time since last: 1215463 ns, Reaching safepoint: 173493 ns, At safepoint: 22633 ns, Total: 196126 ns
[2020-02-28T06:20:22.882+0000][1][safepoint    ] Safepoint "RevokeBias", Time since last: 160677 ns, Reaching safepoint: 53046 ns, At safepoint: 5005 ns, Total: 58051 ns
[2020-02-28T06:20:22.882+0000][1][safepoint    ] Safepoint "RevokeBias", Time since last: 82098 ns, Reaching safepoint: 49752 ns, At safepoint: 21097 ns, Total: 70849 ns
[2020-02-28T06:20:22.882+0000][1][safepoint    ] Safepoint "RevokeBias", Time since last: 63893 ns, Reaching safepoint: 31152 ns, At safepoint: 4073 ns, Total: 35225 ns
[2020-02-28T06:20:22.884+0000][1][safepoint    ] Safepoint "RevokeBias", Time since last: 1546567 ns, Reaching safepoint: 42558 ns, At safepoint: 5814 ns, Total: 48372 ns
[2020-02-28T06:20:22.884+0000][1][safepoint    ] Safepoint "RevokeBias", Time since last: 45743 ns, Reaching safepoint: 31159 ns, At safepoint: 4069 ns, Total: 35228 ns
[2020-02-28T06:20:22.885+0000][1][safepoint    ] Safepoint "RevokeBias", Time since last: 922666 ns, Reaching safepoint: 38531 ns, At safepoint: 5386 ns, Total: 43917 ns
[2020-02-28T06:20:22.885+0000][1][safepoint    ] Safepoint "RevokeBias", Time since last: 44443 ns, Reaching safepoint: 29942 ns, At safepoint: 4230 ns, Total: 34172 ns
[2020-02-28T06:20:22.885+0000][1][safepoint    ] Safepoint "RevokeBias", Time since last: 29094 ns, Reaching safepoint: 28936 ns, At safepoint: 4058 ns, Total: 32994 ns
[2020-02-28T06:20:22.885+0000][1][safepoint    ] Safepoint "RevokeBias", Time since last: 45999 ns, Reaching safepoint: 29512 ns, At safepoint: 4242 ns, Total: 33754 ns
[2020-02-28T06:20:22.885+0000][1][safepoint    ] Safepoint "RevokeBias", Time since last: 77038 ns, Reaching safepoint: 33465 ns, At safepoint: 4834 ns, Total: 38299 ns
[2020-02-28T06:20:22.885+0000][1][safepoint    ] Safepoint "RevokeBias", Time since last: 119178 ns, Reaching safepoint: 33162 ns, At safepoint: 4622 ns, Total: 37784 ns
[2020-02-28T06:20:22.886+0000][1][safepoint    ] Safepoint "RevokeBias", Time since last: 625699 ns, Reaching safepoint: 33830 ns, At safepoint: 5122 ns, Total: 38952 ns
[2020-02-28T06:20:22.940+0000][1][safepoint    ] Safepoint "RevokeBias", Time since last: 53946193 ns, Reaching safepoint: 59637 ns, At safepoint: 6977 ns, Total: 66614 ns
[2020-02-28T06:20:22.950+0000][1][safepoint    ] Safepoint "RevokeBias", Time since last: 10387901 ns, Reaching safepoint: 78471 ns, At safepoint: 9470 ns, Total: 87941 ns
[2020-02-28T06:20:23.082+0000][1][safepoint    ] Safepoint "RevokeBias", Time since last: 131128431 ns, Reaching safepoint: 403447 ns, At safepoint: 11962 ns, Total: 415409 ns
[2020-02-28T06:20:23.128+0000][1][safepoint    ] Safepoint "RevokeBias", Time since last: 10255443 ns, Reaching safepoint: 35770612 ns, At safepoint: 232844 ns, Total: 36003456 ns
[2020-02-28T06:20:23.131+0000][1][safepoint    ] Safepoint "BulkRevokeBias", Time since last: 951591 ns, Reaching safepoint: 1847328 ns, At safepoint: 168226 ns, Total: 2015554 ns
[2020-02-28T06:20:23.256+0000][1][safepoint    ] Safepoint "RevokeBias", Time since last: 124315184 ns, Reaching safepoint: 56324 ns, At safepoint: 6707 ns, Total: 63031 ns
[2020-02-28T06:20:23.273+0000][1][safepoint    ] Safepoint "RevokeBias", Time since last: 17524898 ns, Reaching safepoint: 60729 ns, At safepoint: 6736 ns, Total: 67465 ns
[2020-02-28T06:20:23.274+0000][1][safepoint    ] Safepoint "RevokeBias", Time since last: 445689 ns, Reaching safepoint: 48736 ns, At safepoint: 17564 ns, Total: 66300 ns
[2020-02-28T06:20:23.358+0000][1][safepoint    ] Safepoint "RevokeBias", Time since last: 84651328 ns, Reaching safepoint: 71683 ns, At safepoint: 34033 ns, Total: 105716 ns
[2020-02-28T06:20:23.366+0000][1][safepoint    ] Safepoint "RevokeBias", Time since last: 7621994 ns, Reaching safepoint: 70692 ns, At safepoint: 19392 ns, Total: 90084 ns
[2020-02-28T06:20:23.366+0000][1][safepoint    ] Safepoint "RevokeBias", Time since last: 122794 ns, Reaching safepoint: 40223 ns, At safepoint: 13259 ns, Total: 53482 ns
[2020-02-28T06:20:23.366+0000][1][safepoint    ] Safepoint "RevokeBias", Time since last: 34796 ns, Reaching safepoint: 33836 ns, At safepoint: 9953 ns, Total: 43789 ns
[2020-02-28T06:20:23.366+0000][1][safepoint    ] Safepoint "RevokeBias", Time since last: 96946 ns, Reaching safepoint: 36087 ns, At safepoint: 11040 ns, Total: 47127 ns
[2020-02-28T06:20:23.367+0000][1][safepoint    ] Safepoint "RevokeBias", Time since last: 30216 ns, Reaching safepoint: 33049 ns, At safepoint: 9538 ns, Total: 42587 ns
[2020-02-28T06:20:23.367+0000][1][safepoint    ] Safepoint "RevokeBias", Time since last: 28453 ns, Reaching safepoint: 31341 ns, At safepoint: 9406 ns, Total: 40747 ns
[2020-02-28T06:20:23.367+0000][1][safepoint    ] Safepoint "RevokeBias", Time since last: 25644 ns, Reaching safepoint: 32694 ns, At safepoint: 9344 ns, Total: 42038 ns
[2020-02-28T06:20:23.367+0000][1][safepoint    ] Safepoint "RevokeBias", Time since last: 37144 ns, Reaching safepoint: 31534 ns, At safepoint: 9516 ns, Total: 41050 ns
[2020-02-28T06:20:23.368+0000][1][safepoint    ] Safepoint "RevokeBias", Time since last: 971136 ns, Reaching safepoint: 40426 ns, At safepoint: 12987 ns, Total: 53413 ns
[2020-02-28T06:20:23.369+0000][1][safepoint    ] Safepoint "RevokeBias", Time since last: 1090417 ns, Reaching safepoint: 36922 ns, At safepoint: 12175 ns, Total: 49097 ns
[2020-02-28T06:20:23.369+0000][1][safepoint    ] Safepoint "RevokeBias", Time since last: 35034 ns, Reaching safepoint: 32796 ns, At safepoint: 9865 ns, Total: 42661 ns
[2020-02-28T06:20:23.369+0000][1][safepoint    ] Safepoint "RevokeBias", Time since last: 44451 ns, Reaching safepoint: 32065 ns, At safepoint: 9508 ns, Total: 41573 ns
[2020-02-28T06:20:23.369+0000][1][safepoint    ] Safepoint "RevokeBias", Time since last: 25035 ns, Reaching safepoint: 31330 ns, At safepoint: 9254 ns, Total: 40584 ns
[2020-02-28T06:20:23.369+0000][1][safepoint    ] Safepoint "RevokeBias", Time since last: 27081 ns, Reaching safepoint: 30958 ns, At safepoint: 9072 ns, Total: 40030 ns
[2020-02-28T06:20:23.369+0000][1][safepoint    ] Safepoint "RevokeBias", Time since last: 23581 ns, Reaching safepoint: 31127 ns, At safepoint: 8916 ns, Total: 40043 ns
[2020-02-28T06:20:23.369+0000][1][safepoint    ] Safepoint "RevokeBias", Time since last: 94802 ns, Reaching safepoint: 71577 ns, At safepoint: 10686 ns, Total: 82263 ns
[2020-02-28T06:20:23.370+0000][1][safepoint    ] Safepoint "RevokeBias", Time since last: 29019 ns, Reaching safepoint: 31450 ns, At safepoint: 9182 ns, Total: 40632 ns
[2020-02-28T06:20:23.370+0000][1][safepoint    ] Safepoint "RevokeBias", Time since last: 29650 ns, Reaching safepoint: 31380 ns, At safepoint: 9225 ns, Total: 40605 ns
[2020-02-28T06:20:23.370+0000][1][safepoint    ] Safepoint "RevokeBias", Time since last: 23831 ns, Reaching safepoint: 31027 ns, At safepoint: 9118 ns, Total: 40145 ns
[2020-02-28T06:20:23.370+0000][1][safepoint    ] Safepoint "RevokeBias", Time since last: 26904 ns, Reaching safepoint: 31147 ns, At safepoint: 9078 ns, Total: 40225 ns
[2020-02-28T06:20:23.370+0000][1][safepoint    ] Safepoint "RevokeBias", Time since last: 23592 ns, Reaching safepoint: 30955 ns, At safepoint: 9029 ns, Total: 39984 ns
[2020-02-28T06:20:23.370+0000][1][safepoint    ] Safepoint "RevokeBias", Time since last: 26436 ns, Reaching safepoint: 31163 ns, At safepoint: 8929 ns, Total: 40092 ns
[2020-02-28T06:20:23.370+0000][1][safepoint    ] Safepoint "RevokeBias", Time since last: 23481 ns, Reaching safepoint: 48739 ns, At safepoint: 13199 ns, Total: 61938 ns
[2020-02-28T06:20:23.370+0000][1][safepoint    ] Safepoint "RevokeBias", Time since last: 35239 ns, Reaching safepoint: 32394 ns, At safepoint: 9251 ns, Total: 41645 ns
[2020-02-28T06:20:23.370+0000][1][safepoint    ] Safepoint "RevokeBias", Time since last: 24133 ns, Reaching safepoint: 31136 ns, At safepoint: 8888 ns, Total: 40024 ns
[2020-02-28T06:20:23.370+0000][1][safepoint    ] Safepoint "RevokeBias", Time since last: 26908 ns, Reaching safepoint: 30893 ns, At safepoint: 9007 ns, Total: 39900 ns
[2020-02-28T06:20:23.370+0000][1][safepoint    ] Safepoint "RevokeBias", Time since last: 23637 ns, Reaching safepoint: 31058 ns, At safepoint: 9208 ns, Total: 40266 ns
[2020-02-28T06:20:23.370+0000][1][safepoint    ] Safepoint "RevokeBias", Time since last: 26498 ns, Reaching safepoint: 30799 ns, At safepoint: 9095 ns, Total: 39894 ns
[2020-02-28T06:20:23.370+0000][1][safepoint    ] Safepoint "RevokeBias", Time since last: 23355 ns, Reaching safepoint: 30988 ns, At safepoint: 9055 ns, Total: 40043 ns
[2020-02-28T06:20:23.370+0000][1][safepoint    ] Safepoint "RevokeBias", Time since last: 26275 ns, Reaching safepoint: 30928 ns, At safepoint: 9035 ns, Total: 39963 ns
[2020-02-28T06:20:23.370+0000][1][safepoint    ] Safepoint "RevokeBias", Time since last: 23376 ns, Reaching safepoint: 31040 ns, At safepoint: 8948 ns, Total: 39988 ns
[2020-02-28T06:20:23.371+0000][1][safepoint    ] Safepoint "RevokeBias", Time since last: 58545 ns, Reaching safepoint: 35575 ns, At safepoint: 10463 ns, Total: 46038 ns
[2020-02-28T06:20:23.371+0000][1][safepoint    ] Safepoint "BulkRevokeBias", Time since last: 29599 ns, Reaching safepoint: 31630 ns, At safepoint: 141010 ns, Total: 172640 ns
[2020-02-28T06:20:23.371+0000][1][safepoint    ] Safepoint "RevokeBias", Time since last: 30436 ns, Reaching safepoint: 31817 ns, At safepoint: 9533 ns, Total: 41350 ns
[2020-02-28T06:20:23.371+0000][1][safepoint    ] Safepoint "BulkRevokeBias", Time since last: 27904 ns, Reaching safepoint: 31002 ns, At safepoint: 113592 ns, Total: 144594 ns
[2020-02-28T06:20:23.371+0000][1][safepoint    ] Safepoint "RevokeBias", Time since last: 262670 ns, Reaching safepoint: 33859 ns, At safepoint: 10803 ns, Total: 44662 ns
[2020-02-28T06:20:23.401+0000][1][safepoint    ] Safepoint "RevokeBias", Time since last: 27188932 ns, Reaching safepoint: 2243092 ns, At safepoint: 24164 ns, Total: 2267256 ns
[2020-02-28T06:20:23.406+0000][1][safepoint    ] Safepoint "RevokeBias", Time since last: 114837 ns, Reaching safepoint: 4628283 ns, At safepoint: 20725 ns, Total: 4649008 ns
[2020-02-28T06:20:23.411+0000][1][safepoint    ] Safepoint "RevokeBias", Time since last: 698998 ns, Reaching safepoint: 4851148 ns, At safepoint: 24788 ns, Total: 4875936 ns
[2020-02-28T06:20:23.414+0000][1][safepoint    ] Safepoint "RevokeBias", Time since last: 407019 ns, Reaching safepoint: 2308605 ns, At safepoint: 23154 ns, Total: 2331759 ns
[2020-02-28T06:20:23.415+0000][1][safepoint    ] Safepoint "RevokeBias", Time since last: 199591 ns, Reaching safepoint: 1345581 ns, At safepoint: 18834 ns, Total: 1364415 ns
[2020-02-28T06:20:23.419+0000][1][safepoint    ] Safepoint "RevokeBias", Time since last: 681761 ns, Reaching safepoint: 3115126 ns, At safepoint: 25980 ns, Total: 3141106 ns
[2020-02-28T06:20:23.456+0000][1][safepoint    ] Safepoint "RevokeBias", Time since last: 35741418 ns, Reaching safepoint: 419779 ns, At safepoint: 117799 ns, Total: 537578 ns
[2020-02-28T06:20:23.601+0000][1][safepoint    ] Safepoint "RevokeBias", Time since last: 145408821 ns, Reaching safepoint: 54165 ns, At safepoint: 7951 ns, Total: 62116 ns
[2020-02-28T06:20:23.698+0000][1][safepoint    ] Safepoint "RevokeBias", Time since last: 97128621 ns, Reaching safepoint: 97776 ns, At safepoint: 10368 ns, Total: 108144 ns
[2020-02-28T06:20:23.802+0000][1][safepoint    ] Safepoint "RevokeBias", Time since last: 104124633 ns, Reaching safepoint: 68167 ns, At safepoint: 7490 ns, Total: 75657 ns
[2020-02-28T06:20:23.998+0000][1][safepoint    ] Safepoint "RevokeBias", Time since last: 164677132 ns, Reaching safepoint: 30647982 ns, At safepoint: 12833 ns, Total: 30660815 ns
[2020-02-28T06:20:24.010+0000][1][safepoint    ] Safepoint "RevokeBias", Time since last: 12266663 ns, Reaching safepoint: 25546 ns, At safepoint: 9514 ns, Total: 35060 ns
[2020-02-28T06:20:24.022+0000][1][safepoint    ] Safepoint "RevokeBias", Time since last: 6567274 ns, Reaching safepoint: 5721490 ns, At safepoint: 61216 ns, Total: 5782706 ns
[2020-02-28T06:20:24.027+0000][1][safepoint    ] Safepoint "RevokeBias", Time since last: 76136 ns, Reaching safepoint: 4084168 ns, At safepoint: 41191 ns, Total: 4125359 ns
[2020-02-28T06:20:24.639+0000][1][safepoint    ] Safepoint "RevokeBias", Time since last: 612299646 ns, Reaching safepoint: 25242 ns, At safepoint: 12565 ns, Total: 37807 ns
[2020-02-28T06:20:24.639+0000][1][gc,heap,exit ] Heap
[2020-02-28T06:20:24.639+0000][1][gc,heap,exit ]  par new generation   total 76672K, used 8424K [0x00000000c0000000, 0x00000000c5330000, 0x00000000c5330000)
[2020-02-28T06:20:24.639+0000][1][gc,heap,exit ]   eden space 68160K,  12% used [0x00000000c0000000, 0x00000000c082f308, 0x00000000c4290000)
[2020-02-28T06:20:24.639+0000][1][gc,heap,exit ]   from space 8512K,   0% used [0x00000000c4ae0000, 0x00000000c4aeafd0, 0x00000000c5330000)
[2020-02-28T06:20:24.639+0000][1][gc,heap,exit ]   to   space 8512K,   0% used [0x00000000c4290000, 0x00000000c4290000, 0x00000000c4ae0000)
[2020-02-28T06:20:24.639+0000][1][gc,heap,exit ]  concurrent mark-sweep generation total 963392K, used 62382K [0x00000000c5330000, 0x0000000100000000, 0x0000000100000000)
[2020-02-28T06:20:24.639+0000][1][gc,heap,exit ]  Metaspace       used 79889K, capacity 86261K, committed 86404K, reserved 1122304K
[2020-02-28T06:20:24.639+0000][1][gc,heap,exit ]   class space    used 10584K, capacity 13196K, committed 13240K, reserved 1048576K
