[2020-02-26T08:20:01.674+0000][57][gc] Using Concurrent Mark Sweep
[2020-02-26T08:20:01.811+0000][57][gc,heap,coops] Heap address: 0x00000000c0000000, size: 1024 MB, Compressed Oops mode: 32-bit
[2020-02-26T08:20:13.477+0000][57][safepoint    ] Safepoint "EnableBiasedLocking", Time since last: 1621209051 ns, Reaching safepoint: 12960002 ns, At safepoint: 101695 ns, Total: 13061697 ns
[2020-02-26T08:20:13.713+0000][57][gc,heap,exit ] Heap
[2020-02-26T08:20:13.714+0000][57][gc,heap,exit ]  par new generation   total 76672K, used 4089K [0x00000000c0000000, 0x00000000c5330000, 0x00000000c5330000)
[2020-02-26T08:20:13.714+0000][57][gc,heap,exit ]   eden space 68160K,   6% used [0x00000000c0000000, 0x00000000c03fe7f0, 0x00000000c4290000)
[2020-02-26T08:20:13.714+0000][57][gc,heap,exit ]   from space 8512K,   0% used [0x00000000c4290000, 0x00000000c4290000, 0x00000000c4ae0000)
[2020-02-26T08:20:13.714+0000][57][gc,heap,exit ]   to   space 8512K,   0% used [0x00000000c4ae0000, 0x00000000c4ae0000, 0x00000000c5330000)
[2020-02-26T08:20:13.714+0000][57][gc,heap,exit ]  concurrent mark-sweep generation total 963392K, used 0K [0x00000000c5330000, 0x0000000100000000, 0x0000000100000000)
[2020-02-26T08:20:13.714+0000][57][gc,heap,exit ]  Metaspace       used 159K, capacity 4480K, committed 4480K, reserved 1056768K
[2020-02-26T08:20:13.714+0000][57][gc,heap,exit ]   class space    used 6K, capacity 384K, committed 384K, reserved 1048576K
